[0.016s] Invoking command in '/home/oakfox/srtp/ros2_ws/build/ustb_doggo_virtual_model_control': CMAKE_PREFIX_PATH=${CMAKE_PREFIX_PATH}:/opt/ros/humble /usr/bin/cmake --build /home/oakfox/srtp/ros2_ws/build/ustb_doggo_virtual_model_control -- -j16 -l16
[0.067s] [35m[1mConsolidate compiler generated dependencies of target trot_gait_generator[0m
[0.079s] [ 33%] Built target keyboard_control_vmc
[0.086s] [ 66%] Built target virtual_model_control
[0.089s] [ 83%] [32mBuilding CXX object CMakeFiles/trot_gait_generator.dir/src/trot_gait_generator.cpp.o[0m
[8.026s] [100%] [32m[1mLinking CXX executable trot_gait_generator[0m
[8.411s] [100%] Built target trot_gait_generator
[8.425s] Invoked command in '/home/oakfox/srtp/ros2_ws/build/ustb_doggo_virtual_model_control' returned '0': CMAKE_PREFIX_PATH=${CMAKE_PREFIX_PATH}:/opt/ros/humble /usr/bin/cmake --build /home/oakfox/srtp/ros2_ws/build/ustb_doggo_virtual_model_control -- -j16 -l16
[8.426s] Invoking command in '/home/oakfox/srtp/ros2_ws/build/ustb_doggo_virtual_model_control': CMAKE_PREFIX_PATH=${CMAKE_PREFIX_PATH}:/opt/ros/humble /usr/bin/cmake --install /home/oakfox/srtp/ros2_ws/build/ustb_doggo_virtual_model_control
[8.434s] -- Install configuration: ""
[8.434s] -- Installing: /home/oakfox/srtp/ros2_ws/install/ustb_doggo_virtual_model_control/lib/ustb_doggo_virtual_model_control/trot_gait_generator
[8.437s] -- Set runtime path of "/home/oakfox/srtp/ros2_ws/install/ustb_doggo_virtual_model_control/lib/ustb_doggo_virtual_model_control/trot_gait_generator" to ""
[8.437s] -- Up-to-date: /home/oakfox/srtp/ros2_ws/install/ustb_doggo_virtual_model_control/lib/ustb_doggo_virtual_model_control/virtual_model_control
[8.437s] -- Installing: /home/oakfox/srtp/ros2_ws/install/ustb_doggo_virtual_model_control/lib/ustb_doggo_virtual_model_control/keyboard_control_vmc
[8.438s] -- Set runtime path of "/home/oakfox/srtp/ros2_ws/install/ustb_doggo_virtual_model_control/lib/ustb_doggo_virtual_model_control/keyboard_control_vmc" to ""
[8.438s] -- Up-to-date: /home/oakfox/srtp/ros2_ws/install/ustb_doggo_virtual_model_control/share/ament_index/resource_index/package_run_dependencies/ustb_doggo_virtual_model_control
[8.439s] -- Up-to-date: /home/oakfox/srtp/ros2_ws/install/ustb_doggo_virtual_model_control/share/ament_index/resource_index/parent_prefix_path/ustb_doggo_virtual_model_control
[8.439s] -- Up-to-date: /home/oakfox/srtp/ros2_ws/install/ustb_doggo_virtual_model_control/share/ustb_doggo_virtual_model_control/environment/ament_prefix_path.sh
[8.439s] -- Up-to-date: /home/oakfox/srtp/ros2_ws/install/ustb_doggo_virtual_model_control/share/ustb_doggo_virtual_model_control/environment/ament_prefix_path.dsv
[8.439s] -- Up-to-date: /home/oakfox/srtp/ros2_ws/install/ustb_doggo_virtual_model_control/share/ustb_doggo_virtual_model_control/environment/path.sh
[8.439s] -- Up-to-date: /home/oakfox/srtp/ros2_ws/install/ustb_doggo_virtual_model_control/share/ustb_doggo_virtual_model_control/environment/path.dsv
[8.439s] -- Up-to-date: /home/oakfox/srtp/ros2_ws/install/ustb_doggo_virtual_model_control/share/ustb_doggo_virtual_model_control/local_setup.bash
[8.439s] -- Up-to-date: /home/oakfox/srtp/ros2_ws/install/ustb_doggo_virtual_model_control/share/ustb_doggo_virtual_model_control/local_setup.sh
[8.439s] -- Up-to-date: /home/oakfox/srtp/ros2_ws/install/ustb_doggo_virtual_model_control/share/ustb_doggo_virtual_model_control/local_setup.zsh
[8.439s] -- Up-to-date: /home/oakfox/srtp/ros2_ws/install/ustb_doggo_virtual_model_control/share/ustb_doggo_virtual_model_control/local_setup.dsv
[8.439s] -- Installing: /home/oakfox/srtp/ros2_ws/install/ustb_doggo_virtual_model_control/share/ustb_doggo_virtual_model_control/package.dsv
[8.439s] -- Up-to-date: /home/oakfox/srtp/ros2_ws/install/ustb_doggo_virtual_model_control/share/ament_index/resource_index/packages/ustb_doggo_virtual_model_control
[8.439s] -- Up-to-date: /home/oakfox/srtp/ros2_ws/install/ustb_doggo_virtual_model_control/share/ustb_doggo_virtual_model_control/cmake/ustb_doggo_virtual_model_controlConfig.cmake
[8.440s] -- Up-to-date: /home/oakfox/srtp/ros2_ws/install/ustb_doggo_virtual_model_control/share/ustb_doggo_virtual_model_control/cmake/ustb_doggo_virtual_model_controlConfig-version.cmake
[8.440s] -- Up-to-date: /home/oakfox/srtp/ros2_ws/install/ustb_doggo_virtual_model_control/share/ustb_doggo_virtual_model_control/package.xml
[8.442s] Invoked command in '/home/oakfox/srtp/ros2_ws/build/ustb_doggo_virtual_model_control' returned '0': CMAKE_PREFIX_PATH=${CMAKE_PREFIX_PATH}:/opt/ros/humble /usr/bin/cmake --install /home/oakfox/srtp/ros2_ws/build/ustb_doggo_virtual_model_control
