[0.014s] Invoking command in '/home/oakfox/srtp/ros2_ws/build/ustb_doggo_urdf': CMAKE_PREFIX_PATH=${CMAKE_PREFIX_PATH}:/opt/ros/humble /usr/bin/cmake --build /home/oakfox/srtp/ros2_ws/build/ustb_doggo_urdf -- -j16 -l16
[0.062s] Invoked command in '/home/oakfox/srtp/ros2_ws/build/ustb_doggo_urdf' returned '0': CMAKE_PREFIX_PATH=${CMAKE_PREFIX_PATH}:/opt/ros/humble /usr/bin/cmake --build /home/oakfox/srtp/ros2_ws/build/ustb_doggo_urdf -- -j16 -l16
[0.078s] Invoking command in '/home/oakfox/srtp/ros2_ws/build/ustb_doggo_urdf': CMAKE_PREFIX_PATH=${CMAKE_PREFIX_PATH}:/opt/ros/humble /usr/bin/cmake --install /home/oakfox/srtp/ros2_ws/build/ustb_doggo_urdf
[0.089s] -- Install configuration: ""
[0.090s] -- Up-to-date: /home/oakfox/srtp/ros2_ws/install/ustb_doggo_urdf/share/ustb_doggo_urdf/meshes
[0.090s] -- Up-to-date: /home/oakfox/srtp/ros2_ws/install/ustb_doggo_urdf/share/ustb_doggo_urdf/meshes/Link_rbb_1.STL
[0.090s] -- Up-to-date: /home/oakfox/srtp/ros2_ws/install/ustb_doggo_urdf/share/ustb_doggo_urdf/meshes/Link_Wheel_lf.STL
[0.090s] -- Up-to-date: /home/oakfox/srtp/ros2_ws/install/ustb_doggo_urdf/share/ustb_doggo_urdf/meshes/Link_lfb_1.STL
[0.090s] -- Up-to-date: /home/oakfox/srtp/ros2_ws/install/ustb_doggo_urdf/share/ustb_doggo_urdf/meshes/Link_lff_1.STL
[0.090s] -- Up-to-date: /home/oakfox/srtp/ros2_ws/install/ustb_doggo_urdf/share/ustb_doggo_urdf/meshes/base_link.STL
[0.090s] -- Up-to-date: /home/oakfox/srtp/ros2_ws/install/ustb_doggo_urdf/share/ustb_doggo_urdf/meshes/Link_rff.STL
[0.090s] -- Up-to-date: /home/oakfox/srtp/ros2_ws/install/ustb_doggo_urdf/share/ustb_doggo_urdf/meshes/Link_lff.STL
[0.090s] -- Up-to-date: /home/oakfox/srtp/ros2_ws/install/ustb_doggo_urdf/share/ustb_doggo_urdf/meshes/Link_lbf.STL
[0.090s] -- Up-to-date: /home/oakfox/srtp/ros2_ws/install/ustb_doggo_urdf/share/ustb_doggo_urdf/meshes/Link_Wheel_lb.STL
[0.090s] -- Up-to-date: /home/oakfox/srtp/ros2_ws/install/ustb_doggo_urdf/share/ustb_doggo_urdf/meshes/Link_Wheel_rf.STL
[0.090s] -- Up-to-date: /home/oakfox/srtp/ros2_ws/install/ustb_doggo_urdf/share/ustb_doggo_urdf/meshes/Link_rbf.STL
[0.090s] -- Up-to-date: /home/oakfox/srtp/ros2_ws/install/ustb_doggo_urdf/share/ustb_doggo_urdf/meshes/Link_rbb.STL
[0.090s] -- Up-to-date: /home/oakfox/srtp/ros2_ws/install/ustb_doggo_urdf/share/ustb_doggo_urdf/meshes/Link_lbf_1.STL
[0.090s] -- Up-to-date: /home/oakfox/srtp/ros2_ws/install/ustb_doggo_urdf/share/ustb_doggo_urdf/meshes/Link_lfb.STL
[0.090s] -- Up-to-date: /home/oakfox/srtp/ros2_ws/install/ustb_doggo_urdf/share/ustb_doggo_urdf/meshes/Link_lbb_1.STL
[0.090s] -- Up-to-date: /home/oakfox/srtp/ros2_ws/install/ustb_doggo_urdf/share/ustb_doggo_urdf/meshes/Link_rbf_1.STL
[0.090s] -- Up-to-date: /home/oakfox/srtp/ros2_ws/install/ustb_doggo_urdf/share/ustb_doggo_urdf/meshes/Link_rfb_1.STL
[0.091s] -- Up-to-date: /home/oakfox/srtp/ros2_ws/install/ustb_doggo_urdf/share/ustb_doggo_urdf/meshes/Link_rfb.STL
[0.091s] -- Up-to-date: /home/oakfox/srtp/ros2_ws/install/ustb_doggo_urdf/share/ustb_doggo_urdf/meshes/Link_lbb.STL
[0.091s] -- Up-to-date: /home/oakfox/srtp/ros2_ws/install/ustb_doggo_urdf/share/ustb_doggo_urdf/meshes/Link_rff_1.STL
[0.091s] -- Up-to-date: /home/oakfox/srtp/ros2_ws/install/ustb_doggo_urdf/share/ustb_doggo_urdf/meshes/Link_Wheel_rb.STL
[0.091s] -- Up-to-date: /home/oakfox/srtp/ros2_ws/install/ustb_doggo_urdf/share/ustb_doggo_urdf/urdf
[0.091s] -- Up-to-date: /home/oakfox/srtp/ros2_ws/install/ustb_doggo_urdf/share/ustb_doggo_urdf/urdf/ustb_doggo_urdf.urdf
[0.091s] -- Up-to-date: /home/oakfox/srtp/ros2_ws/install/ustb_doggo_urdf/share/ustb_doggo_urdf/urdf/ustb_doggo_urdf.csv
[0.091s] -- Up-to-date: /home/oakfox/srtp/ros2_ws/install/ustb_doggo_urdf/share/ustb_doggo_urdf/launch
[0.091s] -- Up-to-date: /home/oakfox/srtp/ros2_ws/install/ustb_doggo_urdf/share/ustb_doggo_urdf/launch/gazebo.launch
[0.091s] -- Up-to-date: /home/oakfox/srtp/ros2_ws/install/ustb_doggo_urdf/share/ustb_doggo_urdf/launch/display.launch
[0.091s] -- Up-to-date: /home/oakfox/srtp/ros2_ws/install/ustb_doggo_urdf/share/ustb_doggo_urdf/launch/ustb_doggo.launch.py
[0.091s] -- Up-to-date: /home/oakfox/srtp/ros2_ws/install/ustb_doggo_urdf/share/ustb_doggo_urdf/config
[0.091s] -- Up-to-date: /home/oakfox/srtp/ros2_ws/install/ustb_doggo_urdf/share/ustb_doggo_urdf/config/joint_names_ustb_doggo_urdf.yaml
[0.091s] -- Up-to-date: /home/oakfox/srtp/ros2_ws/install/ustb_doggo_urdf/share/ustb_doggo_urdf/config/controllers.yaml
[0.091s] -- Up-to-date: /home/oakfox/srtp/ros2_ws/install/ustb_doggo_urdf/share/ament_index/resource_index/package_run_dependencies/ustb_doggo_urdf
[0.091s] -- Up-to-date: /home/oakfox/srtp/ros2_ws/install/ustb_doggo_urdf/share/ament_index/resource_index/parent_prefix_path/ustb_doggo_urdf
[0.091s] -- Up-to-date: /home/oakfox/srtp/ros2_ws/install/ustb_doggo_urdf/share/ustb_doggo_urdf/environment/ament_prefix_path.sh
[0.091s] -- Up-to-date: /home/oakfox/srtp/ros2_ws/install/ustb_doggo_urdf/share/ustb_doggo_urdf/environment/ament_prefix_path.dsv
[0.092s] -- Up-to-date: /home/oakfox/srtp/ros2_ws/install/ustb_doggo_urdf/share/ustb_doggo_urdf/environment/path.sh
[0.092s] -- Up-to-date: /home/oakfox/srtp/ros2_ws/install/ustb_doggo_urdf/share/ustb_doggo_urdf/environment/path.dsv
[0.092s] -- Up-to-date: /home/oakfox/srtp/ros2_ws/install/ustb_doggo_urdf/share/ustb_doggo_urdf/local_setup.bash
[0.092s] -- Up-to-date: /home/oakfox/srtp/ros2_ws/install/ustb_doggo_urdf/share/ustb_doggo_urdf/local_setup.sh
[0.092s] -- Up-to-date: /home/oakfox/srtp/ros2_ws/install/ustb_doggo_urdf/share/ustb_doggo_urdf/local_setup.zsh
[0.092s] -- Up-to-date: /home/oakfox/srtp/ros2_ws/install/ustb_doggo_urdf/share/ustb_doggo_urdf/local_setup.dsv
[0.092s] -- Installing: /home/oakfox/srtp/ros2_ws/install/ustb_doggo_urdf/share/ustb_doggo_urdf/package.dsv
[0.092s] -- Up-to-date: /home/oakfox/srtp/ros2_ws/install/ustb_doggo_urdf/share/ament_index/resource_index/packages/ustb_doggo_urdf
[0.092s] -- Up-to-date: /home/oakfox/srtp/ros2_ws/install/ustb_doggo_urdf/share/ustb_doggo_urdf/cmake/ustb_doggo_urdfConfig.cmake
[0.092s] -- Up-to-date: /home/oakfox/srtp/ros2_ws/install/ustb_doggo_urdf/share/ustb_doggo_urdf/cmake/ustb_doggo_urdfConfig-version.cmake
[0.092s] -- Up-to-date: /home/oakfox/srtp/ros2_ws/install/ustb_doggo_urdf/share/ustb_doggo_urdf/package.xml
[0.093s] Invoked command in '/home/oakfox/srtp/ros2_ws/build/ustb_doggo_urdf' returned '0': CMAKE_PREFIX_PATH=${CMAKE_PREFIX_PATH}:/opt/ros/humble /usr/bin/cmake --install /home/oakfox/srtp/ros2_ws/build/ustb_doggo_urdf
