[0.098s] DEBUG:colcon:Command line arguments: ['/usr/bin/colcon', 'build']
[0.098s] DEBUG:colcon:Parsed command line arguments: Namespace(log_base=None, log_level=None, verb_name='build', build_base='build', install_base='install', merge_install=False, symlink_install=False, test_result_base=None, continue_on_error=False, executor='parallel', parallel_workers=16, event_handlers=None, ignore_user_meta=False, metas=['./colcon.meta'], base_paths=['.'], packages_ignore=None, packages_ignore_regex=None, paths=None, packages_up_to=None, packages_up_to_regex=None, packages_above=None, packages_above_and_dependencies=None, packages_above_depth=None, packages_select_by_dep=None, packages_skip_by_dep=None, packages_skip_up_to=None, packages_select_build_failed=False, packages_skip_build_finished=False, packages_select_test_failures=False, packages_skip_test_passed=False, packages_select=None, packages_skip=None, packages_select_regex=None, packages_skip_regex=None, packages_start=None, packages_end=None, allow_overriding=[], cmake_args=None, cmake_target=None, cmake_target_skip_unavailable=False, cmake_clean_cache=False, cmake_clean_first=False, cmake_force_configure=False, ament_cmake_args=None, catkin_cmake_args=None, catkin_skip_building_tests=False, verb_parser=<colcon_defaults.argument_parser.defaults.DefaultArgumentsDecorator object at 0x7c891df27d30>, verb_extension=<colcon_core.verb.build.BuildVerb object at 0x7c891df278e0>, main=<bound method BuildVerb.main of <colcon_core.verb.build.BuildVerb object at 0x7c891df278e0>>)
[0.245s] Level 1:colcon.colcon_core.package_discovery:discover_packages(colcon_meta) check parameters
[0.245s] Level 1:colcon.colcon_core.package_discovery:discover_packages(recursive) check parameters
[0.245s] Level 1:colcon.colcon_core.package_discovery:discover_packages(ignore) check parameters
[0.245s] Level 1:colcon.colcon_core.package_discovery:discover_packages(path) check parameters
[0.245s] Level 1:colcon.colcon_core.package_discovery:discover_packages(colcon_meta) discover
[0.246s] Level 1:colcon.colcon_core.package_discovery:discover_packages(recursive) discover
[0.246s] INFO:colcon.colcon_core.package_discovery:Crawling recursively for packages in '/home/oakfox/srtp/ros2_ws'
[0.246s] Level 1:colcon.colcon_core.package_identification:_identify(.) by extensions ['ignore', 'ignore_ament_install']
[0.246s] Level 1:colcon.colcon_core.package_identification:_identify(.) by extension 'ignore'
[0.246s] Level 1:colcon.colcon_core.package_identification:_identify(.) by extension 'ignore_ament_install'
[0.246s] Level 1:colcon.colcon_core.package_identification:_identify(.) by extensions ['colcon_pkg']
[0.246s] Level 1:colcon.colcon_core.package_identification:_identify(.) by extension 'colcon_pkg'
[0.246s] Level 1:colcon.colcon_core.package_identification:_identify(.) by extensions ['colcon_meta']
[0.246s] Level 1:colcon.colcon_core.package_identification:_identify(.) by extension 'colcon_meta'
[0.246s] Level 1:colcon.colcon_core.package_identification:_identify(.) by extensions ['ros']
[0.246s] Level 1:colcon.colcon_core.package_identification:_identify(.) by extension 'ros'
[0.258s] Level 1:colcon.colcon_core.package_identification:_identify(.) by extensions ['cmake', 'python']
[0.258s] Level 1:colcon.colcon_core.package_identification:_identify(.) by extension 'cmake'
[0.258s] Level 1:colcon.colcon_core.package_identification:_identify(.) by extension 'python'
[0.258s] Level 1:colcon.colcon_core.package_identification:_identify(.) by extensions ['python_setup_py']
[0.258s] Level 1:colcon.colcon_core.package_identification:_identify(.) by extension 'python_setup_py'
[0.258s] Level 1:colcon.colcon_core.package_identification:_identify(build) by extensions ['ignore', 'ignore_ament_install']
[0.258s] Level 1:colcon.colcon_core.package_identification:_identify(build) by extension 'ignore'
[0.258s] Level 1:colcon.colcon_core.package_identification:_identify(build) ignored
[0.258s] Level 1:colcon.colcon_core.package_identification:_identify(install) by extensions ['ignore', 'ignore_ament_install']
[0.259s] Level 1:colcon.colcon_core.package_identification:_identify(install) by extension 'ignore'
[0.259s] Level 1:colcon.colcon_core.package_identification:_identify(install) ignored
[0.259s] Level 1:colcon.colcon_core.package_identification:_identify(log) by extensions ['ignore', 'ignore_ament_install']
[0.259s] Level 1:colcon.colcon_core.package_identification:_identify(log) by extension 'ignore'
[0.259s] Level 1:colcon.colcon_core.package_identification:_identify(log) ignored
[0.259s] Level 1:colcon.colcon_core.package_identification:_identify(src) by extensions ['ignore', 'ignore_ament_install']
[0.259s] Level 1:colcon.colcon_core.package_identification:_identify(src) by extension 'ignore'
[0.259s] Level 1:colcon.colcon_core.package_identification:_identify(src) by extension 'ignore_ament_install'
[0.259s] Level 1:colcon.colcon_core.package_identification:_identify(src) by extensions ['colcon_pkg']
[0.259s] Level 1:colcon.colcon_core.package_identification:_identify(src) by extension 'colcon_pkg'
[0.259s] Level 1:colcon.colcon_core.package_identification:_identify(src) by extensions ['colcon_meta']
[0.259s] Level 1:colcon.colcon_core.package_identification:_identify(src) by extension 'colcon_meta'
[0.259s] Level 1:colcon.colcon_core.package_identification:_identify(src) by extensions ['ros']
[0.259s] Level 1:colcon.colcon_core.package_identification:_identify(src) by extension 'ros'
[0.259s] Level 1:colcon.colcon_core.package_identification:_identify(src) by extensions ['cmake', 'python']
[0.259s] Level 1:colcon.colcon_core.package_identification:_identify(src) by extension 'cmake'
[0.259s] Level 1:colcon.colcon_core.package_identification:_identify(src) by extension 'python'
[0.259s] Level 1:colcon.colcon_core.package_identification:_identify(src) by extensions ['python_setup_py']
[0.259s] Level 1:colcon.colcon_core.package_identification:_identify(src) by extension 'python_setup_py'
[0.259s] Level 1:colcon.colcon_core.package_identification:_identify(src/Harmonic Terrain) by extensions ['ignore', 'ignore_ament_install']
[0.259s] Level 1:colcon.colcon_core.package_identification:_identify(src/Harmonic Terrain) by extension 'ignore'
[0.259s] Level 1:colcon.colcon_core.package_identification:_identify(src/Harmonic Terrain) by extension 'ignore_ament_install'
[0.259s] Level 1:colcon.colcon_core.package_identification:_identify(src/Harmonic Terrain) by extensions ['colcon_pkg']
[0.260s] Level 1:colcon.colcon_core.package_identification:_identify(src/Harmonic Terrain) by extension 'colcon_pkg'
[0.260s] Level 1:colcon.colcon_core.package_identification:_identify(src/Harmonic Terrain) by extensions ['colcon_meta']
[0.260s] Level 1:colcon.colcon_core.package_identification:_identify(src/Harmonic Terrain) by extension 'colcon_meta'
[0.260s] Level 1:colcon.colcon_core.package_identification:_identify(src/Harmonic Terrain) by extensions ['ros']
[0.260s] Level 1:colcon.colcon_core.package_identification:_identify(src/Harmonic Terrain) by extension 'ros'
[0.260s] Level 1:colcon.colcon_core.package_identification:_identify(src/Harmonic Terrain) by extensions ['cmake', 'python']
[0.260s] Level 1:colcon.colcon_core.package_identification:_identify(src/Harmonic Terrain) by extension 'cmake'
[0.260s] Level 1:colcon.colcon_core.package_identification:_identify(src/Harmonic Terrain) by extension 'python'
[0.260s] Level 1:colcon.colcon_core.package_identification:_identify(src/Harmonic Terrain) by extensions ['python_setup_py']
[0.260s] Level 1:colcon.colcon_core.package_identification:_identify(src/Harmonic Terrain) by extension 'python_setup_py'
[0.260s] Level 1:colcon.colcon_core.package_identification:_identify(src/Harmonic Terrain/materials) by extensions ['ignore', 'ignore_ament_install']
[0.260s] Level 1:colcon.colcon_core.package_identification:_identify(src/Harmonic Terrain/materials) by extension 'ignore'
[0.260s] Level 1:colcon.colcon_core.package_identification:_identify(src/Harmonic Terrain/materials) by extension 'ignore_ament_install'
[0.260s] Level 1:colcon.colcon_core.package_identification:_identify(src/Harmonic Terrain/materials) by extensions ['colcon_pkg']
[0.260s] Level 1:colcon.colcon_core.package_identification:_identify(src/Harmonic Terrain/materials) by extension 'colcon_pkg'
[0.260s] Level 1:colcon.colcon_core.package_identification:_identify(src/Harmonic Terrain/materials) by extensions ['colcon_meta']
[0.260s] Level 1:colcon.colcon_core.package_identification:_identify(src/Harmonic Terrain/materials) by extension 'colcon_meta'
[0.260s] Level 1:colcon.colcon_core.package_identification:_identify(src/Harmonic Terrain/materials) by extensions ['ros']
[0.260s] Level 1:colcon.colcon_core.package_identification:_identify(src/Harmonic Terrain/materials) by extension 'ros'
[0.260s] Level 1:colcon.colcon_core.package_identification:_identify(src/Harmonic Terrain/materials) by extensions ['cmake', 'python']
[0.260s] Level 1:colcon.colcon_core.package_identification:_identify(src/Harmonic Terrain/materials) by extension 'cmake'
[0.260s] Level 1:colcon.colcon_core.package_identification:_identify(src/Harmonic Terrain/materials) by extension 'python'
[0.260s] Level 1:colcon.colcon_core.package_identification:_identify(src/Harmonic Terrain/materials) by extensions ['python_setup_py']
[0.260s] Level 1:colcon.colcon_core.package_identification:_identify(src/Harmonic Terrain/materials) by extension 'python_setup_py'
[0.260s] Level 1:colcon.colcon_core.package_identification:_identify(src/Harmonic Terrain/materials/textures) by extensions ['ignore', 'ignore_ament_install']
[0.260s] Level 1:colcon.colcon_core.package_identification:_identify(src/Harmonic Terrain/materials/textures) by extension 'ignore'
[0.261s] Level 1:colcon.colcon_core.package_identification:_identify(src/Harmonic Terrain/materials/textures) by extension 'ignore_ament_install'
[0.261s] Level 1:colcon.colcon_core.package_identification:_identify(src/Harmonic Terrain/materials/textures) by extensions ['colcon_pkg']
[0.261s] Level 1:colcon.colcon_core.package_identification:_identify(src/Harmonic Terrain/materials/textures) by extension 'colcon_pkg'
[0.261s] Level 1:colcon.colcon_core.package_identification:_identify(src/Harmonic Terrain/materials/textures) by extensions ['colcon_meta']
[0.261s] Level 1:colcon.colcon_core.package_identification:_identify(src/Harmonic Terrain/materials/textures) by extension 'colcon_meta'
[0.261s] Level 1:colcon.colcon_core.package_identification:_identify(src/Harmonic Terrain/materials/textures) by extensions ['ros']
[0.261s] Level 1:colcon.colcon_core.package_identification:_identify(src/Harmonic Terrain/materials/textures) by extension 'ros'
[0.261s] Level 1:colcon.colcon_core.package_identification:_identify(src/Harmonic Terrain/materials/textures) by extensions ['cmake', 'python']
[0.261s] Level 1:colcon.colcon_core.package_identification:_identify(src/Harmonic Terrain/materials/textures) by extension 'cmake'
[0.261s] Level 1:colcon.colcon_core.package_identification:_identify(src/Harmonic Terrain/materials/textures) by extension 'python'
[0.261s] Level 1:colcon.colcon_core.package_identification:_identify(src/Harmonic Terrain/materials/textures) by extensions ['python_setup_py']
[0.261s] Level 1:colcon.colcon_core.package_identification:_identify(src/Harmonic Terrain/materials/textures) by extension 'python_setup_py'
[0.261s] Level 1:colcon.colcon_core.package_identification:_identify(src/Harmonic Terrain/thumbnails) by extensions ['ignore', 'ignore_ament_install']
[0.261s] Level 1:colcon.colcon_core.package_identification:_identify(src/Harmonic Terrain/thumbnails) by extension 'ignore'
[0.261s] Level 1:colcon.colcon_core.package_identification:_identify(src/Harmonic Terrain/thumbnails) by extension 'ignore_ament_install'
[0.261s] Level 1:colcon.colcon_core.package_identification:_identify(src/Harmonic Terrain/thumbnails) by extensions ['colcon_pkg']
[0.261s] Level 1:colcon.colcon_core.package_identification:_identify(src/Harmonic Terrain/thumbnails) by extension 'colcon_pkg'
[0.261s] Level 1:colcon.colcon_core.package_identification:_identify(src/Harmonic Terrain/thumbnails) by extensions ['colcon_meta']
[0.261s] Level 1:colcon.colcon_core.package_identification:_identify(src/Harmonic Terrain/thumbnails) by extension 'colcon_meta'
[0.261s] Level 1:colcon.colcon_core.package_identification:_identify(src/Harmonic Terrain/thumbnails) by extensions ['ros']
[0.261s] Level 1:colcon.colcon_core.package_identification:_identify(src/Harmonic Terrain/thumbnails) by extension 'ros'
[0.261s] Level 1:colcon.colcon_core.package_identification:_identify(src/Harmonic Terrain/thumbnails) by extensions ['cmake', 'python']
[0.261s] Level 1:colcon.colcon_core.package_identification:_identify(src/Harmonic Terrain/thumbnails) by extension 'cmake'
[0.261s] Level 1:colcon.colcon_core.package_identification:_identify(src/Harmonic Terrain/thumbnails) by extension 'python'
[0.261s] Level 1:colcon.colcon_core.package_identification:_identify(src/Harmonic Terrain/thumbnails) by extensions ['python_setup_py']
[0.261s] Level 1:colcon.colcon_core.package_identification:_identify(src/Harmonic Terrain/thumbnails) by extension 'python_setup_py'
[0.261s] Level 1:colcon.colcon_core.package_identification:_identify(src/ustb_doggo_impedance_controller) by extensions ['ignore', 'ignore_ament_install']
[0.262s] Level 1:colcon.colcon_core.package_identification:_identify(src/ustb_doggo_impedance_controller) by extension 'ignore'
[0.262s] Level 1:colcon.colcon_core.package_identification:_identify(src/ustb_doggo_impedance_controller) by extension 'ignore_ament_install'
[0.262s] Level 1:colcon.colcon_core.package_identification:_identify(src/ustb_doggo_impedance_controller) by extensions ['colcon_pkg']
[0.262s] Level 1:colcon.colcon_core.package_identification:_identify(src/ustb_doggo_impedance_controller) by extension 'colcon_pkg'
[0.262s] Level 1:colcon.colcon_core.package_identification:_identify(src/ustb_doggo_impedance_controller) by extensions ['colcon_meta']
[0.262s] Level 1:colcon.colcon_core.package_identification:_identify(src/ustb_doggo_impedance_controller) by extension 'colcon_meta'
[0.262s] Level 1:colcon.colcon_core.package_identification:_identify(src/ustb_doggo_impedance_controller) by extensions ['ros']
[0.262s] Level 1:colcon.colcon_core.package_identification:_identify(src/ustb_doggo_impedance_controller) by extension 'ros'
[0.265s] DEBUG:colcon.colcon_core.package_identification:Package 'src/ustb_doggo_impedance_controller' with type 'ros.ament_cmake' and name 'ustb_doggo_impedance_controller'
[0.265s] Level 1:colcon.colcon_core.package_identification:_identify(src/ustb_doggo_urdf) by extensions ['ignore', 'ignore_ament_install']
[0.265s] Level 1:colcon.colcon_core.package_identification:_identify(src/ustb_doggo_urdf) by extension 'ignore'
[0.265s] Level 1:colcon.colcon_core.package_identification:_identify(src/ustb_doggo_urdf) by extension 'ignore_ament_install'
[0.265s] Level 1:colcon.colcon_core.package_identification:_identify(src/ustb_doggo_urdf) by extensions ['colcon_pkg']
[0.265s] Level 1:colcon.colcon_core.package_identification:_identify(src/ustb_doggo_urdf) by extension 'colcon_pkg'
[0.265s] Level 1:colcon.colcon_core.package_identification:_identify(src/ustb_doggo_urdf) by extensions ['colcon_meta']
[0.265s] Level 1:colcon.colcon_core.package_identification:_identify(src/ustb_doggo_urdf) by extension 'colcon_meta'
[0.265s] Level 1:colcon.colcon_core.package_identification:_identify(src/ustb_doggo_urdf) by extensions ['ros']
[0.265s] Level 1:colcon.colcon_core.package_identification:_identify(src/ustb_doggo_urdf) by extension 'ros'
[0.266s] DEBUG:colcon.colcon_core.package_identification:Package 'src/ustb_doggo_urdf' with type 'ros.ament_cmake' and name 'ustb_doggo_urdf'
[0.266s] Level 1:colcon.colcon_core.package_identification:_identify(src/ustb_doggo_virtual_model_control) by extensions ['ignore', 'ignore_ament_install']
[0.266s] Level 1:colcon.colcon_core.package_identification:_identify(src/ustb_doggo_virtual_model_control) by extension 'ignore'
[0.266s] Level 1:colcon.colcon_core.package_identification:_identify(src/ustb_doggo_virtual_model_control) by extension 'ignore_ament_install'
[0.266s] Level 1:colcon.colcon_core.package_identification:_identify(src/ustb_doggo_virtual_model_control) by extensions ['colcon_pkg']
[0.266s] Level 1:colcon.colcon_core.package_identification:_identify(src/ustb_doggo_virtual_model_control) by extension 'colcon_pkg'
[0.266s] Level 1:colcon.colcon_core.package_identification:_identify(src/ustb_doggo_virtual_model_control) by extensions ['colcon_meta']
[0.266s] Level 1:colcon.colcon_core.package_identification:_identify(src/ustb_doggo_virtual_model_control) by extension 'colcon_meta'
[0.266s] Level 1:colcon.colcon_core.package_identification:_identify(src/ustb_doggo_virtual_model_control) by extensions ['ros']
[0.266s] Level 1:colcon.colcon_core.package_identification:_identify(src/ustb_doggo_virtual_model_control) by extension 'ros'
[0.267s] DEBUG:colcon.colcon_core.package_identification:Package 'src/ustb_doggo_virtual_model_control' with type 'ros.ament_cmake' and name 'ustb_doggo_virtual_model_control'
[0.267s] Level 1:colcon.colcon_core.package_discovery:discover_packages(recursive) using defaults
[0.267s] Level 1:colcon.colcon_core.package_discovery:discover_packages(ignore) discover
[0.267s] Level 1:colcon.colcon_core.package_discovery:discover_packages(ignore) using defaults
[0.267s] Level 1:colcon.colcon_core.package_discovery:discover_packages(path) discover
[0.267s] Level 1:colcon.colcon_core.package_discovery:discover_packages(path) using defaults
[0.303s] Level 1:colcon.colcon_core.package_discovery:discover_packages(prefix_path) check parameters
[0.303s] Level 1:colcon.colcon_core.package_discovery:discover_packages(prefix_path) discover
[0.304s] WARNING:colcon.colcon_ros.prefix_path.ament:The path '/home/oakfox/srtp/ros2_ws/install/ustb_doggo_urdf' in the environment variable AMENT_PREFIX_PATH doesn't exist
[0.304s] WARNING:colcon.colcon_ros.prefix_path.ament:The path '/home/oakfox/srtp/ros2_ws/install/ustb_doggo_impedance_controller' in the environment variable AMENT_PREFIX_PATH doesn't exist
[0.304s] WARNING:colcon.colcon_ros.prefix_path.ament:The path '/home/oakfox/srtp/ros2_ws/install/trot_gait_generator' in the environment variable AMENT_PREFIX_PATH doesn't exist
[0.304s] WARNING:colcon.colcon_ros.prefix_path.catkin:The path '/home/oakfox/srtp/ros2_ws/install/ustb_doggo_urdf' in the environment variable CMAKE_PREFIX_PATH doesn't exist
[0.304s] WARNING:colcon.colcon_ros.prefix_path.catkin:The path '/home/oakfox/srtp/ros2_ws/install/ustb_doggo_impedance_controller' in the environment variable CMAKE_PREFIX_PATH doesn't exist
[0.304s] WARNING:colcon.colcon_ros.prefix_path.catkin:The path '/home/oakfox/srtp/ros2_ws/install/trot_gait_generator' in the environment variable CMAKE_PREFIX_PATH doesn't exist
[0.305s] DEBUG:colcon.colcon_installed_package_information.package_discovery:Found 0 installed packages in /home/oakfox/srtp/ros2_ws/install
[0.306s] DEBUG:colcon.colcon_installed_package_information.package_discovery:Found 361 installed packages in /opt/ros/humble
[0.308s] Level 1:colcon.colcon_core.package_discovery:discover_packages(prefix_path) using defaults
[0.349s] Level 5:colcon.colcon_core.verb:set package 'ustb_doggo_impedance_controller' build argument 'cmake_args' from command line to 'None'
[0.349s] Level 5:colcon.colcon_core.verb:set package 'ustb_doggo_impedance_controller' build argument 'cmake_target' from command line to 'None'
[0.349s] Level 5:colcon.colcon_core.verb:set package 'ustb_doggo_impedance_controller' build argument 'cmake_target_skip_unavailable' from command line to 'False'
[0.349s] Level 5:colcon.colcon_core.verb:set package 'ustb_doggo_impedance_controller' build argument 'cmake_clean_cache' from command line to 'False'
[0.349s] Level 5:colcon.colcon_core.verb:set package 'ustb_doggo_impedance_controller' build argument 'cmake_clean_first' from command line to 'False'
[0.349s] Level 5:colcon.colcon_core.verb:set package 'ustb_doggo_impedance_controller' build argument 'cmake_force_configure' from command line to 'False'
[0.349s] Level 5:colcon.colcon_core.verb:set package 'ustb_doggo_impedance_controller' build argument 'ament_cmake_args' from command line to 'None'
[0.349s] Level 5:colcon.colcon_core.verb:set package 'ustb_doggo_impedance_controller' build argument 'catkin_cmake_args' from command line to 'None'
[0.349s] Level 5:colcon.colcon_core.verb:set package 'ustb_doggo_impedance_controller' build argument 'catkin_skip_building_tests' from command line to 'False'
[0.349s] DEBUG:colcon.colcon_core.verb:Building package 'ustb_doggo_impedance_controller' with the following arguments: {'ament_cmake_args': None, 'build_base': '/home/oakfox/srtp/ros2_ws/build/ustb_doggo_impedance_controller', 'catkin_cmake_args': None, 'catkin_skip_building_tests': False, 'cmake_args': None, 'cmake_clean_cache': False, 'cmake_clean_first': False, 'cmake_force_configure': False, 'cmake_target': None, 'cmake_target_skip_unavailable': False, 'install_base': '/home/oakfox/srtp/ros2_ws/install/ustb_doggo_impedance_controller', 'merge_install': False, 'path': '/home/oakfox/srtp/ros2_ws/src/ustb_doggo_impedance_controller', 'symlink_install': False, 'test_result_base': None}
[0.350s] Level 5:colcon.colcon_core.verb:set package 'ustb_doggo_urdf' build argument 'cmake_args' from command line to 'None'
[0.350s] Level 5:colcon.colcon_core.verb:set package 'ustb_doggo_urdf' build argument 'cmake_target' from command line to 'None'
[0.350s] Level 5:colcon.colcon_core.verb:set package 'ustb_doggo_urdf' build argument 'cmake_target_skip_unavailable' from command line to 'False'
[0.350s] Level 5:colcon.colcon_core.verb:set package 'ustb_doggo_urdf' build argument 'cmake_clean_cache' from command line to 'False'
[0.350s] Level 5:colcon.colcon_core.verb:set package 'ustb_doggo_urdf' build argument 'cmake_clean_first' from command line to 'False'
[0.350s] Level 5:colcon.colcon_core.verb:set package 'ustb_doggo_urdf' build argument 'cmake_force_configure' from command line to 'False'
[0.350s] Level 5:colcon.colcon_core.verb:set package 'ustb_doggo_urdf' build argument 'ament_cmake_args' from command line to 'None'
[0.350s] Level 5:colcon.colcon_core.verb:set package 'ustb_doggo_urdf' build argument 'catkin_cmake_args' from command line to 'None'
[0.350s] Level 5:colcon.colcon_core.verb:set package 'ustb_doggo_urdf' build argument 'catkin_skip_building_tests' from command line to 'False'
[0.350s] DEBUG:colcon.colcon_core.verb:Building package 'ustb_doggo_urdf' with the following arguments: {'ament_cmake_args': None, 'build_base': '/home/oakfox/srtp/ros2_ws/build/ustb_doggo_urdf', 'catkin_cmake_args': None, 'catkin_skip_building_tests': False, 'cmake_args': None, 'cmake_clean_cache': False, 'cmake_clean_first': False, 'cmake_force_configure': False, 'cmake_target': None, 'cmake_target_skip_unavailable': False, 'install_base': '/home/oakfox/srtp/ros2_ws/install/ustb_doggo_urdf', 'merge_install': False, 'path': '/home/oakfox/srtp/ros2_ws/src/ustb_doggo_urdf', 'symlink_install': False, 'test_result_base': None}
[0.350s] Level 5:colcon.colcon_core.verb:set package 'ustb_doggo_virtual_model_control' build argument 'cmake_args' from command line to 'None'
[0.350s] Level 5:colcon.colcon_core.verb:set package 'ustb_doggo_virtual_model_control' build argument 'cmake_target' from command line to 'None'
[0.350s] Level 5:colcon.colcon_core.verb:set package 'ustb_doggo_virtual_model_control' build argument 'cmake_target_skip_unavailable' from command line to 'False'
[0.350s] Level 5:colcon.colcon_core.verb:set package 'ustb_doggo_virtual_model_control' build argument 'cmake_clean_cache' from command line to 'False'
[0.350s] Level 5:colcon.colcon_core.verb:set package 'ustb_doggo_virtual_model_control' build argument 'cmake_clean_first' from command line to 'False'
[0.350s] Level 5:colcon.colcon_core.verb:set package 'ustb_doggo_virtual_model_control' build argument 'cmake_force_configure' from command line to 'False'
[0.350s] Level 5:colcon.colcon_core.verb:set package 'ustb_doggo_virtual_model_control' build argument 'ament_cmake_args' from command line to 'None'
[0.350s] Level 5:colcon.colcon_core.verb:set package 'ustb_doggo_virtual_model_control' build argument 'catkin_cmake_args' from command line to 'None'
[0.350s] Level 5:colcon.colcon_core.verb:set package 'ustb_doggo_virtual_model_control' build argument 'catkin_skip_building_tests' from command line to 'False'
[0.350s] DEBUG:colcon.colcon_core.verb:Building package 'ustb_doggo_virtual_model_control' with the following arguments: {'ament_cmake_args': None, 'build_base': '/home/oakfox/srtp/ros2_ws/build/ustb_doggo_virtual_model_control', 'catkin_cmake_args': None, 'catkin_skip_building_tests': False, 'cmake_args': None, 'cmake_clean_cache': False, 'cmake_clean_first': False, 'cmake_force_configure': False, 'cmake_target': None, 'cmake_target_skip_unavailable': False, 'install_base': '/home/oakfox/srtp/ros2_ws/install/ustb_doggo_virtual_model_control', 'merge_install': False, 'path': '/home/oakfox/srtp/ros2_ws/src/ustb_doggo_virtual_model_control', 'symlink_install': False, 'test_result_base': None}
[0.351s] INFO:colcon.colcon_core.executor:Executing jobs using 'parallel' executor
[0.352s] DEBUG:colcon.colcon_parallel_executor.executor.parallel:run_until_complete
[0.353s] INFO:colcon.colcon_ros.task.ament_cmake.build:Building ROS package in '/home/oakfox/srtp/ros2_ws/src/ustb_doggo_impedance_controller' with build type 'ament_cmake'
[0.353s] INFO:colcon.colcon_cmake.task.cmake.build:Building CMake package in '/home/oakfox/srtp/ros2_ws/src/ustb_doggo_impedance_controller'
[0.355s] INFO:colcon.colcon_core.plugin_system:Skipping extension 'colcon_core.shell.bat': Not used on non-Windows systems
[0.355s] INFO:colcon.colcon_core.shell:Skip shell extension 'powershell' for command environment: Not usable outside of PowerShell
[0.355s] DEBUG:colcon.colcon_core.shell:Skip shell extension 'dsv' for command environment
[0.358s] INFO:colcon.colcon_ros.task.ament_cmake.build:Building ROS package in '/home/oakfox/srtp/ros2_ws/src/ustb_doggo_urdf' with build type 'ament_cmake'
[0.358s] INFO:colcon.colcon_cmake.task.cmake.build:Building CMake package in '/home/oakfox/srtp/ros2_ws/src/ustb_doggo_urdf'
[0.359s] INFO:colcon.colcon_core.shell:Skip shell extension 'powershell' for command environment: Not usable outside of PowerShell
[0.359s] DEBUG:colcon.colcon_core.shell:Skip shell extension 'dsv' for command environment
[0.362s] INFO:colcon.colcon_ros.task.ament_cmake.build:Building ROS package in '/home/oakfox/srtp/ros2_ws/src/ustb_doggo_virtual_model_control' with build type 'ament_cmake'
[0.362s] INFO:colcon.colcon_cmake.task.cmake.build:Building CMake package in '/home/oakfox/srtp/ros2_ws/src/ustb_doggo_virtual_model_control'
[0.363s] INFO:colcon.colcon_core.shell:Skip shell extension 'powershell' for command environment: Not usable outside of PowerShell
[0.363s] DEBUG:colcon.colcon_core.shell:Skip shell extension 'dsv' for command environment
[0.371s] DEBUG:colcon.colcon_core.event_handler.log_command:Invoking command in '/home/oakfox/srtp/ros2_ws/build/ustb_doggo_impedance_controller': CMAKE_PREFIX_PATH=${CMAKE_PREFIX_PATH}:/opt/ros/humble /usr/bin/cmake /home/oakfox/srtp/ros2_ws/src/ustb_doggo_impedance_controller -DCMAKE_INSTALL_PREFIX=/home/oakfox/srtp/ros2_ws/install/ustb_doggo_impedance_controller
[0.374s] DEBUG:colcon.colcon_core.event_handler.log_command:Invoking command in '/home/oakfox/srtp/ros2_ws/build/ustb_doggo_urdf': CMAKE_PREFIX_PATH=${CMAKE_PREFIX_PATH}:/opt/ros/humble /usr/bin/cmake /home/oakfox/srtp/ros2_ws/src/ustb_doggo_urdf -DCMAKE_INSTALL_PREFIX=/home/oakfox/srtp/ros2_ws/install/ustb_doggo_urdf
[0.377s] DEBUG:colcon.colcon_core.event_handler.log_command:Invoking command in '/home/oakfox/srtp/ros2_ws/build/ustb_doggo_virtual_model_control': CMAKE_PREFIX_PATH=${CMAKE_PREFIX_PATH}:/opt/ros/humble /usr/bin/cmake /home/oakfox/srtp/ros2_ws/src/ustb_doggo_virtual_model_control -DCMAKE_INSTALL_PREFIX=/home/oakfox/srtp/ros2_ws/install/ustb_doggo_virtual_model_control
[1.231s] DEBUG:colcon.colcon_core.event_handler.log_command:Invoked command in '/home/oakfox/srtp/ros2_ws/build/ustb_doggo_urdf' returned '0': CMAKE_PREFIX_PATH=${CMAKE_PREFIX_PATH}:/opt/ros/humble /usr/bin/cmake /home/oakfox/srtp/ros2_ws/src/ustb_doggo_urdf -DCMAKE_INSTALL_PREFIX=/home/oakfox/srtp/ros2_ws/install/ustb_doggo_urdf
[1.235s] DEBUG:colcon.colcon_core.event_handler.log_command:Invoking command in '/home/oakfox/srtp/ros2_ws/build/ustb_doggo_urdf': CMAKE_PREFIX_PATH=${CMAKE_PREFIX_PATH}:/opt/ros/humble /usr/bin/cmake --build /home/oakfox/srtp/ros2_ws/build/ustb_doggo_urdf -- -j16 -l16
[1.288s] DEBUG:colcon.colcon_core.event_handler.log_command:Invoked command in '/home/oakfox/srtp/ros2_ws/build/ustb_doggo_urdf' returned '0': CMAKE_PREFIX_PATH=${CMAKE_PREFIX_PATH}:/opt/ros/humble /usr/bin/cmake --build /home/oakfox/srtp/ros2_ws/build/ustb_doggo_urdf -- -j16 -l16
[1.305s] DEBUG:colcon.colcon_core.event_handler.log_command:Invoking command in '/home/oakfox/srtp/ros2_ws/build/ustb_doggo_urdf': CMAKE_PREFIX_PATH=${CMAKE_PREFIX_PATH}:/opt/ros/humble /usr/bin/cmake --install /home/oakfox/srtp/ros2_ws/build/ustb_doggo_urdf
[1.343s] Level 1:colcon.colcon_core.environment:create_environment_scripts_only(ustb_doggo_urdf)
[1.343s] DEBUG:colcon.colcon_core.event_handler.log_command:Invoked command in '/home/oakfox/srtp/ros2_ws/build/ustb_doggo_urdf' returned '0': CMAKE_PREFIX_PATH=${CMAKE_PREFIX_PATH}:/opt/ros/humble /usr/bin/cmake --install /home/oakfox/srtp/ros2_ws/build/ustb_doggo_urdf
[1.348s] Level 1:colcon.colcon_core.environment:checking '/home/oakfox/srtp/ros2_ws/install/ustb_doggo_urdf' for CMake module files
[1.349s] Level 1:colcon.colcon_core.environment:checking '/home/oakfox/srtp/ros2_ws/install/ustb_doggo_urdf' for CMake config files
[1.350s] Level 1:colcon.colcon_core.shell:create_environment_hook('ustb_doggo_urdf', 'cmake_prefix_path')
[1.350s] INFO:colcon.colcon_core.shell:Creating environment hook '/home/oakfox/srtp/ros2_ws/install/ustb_doggo_urdf/share/ustb_doggo_urdf/hook/cmake_prefix_path.ps1'
[1.352s] INFO:colcon.colcon_core.shell:Creating environment descriptor '/home/oakfox/srtp/ros2_ws/install/ustb_doggo_urdf/share/ustb_doggo_urdf/hook/cmake_prefix_path.dsv'
[1.352s] INFO:colcon.colcon_core.shell:Creating environment hook '/home/oakfox/srtp/ros2_ws/install/ustb_doggo_urdf/share/ustb_doggo_urdf/hook/cmake_prefix_path.sh'
[1.354s] Level 1:colcon.colcon_core.environment:checking '/home/oakfox/srtp/ros2_ws/install/ustb_doggo_urdf/bin'
[1.354s] Level 1:colcon.colcon_core.environment:checking '/home/oakfox/srtp/ros2_ws/install/ustb_doggo_urdf/lib/pkgconfig/ustb_doggo_urdf.pc'
[1.355s] Level 1:colcon.colcon_core.environment:checking '/home/oakfox/srtp/ros2_ws/install/ustb_doggo_urdf/lib/python3.10/site-packages'
[1.355s] Level 1:colcon.colcon_core.environment:checking '/home/oakfox/srtp/ros2_ws/install/ustb_doggo_urdf/bin'
[1.356s] INFO:colcon.colcon_core.shell:Creating package script '/home/oakfox/srtp/ros2_ws/install/ustb_doggo_urdf/share/ustb_doggo_urdf/package.ps1'
[1.357s] INFO:colcon.colcon_core.shell:Creating package descriptor '/home/oakfox/srtp/ros2_ws/install/ustb_doggo_urdf/share/ustb_doggo_urdf/package.dsv'
[1.357s] INFO:colcon.colcon_core.shell:Creating package script '/home/oakfox/srtp/ros2_ws/install/ustb_doggo_urdf/share/ustb_doggo_urdf/package.sh'
[1.358s] INFO:colcon.colcon_core.shell:Creating package script '/home/oakfox/srtp/ros2_ws/install/ustb_doggo_urdf/share/ustb_doggo_urdf/package.bash'
[1.359s] INFO:colcon.colcon_core.shell:Creating package script '/home/oakfox/srtp/ros2_ws/install/ustb_doggo_urdf/share/ustb_doggo_urdf/package.zsh'
[1.360s] Level 1:colcon.colcon_core.environment:create_file_with_runtime_dependencies(/home/oakfox/srtp/ros2_ws/install/ustb_doggo_urdf/share/colcon-core/packages/ustb_doggo_urdf)
[1.361s] Level 1:colcon.colcon_core.environment:create_environment_scripts_only(ustb_doggo_urdf)
[1.361s] Level 1:colcon.colcon_core.environment:checking '/home/oakfox/srtp/ros2_ws/install/ustb_doggo_urdf' for CMake module files
[1.362s] Level 1:colcon.colcon_core.environment:checking '/home/oakfox/srtp/ros2_ws/install/ustb_doggo_urdf' for CMake config files
[1.362s] Level 1:colcon.colcon_core.shell:create_environment_hook('ustb_doggo_urdf', 'cmake_prefix_path')
[1.362s] INFO:colcon.colcon_core.shell:Creating environment hook '/home/oakfox/srtp/ros2_ws/install/ustb_doggo_urdf/share/ustb_doggo_urdf/hook/cmake_prefix_path.ps1'
[1.363s] INFO:colcon.colcon_core.shell:Creating environment descriptor '/home/oakfox/srtp/ros2_ws/install/ustb_doggo_urdf/share/ustb_doggo_urdf/hook/cmake_prefix_path.dsv'
[1.363s] INFO:colcon.colcon_core.shell:Creating environment hook '/home/oakfox/srtp/ros2_ws/install/ustb_doggo_urdf/share/ustb_doggo_urdf/hook/cmake_prefix_path.sh'
[1.364s] Level 1:colcon.colcon_core.environment:checking '/home/oakfox/srtp/ros2_ws/install/ustb_doggo_urdf/bin'
[1.364s] Level 1:colcon.colcon_core.environment:checking '/home/oakfox/srtp/ros2_ws/install/ustb_doggo_urdf/lib/pkgconfig/ustb_doggo_urdf.pc'
[1.364s] Level 1:colcon.colcon_core.environment:checking '/home/oakfox/srtp/ros2_ws/install/ustb_doggo_urdf/lib/python3.10/site-packages'
[1.364s] Level 1:colcon.colcon_core.environment:checking '/home/oakfox/srtp/ros2_ws/install/ustb_doggo_urdf/bin'
[1.365s] INFO:colcon.colcon_core.shell:Creating package script '/home/oakfox/srtp/ros2_ws/install/ustb_doggo_urdf/share/ustb_doggo_urdf/package.ps1'
[1.366s] INFO:colcon.colcon_core.shell:Creating package descriptor '/home/oakfox/srtp/ros2_ws/install/ustb_doggo_urdf/share/ustb_doggo_urdf/package.dsv'
[1.366s] INFO:colcon.colcon_core.shell:Creating package script '/home/oakfox/srtp/ros2_ws/install/ustb_doggo_urdf/share/ustb_doggo_urdf/package.sh'
[1.367s] INFO:colcon.colcon_core.shell:Creating package script '/home/oakfox/srtp/ros2_ws/install/ustb_doggo_urdf/share/ustb_doggo_urdf/package.bash'
[1.367s] INFO:colcon.colcon_core.shell:Creating package script '/home/oakfox/srtp/ros2_ws/install/ustb_doggo_urdf/share/ustb_doggo_urdf/package.zsh'
[1.367s] Level 1:colcon.colcon_core.environment:create_file_with_runtime_dependencies(/home/oakfox/srtp/ros2_ws/install/ustb_doggo_urdf/share/colcon-core/packages/ustb_doggo_urdf)
[2.085s] DEBUG:colcon.colcon_core.event_handler.log_command:Invoked command in '/home/oakfox/srtp/ros2_ws/build/ustb_doggo_virtual_model_control' returned '0': CMAKE_PREFIX_PATH=${CMAKE_PREFIX_PATH}:/opt/ros/humble /usr/bin/cmake /home/oakfox/srtp/ros2_ws/src/ustb_doggo_virtual_model_control -DCMAKE_INSTALL_PREFIX=/home/oakfox/srtp/ros2_ws/install/ustb_doggo_virtual_model_control
[2.087s] DEBUG:colcon.colcon_core.event_handler.log_command:Invoking command in '/home/oakfox/srtp/ros2_ws/build/ustb_doggo_virtual_model_control': CMAKE_PREFIX_PATH=${CMAKE_PREFIX_PATH}:/opt/ros/humble /usr/bin/cmake --build /home/oakfox/srtp/ros2_ws/build/ustb_doggo_virtual_model_control -- -j16 -l16
[4.287s] DEBUG:colcon.colcon_core.event_handler.log_command:Invoked command in '/home/oakfox/srtp/ros2_ws/build/ustb_doggo_impedance_controller' returned '0': CMAKE_PREFIX_PATH=${CMAKE_PREFIX_PATH}:/opt/ros/humble /usr/bin/cmake /home/oakfox/srtp/ros2_ws/src/ustb_doggo_impedance_controller -DCMAKE_INSTALL_PREFIX=/home/oakfox/srtp/ros2_ws/install/ustb_doggo_impedance_controller
[4.289s] DEBUG:colcon.colcon_core.event_handler.log_command:Invoking command in '/home/oakfox/srtp/ros2_ws/build/ustb_doggo_impedance_controller': CMAKE_PREFIX_PATH=${CMAKE_PREFIX_PATH}:/opt/ros/humble /usr/bin/cmake --build /home/oakfox/srtp/ros2_ws/build/ustb_doggo_impedance_controller -- -j16 -l16
[30.547s] DEBUG:colcon.colcon_core.event_handler.log_command:Invoked command in '/home/oakfox/srtp/ros2_ws/build/ustb_doggo_virtual_model_control' returned '0': CMAKE_PREFIX_PATH=${CMAKE_PREFIX_PATH}:/opt/ros/humble /usr/bin/cmake --build /home/oakfox/srtp/ros2_ws/build/ustb_doggo_virtual_model_control -- -j16 -l16
[30.550s] DEBUG:colcon.colcon_core.event_handler.log_command:Invoking command in '/home/oakfox/srtp/ros2_ws/build/ustb_doggo_virtual_model_control': CMAKE_PREFIX_PATH=${CMAKE_PREFIX_PATH}:/opt/ros/humble /usr/bin/cmake --install /home/oakfox/srtp/ros2_ws/build/ustb_doggo_virtual_model_control
[30.577s] Level 1:colcon.colcon_core.environment:create_environment_scripts_only(ustb_doggo_virtual_model_control)
[30.578s] DEBUG:colcon.colcon_core.event_handler.log_command:Invoked command in '/home/oakfox/srtp/ros2_ws/build/ustb_doggo_virtual_model_control' returned '0': CMAKE_PREFIX_PATH=${CMAKE_PREFIX_PATH}:/opt/ros/humble /usr/bin/cmake --install /home/oakfox/srtp/ros2_ws/build/ustb_doggo_virtual_model_control
[30.578s] Level 1:colcon.colcon_core.environment:checking '/home/oakfox/srtp/ros2_ws/install/ustb_doggo_virtual_model_control' for CMake module files
[30.579s] Level 1:colcon.colcon_core.environment:checking '/home/oakfox/srtp/ros2_ws/install/ustb_doggo_virtual_model_control' for CMake config files
[30.579s] Level 1:colcon.colcon_core.shell:create_environment_hook('ustb_doggo_virtual_model_control', 'cmake_prefix_path')
[30.580s] INFO:colcon.colcon_core.shell:Creating environment hook '/home/oakfox/srtp/ros2_ws/install/ustb_doggo_virtual_model_control/share/ustb_doggo_virtual_model_control/hook/cmake_prefix_path.ps1'
[30.581s] INFO:colcon.colcon_core.shell:Creating environment descriptor '/home/oakfox/srtp/ros2_ws/install/ustb_doggo_virtual_model_control/share/ustb_doggo_virtual_model_control/hook/cmake_prefix_path.dsv'
[30.581s] INFO:colcon.colcon_core.shell:Creating environment hook '/home/oakfox/srtp/ros2_ws/install/ustb_doggo_virtual_model_control/share/ustb_doggo_virtual_model_control/hook/cmake_prefix_path.sh'
[30.582s] Level 1:colcon.colcon_core.environment:checking '/home/oakfox/srtp/ros2_ws/install/ustb_doggo_virtual_model_control/lib'
[30.583s] Level 1:colcon.colcon_core.environment:checking '/home/oakfox/srtp/ros2_ws/install/ustb_doggo_virtual_model_control/bin'
[30.583s] Level 1:colcon.colcon_core.environment:checking '/home/oakfox/srtp/ros2_ws/install/ustb_doggo_virtual_model_control/lib/pkgconfig/ustb_doggo_virtual_model_control.pc'
[30.583s] Level 1:colcon.colcon_core.environment:checking '/home/oakfox/srtp/ros2_ws/install/ustb_doggo_virtual_model_control/lib/python3.10/site-packages'
[30.583s] Level 1:colcon.colcon_core.environment:checking '/home/oakfox/srtp/ros2_ws/install/ustb_doggo_virtual_model_control/bin'
[30.584s] INFO:colcon.colcon_core.shell:Creating package script '/home/oakfox/srtp/ros2_ws/install/ustb_doggo_virtual_model_control/share/ustb_doggo_virtual_model_control/package.ps1'
[30.585s] INFO:colcon.colcon_core.shell:Creating package descriptor '/home/oakfox/srtp/ros2_ws/install/ustb_doggo_virtual_model_control/share/ustb_doggo_virtual_model_control/package.dsv'
[30.586s] INFO:colcon.colcon_core.shell:Creating package script '/home/oakfox/srtp/ros2_ws/install/ustb_doggo_virtual_model_control/share/ustb_doggo_virtual_model_control/package.sh'
[30.587s] INFO:colcon.colcon_core.shell:Creating package script '/home/oakfox/srtp/ros2_ws/install/ustb_doggo_virtual_model_control/share/ustb_doggo_virtual_model_control/package.bash'
[30.587s] INFO:colcon.colcon_core.shell:Creating package script '/home/oakfox/srtp/ros2_ws/install/ustb_doggo_virtual_model_control/share/ustb_doggo_virtual_model_control/package.zsh'
[30.588s] Level 1:colcon.colcon_core.environment:create_file_with_runtime_dependencies(/home/oakfox/srtp/ros2_ws/install/ustb_doggo_virtual_model_control/share/colcon-core/packages/ustb_doggo_virtual_model_control)
[30.589s] Level 1:colcon.colcon_core.environment:create_environment_scripts_only(ustb_doggo_virtual_model_control)
[30.589s] Level 1:colcon.colcon_core.environment:checking '/home/oakfox/srtp/ros2_ws/install/ustb_doggo_virtual_model_control' for CMake module files
[30.590s] Level 1:colcon.colcon_core.environment:checking '/home/oakfox/srtp/ros2_ws/install/ustb_doggo_virtual_model_control' for CMake config files
[30.590s] Level 1:colcon.colcon_core.shell:create_environment_hook('ustb_doggo_virtual_model_control', 'cmake_prefix_path')
[30.591s] INFO:colcon.colcon_core.shell:Creating environment hook '/home/oakfox/srtp/ros2_ws/install/ustb_doggo_virtual_model_control/share/ustb_doggo_virtual_model_control/hook/cmake_prefix_path.ps1'
[30.591s] INFO:colcon.colcon_core.shell:Creating environment descriptor '/home/oakfox/srtp/ros2_ws/install/ustb_doggo_virtual_model_control/share/ustb_doggo_virtual_model_control/hook/cmake_prefix_path.dsv'
[30.592s] INFO:colcon.colcon_core.shell:Creating environment hook '/home/oakfox/srtp/ros2_ws/install/ustb_doggo_virtual_model_control/share/ustb_doggo_virtual_model_control/hook/cmake_prefix_path.sh'
[30.592s] Level 1:colcon.colcon_core.environment:checking '/home/oakfox/srtp/ros2_ws/install/ustb_doggo_virtual_model_control/lib'
[30.592s] Level 1:colcon.colcon_core.environment:checking '/home/oakfox/srtp/ros2_ws/install/ustb_doggo_virtual_model_control/bin'
[30.593s] Level 1:colcon.colcon_core.environment:checking '/home/oakfox/srtp/ros2_ws/install/ustb_doggo_virtual_model_control/lib/pkgconfig/ustb_doggo_virtual_model_control.pc'
[30.593s] Level 1:colcon.colcon_core.environment:checking '/home/oakfox/srtp/ros2_ws/install/ustb_doggo_virtual_model_control/lib/python3.10/site-packages'
[30.593s] Level 1:colcon.colcon_core.environment:checking '/home/oakfox/srtp/ros2_ws/install/ustb_doggo_virtual_model_control/bin'
[30.594s] INFO:colcon.colcon_core.shell:Creating package script '/home/oakfox/srtp/ros2_ws/install/ustb_doggo_virtual_model_control/share/ustb_doggo_virtual_model_control/package.ps1'
[30.594s] INFO:colcon.colcon_core.shell:Creating package descriptor '/home/oakfox/srtp/ros2_ws/install/ustb_doggo_virtual_model_control/share/ustb_doggo_virtual_model_control/package.dsv'
[30.595s] INFO:colcon.colcon_core.shell:Creating package script '/home/oakfox/srtp/ros2_ws/install/ustb_doggo_virtual_model_control/share/ustb_doggo_virtual_model_control/package.sh'
[30.595s] INFO:colcon.colcon_core.shell:Creating package script '/home/oakfox/srtp/ros2_ws/install/ustb_doggo_virtual_model_control/share/ustb_doggo_virtual_model_control/package.bash'
[30.596s] INFO:colcon.colcon_core.shell:Creating package script '/home/oakfox/srtp/ros2_ws/install/ustb_doggo_virtual_model_control/share/ustb_doggo_virtual_model_control/package.zsh'
[30.596s] Level 1:colcon.colcon_core.environment:create_file_with_runtime_dependencies(/home/oakfox/srtp/ros2_ws/install/ustb_doggo_virtual_model_control/share/colcon-core/packages/ustb_doggo_virtual_model_control)
[47.978s] DEBUG:colcon.colcon_core.event_handler.log_command:Invoked command in '/home/oakfox/srtp/ros2_ws/build/ustb_doggo_impedance_controller' returned '0': CMAKE_PREFIX_PATH=${CMAKE_PREFIX_PATH}:/opt/ros/humble /usr/bin/cmake --build /home/oakfox/srtp/ros2_ws/build/ustb_doggo_impedance_controller -- -j16 -l16
[47.979s] DEBUG:colcon.colcon_core.event_handler.log_command:Invoking command in '/home/oakfox/srtp/ros2_ws/build/ustb_doggo_impedance_controller': CMAKE_PREFIX_PATH=${CMAKE_PREFIX_PATH}:/opt/ros/humble /usr/bin/cmake --install /home/oakfox/srtp/ros2_ws/build/ustb_doggo_impedance_controller
[48.012s] Level 1:colcon.colcon_core.environment:create_environment_scripts_only(ustb_doggo_impedance_controller)
[48.013s] Level 1:colcon.colcon_core.environment:checking '/home/oakfox/srtp/ros2_ws/install/ustb_doggo_impedance_controller' for CMake module files
[48.013s] DEBUG:colcon.colcon_core.event_handler.log_command:Invoked command in '/home/oakfox/srtp/ros2_ws/build/ustb_doggo_impedance_controller' returned '0': CMAKE_PREFIX_PATH=${CMAKE_PREFIX_PATH}:/opt/ros/humble /usr/bin/cmake --install /home/oakfox/srtp/ros2_ws/build/ustb_doggo_impedance_controller
[48.014s] Level 1:colcon.colcon_core.environment:checking '/home/oakfox/srtp/ros2_ws/install/ustb_doggo_impedance_controller' for CMake config files
[48.014s] Level 1:colcon.colcon_core.shell:create_environment_hook('ustb_doggo_impedance_controller', 'cmake_prefix_path')
[48.015s] INFO:colcon.colcon_core.shell:Creating environment hook '/home/oakfox/srtp/ros2_ws/install/ustb_doggo_impedance_controller/share/ustb_doggo_impedance_controller/hook/cmake_prefix_path.ps1'
[48.016s] INFO:colcon.colcon_core.shell:Creating environment descriptor '/home/oakfox/srtp/ros2_ws/install/ustb_doggo_impedance_controller/share/ustb_doggo_impedance_controller/hook/cmake_prefix_path.dsv'
[48.016s] INFO:colcon.colcon_core.shell:Creating environment hook '/home/oakfox/srtp/ros2_ws/install/ustb_doggo_impedance_controller/share/ustb_doggo_impedance_controller/hook/cmake_prefix_path.sh'
[48.016s] Level 1:colcon.colcon_core.environment:checking '/home/oakfox/srtp/ros2_ws/install/ustb_doggo_impedance_controller/lib'
[48.017s] Level 1:colcon.colcon_core.environment:checking '/home/oakfox/srtp/ros2_ws/install/ustb_doggo_impedance_controller/bin'
[48.017s] Level 1:colcon.colcon_core.environment:checking '/home/oakfox/srtp/ros2_ws/install/ustb_doggo_impedance_controller/lib/pkgconfig/ustb_doggo_impedance_controller.pc'
[48.017s] Level 1:colcon.colcon_core.environment:checking '/home/oakfox/srtp/ros2_ws/install/ustb_doggo_impedance_controller/lib/python3.10/site-packages'
[48.017s] Level 1:colcon.colcon_core.environment:checking '/home/oakfox/srtp/ros2_ws/install/ustb_doggo_impedance_controller/bin'
[48.017s] INFO:colcon.colcon_core.shell:Creating package script '/home/oakfox/srtp/ros2_ws/install/ustb_doggo_impedance_controller/share/ustb_doggo_impedance_controller/package.ps1'
[48.018s] INFO:colcon.colcon_core.shell:Creating package descriptor '/home/oakfox/srtp/ros2_ws/install/ustb_doggo_impedance_controller/share/ustb_doggo_impedance_controller/package.dsv'
[48.018s] INFO:colcon.colcon_core.shell:Creating package script '/home/oakfox/srtp/ros2_ws/install/ustb_doggo_impedance_controller/share/ustb_doggo_impedance_controller/package.sh'
[48.019s] INFO:colcon.colcon_core.shell:Creating package script '/home/oakfox/srtp/ros2_ws/install/ustb_doggo_impedance_controller/share/ustb_doggo_impedance_controller/package.bash'
[48.019s] INFO:colcon.colcon_core.shell:Creating package script '/home/oakfox/srtp/ros2_ws/install/ustb_doggo_impedance_controller/share/ustb_doggo_impedance_controller/package.zsh'
[48.019s] Level 1:colcon.colcon_core.environment:create_file_with_runtime_dependencies(/home/oakfox/srtp/ros2_ws/install/ustb_doggo_impedance_controller/share/colcon-core/packages/ustb_doggo_impedance_controller)
[48.020s] Level 1:colcon.colcon_core.environment:create_environment_scripts_only(ustb_doggo_impedance_controller)
[48.020s] Level 1:colcon.colcon_core.environment:checking '/home/oakfox/srtp/ros2_ws/install/ustb_doggo_impedance_controller' for CMake module files
[48.020s] Level 1:colcon.colcon_core.environment:checking '/home/oakfox/srtp/ros2_ws/install/ustb_doggo_impedance_controller' for CMake config files
[48.021s] Level 1:colcon.colcon_core.shell:create_environment_hook('ustb_doggo_impedance_controller', 'cmake_prefix_path')
[48.021s] INFO:colcon.colcon_core.shell:Creating environment hook '/home/oakfox/srtp/ros2_ws/install/ustb_doggo_impedance_controller/share/ustb_doggo_impedance_controller/hook/cmake_prefix_path.ps1'
[48.021s] INFO:colcon.colcon_core.shell:Creating environment descriptor '/home/oakfox/srtp/ros2_ws/install/ustb_doggo_impedance_controller/share/ustb_doggo_impedance_controller/hook/cmake_prefix_path.dsv'
[48.021s] INFO:colcon.colcon_core.shell:Creating environment hook '/home/oakfox/srtp/ros2_ws/install/ustb_doggo_impedance_controller/share/ustb_doggo_impedance_controller/hook/cmake_prefix_path.sh'
[48.022s] Level 1:colcon.colcon_core.environment:checking '/home/oakfox/srtp/ros2_ws/install/ustb_doggo_impedance_controller/lib'
[48.022s] Level 1:colcon.colcon_core.environment:checking '/home/oakfox/srtp/ros2_ws/install/ustb_doggo_impedance_controller/bin'
[48.022s] Level 1:colcon.colcon_core.environment:checking '/home/oakfox/srtp/ros2_ws/install/ustb_doggo_impedance_controller/lib/pkgconfig/ustb_doggo_impedance_controller.pc'
[48.022s] Level 1:colcon.colcon_core.environment:checking '/home/oakfox/srtp/ros2_ws/install/ustb_doggo_impedance_controller/lib/python3.10/site-packages'
[48.022s] Level 1:colcon.colcon_core.environment:checking '/home/oakfox/srtp/ros2_ws/install/ustb_doggo_impedance_controller/bin'
[48.023s] INFO:colcon.colcon_core.shell:Creating package script '/home/oakfox/srtp/ros2_ws/install/ustb_doggo_impedance_controller/share/ustb_doggo_impedance_controller/package.ps1'
[48.023s] INFO:colcon.colcon_core.shell:Creating package descriptor '/home/oakfox/srtp/ros2_ws/install/ustb_doggo_impedance_controller/share/ustb_doggo_impedance_controller/package.dsv'
[48.024s] INFO:colcon.colcon_core.shell:Creating package script '/home/oakfox/srtp/ros2_ws/install/ustb_doggo_impedance_controller/share/ustb_doggo_impedance_controller/package.sh'
[48.024s] INFO:colcon.colcon_core.shell:Creating package script '/home/oakfox/srtp/ros2_ws/install/ustb_doggo_impedance_controller/share/ustb_doggo_impedance_controller/package.bash'
[48.024s] INFO:colcon.colcon_core.shell:Creating package script '/home/oakfox/srtp/ros2_ws/install/ustb_doggo_impedance_controller/share/ustb_doggo_impedance_controller/package.zsh'
[48.025s] Level 1:colcon.colcon_core.environment:create_file_with_runtime_dependencies(/home/oakfox/srtp/ros2_ws/install/ustb_doggo_impedance_controller/share/colcon-core/packages/ustb_doggo_impedance_controller)
[48.025s] DEBUG:colcon.colcon_parallel_executor.executor.parallel:closing loop
[48.026s] DEBUG:colcon.colcon_parallel_executor.executor.parallel:loop closed
[48.026s] DEBUG:colcon.colcon_parallel_executor.executor.parallel:run_until_complete finished with '0'
[48.026s] DEBUG:colcon.colcon_core.event_reactor:joining thread
[48.031s] INFO:colcon.colcon_core.plugin_system:Skipping extension 'colcon_notification.desktop_notification.terminal_notifier': Not used on non-Darwin systems
[48.031s] INFO:colcon.colcon_core.plugin_system:Skipping extension 'colcon_notification.desktop_notification.win32': Not used on non-Windows systems
[48.032s] INFO:colcon.colcon_notification.desktop_notification:Sending desktop notification using 'notify2'
[48.044s] DEBUG:colcon.colcon_core.event_reactor:joined thread
[48.045s] INFO:colcon.colcon_core.shell:Creating prefix script '/home/oakfox/srtp/ros2_ws/install/local_setup.ps1'
[48.046s] INFO:colcon.colcon_core.shell:Creating prefix util module '/home/oakfox/srtp/ros2_ws/install/_local_setup_util_ps1.py'
[48.047s] INFO:colcon.colcon_core.shell:Creating prefix chain script '/home/oakfox/srtp/ros2_ws/install/setup.ps1'
[48.048s] INFO:colcon.colcon_core.shell:Creating prefix script '/home/oakfox/srtp/ros2_ws/install/local_setup.sh'
[48.049s] INFO:colcon.colcon_core.shell:Creating prefix util module '/home/oakfox/srtp/ros2_ws/install/_local_setup_util_sh.py'
[48.049s] INFO:colcon.colcon_core.shell:Creating prefix chain script '/home/oakfox/srtp/ros2_ws/install/setup.sh'
[48.051s] INFO:colcon.colcon_core.shell:Creating prefix script '/home/oakfox/srtp/ros2_ws/install/local_setup.bash'
[48.051s] INFO:colcon.colcon_core.shell:Creating prefix chain script '/home/oakfox/srtp/ros2_ws/install/setup.bash'
[48.052s] INFO:colcon.colcon_core.shell:Creating prefix script '/home/oakfox/srtp/ros2_ws/install/local_setup.zsh'
[48.053s] INFO:colcon.colcon_core.shell:Creating prefix chain script '/home/oakfox/srtp/ros2_ws/install/setup.zsh'
