[01m[K/home/oakfox/srtp/ros2_ws/src/ustb_doggo_virtual_model_control/src/trot_gait_generator.cpp:[m[K In member function ‘[01m[Kvoid TrotGaitGenerator::timer_callback()[m[K’:
[01m[K/home/oakfox/srtp/ros2_ws/src/ustb_doggo_virtual_model_control/src/trot_gait_generator.cpp:52:22:[m[K [01;31m[Kerror: [m[Krequest for member ‘[01m[Kresize[m[K’ in ‘[01m[Kphase_type_.std_msgs::msg::UInt64_<std::allocator<void> >::data[m[K’, which is of non-class type ‘[01m[Kstd_msgs::msg::UInt64_<std::allocator<void> >::_data_type[m[K’ {aka ‘[01m[Klong unsigned int[m[K’}
   52 |     phase_type_.data.[01;31m[Kresize[m[K(4, 1);
      |                      [01;31m[K^~~~~~[m[K
[01m[K/home/oakfox/srtp/ros2_ws/src/ustb_doggo_virtual_model_control/src/trot_gait_generator.cpp:77:20:[m[K [01;31m[Kerror: [m[Kbase operand of ‘[01m[K->[m[K’ has non-pointer type ‘[01m[Kstd_msgs::msg::UInt64[m[K’ {aka ‘[01m[Kstd_msgs::msg::UInt64_<std::allocator<void> >[m[K’}
   77 |         phase_type_[01;31m[K->[m[Kdata[leg] = 0;
      |                    [01;31m[K^~[m[K
[01m[K/home/oakfox/srtp/ros2_ws/src/ustb_doggo_virtual_model_control/src/trot_gait_generator.cpp:86:20:[m[K [01;31m[Kerror: [m[Kbase operand of ‘[01m[K->[m[K’ has non-pointer type ‘[01m[Kstd_msgs::msg::UInt64[m[K’ {aka ‘[01m[Kstd_msgs::msg::UInt64_<std::allocator<void> >[m[K’}
   86 |         phase_type_[01;31m[K->[m[Kdata[leg] = 1;
      |                    [01;31m[K^~[m[K
[01m[K/home/oakfox/srtp/ros2_ws/src/ustb_doggo_virtual_model_control/src/virtual_model_control.cpp:283:49:[m[K [01;31m[Kerror: [m[K‘[01m[KUInt64[m[K’ in namespace ‘[01m[Kstd_msgs::msg[m[K’ does not name a type
  283 |     void phaseTypeCallback(const std_msgs::msg::[01;31m[KUInt64[m[K::SharedPtr msg)
      |                                                 [01;31m[K^~~~~~[m[K
[01m[K/home/oakfox/srtp/ros2_ws/src/ustb_doggo_virtual_model_control/src/virtual_model_control.cpp:283:67:[m[K [01;31m[Kerror: [m[Kexpected unqualified-id before ‘[01m[Kmsg[m[K’
  283 |     void phaseTypeCallback(const std_msgs::msg::UInt64::SharedPtr [01;31m[Kmsg[m[K)
      |                                                                   [01;31m[K^~~[m[K
[01m[K/home/oakfox/srtp/ros2_ws/src/ustb_doggo_virtual_model_control/src/virtual_model_control.cpp:283:66:[m[K [01;31m[Kerror: [m[Kexpected ‘[01m[K)[m[K’ before ‘[01m[Kmsg[m[K’
  283 |     void phaseTypeCallback[34m[K([m[Kconst std_msgs::msg::UInt64::SharedPtr[01;31m[K [m[K[32m[Kmsg[m[K)
      |                           [34m[K~[m[K                                      [01;31m[K^[m[K[32m[K~~~[m[K
      |                                                                  [32m[K)[m[K
[01m[K/home/oakfox/srtp/ros2_ws/src/ustb_doggo_virtual_model_control/src/virtual_model_control.cpp:283:57:[m[K [01;31m[Kerror: [m[Kexpected ‘[01m[K;[m[K’ at end of member declaration
  283 |     void phaseTypeCallback(const std_msgs::msg::UInt64::[01;31m[KSharedPtr[m[K msg)
      |                                                         [01;31m[K^~~~~~~~~[m[K
      |                                                                  [32m[K;[m[K
[01m[K/home/oakfox/srtp/ros2_ws/src/ustb_doggo_virtual_model_control/src/virtual_model_control.cpp:283:67:[m[K [01;31m[Kerror: [m[K‘[01m[Kmsg[m[K’ does not name a type
  283 |     void phaseTypeCallback(const std_msgs::msg::UInt64::SharedPtr [01;31m[Kmsg[m[K)
      |                                                                   [01;31m[K^~~[m[K
[01m[K/home/oakfox/srtp/ros2_ws/src/ustb_doggo_virtual_model_control/src/virtual_model_control.cpp:303:41:[m[K [01;31m[Kerror: [m[K‘[01m[KUInt64[m[K’ is not a member of ‘[01m[Kstd_msgs::msg[m[K’
  303 |     rclcpp::Subscription<std_msgs::msg::[01;31m[KUInt64[m[K>::SharedPtr phase_type_pub_;
      |                                         [01;31m[K^~~~~~[m[K
[01m[K/home/oakfox/srtp/ros2_ws/src/ustb_doggo_virtual_model_control/src/virtual_model_control.cpp:303:47:[m[K [01;31m[Kerror: [m[Ktemplate argument 1 is invalid
  303 |     rclcpp::Subscription<std_msgs::msg::UInt64[01;31m[K>[m[K::SharedPtr phase_type_pub_;
      |                                               [01;31m[K^[m[K
[01m[K/home/oakfox/srtp/ros2_ws/src/ustb_doggo_virtual_model_control/src/virtual_model_control.cpp:303:47:[m[K [01;31m[Kerror: [m[Ktemplate argument 3 is invalid
[01m[K/home/oakfox/srtp/ros2_ws/src/ustb_doggo_virtual_model_control/src/virtual_model_control.cpp:303:47:[m[K [01;31m[Kerror: [m[Ktemplate argument 4 is invalid
[01m[K/home/oakfox/srtp/ros2_ws/src/ustb_doggo_virtual_model_control/src/virtual_model_control.cpp:303:47:[m[K [01;31m[Kerror: [m[Ktemplate argument 5 is invalid
[01m[K/home/oakfox/srtp/ros2_ws/src/ustb_doggo_virtual_model_control/src/virtual_model_control.cpp:303:50:[m[K [01;31m[Kerror: [m[Kexpected ‘[01m[K;[m[K’ at end of member declaration
  303 |     rclcpp::Subscription<std_msgs::msg::UInt64>::[01;31m[KSharedPtr[m[K phase_type_pub_;
      |                                                  [01;31m[K^~~~~~~~~[m[K
      |                                                           [32m[K;[m[K
[01m[K/home/oakfox/srtp/ros2_ws/src/ustb_doggo_virtual_model_control/src/virtual_model_control.cpp:303:60:[m[K [01;31m[Kerror: [m[K‘[01m[Kphase_type_pub_[m[K’ does not name a type
  303 |     rclcpp::Subscription<std_msgs::msg::UInt64>::SharedPtr [01;31m[Kphase_type_pub_[m[K;
      |                                                            [01;31m[K^~~~~~~~~~~~~~~[m[K
[01m[K/home/oakfox/srtp/ros2_ws/src/ustb_doggo_virtual_model_control/src/virtual_model_control.cpp:[m[K In constructor ‘[01m[KVirtualModelControl::VirtualModelControl()[m[K’:
[01m[K/home/oakfox/srtp/ros2_ws/src/ustb_doggo_virtual_model_control/src/virtual_model_control.cpp:29:9:[m[K [01;31m[Kerror: [m[K‘[01m[Kphase_type_pub_[m[K’ was not declared in this scope
   29 |         [01;31m[Kphase_type_pub_[m[K = this->create_subscription<std_msgs::msg::UInt64>(
      |         [01;31m[K^~~~~~~~~~~~~~~[m[K
[01m[K/home/oakfox/srtp/ros2_ws/src/ustb_doggo_virtual_model_control/src/virtual_model_control.cpp:29:68:[m[K [01;31m[Kerror: [m[K‘[01m[KUInt64[m[K’ is not a member of ‘[01m[Kstd_msgs::msg[m[K’
   29 |         phase_type_pub_ = this->create_subscription<std_msgs::msg::[01;31m[KUInt64[m[K>(
      |                                                                    [01;31m[K^~~~~~[m[K
[01m[K/home/oakfox/srtp/ros2_ws/src/ustb_doggo_virtual_model_control/src/virtual_model_control.cpp:29:75:[m[K [01;31m[Kerror: [m[Kno matching function for call to ‘[01m[KVirtualModelControl::create_subscription<<expression error> >(const char [12], int, std::_Bind_helper<false, void (VirtualModelControl::*)(...), VirtualModelControl*, const std::_Placeholder<1>&>::type)[m[K’
   29 |         phase_type_pub_ = [01;31m[Kthis->create_subscription<std_msgs::msg::UInt64>([m[K
      |                           [01;31m[K~~~~~~~~~~~~~~~~~~~~~~~~~~~~~~~~~~~~~~~~~~~~~~~~^[m[K
   30 | [01;31m[K            "/phase_type", 10,[m[K
      |             [01;31m[K~~~~~~~~~~~~~~~~~~[m[K                                             
   31 | [01;31m[K            std::bind(&VirtualModelControl::phaseTypeCallback, this, std::placeholders::_1))[m[K;
      |             [01;31m[K~~~~~~~~~~~~~~~~~~~~~~~~~~~~~~~~~~~~~~~~~~~~~~~~~~~~~~~~~~~~~~~~~~~~~~~~~~~~~~~~[m[K
In file included from [01m[K/opt/ros/humble/include/rclcpp/rclcpp/node.hpp:1321[m[K,
                 from [01m[K/opt/ros/humble/include/rclcpp/rclcpp/executors/single_threaded_executor.hpp:28[m[K,
                 from [01m[K/opt/ros/humble/include/rclcpp/rclcpp/executors.hpp:22[m[K,
                 from [01m[K/opt/ros/humble/include/rclcpp/rclcpp/rclcpp.hpp:155[m[K,
                 from [01m[K/home/oakfox/srtp/ros2_ws/src/ustb_doggo_virtual_model_control/src/virtual_model_control.cpp:1[m[K:
[01m[K/opt/ros/humble/include/rclcpp/rclcpp/node_impl.hpp:92:1:[m[K [01;36m[Knote: [m[Kcandidate: ‘[01m[Ktemplate<class MessageT, class CallbackT, class AllocatorT, class SubscriptionT, class MessageMemoryStrategyT> std::shared_ptr<ROSMessageT> rclcpp::Node::create_subscription(const string&, const rclcpp::QoS&, CallbackT&&, const rclcpp::SubscriptionOptionsWithAllocator<AllocatorT>&, typename MessageMemoryStrategyT::SharedPtr)[m[K’
   92 | [01;36m[KNode[m[K::create_subscription(
      | [01;36m[K^~~~[m[K
[01m[K/opt/ros/humble/include/rclcpp/rclcpp/node_impl.hpp:92:1:[m[K [01;36m[Knote: [m[K  template argument deduction/substitution failed:
[01m[K/home/oakfox/srtp/ros2_ws/src/ustb_doggo_virtual_model_control/src/virtual_model_control.cpp:29:75:[m[K [01;31m[Kerror: [m[Ktemplate argument 1 is invalid
   29 |         phase_type_pub_ = [01;31m[Kthis->create_subscription<std_msgs::msg::UInt64>([m[K
      |                           [01;31m[K~~~~~~~~~~~~~~~~~~~~~~~~~~~~~~~~~~~~~~~~~~~~~~~~^[m[K
   30 | [01;31m[K            "/phase_type", 10,[m[K
      |             [01;31m[K~~~~~~~~~~~~~~~~~~[m[K                                             
   31 | [01;31m[K            std::bind(&VirtualModelControl::phaseTypeCallback, this, std::placeholders::_1))[m[K;
      |             [01;31m[K~~~~~~~~~~~~~~~~~~~~~~~~~~~~~~~~~~~~~~~~~~~~~~~~~~~~~~~~~~~~~~~~~~~~~~~~~~~~~~~~[m[K
[01m[K/home/oakfox/srtp/ros2_ws/src/ustb_doggo_virtual_model_control/src/virtual_model_control.cpp:[m[K In member function ‘[01m[Kvoid VirtualModelControl::odomCallback(nav_msgs::msg::Odometry_<std::allocator<void> >::SharedPtr)[m[K’:
[01m[K/home/oakfox/srtp/ros2_ws/src/ustb_doggo_virtual_model_control/src/virtual_model_control.cpp:126:64:[m[K [01;35m[Kwarning: [m[Kunused parameter ‘[01m[Kmsg[m[K’ [[01;35m[K]8;;https://gcc.gnu.org/onlinedocs/gcc/Warning-Options.html#index-Wunused-parameter-Wunused-parameter]8;;[m[K]
  126 |     void odomCallback([01;35m[Kconst nav_msgs::msg::Odometry::SharedPtr msg[m[K)
      |                       [01;35m[K~~~~~~~~~~~~~~~~~~~~~~~~~~~~~~~~~~~~~~~~~^~~[m[K
[01m[K/home/oakfox/srtp/ros2_ws/src/ustb_doggo_virtual_model_control/src/virtual_model_control.cpp:[m[K In member function ‘[01m[Kvoid VirtualModelControl::jointCallback(sensor_msgs::msg::JointState_<std::allocator<void> >::SharedPtr)[m[K’:
[01m[K/home/oakfox/srtp/ros2_ws/src/ustb_doggo_virtual_model_control/src/virtual_model_control.cpp:217:23:[m[K [01;31m[Kerror: [m[Kno match for ‘[01m[Koperator==[m[K’ (operand types are ‘[01m[Kstd::vector<long unsigned int>[m[K’ and ‘[01m[Kint[m[K’)
  217 |             if([32m[Kstance[m[K [01;31m[K==[m[K [34m[K1[m[K)//判断是否支撑相
      |                [32m[K~~~~~~[m[K [01;31m[K^~[m[K [34m[K~[m[K
      |                [32m[K|[m[K         [34m[K|[m[K
      |                [32m[K|[m[K         [34m[Kint[m[K
      |                [32m[Kstd::vector<long unsigned int>[m[K
In file included from [01m[K/usr/include/c++/11/bits/stl_algobase.h:67[m[K,
                 from [01m[K/usr/include/c++/11/memory:63[m[K,
                 from [01m[K/opt/ros/humble/include/rclcpp/rclcpp/rclcpp.hpp:153[m[K,
                 from [01m[K/home/oakfox/srtp/ros2_ws/src/ustb_doggo_virtual_model_control/src/virtual_model_control.cpp:1[m[K:
[01m[K/usr/include/c++/11/bits/stl_iterator.h:1155:5:[m[K [01;36m[Knote: [m[Kcandidate: ‘[01m[Ktemplate<class _IteratorL, class _IteratorR, class _Container> bool __gnu_cxx::operator==(const __gnu_cxx::__normal_iterator<_IteratorL, _Container>&, const __gnu_cxx::__normal_iterator<_IteratorR, _Container>&)[m[K’
 1155 |     [01;36m[Koperator[m[K==(const __normal_iterator<_IteratorL, _Container>& __lhs,
      |     [01;36m[K^~~~~~~~[m[K
[01m[K/usr/include/c++/11/bits/stl_iterator.h:1155:5:[m[K [01;36m[Knote: [m[K  template argument deduction/substitution failed:
[01m[K/home/oakfox/srtp/ros2_ws/src/ustb_doggo_virtual_model_control/src/virtual_model_control.cpp:217:26:[m[K [01;36m[Knote: [m[K  ‘[01m[Kstd::vector<long unsigned int>[m[K’ is not derived from ‘[01m[Kconst __gnu_cxx::__normal_iterator<_IteratorL, _Container>[m[K’
  217 |             if(stance == [01;36m[K1[m[K)//判断是否支撑相
      |                          [01;36m[K^[m[K
In file included from [01m[K/usr/include/c++/11/bits/stl_algobase.h:67[m[K,
                 from [01m[K/usr/include/c++/11/memory:63[m[K,
                 from [01m[K/opt/ros/humble/include/rclcpp/rclcpp/rclcpp.hpp:153[m[K,
                 from [01m[K/home/oakfox/srtp/ros2_ws/src/ustb_doggo_virtual_model_control/src/virtual_model_control.cpp:1[m[K:
[01m[K/usr/include/c++/11/bits/stl_iterator.h:1163:5:[m[K [01;36m[Knote: [m[Kcandidate: ‘[01m[Ktemplate<class _Iterator, class _Container> bool __gnu_cxx::operator==(const __gnu_cxx::__normal_iterator<_Iterator, _Container>&, const __gnu_cxx::__normal_iterator<_Iterator, _Container>&)[m[K’
 1163 |     [01;36m[Koperator[m[K==(const __normal_iterator<_Iterator, _Container>& __lhs,
      |     [01;36m[K^~~~~~~~[m[K
[01m[K/usr/include/c++/11/bits/stl_iterator.h:1163:5:[m[K [01;36m[Knote: [m[K  template argument deduction/substitution failed:
[01m[K/home/oakfox/srtp/ros2_ws/src/ustb_doggo_virtual_model_control/src/virtual_model_control.cpp:217:26:[m[K [01;36m[Knote: [m[K  ‘[01m[Kstd::vector<long unsigned int>[m[K’ is not derived from ‘[01m[Kconst __gnu_cxx::__normal_iterator<_Iterator, _Container>[m[K’
  217 |             if(stance == [01;36m[K1[m[K)//判断是否支撑相
      |                          [01;36m[K^[m[K
In file included from [01m[K/usr/include/x86_64-linux-gnu/c++/11/bits/c++allocator.h:33[m[K,
                 from [01m[K/usr/include/c++/11/bits/allocator.h:46[m[K,
                 from [01m[K/usr/include/c++/11/memory:64[m[K,
                 from [01m[K/opt/ros/humble/include/rclcpp/rclcpp/rclcpp.hpp:153[m[K,
                 from [01m[K/home/oakfox/srtp/ros2_ws/src/ustb_doggo_virtual_model_control/src/virtual_model_control.cpp:1[m[K:
[01m[K/usr/include/c++/11/ext/new_allocator.h:183:9:[m[K [01;36m[Knote: [m[Kcandidate: ‘[01m[Ktemplate<class _Up> bool __gnu_cxx::operator==(const __gnu_cxx::new_allocator<long unsigned int>&, const __gnu_cxx::new_allocator<_Tp>&)[m[K’
  183 |         [01;36m[Koperator[m[K==(const new_allocator&, const new_allocator<_Up>&)
      |         [01;36m[K^~~~~~~~[m[K
[01m[K/usr/include/c++/11/ext/new_allocator.h:183:9:[m[K [01;36m[Knote: [m[K  template argument deduction/substitution failed:
[01m[K/home/oakfox/srtp/ros2_ws/src/ustb_doggo_virtual_model_control/src/virtual_model_control.cpp:217:26:[m[K [01;36m[Knote: [m[K  mismatched types ‘[01m[Kconst __gnu_cxx::new_allocator<_Tp>[m[K’ and ‘[01m[Kint[m[K’
  217 |             if(stance == [01;36m[K1[m[K)//判断是否支撑相
      |                          [01;36m[K^[m[K
In file included from [01m[K/usr/include/c++/11/bits/stl_algobase.h:64[m[K,
                 from [01m[K/usr/include/c++/11/memory:63[m[K,
                 from [01m[K/opt/ros/humble/include/rclcpp/rclcpp/rclcpp.hpp:153[m[K,
                 from [01m[K/home/oakfox/srtp/ros2_ws/src/ustb_doggo_virtual_model_control/src/virtual_model_control.cpp:1[m[K:
[01m[K/usr/include/c++/11/bits/stl_pair.h:466:5:[m[K [01;36m[Knote: [m[Kcandidate: ‘[01m[Ktemplate<class _T1, class _T2> constexpr bool std::operator==(const std::pair<_T1, _T2>&, const std::pair<_T1, _T2>&)[m[K’
  466 |     [01;36m[Koperator[m[K==(const pair<_T1, _T2>& __x, const pair<_T1, _T2>& __y)
      |     [01;36m[K^~~~~~~~[m[K
[01m[K/usr/include/c++/11/bits/stl_pair.h:466:5:[m[K [01;36m[Knote: [m[K  template argument deduction/substitution failed:
[01m[K/home/oakfox/srtp/ros2_ws/src/ustb_doggo_virtual_model_control/src/virtual_model_control.cpp:217:26:[m[K [01;36m[Knote: [m[K  ‘[01m[Kstd::vector<long unsigned int>[m[K’ is not derived from ‘[01m[Kconst std::pair<_T1, _T2>[m[K’
  217 |             if(stance == [01;36m[K1[m[K)//判断是否支撑相
      |                          [01;36m[K^[m[K
In file included from [01m[K/usr/include/c++/11/bits/stl_algobase.h:67[m[K,
                 from [01m[K/usr/include/c++/11/memory:63[m[K,
                 from [01m[K/opt/ros/humble/include/rclcpp/rclcpp/rclcpp.hpp:153[m[K,
                 from [01m[K/home/oakfox/srtp/ros2_ws/src/ustb_doggo_virtual_model_control/src/virtual_model_control.cpp:1[m[K:
[01m[K/usr/include/c++/11/bits/stl_iterator.h:420:5:[m[K [01;36m[Knote: [m[Kcandidate: ‘[01m[Ktemplate<class _Iterator> constexpr bool std::operator==(const std::reverse_iterator<_Iterator>&, const std::reverse_iterator<_Iterator>&)[m[K’
  420 |     [01;36m[Koperator[m[K==(const reverse_iterator<_Iterator>& __x,
      |     [01;36m[K^~~~~~~~[m[K
[01m[K/usr/include/c++/11/bits/stl_iterator.h:420:5:[m[K [01;36m[Knote: [m[K  template argument deduction/substitution failed:
[01m[K/home/oakfox/srtp/ros2_ws/src/ustb_doggo_virtual_model_control/src/virtual_model_control.cpp:217:26:[m[K [01;36m[Knote: [m[K  ‘[01m[Kstd::vector<long unsigned int>[m[K’ is not derived from ‘[01m[Kconst std::reverse_iterator<_Iterator>[m[K’
  217 |             if(stance == [01;36m[K1[m[K)//判断是否支撑相
      |                          [01;36m[K^[m[K
In file included from [01m[K/usr/include/c++/11/bits/stl_algobase.h:67[m[K,
                 from [01m[K/usr/include/c++/11/memory:63[m[K,
                 from [01m[K/opt/ros/humble/include/rclcpp/rclcpp/rclcpp.hpp:153[m[K,
                 from [01m[K/home/oakfox/srtp/ros2_ws/src/ustb_doggo_virtual_model_control/src/virtual_model_control.cpp:1[m[K:
[01m[K/usr/include/c++/11/bits/stl_iterator.h:459:5:[m[K [01;36m[Knote: [m[Kcandidate: ‘[01m[Ktemplate<class _IteratorL, class _IteratorR> constexpr bool std::operator==(const std::reverse_iterator<_Iterator>&, const std::reverse_iterator<_IteratorR>&)[m[K’
  459 |     [01;36m[Koperator[m[K==(const reverse_iterator<_IteratorL>& __x,
      |     [01;36m[K^~~~~~~~[m[K
[01m[K/usr/include/c++/11/bits/stl_iterator.h:459:5:[m[K [01;36m[Knote: [m[K  template argument deduction/substitution failed:
[01m[K/home/oakfox/srtp/ros2_ws/src/ustb_doggo_virtual_model_control/src/virtual_model_control.cpp:217:26:[m[K [01;36m[Knote: [m[K  ‘[01m[Kstd::vector<long unsigned int>[m[K’ is not derived from ‘[01m[Kconst std::reverse_iterator<_Iterator>[m[K’
  217 |             if(stance == [01;36m[K1[m[K)//判断是否支撑相
      |                          [01;36m[K^[m[K
In file included from [01m[K/usr/include/c++/11/bits/stl_algobase.h:67[m[K,
                 from [01m[K/usr/include/c++/11/memory:63[m[K,
                 from [01m[K/opt/ros/humble/include/rclcpp/rclcpp/rclcpp.hpp:153[m[K,
                 from [01m[K/home/oakfox/srtp/ros2_ws/src/ustb_doggo_virtual_model_control/src/virtual_model_control.cpp:1[m[K:
[01m[K/usr/include/c++/11/bits/stl_iterator.h:1585:5:[m[K [01;36m[Knote: [m[Kcandidate: ‘[01m[Ktemplate<class _IteratorL, class _IteratorR> constexpr bool std::operator==(const std::move_iterator<_IteratorL>&, const std::move_iterator<_IteratorR>&)[m[K’
 1585 |     [01;36m[Koperator[m[K==(const move_iterator<_IteratorL>& __x,
      |     [01;36m[K^~~~~~~~[m[K
[01m[K/usr/include/c++/11/bits/stl_iterator.h:1585:5:[m[K [01;36m[Knote: [m[K  template argument deduction/substitution failed:
[01m[K/home/oakfox/srtp/ros2_ws/src/ustb_doggo_virtual_model_control/src/virtual_model_control.cpp:217:26:[m[K [01;36m[Knote: [m[K  ‘[01m[Kstd::vector<long unsigned int>[m[K’ is not derived from ‘[01m[Kconst std::move_iterator<_IteratorL>[m[K’
  217 |             if(stance == [01;36m[K1[m[K)//判断是否支撑相
      |                          [01;36m[K^[m[K
In file included from [01m[K/usr/include/c++/11/bits/stl_algobase.h:67[m[K,
                 from [01m[K/usr/include/c++/11/memory:63[m[K,
                 from [01m[K/opt/ros/humble/include/rclcpp/rclcpp/rclcpp.hpp:153[m[K,
                 from [01m[K/home/oakfox/srtp/ros2_ws/src/ustb_doggo_virtual_model_control/src/virtual_model_control.cpp:1[m[K:
[01m[K/usr/include/c++/11/bits/stl_iterator.h:1648:5:[m[K [01;36m[Knote: [m[Kcandidate: ‘[01m[Ktemplate<class _Iterator> constexpr bool std::operator==(const std::move_iterator<_IteratorL>&, const std::move_iterator<_IteratorL>&)[m[K’
 1648 |     [01;36m[Koperator[m[K==(const move_iterator<_Iterator>& __x,
      |     [01;36m[K^~~~~~~~[m[K
[01m[K/usr/include/c++/11/bits/stl_iterator.h:1648:5:[m[K [01;36m[Knote: [m[K  template argument deduction/substitution failed:
[01m[K/home/oakfox/srtp/ros2_ws/src/ustb_doggo_virtual_model_control/src/virtual_model_control.cpp:217:26:[m[K [01;36m[Knote: [m[K  ‘[01m[Kstd::vector<long unsigned int>[m[K’ is not derived from ‘[01m[Kconst std::move_iterator<_IteratorL>[m[K’
  217 |             if(stance == [01;36m[K1[m[K)//判断是否支撑相
      |                          [01;36m[K^[m[K
In file included from [01m[K/usr/include/c++/11/memory:64[m[K,
                 from [01m[K/opt/ros/humble/include/rclcpp/rclcpp/rclcpp.hpp:153[m[K,
                 from [01m[K/home/oakfox/srtp/ros2_ws/src/ustb_doggo_virtual_model_control/src/virtual_model_control.cpp:1[m[K:
[01m[K/usr/include/c++/11/bits/allocator.h:218:5:[m[K [01;36m[Knote: [m[Kcandidate: ‘[01m[Ktemplate<class _T1, class _T2> bool std::operator==(const std::allocator<_Tp1>&, const std::allocator<_T2>&)[m[K’
  218 |     [01;36m[Koperator[m[K==(const allocator<_T1>&, const allocator<_T2>&)
      |     [01;36m[K^~~~~~~~[m[K
[01m[K/usr/include/c++/11/bits/allocator.h:218:5:[m[K [01;36m[Knote: [m[K  template argument deduction/substitution failed:
[01m[K/home/oakfox/srtp/ros2_ws/src/ustb_doggo_virtual_model_control/src/virtual_model_control.cpp:217:26:[m[K [01;36m[Knote: [m[K  ‘[01m[Kstd::vector<long unsigned int>[m[K’ is not derived from ‘[01m[Kconst std::allocator<_Tp1>[m[K’
  217 |             if(stance == [01;36m[K1[m[K)//判断是否支撑相
      |                          [01;36m[K^[m[K
In file included from [01m[K/usr/include/c++/11/tuple:39[m[K,
                 from [01m[K/usr/include/c++/11/bits/unique_ptr.h:37[m[K,
                 from [01m[K/usr/include/c++/11/memory:76[m[K,
                 from [01m[K/opt/ros/humble/include/rclcpp/rclcpp/rclcpp.hpp:153[m[K,
                 from [01m[K/home/oakfox/srtp/ros2_ws/src/ustb_doggo_virtual_model_control/src/virtual_model_control.cpp:1[m[K:
[01m[K/usr/include/c++/11/array:276:5:[m[K [01;36m[Knote: [m[Kcandidate: ‘[01m[Ktemplate<class _Tp, long unsigned int _Nm> bool std::operator==(const std::array<_Tp, _Nm>&, const std::array<_Tp, _Nm>&)[m[K’
  276 |     [01;36m[Koperator[m[K==(const array<_Tp, _Nm>& __one, const array<_Tp, _Nm>& __two)
      |     [01;36m[K^~~~~~~~[m[K
[01m[K/usr/include/c++/11/array:276:5:[m[K [01;36m[Knote: [m[K  template argument deduction/substitution failed:
[01m[K/home/oakfox/srtp/ros2_ws/src/ustb_doggo_virtual_model_control/src/virtual_model_control.cpp:217:26:[m[K [01;36m[Knote: [m[K  ‘[01m[Kstd::vector<long unsigned int>[m[K’ is not derived from ‘[01m[Kconst std::array<_Tp, _Nm>[m[K’
  217 |             if(stance == [01;36m[K1[m[K)//判断是否支撑相
      |                          [01;36m[K^[m[K
In file included from [01m[K/usr/include/c++/11/bits/unique_ptr.h:37[m[K,
                 from [01m[K/usr/include/c++/11/memory:76[m[K,
                 from [01m[K/opt/ros/humble/include/rclcpp/rclcpp/rclcpp.hpp:153[m[K,
                 from [01m[K/home/oakfox/srtp/ros2_ws/src/ustb_doggo_virtual_model_control/src/virtual_model_control.cpp:1[m[K:
[01m[K/usr/include/c++/11/tuple:1524:5:[m[K [01;36m[Knote: [m[Kcandidate: ‘[01m[Ktemplate<class ... _TElements, class ... _UElements> constexpr bool std::operator==(const std::tuple<_Tps ...>&, const std::tuple<_UTypes ...>&)[m[K’
 1524 |     [01;36m[Koperator[m[K==(const tuple<_TElements...>& __t,
      |     [01;36m[K^~~~~~~~[m[K
[01m[K/usr/include/c++/11/tuple:1524:5:[m[K [01;36m[Knote: [m[K  template argument deduction/substitution failed:
[01m[K/home/oakfox/srtp/ros2_ws/src/ustb_doggo_virtual_model_control/src/virtual_model_control.cpp:217:26:[m[K [01;36m[Knote: [m[K  ‘[01m[Kstd::vector<long unsigned int>[m[K’ is not derived from ‘[01m[Kconst std::tuple<_Tps ...>[m[K’
  217 |             if(stance == [01;36m[K1[m[K)//判断是否支撑相
      |                          [01;36m[K^[m[K
In file included from [01m[K/usr/include/c++/11/memory:76[m[K,
                 from [01m[K/opt/ros/humble/include/rclcpp/rclcpp/rclcpp.hpp:153[m[K,
                 from [01m[K/home/oakfox/srtp/ros2_ws/src/ustb_doggo_virtual_model_control/src/virtual_model_control.cpp:1[m[K:
[01m[K/usr/include/c++/11/bits/unique_ptr.h:753:5:[m[K [01;36m[Knote: [m[Kcandidate: ‘[01m[Ktemplate<class _Tp, class _Dp, class _Up, class _Ep> bool std::operator==(const std::unique_ptr<_Tp, _Dp>&, const std::unique_ptr<_Up, _Ep>&)[m[K’
  753 |     [01;36m[Koperator[m[K==(const unique_ptr<_Tp, _Dp>& __x,
      |     [01;36m[K^~~~~~~~[m[K
[01m[K/usr/include/c++/11/bits/unique_ptr.h:753:5:[m[K [01;36m[Knote: [m[K  template argument deduction/substitution failed:
[01m[K/home/oakfox/srtp/ros2_ws/src/ustb_doggo_virtual_model_control/src/virtual_model_control.cpp:217:26:[m[K [01;36m[Knote: [m[K  ‘[01m[Kstd::vector<long unsigned int>[m[K’ is not derived from ‘[01m[Kconst std::unique_ptr<_Tp, _Dp>[m[K’
  217 |             if(stance == [01;36m[K1[m[K)//判断是否支撑相
      |                          [01;36m[K^[m[K
In file included from [01m[K/usr/include/c++/11/memory:76[m[K,
                 from [01m[K/opt/ros/humble/include/rclcpp/rclcpp/rclcpp.hpp:153[m[K,
                 from [01m[K/home/oakfox/srtp/ros2_ws/src/ustb_doggo_virtual_model_control/src/virtual_model_control.cpp:1[m[K:
[01m[K/usr/include/c++/11/bits/unique_ptr.h:760:5:[m[K [01;36m[Knote: [m[Kcandidate: ‘[01m[Ktemplate<class _Tp, class _Dp> bool std::operator==(const std::unique_ptr<_Tp, _Dp>&, std::nullptr_t)[m[K’
  760 |     [01;36m[Koperator[m[K==(const unique_ptr<_Tp, _Dp>& __x, nullptr_t) noexcept
      |     [01;36m[K^~~~~~~~[m[K
[01m[K/usr/include/c++/11/bits/unique_ptr.h:760:5:[m[K [01;36m[Knote: [m[K  template argument deduction/substitution failed:
[01m[K/home/oakfox/srtp/ros2_ws/src/ustb_doggo_virtual_model_control/src/virtual_model_control.cpp:217:26:[m[K [01;36m[Knote: [m[K  ‘[01m[Kstd::vector<long unsigned int>[m[K’ is not derived from ‘[01m[Kconst std::unique_ptr<_Tp, _Dp>[m[K’
  217 |             if(stance == [01;36m[K1[m[K)//判断是否支撑相
      |                          [01;36m[K^[m[K
In file included from [01m[K/usr/include/c++/11/memory:76[m[K,
                 from [01m[K/opt/ros/humble/include/rclcpp/rclcpp/rclcpp.hpp:153[m[K,
                 from [01m[K/home/oakfox/srtp/ros2_ws/src/ustb_doggo_virtual_model_control/src/virtual_model_control.cpp:1[m[K:
[01m[K/usr/include/c++/11/bits/unique_ptr.h:767:5:[m[K [01;36m[Knote: [m[Kcandidate: ‘[01m[Ktemplate<class _Tp, class _Dp> bool std::operator==(std::nullptr_t, const std::unique_ptr<_Tp, _Dp>&)[m[K’
  767 |     [01;36m[Koperator[m[K==(nullptr_t, const unique_ptr<_Tp, _Dp>& __x) noexcept
      |     [01;36m[K^~~~~~~~[m[K
[01m[K/usr/include/c++/11/bits/unique_ptr.h:767:5:[m[K [01;36m[Knote: [m[K  template argument deduction/substitution failed:
[01m[K/home/oakfox/srtp/ros2_ws/src/ustb_doggo_virtual_model_control/src/virtual_model_control.cpp:217:26:[m[K [01;36m[Knote: [m[K  mismatched types ‘[01m[Kconst std::unique_ptr<_Tp, _Dp>[m[K’ and ‘[01m[Kint[m[K’
  217 |             if(stance == [01;36m[K1[m[K)//判断是否支撑相
      |                          [01;36m[K^[m[K
In file included from [01m[K/usr/include/c++/11/iosfwd:40[m[K,
                 from [01m[K/usr/include/c++/11/bits/shared_ptr.h:52[m[K,
                 from [01m[K/usr/include/c++/11/memory:77[m[K,
                 from [01m[K/opt/ros/humble/include/rclcpp/rclcpp/rclcpp.hpp:153[m[K,
                 from [01m[K/home/oakfox/srtp/ros2_ws/src/ustb_doggo_virtual_model_control/src/virtual_model_control.cpp:1[m[K:
[01m[K/usr/include/c++/11/bits/postypes.h:222:5:[m[K [01;36m[Knote: [m[Kcandidate: ‘[01m[Ktemplate<class _StateT> bool std::operator==(const std::fpos<_StateT>&, const std::fpos<_StateT>&)[m[K’
  222 |     [01;36m[Koperator[m[K==(const fpos<_StateT>& __lhs, const fpos<_StateT>& __rhs)
      |     [01;36m[K^~~~~~~~[m[K
[01m[K/usr/include/c++/11/bits/postypes.h:222:5:[m[K [01;36m[Knote: [m[K  template argument deduction/substitution failed:
[01m[K/home/oakfox/srtp/ros2_ws/src/ustb_doggo_virtual_model_control/src/virtual_model_control.cpp:217:26:[m[K [01;36m[Knote: [m[K  ‘[01m[Kstd::vector<long unsigned int>[m[K’ is not derived from ‘[01m[Kconst std::fpos<_StateT>[m[K’
  217 |             if(stance == [01;36m[K1[m[K)//判断是否支撑相
      |                          [01;36m[K^[m[K
In file included from [01m[K/usr/include/c++/11/bits/shared_ptr.h:53[m[K,
                 from [01m[K/usr/include/c++/11/memory:77[m[K,
                 from [01m[K/opt/ros/humble/include/rclcpp/rclcpp/rclcpp.hpp:153[m[K,
                 from [01m[K/home/oakfox/srtp/ros2_ws/src/ustb_doggo_virtual_model_control/src/virtual_model_control.cpp:1[m[K:
[01m[K/usr/include/c++/11/bits/shared_ptr_base.h:1410:5:[m[K [01;36m[Knote: [m[Kcandidate: ‘[01m[Ktemplate<class _Tp1, class _Tp2, __gnu_cxx::_Lock_policy _Lp> bool std::operator==(const std::__shared_ptr<_Tp1, _Lp>&, const std::__shared_ptr<_Tp2, _Lp>&)[m[K’
 1410 |     [01;36m[Koperator[m[K==(const __shared_ptr<_Tp1, _Lp>& __a,
      |     [01;36m[K^~~~~~~~[m[K
[01m[K/usr/include/c++/11/bits/shared_ptr_base.h:1410:5:[m[K [01;36m[Knote: [m[K  template argument deduction/substitution failed:
[01m[K/home/oakfox/srtp/ros2_ws/src/ustb_doggo_virtual_model_control/src/virtual_model_control.cpp:217:26:[m[K [01;36m[Knote: [m[K  ‘[01m[Kstd::vector<long unsigned int>[m[K’ is not derived from ‘[01m[Kconst std::__shared_ptr<_Tp1, _Lp>[m[K’
  217 |             if(stance == [01;36m[K1[m[K)//判断是否支撑相
      |                          [01;36m[K^[m[K
In file included from [01m[K/usr/include/c++/11/bits/shared_ptr.h:53[m[K,
                 from [01m[K/usr/include/c++/11/memory:77[m[K,
                 from [01m[K/opt/ros/humble/include/rclcpp/rclcpp/rclcpp.hpp:153[m[K,
                 from [01m[K/home/oakfox/srtp/ros2_ws/src/ustb_doggo_virtual_model_control/src/virtual_model_control.cpp:1[m[K:
[01m[K/usr/include/c++/11/bits/shared_ptr_base.h:1416:5:[m[K [01;36m[Knote: [m[Kcandidate: ‘[01m[Ktemplate<class _Tp, __gnu_cxx::_Lock_policy _Lp> bool std::operator==(const std::__shared_ptr<_Tp, _Lp>&, std::nullptr_t)[m[K’
 1416 |     [01;36m[Koperator[m[K==(const __shared_ptr<_Tp, _Lp>& __a, nullptr_t) noexcept
      |     [01;36m[K^~~~~~~~[m[K
[01m[K/usr/include/c++/11/bits/shared_ptr_base.h:1416:5:[m[K [01;36m[Knote: [m[K  template argument deduction/substitution failed:
[01m[K/home/oakfox/srtp/ros2_ws/src/ustb_doggo_virtual_model_control/src/virtual_model_control.cpp:217:26:[m[K [01;36m[Knote: [m[K  ‘[01m[Kstd::vector<long unsigned int>[m[K’ is not derived from ‘[01m[Kconst std::__shared_ptr<_Tp, _Lp>[m[K’
  217 |             if(stance == [01;36m[K1[m[K)//判断是否支撑相
      |                          [01;36m[K^[m[K
In file included from [01m[K/usr/include/c++/11/bits/shared_ptr.h:53[m[K,
                 from [01m[K/usr/include/c++/11/memory:77[m[K,
                 from [01m[K/opt/ros/humble/include/rclcpp/rclcpp/rclcpp.hpp:153[m[K,
                 from [01m[K/home/oakfox/srtp/ros2_ws/src/ustb_doggo_virtual_model_control/src/virtual_model_control.cpp:1[m[K:
[01m[K/usr/include/c++/11/bits/shared_ptr_base.h:1436:5:[m[K [01;36m[Knote: [m[Kcandidate: ‘[01m[Ktemplate<class _Tp, __gnu_cxx::_Lock_policy _Lp> bool std::operator==(std::nullptr_t, const std::__shared_ptr<_Tp, _Lp>&)[m[K’
 1436 |     [01;36m[Koperator[m[K==(nullptr_t, const __shared_ptr<_Tp, _Lp>& __a) noexcept
      |     [01;36m[K^~~~~~~~[m[K
[01m[K/usr/include/c++/11/bits/shared_ptr_base.h:1436:5:[m[K [01;36m[Knote: [m[K  template argument deduction/substitution failed:
[01m[K/home/oakfox/srtp/ros2_ws/src/ustb_doggo_virtual_model_control/src/virtual_model_control.cpp:217:26:[m[K [01;36m[Knote: [m[K  mismatched types ‘[01m[Kconst std::__shared_ptr<_Tp, _Lp>[m[K’ and ‘[01m[Kint[m[K’
  217 |             if(stance == [01;36m[K1[m[K)//判断是否支撑相
      |                          [01;36m[K^[m[K
In file included from [01m[K/usr/include/c++/11/memory:77[m[K,
                 from [01m[K/opt/ros/humble/include/rclcpp/rclcpp/rclcpp.hpp:153[m[K,
                 from [01m[K/home/oakfox/srtp/ros2_ws/src/ustb_doggo_virtual_model_control/src/virtual_model_control.cpp:1[m[K:
[01m[K/usr/include/c++/11/bits/shared_ptr.h:437:5:[m[K [01;36m[Knote: [m[Kcandidate: ‘[01m[Ktemplate<class _Tp, class _Up> bool std::operator==(const std::shared_ptr<_Tp>&, const std::shared_ptr<_Tp>&)[m[K’
  437 |     [01;36m[Koperator[m[K==(const shared_ptr<_Tp>& __a, const shared_ptr<_Up>& __b) noexcept
      |     [01;36m[K^~~~~~~~[m[K
[01m[K/usr/include/c++/11/bits/shared_ptr.h:437:5:[m[K [01;36m[Knote: [m[K  template argument deduction/substitution failed:
[01m[K/home/oakfox/srtp/ros2_ws/src/ustb_doggo_virtual_model_control/src/virtual_model_control.cpp:217:26:[m[K [01;36m[Knote: [m[K  ‘[01m[Kstd::vector<long unsigned int>[m[K’ is not derived from ‘[01m[Kconst std::shared_ptr<_Tp>[m[K’
  217 |             if(stance == [01;36m[K1[m[K)//判断是否支撑相
      |                          [01;36m[K^[m[K
In file included from [01m[K/usr/include/c++/11/memory:77[m[K,
                 from [01m[K/opt/ros/humble/include/rclcpp/rclcpp/rclcpp.hpp:153[m[K,
                 from [01m[K/home/oakfox/srtp/ros2_ws/src/ustb_doggo_virtual_model_control/src/virtual_model_control.cpp:1[m[K:
[01m[K/usr/include/c++/11/bits/shared_ptr.h:443:5:[m[K [01;36m[Knote: [m[Kcandidate: ‘[01m[Ktemplate<class _Tp> bool std::operator==(const std::shared_ptr<_Tp>&, std::nullptr_t)[m[K’
  443 |     [01;36m[Koperator[m[K==(const shared_ptr<_Tp>& __a, nullptr_t) noexcept
      |     [01;36m[K^~~~~~~~[m[K
[01m[K/usr/include/c++/11/bits/shared_ptr.h:443:5:[m[K [01;36m[Knote: [m[K  template argument deduction/substitution failed:
[01m[K/home/oakfox/srtp/ros2_ws/src/ustb_doggo_virtual_model_control/src/virtual_model_control.cpp:217:26:[m[K [01;36m[Knote: [m[K  ‘[01m[Kstd::vector<long unsigned int>[m[K’ is not derived from ‘[01m[Kconst std::shared_ptr<_Tp>[m[K’
  217 |             if(stance == [01;36m[K1[m[K)//判断是否支撑相
      |                          [01;36m[K^[m[K
In file included from [01m[K/usr/include/c++/11/memory:77[m[K,
                 from [01m[K/opt/ros/humble/include/rclcpp/rclcpp/rclcpp.hpp:153[m[K,
                 from [01m[K/home/oakfox/srtp/ros2_ws/src/ustb_doggo_virtual_model_control/src/virtual_model_control.cpp:1[m[K:
[01m[K/usr/include/c++/11/bits/shared_ptr.h:464:5:[m[K [01;36m[Knote: [m[Kcandidate: ‘[01m[Ktemplate<class _Tp> bool std::operator==(std::nullptr_t, const std::shared_ptr<_Tp>&)[m[K’
  464 |     [01;36m[Koperator[m[K==(nullptr_t, const shared_ptr<_Tp>& __a) noexcept
      |     [01;36m[K^~~~~~~~[m[K
[01m[K/usr/include/c++/11/bits/shared_ptr.h:464:5:[m[K [01;36m[Knote: [m[K  template argument deduction/substitution failed:
[01m[K/home/oakfox/srtp/ros2_ws/src/ustb_doggo_virtual_model_control/src/virtual_model_control.cpp:217:26:[m[K [01;36m[Knote: [m[K  mismatched types ‘[01m[Kconst std::shared_ptr<_Tp>[m[K’ and ‘[01m[Kint[m[K’
  217 |             if(stance == [01;36m[K1[m[K)//判断是否支撑相
      |                          [01;36m[K^[m[K
In file included from [01m[K/usr/include/c++/11/bits/basic_string.h:48[m[K,
                 from [01m[K/usr/include/c++/11/string:55[m[K,
                 from [01m[K/usr/include/c++/11/stdexcept:39[m[K,
                 from [01m[K/usr/include/c++/11/system_error:41[m[K,
                 from [01m[K/usr/include/c++/11/mutex:42[m[K,
                 from [01m[K/usr/include/c++/11/future:38[m[K,
                 from [01m[K/opt/ros/humble/include/rclcpp/rclcpp/executors.hpp:18[m[K,
                 from [01m[K/opt/ros/humble/include/rclcpp/rclcpp/rclcpp.hpp:155[m[K,
                 from [01m[K/home/oakfox/srtp/ros2_ws/src/ustb_doggo_virtual_model_control/src/virtual_model_control.cpp:1[m[K:
[01m[K/usr/include/c++/11/string_view:535:5:[m[K [01;36m[Knote: [m[Kcandidate: ‘[01m[Ktemplate<class _CharT, class _Traits> constexpr bool std::operator==(std::basic_string_view<_CharT, _Traits>, std::basic_string_view<_CharT, _Traits>)[m[K’
  535 |     [01;36m[Koperator[m[K==(basic_string_view<_CharT, _Traits> __x,
      |     [01;36m[K^~~~~~~~[m[K
[01m[K/usr/include/c++/11/string_view:535:5:[m[K [01;36m[Knote: [m[K  template argument deduction/substitution failed:
[01m[K/home/oakfox/srtp/ros2_ws/src/ustb_doggo_virtual_model_control/src/virtual_model_control.cpp:217:26:[m[K [01;36m[Knote: [m[K  ‘[01m[Kstd::vector<long unsigned int>[m[K’ is not derived from ‘[01m[Kstd::basic_string_view<_CharT, _Traits>[m[K’
  217 |             if(stance == [01;36m[K1[m[K)//判断是否支撑相
      |                          [01;36m[K^[m[K
In file included from [01m[K/usr/include/c++/11/bits/basic_string.h:48[m[K,
                 from [01m[K/usr/include/c++/11/string:55[m[K,
                 from [01m[K/usr/include/c++/11/stdexcept:39[m[K,
                 from [01m[K/usr/include/c++/11/system_error:41[m[K,
                 from [01m[K/usr/include/c++/11/mutex:42[m[K,
                 from [01m[K/usr/include/c++/11/future:38[m[K,
                 from [01m[K/opt/ros/humble/include/rclcpp/rclcpp/executors.hpp:18[m[K,
                 from [01m[K/opt/ros/humble/include/rclcpp/rclcpp/rclcpp.hpp:155[m[K,
                 from [01m[K/home/oakfox/srtp/ros2_ws/src/ustb_doggo_virtual_model_control/src/virtual_model_control.cpp:1[m[K:
[01m[K/usr/include/c++/11/string_view:541:5:[m[K [01;36m[Knote: [m[Kcandidate: ‘[01m[Ktemplate<class _CharT, class _Traits> constexpr bool std::operator==(std::basic_string_view<_CharT, _Traits>, std::__type_identity_t<std::basic_string_view<_CharT, _Traits> >)[m[K’
  541 |     [01;36m[Koperator[m[K==(basic_string_view<_CharT, _Traits> __x,
      |     [01;36m[K^~~~~~~~[m[K
[01m[K/usr/include/c++/11/string_view:541:5:[m[K [01;36m[Knote: [m[K  template argument deduction/substitution failed:
[01m[K/home/oakfox/srtp/ros2_ws/src/ustb_doggo_virtual_model_control/src/virtual_model_control.cpp:217:26:[m[K [01;36m[Knote: [m[K  ‘[01m[Kstd::vector<long unsigned int>[m[K’ is not derived from ‘[01m[Kstd::basic_string_view<_CharT, _Traits>[m[K’
  217 |             if(stance == [01;36m[K1[m[K)//判断是否支撑相
      |                          [01;36m[K^[m[K
In file included from [01m[K/usr/include/c++/11/bits/basic_string.h:48[m[K,
                 from [01m[K/usr/include/c++/11/string:55[m[K,
                 from [01m[K/usr/include/c++/11/stdexcept:39[m[K,
                 from [01m[K/usr/include/c++/11/system_error:41[m[K,
                 from [01m[K/usr/include/c++/11/mutex:42[m[K,
                 from [01m[K/usr/include/c++/11/future:38[m[K,
                 from [01m[K/opt/ros/humble/include/rclcpp/rclcpp/executors.hpp:18[m[K,
                 from [01m[K/opt/ros/humble/include/rclcpp/rclcpp/rclcpp.hpp:155[m[K,
                 from [01m[K/home/oakfox/srtp/ros2_ws/src/ustb_doggo_virtual_model_control/src/virtual_model_control.cpp:1[m[K:
[01m[K/usr/include/c++/11/string_view:564:5:[m[K [01;36m[Knote: [m[Kcandidate: ‘[01m[Ktemplate<class _CharT, class _Traits> constexpr bool std::operator==(std::__type_identity_t<std::basic_string_view<_CharT, _Traits> >, std::basic_string_view<_CharT, _Traits>)[m[K’
  564 |     [01;36m[Koperator[m[K==(__type_identity_t<basic_string_view<_CharT, _Traits>> __x,
      |     [01;36m[K^~~~~~~~[m[K
[01m[K/usr/include/c++/11/string_view:564:5:[m[K [01;36m[Knote: [m[K  template argument deduction/substitution failed:
[01m[K/home/oakfox/srtp/ros2_ws/src/ustb_doggo_virtual_model_control/src/virtual_model_control.cpp:217:26:[m[K [01;36m[Knote: [m[K  mismatched types ‘[01m[Kstd::basic_string_view<_CharT, _Traits>[m[K’ and ‘[01m[Kint[m[K’
  217 |             if(stance == [01;36m[K1[m[K)//判断是否支撑相
      |                          [01;36m[K^[m[K
In file included from [01m[K/usr/include/c++/11/string:55[m[K,
                 from [01m[K/usr/include/c++/11/stdexcept:39[m[K,
                 from [01m[K/usr/include/c++/11/system_error:41[m[K,
                 from [01m[K/usr/include/c++/11/mutex:42[m[K,
                 from [01m[K/usr/include/c++/11/future:38[m[K,
                 from [01m[K/opt/ros/humble/include/rclcpp/rclcpp/executors.hpp:18[m[K,
                 from [01m[K/opt/ros/humble/include/rclcpp/rclcpp/rclcpp.hpp:155[m[K,
                 from [01m[K/home/oakfox/srtp/ros2_ws/src/ustb_doggo_virtual_model_control/src/virtual_model_control.cpp:1[m[K:
[01m[K/usr/include/c++/11/bits/basic_string.h:6226:5:[m[K [01;36m[Knote: [m[Kcandidate: ‘[01m[Ktemplate<class _CharT, class _Traits, class _Alloc> bool std::operator==(const std::__cxx11::basic_string<_CharT, _Traits, _Allocator>&, const std::__cxx11::basic_string<_CharT, _Traits, _Allocator>&)[m[K’
 6226 |     [01;36m[Koperator[m[K==(const basic_string<_CharT, _Traits, _Alloc>& __lhs,
      |     [01;36m[K^~~~~~~~[m[K
[01m[K/usr/include/c++/11/bits/basic_string.h:6226:5:[m[K [01;36m[Knote: [m[K  template argument deduction/substitution failed:
[01m[K/home/oakfox/srtp/ros2_ws/src/ustb_doggo_virtual_model_control/src/virtual_model_control.cpp:217:26:[m[K [01;36m[Knote: [m[K  ‘[01m[Kstd::vector<long unsigned int>[m[K’ is not derived from ‘[01m[Kconst std::__cxx11::basic_string<_CharT, _Traits, _Allocator>[m[K’
  217 |             if(stance == [01;36m[K1[m[K)//判断是否支撑相
      |                          [01;36m[K^[m[K
In file included from [01m[K/usr/include/c++/11/string:55[m[K,
                 from [01m[K/usr/include/c++/11/stdexcept:39[m[K,
                 from [01m[K/usr/include/c++/11/system_error:41[m[K,
                 from [01m[K/usr/include/c++/11/mutex:42[m[K,
                 from [01m[K/usr/include/c++/11/future:38[m[K,
                 from [01m[K/opt/ros/humble/include/rclcpp/rclcpp/executors.hpp:18[m[K,
                 from [01m[K/opt/ros/humble/include/rclcpp/rclcpp/rclcpp.hpp:155[m[K,
                 from [01m[K/home/oakfox/srtp/ros2_ws/src/ustb_doggo_virtual_model_control/src/virtual_model_control.cpp:1[m[K:
[01m[K/usr/include/c++/11/bits/basic_string.h:6234:5:[m[K [01;36m[Knote: [m[Kcandidate: ‘[01m[Ktemplate<class _CharT> typename __gnu_cxx::__enable_if<std::__is_char<_Tp>::__value, bool>::__type std::operator==(const std::__cxx11::basic_string<_CharT>&, const std::__cxx11::basic_string<_CharT>&)[m[K’
 6234 |     [01;36m[Koperator[m[K==(const basic_string<_CharT>& __lhs,
      |     [01;36m[K^~~~~~~~[m[K
[01m[K/usr/include/c++/11/bits/basic_string.h:6234:5:[m[K [01;36m[Knote: [m[K  template argument deduction/substitution failed:
[01m[K/home/oakfox/srtp/ros2_ws/src/ustb_doggo_virtual_model_control/src/virtual_model_control.cpp:217:26:[m[K [01;36m[Knote: [m[K  ‘[01m[Kstd::vector<long unsigned int>[m[K’ is not derived from ‘[01m[Kconst std::__cxx11::basic_string<_CharT>[m[K’
  217 |             if(stance == [01;36m[K1[m[K)//判断是否支撑相
      |                          [01;36m[K^[m[K
In file included from [01m[K/usr/include/c++/11/string:55[m[K,
                 from [01m[K/usr/include/c++/11/stdexcept:39[m[K,
                 from [01m[K/usr/include/c++/11/system_error:41[m[K,
                 from [01m[K/usr/include/c++/11/mutex:42[m[K,
                 from [01m[K/usr/include/c++/11/future:38[m[K,
                 from [01m[K/opt/ros/humble/include/rclcpp/rclcpp/executors.hpp:18[m[K,
                 from [01m[K/opt/ros/humble/include/rclcpp/rclcpp/rclcpp.hpp:155[m[K,
                 from [01m[K/home/oakfox/srtp/ros2_ws/src/ustb_doggo_virtual_model_control/src/virtual_model_control.cpp:1[m[K:
[01m[K/usr/include/c++/11/bits/basic_string.h:6248:5:[m[K [01;36m[Knote: [m[Kcandidate: ‘[01m[Ktemplate<class _CharT, class _Traits, class _Alloc> bool std::operator==(const std::__cxx11::basic_string<_CharT, _Traits, _Allocator>&, const _CharT*)[m[K’
 6248 |     [01;36m[Koperator[m[K==(const basic_string<_CharT, _Traits, _Alloc>& __lhs,
      |     [01;36m[K^~~~~~~~[m[K
[01m[K/usr/include/c++/11/bits/basic_string.h:6248:5:[m[K [01;36m[Knote: [m[K  template argument deduction/substitution failed:
[01m[K/home/oakfox/srtp/ros2_ws/src/ustb_doggo_virtual_model_control/src/virtual_model_control.cpp:217:26:[m[K [01;36m[Knote: [m[K  ‘[01m[Kstd::vector<long unsigned int>[m[K’ is not derived from ‘[01m[Kconst std::__cxx11::basic_string<_CharT, _Traits, _Allocator>[m[K’
  217 |             if(stance == [01;36m[K1[m[K)//判断是否支撑相
      |                          [01;36m[K^[m[K
In file included from [01m[K/usr/include/c++/11/string:55[m[K,
                 from [01m[K/usr/include/c++/11/stdexcept:39[m[K,
                 from [01m[K/usr/include/c++/11/system_error:41[m[K,
                 from [01m[K/usr/include/c++/11/mutex:42[m[K,
                 from [01m[K/usr/include/c++/11/future:38[m[K,
                 from [01m[K/opt/ros/humble/include/rclcpp/rclcpp/executors.hpp:18[m[K,
                 from [01m[K/opt/ros/humble/include/rclcpp/rclcpp/rclcpp.hpp:155[m[K,
                 from [01m[K/home/oakfox/srtp/ros2_ws/src/ustb_doggo_virtual_model_control/src/virtual_model_control.cpp:1[m[K:
[01m[K/usr/include/c++/11/bits/basic_string.h:6289:5:[m[K [01;36m[Knote: [m[Kcandidate: ‘[01m[Ktemplate<class _CharT, class _Traits, class _Alloc> bool std::operator==(const _CharT*, const std::__cxx11::basic_string<_CharT, _Traits, _Allocator>&)[m[K’
 6289 |     [01;36m[Koperator[m[K==(const _CharT* __lhs,
      |     [01;36m[K^~~~~~~~[m[K
[01m[K/usr/include/c++/11/bits/basic_string.h:6289:5:[m[K [01;36m[Knote: [m[K  template argument deduction/substitution failed:
[01m[K/home/oakfox/srtp/ros2_ws/src/ustb_doggo_virtual_model_control/src/virtual_model_control.cpp:217:26:[m[K [01;36m[Knote: [m[K  mismatched types ‘[01m[Kconst _CharT*[m[K’ and ‘[01m[Kstd::vector<long unsigned int>[m[K’
  217 |             if(stance == [01;36m[K1[m[K)//判断是否支撑相
      |                          [01;36m[K^[m[K
In file included from [01m[K/usr/include/c++/11/future:47[m[K,
                 from [01m[K/opt/ros/humble/include/rclcpp/rclcpp/executors.hpp:18[m[K,
                 from [01m[K/opt/ros/humble/include/rclcpp/rclcpp/rclcpp.hpp:155[m[K,
                 from [01m[K/home/oakfox/srtp/ros2_ws/src/ustb_doggo_virtual_model_control/src/virtual_model_control.cpp:1[m[K:
[01m[K/usr/include/c++/11/bits/std_function.h:718:5:[m[K [01;36m[Knote: [m[Kcandidate: ‘[01m[Ktemplate<class _Res, class ... _Args> bool std::operator==(const std::function<_Res(_ArgTypes ...)>&, std::nullptr_t)[m[K’
  718 |     [01;36m[Koperator[m[K==(const function<_Res(_Args...)>& __f, nullptr_t) noexcept
      |     [01;36m[K^~~~~~~~[m[K
[01m[K/usr/include/c++/11/bits/std_function.h:718:5:[m[K [01;36m[Knote: [m[K  template argument deduction/substitution failed:
[01m[K/home/oakfox/srtp/ros2_ws/src/ustb_doggo_virtual_model_control/src/virtual_model_control.cpp:217:26:[m[K [01;36m[Knote: [m[K  ‘[01m[Kstd::vector<long unsigned int>[m[K’ is not derived from ‘[01m[Kconst std::function<_Res(_ArgTypes ...)>[m[K’
  217 |             if(stance == [01;36m[K1[m[K)//判断是否支撑相
      |                          [01;36m[K^[m[K
In file included from [01m[K/usr/include/c++/11/future:47[m[K,
                 from [01m[K/opt/ros/humble/include/rclcpp/rclcpp/executors.hpp:18[m[K,
                 from [01m[K/opt/ros/humble/include/rclcpp/rclcpp/rclcpp.hpp:155[m[K,
                 from [01m[K/home/oakfox/srtp/ros2_ws/src/ustb_doggo_virtual_model_control/src/virtual_model_control.cpp:1[m[K:
[01m[K/usr/include/c++/11/bits/std_function.h:725:5:[m[K [01;36m[Knote: [m[Kcandidate: ‘[01m[Ktemplate<class _Res, class ... _Args> bool std::operator==(std::nullptr_t, const std::function<_Res(_ArgTypes ...)>&)[m[K’
  725 |     [01;36m[Koperator[m[K==(nullptr_t, const function<_Res(_Args...)>& __f) noexcept
      |     [01;36m[K^~~~~~~~[m[K
[01m[K/usr/include/c++/11/bits/std_function.h:725:5:[m[K [01;36m[Knote: [m[K  template argument deduction/substitution failed:
[01m[K/home/oakfox/srtp/ros2_ws/src/ustb_doggo_virtual_model_control/src/virtual_model_control.cpp:217:26:[m[K [01;36m[Knote: [m[K  mismatched types ‘[01m[Kconst std::function<_Res(_ArgTypes ...)>[m[K’ and ‘[01m[Kint[m[K’
  217 |             if(stance == [01;36m[K1[m[K)//判断是否支撑相
      |                          [01;36m[K^[m[K
In file included from [01m[K/usr/include/c++/11/set:61[m[K,
                 from [01m[K/opt/ros/humble/include/rclcpp/rclcpp/executors/multi_threaded_executor.hpp:21[m[K,
                 from [01m[K/opt/ros/humble/include/rclcpp/rclcpp/executors.hpp:21[m[K,
                 from [01m[K/opt/ros/humble/include/rclcpp/rclcpp/rclcpp.hpp:155[m[K,
                 from [01m[K/home/oakfox/srtp/ros2_ws/src/ustb_doggo_virtual_model_control/src/virtual_model_control.cpp:1[m[K:
[01m[K/usr/include/c++/11/bits/stl_set.h:985:5:[m[K [01;36m[Knote: [m[Kcandidate: ‘[01m[Ktemplate<class _Key, class _Compare, class _Alloc> bool std::operator==(const std::set<_Key, _Compare, _Allocator>&, const std::set<_Key, _Compare, _Allocator>&)[m[K’
  985 |     [01;36m[Koperator[m[K==(const set<_Key, _Compare, _Alloc>& __x,
      |     [01;36m[K^~~~~~~~[m[K
[01m[K/usr/include/c++/11/bits/stl_set.h:985:5:[m[K [01;36m[Knote: [m[K  template argument deduction/substitution failed:
[01m[K/home/oakfox/srtp/ros2_ws/src/ustb_doggo_virtual_model_control/src/virtual_model_control.cpp:217:26:[m[K [01;36m[Knote: [m[K  ‘[01m[Kstd::vector<long unsigned int>[m[K’ is not derived from ‘[01m[Kconst std::set<_Key, _Compare, _Allocator>[m[K’
  217 |             if(stance == [01;36m[K1[m[K)//判断是否支撑相
      |                          [01;36m[K^[m[K
In file included from [01m[K/usr/include/c++/11/set:62[m[K,
                 from [01m[K/opt/ros/humble/include/rclcpp/rclcpp/executors/multi_threaded_executor.hpp:21[m[K,
                 from [01m[K/opt/ros/humble/include/rclcpp/rclcpp/executors.hpp:21[m[K,
                 from [01m[K/opt/ros/humble/include/rclcpp/rclcpp/rclcpp.hpp:155[m[K,
                 from [01m[K/home/oakfox/srtp/ros2_ws/src/ustb_doggo_virtual_model_control/src/virtual_model_control.cpp:1[m[K:
[01m[K/usr/include/c++/11/bits/stl_multiset.h:971:5:[m[K [01;36m[Knote: [m[Kcandidate: ‘[01m[Ktemplate<class _Key, class _Compare, class _Alloc> bool std::operator==(const std::multiset<_Key, _Compare, _Allocator>&, const std::multiset<_Key, _Compare, _Allocator>&)[m[K’
  971 |     [01;36m[Koperator[m[K==(const multiset<_Key, _Compare, _Alloc>& __x,
      |     [01;36m[K^~~~~~~~[m[K
[01m[K/usr/include/c++/11/bits/stl_multiset.h:971:5:[m[K [01;36m[Knote: [m[K  template argument deduction/substitution failed:
[01m[K/home/oakfox/srtp/ros2_ws/src/ustb_doggo_virtual_model_control/src/virtual_model_control.cpp:217:26:[m[K [01;36m[Knote: [m[K  ‘[01m[Kstd::vector<long unsigned int>[m[K’ is not derived from ‘[01m[Kconst std::multiset<_Key, _Compare, _Allocator>[m[K’
  217 |             if(stance == [01;36m[K1[m[K)//判断是否支撑相
      |                          [01;36m[K^[m[K
In file included from [01m[K/usr/include/c++/11/unordered_map:47[m[K,
                 from [01m[K/opt/ros/humble/include/rclcpp/rclcpp/executors/multi_threaded_executor.hpp:23[m[K,
                 from [01m[K/opt/ros/humble/include/rclcpp/rclcpp/executors.hpp:21[m[K,
                 from [01m[K/opt/ros/humble/include/rclcpp/rclcpp/rclcpp.hpp:155[m[K,
                 from [01m[K/home/oakfox/srtp/ros2_ws/src/ustb_doggo_virtual_model_control/src/virtual_model_control.cpp:1[m[K:
[01m[K/usr/include/c++/11/bits/unordered_map.h:2134:5:[m[K [01;36m[Knote: [m[Kcandidate: ‘[01m[Ktemplate<class _Key1, class _Tp1, class _Hash1, class _Pred1, class _Alloc1> bool std::operator==(const std::unordered_map<_Key1, _Tp1, _Hash1, _Pred1, _Alloc1>&, const std::unordered_map<_Key1, _Tp1, _Hash1, _Pred1, _Alloc1>&)[m[K’
 2134 |     [01;36m[Koperator[m[K==(const unordered_map<_Key, _Tp, _Hash, _Pred, _Alloc>& __x,
      |     [01;36m[K^~~~~~~~[m[K
[01m[K/usr/include/c++/11/bits/unordered_map.h:2134:5:[m[K [01;36m[Knote: [m[K  template argument deduction/substitution failed:
[01m[K/home/oakfox/srtp/ros2_ws/src/ustb_doggo_virtual_model_control/src/virtual_model_control.cpp:217:26:[m[K [01;36m[Knote: [m[K  ‘[01m[Kstd::vector<long unsigned int>[m[K’ is not derived from ‘[01m[Kconst std::unordered_map<_Key1, _Tp1, _Hash1, _Pred1, _Alloc1>[m[K’
  217 |             if(stance == [01;36m[K1[m[K)//判断是否支撑相
      |                          [01;36m[K^[m[K
In file included from [01m[K/usr/include/c++/11/unordered_map:47[m[K,
                 from [01m[K/opt/ros/humble/include/rclcpp/rclcpp/executors/multi_threaded_executor.hpp:23[m[K,
                 from [01m[K/opt/ros/humble/include/rclcpp/rclcpp/executors.hpp:21[m[K,
                 from [01m[K/opt/ros/humble/include/rclcpp/rclcpp/rclcpp.hpp:155[m[K,
                 from [01m[K/home/oakfox/srtp/ros2_ws/src/ustb_doggo_virtual_model_control/src/virtual_model_control.cpp:1[m[K:
[01m[K/usr/include/c++/11/bits/unordered_map.h:2148:5:[m[K [01;36m[Knote: [m[Kcandidate: ‘[01m[Ktemplate<class _Key1, class _Tp1, class _Hash1, class _Pred1, class _Alloc1> bool std::operator==(const std::unordered_multimap<_Key1, _Tp1, _Hash1, _Pred1, _Alloc1>&, const std::unordered_multimap<_Key1, _Tp1, _Hash1, _Pred1, _Alloc1>&)[m[K’
 2148 |     [01;36m[Koperator[m[K==(const unordered_multimap<_Key, _Tp, _Hash, _Pred, _Alloc>& __x,
      |     [01;36m[K^~~~~~~~[m[K
[01m[K/usr/include/c++/11/bits/unordered_map.h:2148:5:[m[K [01;36m[Knote: [m[K  template argument deduction/substitution failed:
[01m[K/home/oakfox/srtp/ros2_ws/src/ustb_doggo_virtual_model_control/src/virtual_model_control.cpp:217:26:[m[K [01;36m[Knote: [m[K  ‘[01m[Kstd::vector<long unsigned int>[m[K’ is not derived from ‘[01m[Kconst std::unordered_multimap<_Key1, _Tp1, _Hash1, _Pred1, _Alloc1>[m[K’
  217 |             if(stance == [01;36m[K1[m[K)//判断是否支撑相
      |                          [01;36m[K^[m[K
In file included from [01m[K/usr/include/c++/11/vector:67[m[K,
                 from [01m[K/usr/include/c++/11/functional:62[m[K,
                 from [01m[K/usr/include/c++/11/pstl/glue_algorithm_defs.h:13[m[K,
                 from [01m[K/usr/include/c++/11/algorithm:74[m[K,
                 from [01m[K/opt/ros/humble/include/rclcpp/rclcpp/executor.hpp:18[m[K,
                 from [01m[K/opt/ros/humble/include/rclcpp/rclcpp/executors/multi_threaded_executor.hpp:25[m[K,
                 from [01m[K/opt/ros/humble/include/rclcpp/rclcpp/executors.hpp:21[m[K,
                 from [01m[K/opt/ros/humble/include/rclcpp/rclcpp/rclcpp.hpp:155[m[K,
                 from [01m[K/home/oakfox/srtp/ros2_ws/src/ustb_doggo_virtual_model_control/src/virtual_model_control.cpp:1[m[K:
[01m[K/usr/include/c++/11/bits/stl_vector.h:1892:5:[m[K [01;36m[Knote: [m[Kcandidate: ‘[01m[Ktemplate<class _Tp, class _Alloc> bool std::operator==(const std::vector<_Tp, _Alloc>&, const std::vector<_Tp, _Alloc>&)[m[K’
 1892 |     [01;36m[Koperator[m[K==(const vector<_Tp, _Alloc>& __x, const vector<_Tp, _Alloc>& __y)
      |     [01;36m[K^~~~~~~~[m[K
[01m[K/usr/include/c++/11/bits/stl_vector.h:1892:5:[m[K [01;36m[Knote: [m[K  template argument deduction/substitution failed:
[01m[K/home/oakfox/srtp/ros2_ws/src/ustb_doggo_virtual_model_control/src/virtual_model_control.cpp:217:26:[m[K [01;36m[Knote: [m[K  mismatched types ‘[01m[Kconst std::vector<_Tp, _Alloc>[m[K’ and ‘[01m[Kint[m[K’
  217 |             if(stance == [01;36m[K1[m[K)//判断是否支撑相
      |                          [01;36m[K^[m[K
In file included from [01m[K/usr/include/c++/11/bits/locale_facets.h:48[m[K,
                 from [01m[K/usr/include/c++/11/bits/basic_ios.h:37[m[K,
                 from [01m[K/usr/include/c++/11/ios:44[m[K,
                 from [01m[K/usr/include/c++/11/ostream:38[m[K,
                 from [01m[K/usr/include/c++/11/iostream:39[m[K,
                 from [01m[K/opt/ros/humble/include/rclcpp/rclcpp/executor.hpp:22[m[K,
                 from [01m[K/opt/ros/humble/include/rclcpp/rclcpp/executors/multi_threaded_executor.hpp:25[m[K,
                 from [01m[K/opt/ros/humble/include/rclcpp/rclcpp/executors.hpp:21[m[K,
                 from [01m[K/opt/ros/humble/include/rclcpp/rclcpp/rclcpp.hpp:155[m[K,
                 from [01m[K/home/oakfox/srtp/ros2_ws/src/ustb_doggo_virtual_model_control/src/virtual_model_control.cpp:1[m[K:
[01m[K/usr/include/c++/11/bits/streambuf_iterator.h:226:5:[m[K [01;36m[Knote: [m[Kcandidate: ‘[01m[Ktemplate<class _CharT, class _Traits> bool std::operator==(const std::istreambuf_iterator<_CharT, _Traits>&, const std::istreambuf_iterator<_CharT, _Traits>&)[m[K’
  226 |     [01;36m[Koperator[m[K==(const istreambuf_iterator<_CharT, _Traits>& __a,
      |     [01;36m[K^~~~~~~~[m[K
[01m[K/usr/include/c++/11/bits/streambuf_iterator.h:226:5:[m[K [01;36m[Knote: [m[K  template argument deduction/substitution failed:
[01m[K/home/oakfox/srtp/ros2_ws/src/ustb_doggo_virtual_model_control/src/virtual_model_control.cpp:217:26:[m[K [01;36m[Knote: [m[K  ‘[01m[Kstd::vector<long unsigned int>[m[K’ is not derived from ‘[01m[Kconst std::istreambuf_iterator<_CharT, _Traits>[m[K’
  217 |             if(stance == [01;36m[K1[m[K)//判断是否支撑相
      |                          [01;36m[K^[m[K
In file included from [01m[K/usr/include/c++/11/list:63[m[K,
                 from [01m[K/opt/ros/humble/include/rclcpp/rclcpp/executor.hpp:23[m[K,
                 from [01m[K/opt/ros/humble/include/rclcpp/rclcpp/executors/multi_threaded_executor.hpp:25[m[K,
                 from [01m[K/opt/ros/humble/include/rclcpp/rclcpp/executors.hpp:21[m[K,
                 from [01m[K/opt/ros/humble/include/rclcpp/rclcpp/rclcpp.hpp:155[m[K,
                 from [01m[K/home/oakfox/srtp/ros2_ws/src/ustb_doggo_virtual_model_control/src/virtual_model_control.cpp:1[m[K:
[01m[K/usr/include/c++/11/bits/stl_list.h:2030:5:[m[K [01;36m[Knote: [m[Kcandidate: ‘[01m[Ktemplate<class _Tp, class _Alloc> bool std::operator==(const std::__cxx11::list<_Tp, _Alloc>&, const std::__cxx11::list<_Tp, _Alloc>&)[m[K’
 2030 |     [01;36m[Koperator[m[K==(const list<_Tp, _Alloc>& __x, const list<_Tp, _Alloc>& __y)
      |     [01;36m[K^~~~~~~~[m[K
[01m[K/usr/include/c++/11/bits/stl_list.h:2030:5:[m[K [01;36m[Knote: [m[K  template argument deduction/substitution failed:
[01m[K/home/oakfox/srtp/ros2_ws/src/ustb_doggo_virtual_model_control/src/virtual_model_control.cpp:217:26:[m[K [01;36m[Knote: [m[K  ‘[01m[Kstd::vector<long unsigned int>[m[K’ is not derived from ‘[01m[Kconst std::__cxx11::list<_Tp, _Alloc>[m[K’
  217 |             if(stance == [01;36m[K1[m[K)//判断是否支撑相
      |                          [01;36m[K^[m[K
In file included from [01m[K/usr/include/c++/11/map:61[m[K,
                 from [01m[K/opt/ros/humble/include/rclcpp/rclcpp/executor.hpp:24[m[K,
                 from [01m[K/opt/ros/humble/include/rclcpp/rclcpp/executors/multi_threaded_executor.hpp:25[m[K,
                 from [01m[K/opt/ros/humble/include/rclcpp/rclcpp/executors.hpp:21[m[K,
                 from [01m[K/opt/ros/humble/include/rclcpp/rclcpp/rclcpp.hpp:155[m[K,
                 from [01m[K/home/oakfox/srtp/ros2_ws/src/ustb_doggo_virtual_model_control/src/virtual_model_control.cpp:1[m[K:
[01m[K/usr/include/c++/11/bits/stl_map.h:1463:5:[m[K [01;36m[Knote: [m[Kcandidate: ‘[01m[Ktemplate<class _Key, class _Tp, class _Compare, class _Alloc> bool std::operator==(const std::map<_Key, _Tp, _Compare, _Allocator>&, const std::map<_Key, _Tp, _Compare, _Allocator>&)[m[K’
 1463 |     [01;36m[Koperator[m[K==(const map<_Key, _Tp, _Compare, _Alloc>& __x,
      |     [01;36m[K^~~~~~~~[m[K
[01m[K/usr/include/c++/11/bits/stl_map.h:1463:5:[m[K [01;36m[Knote: [m[K  template argument deduction/substitution failed:
[01m[K/home/oakfox/srtp/ros2_ws/src/ustb_doggo_virtual_model_control/src/virtual_model_control.cpp:217:26:[m[K [01;36m[Knote: [m[K  ‘[01m[Kstd::vector<long unsigned int>[m[K’ is not derived from ‘[01m[Kconst std::map<_Key, _Tp, _Compare, _Allocator>[m[K’
  217 |             if(stance == [01;36m[K1[m[K)//判断是否支撑相
      |                          [01;36m[K^[m[K
In file included from [01m[K/usr/include/c++/11/map:62[m[K,
                 from [01m[K/opt/ros/humble/include/rclcpp/rclcpp/executor.hpp:24[m[K,
                 from [01m[K/opt/ros/humble/include/rclcpp/rclcpp/executors/multi_threaded_executor.hpp:25[m[K,
                 from [01m[K/opt/ros/humble/include/rclcpp/rclcpp/executors.hpp:21[m[K,
                 from [01m[K/opt/ros/humble/include/rclcpp/rclcpp/rclcpp.hpp:155[m[K,
                 from [01m[K/home/oakfox/srtp/ros2_ws/src/ustb_doggo_virtual_model_control/src/virtual_model_control.cpp:1[m[K:
[01m[K/usr/include/c++/11/bits/stl_multimap.h:1128:5:[m[K [01;36m[Knote: [m[Kcandidate: ‘[01m[Ktemplate<class _Key, class _Tp, class _Compare, class _Alloc> bool std::operator==(const std::multimap<_Key, _Tp, _Compare, _Allocator>&, const std::multimap<_Key, _Tp, _Compare, _Allocator>&)[m[K’
 1128 |     [01;36m[Koperator[m[K==(const multimap<_Key, _Tp, _Compare, _Alloc>& __x,
      |     [01;36m[K^~~~~~~~[m[K
[01m[K/usr/include/c++/11/bits/stl_multimap.h:1128:5:[m[K [01;36m[Knote: [m[K  template argument deduction/substitution failed:
[01m[K/home/oakfox/srtp/ros2_ws/src/ustb_doggo_virtual_model_control/src/virtual_model_control.cpp:217:26:[m[K [01;36m[Knote: [m[K  ‘[01m[Kstd::vector<long unsigned int>[m[K’ is not derived from ‘[01m[Kconst std::multimap<_Key, _Tp, _Compare, _Allocator>[m[K’
  217 |             if(stance == [01;36m[K1[m[K)//判断是否支撑相
      |                          [01;36m[K^[m[K
In file included from [01m[K/usr/include/c++/11/unordered_set:47[m[K,
                 from [01m[K/opt/ros/humble/include/rclcpp/rclcpp/context.hpp:26[m[K,
                 from [01m[K/opt/ros/humble/include/rclcpp/rclcpp/executor.hpp:34[m[K,
                 from [01m[K/opt/ros/humble/include/rclcpp/rclcpp/executors/multi_threaded_executor.hpp:25[m[K,
                 from [01m[K/opt/ros/humble/include/rclcpp/rclcpp/executors.hpp:21[m[K,
                 from [01m[K/opt/ros/humble/include/rclcpp/rclcpp/rclcpp.hpp:155[m[K,
                 from [01m[K/home/oakfox/srtp/ros2_ws/src/ustb_doggo_virtual_model_control/src/virtual_model_control.cpp:1[m[K:
[01m[K/usr/include/c++/11/bits/unordered_set.h:1804:5:[m[K [01;36m[Knote: [m[Kcandidate: ‘[01m[Ktemplate<class _Value1, class _Hash1, class _Pred1, class _Alloc1> bool std::operator==(const std::unordered_set<_Value1, _Hash1, _Pred1, _Alloc1>&, const std::unordered_set<_Value1, _Hash1, _Pred1, _Alloc1>&)[m[K’
 1804 |     [01;36m[Koperator[m[K==(const unordered_set<_Value, _Hash, _Pred, _Alloc>& __x,
      |     [01;36m[K^~~~~~~~[m[K
[01m[K/usr/include/c++/11/bits/unordered_set.h:1804:5:[m[K [01;36m[Knote: [m[K  template argument deduction/substitution failed:
[01m[K/home/oakfox/srtp/ros2_ws/src/ustb_doggo_virtual_model_control/src/virtual_model_control.cpp:217:26:[m[K [01;36m[Knote: [m[K  ‘[01m[Kstd::vector<long unsigned int>[m[K’ is not derived from ‘[01m[Kconst std::unordered_set<_Value1, _Hash1, _Pred1, _Alloc1>[m[K’
  217 |             if(stance == [01;36m[K1[m[K)//判断是否支撑相
      |                          [01;36m[K^[m[K
In file included from [01m[K/usr/include/c++/11/unordered_set:47[m[K,
                 from [01m[K/opt/ros/humble/include/rclcpp/rclcpp/context.hpp:26[m[K,
                 from [01m[K/opt/ros/humble/include/rclcpp/rclcpp/executor.hpp:34[m[K,
                 from [01m[K/opt/ros/humble/include/rclcpp/rclcpp/executors/multi_threaded_executor.hpp:25[m[K,
                 from [01m[K/opt/ros/humble/include/rclcpp/rclcpp/executors.hpp:21[m[K,
                 from [01m[K/opt/ros/humble/include/rclcpp/rclcpp/rclcpp.hpp:155[m[K,
                 from [01m[K/home/oakfox/srtp/ros2_ws/src/ustb_doggo_virtual_model_control/src/virtual_model_control.cpp:1[m[K:
[01m[K/usr/include/c++/11/bits/unordered_set.h:1818:5:[m[K [01;36m[Knote: [m[Kcandidate: ‘[01m[Ktemplate<class _Value1, class _Hash1, class _Pred1, class _Alloc1> bool std::operator==(const std::unordered_multiset<_Value1, _Hash1, _Pred1, _Alloc1>&, const std::unordered_multiset<_Value1, _Hash1, _Pred1, _Alloc1>&)[m[K’
 1818 |     [01;36m[Koperator[m[K==(const unordered_multiset<_Value, _Hash, _Pred, _Alloc>& __x,
      |     [01;36m[K^~~~~~~~[m[K
[01m[K/usr/include/c++/11/bits/unordered_set.h:1818:5:[m[K [01;36m[Knote: [m[K  template argument deduction/substitution failed:
[01m[K/home/oakfox/srtp/ros2_ws/src/ustb_doggo_virtual_model_control/src/virtual_model_control.cpp:217:26:[m[K [01;36m[Knote: [m[K  ‘[01m[Kstd::vector<long unsigned int>[m[K’ is not derived from ‘[01m[Kconst std::unordered_multiset<_Value1, _Hash1, _Pred1, _Alloc1>[m[K’
  217 |             if(stance == [01;36m[K1[m[K)//判断是否支撑相
      |                          [01;36m[K^[m[K
In file included from [01m[K/opt/ros/humble/include/rclcpp/rclcpp/client.hpp:23[m[K,
                 from [01m[K/opt/ros/humble/include/rclcpp/rclcpp/callback_group.hpp:24[m[K,
                 from [01m[K/opt/ros/humble/include/rclcpp/rclcpp/any_executable.hpp:20[m[K,
                 from [01m[K/opt/ros/humble/include/rclcpp/rclcpp/memory_strategy.hpp:25[m[K,
                 from [01m[K/opt/ros/humble/include/rclcpp/rclcpp/memory_strategies.hpp:18[m[K,
                 from [01m[K/opt/ros/humble/include/rclcpp/rclcpp/executor_options.hpp:20[m[K,
                 from [01m[K/opt/ros/humble/include/rclcpp/rclcpp/executor.hpp:37[m[K,
                 from [01m[K/opt/ros/humble/include/rclcpp/rclcpp/executors/multi_threaded_executor.hpp:25[m[K,
                 from [01m[K/opt/ros/humble/include/rclcpp/rclcpp/executors.hpp:21[m[K,
                 from [01m[K/opt/ros/humble/include/rclcpp/rclcpp/rclcpp.hpp:155[m[K,
                 from [01m[K/home/oakfox/srtp/ros2_ws/src/ustb_doggo_virtual_model_control/src/virtual_model_control.cpp:1[m[K:
[01m[K/usr/include/c++/11/optional:1045:5:[m[K [01;36m[Knote: [m[Kcandidate: ‘[01m[Ktemplate<class _Tp, class _Up> constexpr std::__optional_eq_t<_Tp, _Up> std::operator==(const std::optional<_Tp>&, const std::optional<_Up>&)[m[K’
 1045 |     [01;36m[Koperator[m[K==(const optional<_Tp>& __lhs, const optional<_Up>& __rhs)
      |     [01;36m[K^~~~~~~~[m[K
[01m[K/usr/include/c++/11/optional:1045:5:[m[K [01;36m[Knote: [m[K  template argument deduction/substitution failed:
[01m[K/home/oakfox/srtp/ros2_ws/src/ustb_doggo_virtual_model_control/src/virtual_model_control.cpp:217:26:[m[K [01;36m[Knote: [m[K  ‘[01m[Kstd::vector<long unsigned int>[m[K’ is not derived from ‘[01m[Kconst std::optional<_Tp>[m[K’
  217 |             if(stance == [01;36m[K1[m[K)//判断是否支撑相
      |                          [01;36m[K^[m[K
In file included from [01m[K/opt/ros/humble/include/rclcpp/rclcpp/client.hpp:23[m[K,
                 from [01m[K/opt/ros/humble/include/rclcpp/rclcpp/callback_group.hpp:24[m[K,
                 from [01m[K/opt/ros/humble/include/rclcpp/rclcpp/any_executable.hpp:20[m[K,
                 from [01m[K/opt/ros/humble/include/rclcpp/rclcpp/memory_strategy.hpp:25[m[K,
                 from [01m[K/opt/ros/humble/include/rclcpp/rclcpp/memory_strategies.hpp:18[m[K,
                 from [01m[K/opt/ros/humble/include/rclcpp/rclcpp/executor_options.hpp:20[m[K,
                 from [01m[K/opt/ros/humble/include/rclcpp/rclcpp/executor.hpp:37[m[K,
                 from [01m[K/opt/ros/humble/include/rclcpp/rclcpp/executors/multi_threaded_executor.hpp:25[m[K,
                 from [01m[K/opt/ros/humble/include/rclcpp/rclcpp/executors.hpp:21[m[K,
                 from [01m[K/opt/ros/humble/include/rclcpp/rclcpp/rclcpp.hpp:155[m[K,
                 from [01m[K/home/oakfox/srtp/ros2_ws/src/ustb_doggo_virtual_model_control/src/virtual_model_control.cpp:1[m[K:
[01m[K/usr/include/c++/11/optional:1105:5:[m[K [01;36m[Knote: [m[Kcandidate: ‘[01m[Ktemplate<class _Tp> constexpr bool std::operator==(const std::optional<_Tp>&, std::nullopt_t)[m[K’
 1105 |     [01;36m[Koperator[m[K==(const optional<_Tp>& __lhs, nullopt_t) noexcept
      |     [01;36m[K^~~~~~~~[m[K
[01m[K/usr/include/c++/11/optional:1105:5:[m[K [01;36m[Knote: [m[K  template argument deduction/substitution failed:
[01m[K/home/oakfox/srtp/ros2_ws/src/ustb_doggo_virtual_model_control/src/virtual_model_control.cpp:217:26:[m[K [01;36m[Knote: [m[K  ‘[01m[Kstd::vector<long unsigned int>[m[K’ is not derived from ‘[01m[Kconst std::optional<_Tp>[m[K’
  217 |             if(stance == [01;36m[K1[m[K)//判断是否支撑相
      |                          [01;36m[K^[m[K
In file included from [01m[K/opt/ros/humble/include/rclcpp/rclcpp/client.hpp:23[m[K,
                 from [01m[K/opt/ros/humble/include/rclcpp/rclcpp/callback_group.hpp:24[m[K,
                 from [01m[K/opt/ros/humble/include/rclcpp/rclcpp/any_executable.hpp:20[m[K,
                 from [01m[K/opt/ros/humble/include/rclcpp/rclcpp/memory_strategy.hpp:25[m[K,
                 from [01m[K/opt/ros/humble/include/rclcpp/rclcpp/memory_strategies.hpp:18[m[K,
                 from [01m[K/opt/ros/humble/include/rclcpp/rclcpp/executor_options.hpp:20[m[K,
                 from [01m[K/opt/ros/humble/include/rclcpp/rclcpp/executor.hpp:37[m[K,
                 from [01m[K/opt/ros/humble/include/rclcpp/rclcpp/executors/multi_threaded_executor.hpp:25[m[K,
                 from [01m[K/opt/ros/humble/include/rclcpp/rclcpp/executors.hpp:21[m[K,
                 from [01m[K/opt/ros/humble/include/rclcpp/rclcpp/rclcpp.hpp:155[m[K,
                 from [01m[K/home/oakfox/srtp/ros2_ws/src/ustb_doggo_virtual_model_control/src/virtual_model_control.cpp:1[m[K:
[01m[K/usr/include/c++/11/optional:1116:5:[m[K [01;36m[Knote: [m[Kcandidate: ‘[01m[Ktemplate<class _Tp> constexpr bool std::operator==(std::nullopt_t, const std::optional<_Tp>&)[m[K’
 1116 |     [01;36m[Koperator[m[K==(nullopt_t, const optional<_Tp>& __rhs) noexcept
      |     [01;36m[K^~~~~~~~[m[K
[01m[K/usr/include/c++/11/optional:1116:5:[m[K [01;36m[Knote: [m[K  template argument deduction/substitution failed:
[01m[K/home/oakfox/srtp/ros2_ws/src/ustb_doggo_virtual_model_control/src/virtual_model_control.cpp:217:26:[m[K [01;36m[Knote: [m[K  mismatched types ‘[01m[Kconst std::optional<_Tp>[m[K’ and ‘[01m[Kint[m[K’
  217 |             if(stance == [01;36m[K1[m[K)//判断是否支撑相
      |                          [01;36m[K^[m[K
In file included from [01m[K/opt/ros/humble/include/rclcpp/rclcpp/client.hpp:23[m[K,
                 from [01m[K/opt/ros/humble/include/rclcpp/rclcpp/callback_group.hpp:24[m[K,
                 from [01m[K/opt/ros/humble/include/rclcpp/rclcpp/any_executable.hpp:20[m[K,
                 from [01m[K/opt/ros/humble/include/rclcpp/rclcpp/memory_strategy.hpp:25[m[K,
                 from [01m[K/opt/ros/humble/include/rclcpp/rclcpp/memory_strategies.hpp:18[m[K,
                 from [01m[K/opt/ros/humble/include/rclcpp/rclcpp/executor_options.hpp:20[m[K,
                 from [01m[K/opt/ros/humble/include/rclcpp/rclcpp/executor.hpp:37[m[K,
                 from [01m[K/opt/ros/humble/include/rclcpp/rclcpp/executors/multi_threaded_executor.hpp:25[m[K,
                 from [01m[K/opt/ros/humble/include/rclcpp/rclcpp/executors.hpp:21[m[K,
                 from [01m[K/opt/ros/humble/include/rclcpp/rclcpp/rclcpp.hpp:155[m[K,
                 from [01m[K/home/oakfox/srtp/ros2_ws/src/ustb_doggo_virtual_model_control/src/virtual_model_control.cpp:1[m[K:
[01m[K/usr/include/c++/11/optional:1173:5:[m[K [01;36m[Knote: [m[Kcandidate: ‘[01m[Ktemplate<class _Tp, class _Up> constexpr std::__optional_eq_t<_Tp, _Up> std::operator==(const std::optional<_Tp>&, const _Up&)[m[K’
 1173 |     [01;36m[Koperator[m[K==(const optional<_Tp>& __lhs, const _Up& __rhs)
      |     [01;36m[K^~~~~~~~[m[K
[01m[K/usr/include/c++/11/optional:1173:5:[m[K [01;36m[Knote: [m[K  template argument deduction/substitution failed:
[01m[K/home/oakfox/srtp/ros2_ws/src/ustb_doggo_virtual_model_control/src/virtual_model_control.cpp:217:26:[m[K [01;36m[Knote: [m[K  ‘[01m[Kstd::vector<long unsigned int>[m[K’ is not derived from ‘[01m[Kconst std::optional<_Tp>[m[K’
  217 |             if(stance == [01;36m[K1[m[K)//判断是否支撑相
      |                          [01;36m[K^[m[K
In file included from [01m[K/opt/ros/humble/include/rclcpp/rclcpp/client.hpp:23[m[K,
                 from [01m[K/opt/ros/humble/include/rclcpp/rclcpp/callback_group.hpp:24[m[K,
                 from [01m[K/opt/ros/humble/include/rclcpp/rclcpp/any_executable.hpp:20[m[K,
                 from [01m[K/opt/ros/humble/include/rclcpp/rclcpp/memory_strategy.hpp:25[m[K,
                 from [01m[K/opt/ros/humble/include/rclcpp/rclcpp/memory_strategies.hpp:18[m[K,
                 from [01m[K/opt/ros/humble/include/rclcpp/rclcpp/executor_options.hpp:20[m[K,
                 from [01m[K/opt/ros/humble/include/rclcpp/rclcpp/executor.hpp:37[m[K,
                 from [01m[K/opt/ros/humble/include/rclcpp/rclcpp/executors/multi_threaded_executor.hpp:25[m[K,
                 from [01m[K/opt/ros/humble/include/rclcpp/rclcpp/executors.hpp:21[m[K,
                 from [01m[K/opt/ros/humble/include/rclcpp/rclcpp/rclcpp.hpp:155[m[K,
                 from [01m[K/home/oakfox/srtp/ros2_ws/src/ustb_doggo_virtual_model_control/src/virtual_model_control.cpp:1[m[K:
[01m[K/usr/include/c++/11/optional:1179:5:[m[K [01;36m[Knote: [m[Kcandidate: ‘[01m[Ktemplate<class _Tp, class _Up> constexpr std::__optional_eq_t<_Up, _Tp> std::operator==(const _Up&, const std::optional<_Tp>&)[m[K’
 1179 |     [01;36m[Koperator[m[K==(const _Up& __lhs, const optional<_Tp>& __rhs)
      |     [01;36m[K^~~~~~~~[m[K
[01m[K/usr/include/c++/11/optional:1179:5:[m[K [01;36m[Knote: [m[K  template argument deduction/substitution failed:
[01m[K/home/oakfox/srtp/ros2_ws/src/ustb_doggo_virtual_model_control/src/virtual_model_control.cpp:217:26:[m[K [01;36m[Knote: [m[K  mismatched types ‘[01m[Kconst std::optional<_Tp>[m[K’ and ‘[01m[Kint[m[K’
  217 |             if(stance == [01;36m[K1[m[K)//判断是否支撑相
      |                          [01;36m[K^[m[K
In file included from [01m[K/opt/ros/humble/include/rclcpp/rclcpp/client.hpp:28[m[K,
                 from [01m[K/opt/ros/humble/include/rclcpp/rclcpp/callback_group.hpp:24[m[K,
                 from [01m[K/opt/ros/humble/include/rclcpp/rclcpp/any_executable.hpp:20[m[K,
                 from [01m[K/opt/ros/humble/include/rclcpp/rclcpp/memory_strategy.hpp:25[m[K,
                 from [01m[K/opt/ros/humble/include/rclcpp/rclcpp/memory_strategies.hpp:18[m[K,
                 from [01m[K/opt/ros/humble/include/rclcpp/rclcpp/executor_options.hpp:20[m[K,
                 from [01m[K/opt/ros/humble/include/rclcpp/rclcpp/executor.hpp:37[m[K,
                 from [01m[K/opt/ros/humble/include/rclcpp/rclcpp/executors/multi_threaded_executor.hpp:25[m[K,
                 from [01m[K/opt/ros/humble/include/rclcpp/rclcpp/executors.hpp:21[m[K,
                 from [01m[K/opt/ros/humble/include/rclcpp/rclcpp/rclcpp.hpp:155[m[K,
                 from [01m[K/home/oakfox/srtp/ros2_ws/src/ustb_doggo_virtual_model_control/src/virtual_model_control.cpp:1[m[K:
[01m[K/usr/include/c++/11/variant:1232:3:[m[K [01;36m[Knote: [m[Kcandidate: ‘[01m[Ktemplate<class ... _Types> constexpr bool std::operator==(const std::variant<_Types ...>&, const std::variant<_Types ...>&)[m[K’
 1232 |   [01;36m[K_VARIANT_RELATION_FUNCTION_TEMPLATE[m[K(==, equal)
      |   [01;36m[K^~~~~~~~~~~~~~~~~~~~~~~~~~~~~~~~~~~[m[K
[01m[K/usr/include/c++/11/variant:1232:3:[m[K [01;36m[Knote: [m[K  template argument deduction/substitution failed:
[01m[K/home/oakfox/srtp/ros2_ws/src/ustb_doggo_virtual_model_control/src/virtual_model_control.cpp:217:26:[m[K [01;36m[Knote: [m[K  ‘[01m[Kstd::vector<long unsigned int>[m[K’ is not derived from ‘[01m[Kconst std::variant<_Types ...>[m[K’
  217 |             if(stance == [01;36m[K1[m[K)//判断是否支撑相
      |                          [01;36m[K^[m[K
In file included from [01m[K/usr/include/eigen3/Eigen/Core:50[m[K,
                 from [01m[K/usr/include/eigen3/Eigen/Dense:1[m[K,
                 from [01m[K/home/oakfox/srtp/ros2_ws/src/ustb_doggo_virtual_model_control/src/virtual_model_control.cpp:4[m[K:
[01m[K/usr/include/c++/11/complex:464:5:[m[K [01;36m[Knote: [m[Kcandidate: ‘[01m[Ktemplate<class _Tp> constexpr bool std::operator==(const std::complex<_Tp>&, const std::complex<_Tp>&)[m[K’
  464 |     [01;36m[Koperator[m[K==(const complex<_Tp>& __x, const complex<_Tp>& __y)
      |     [01;36m[K^~~~~~~~[m[K
[01m[K/usr/include/c++/11/complex:464:5:[m[K [01;36m[Knote: [m[K  template argument deduction/substitution failed:
[01m[K/home/oakfox/srtp/ros2_ws/src/ustb_doggo_virtual_model_control/src/virtual_model_control.cpp:217:26:[m[K [01;36m[Knote: [m[K  ‘[01m[Kstd::vector<long unsigned int>[m[K’ is not derived from ‘[01m[Kconst std::complex<_Tp>[m[K’
  217 |             if(stance == [01;36m[K1[m[K)//判断是否支撑相
      |                          [01;36m[K^[m[K
In file included from [01m[K/usr/include/eigen3/Eigen/Core:50[m[K,
                 from [01m[K/usr/include/eigen3/Eigen/Dense:1[m[K,
                 from [01m[K/home/oakfox/srtp/ros2_ws/src/ustb_doggo_virtual_model_control/src/virtual_model_control.cpp:4[m[K:
[01m[K/usr/include/c++/11/complex:469:5:[m[K [01;36m[Knote: [m[Kcandidate: ‘[01m[Ktemplate<class _Tp> constexpr bool std::operator==(const std::complex<_Tp>&, const _Tp&)[m[K’
  469 |     [01;36m[Koperator[m[K==(const complex<_Tp>& __x, const _Tp& __y)
      |     [01;36m[K^~~~~~~~[m[K
[01m[K/usr/include/c++/11/complex:469:5:[m[K [01;36m[Knote: [m[K  template argument deduction/substitution failed:
[01m[K/home/oakfox/srtp/ros2_ws/src/ustb_doggo_virtual_model_control/src/virtual_model_control.cpp:217:26:[m[K [01;36m[Knote: [m[K  ‘[01m[Kstd::vector<long unsigned int>[m[K’ is not derived from ‘[01m[Kconst std::complex<_Tp>[m[K’
  217 |             if(stance == [01;36m[K1[m[K)//判断是否支撑相
      |                          [01;36m[K^[m[K
In file included from [01m[K/usr/include/eigen3/Eigen/Core:50[m[K,
                 from [01m[K/usr/include/eigen3/Eigen/Dense:1[m[K,
                 from [01m[K/home/oakfox/srtp/ros2_ws/src/ustb_doggo_virtual_model_control/src/virtual_model_control.cpp:4[m[K:
[01m[K/usr/include/c++/11/complex:475:5:[m[K [01;36m[Knote: [m[Kcandidate: ‘[01m[Ktemplate<class _Tp> constexpr bool std::operator==(const _Tp&, const std::complex<_Tp>&)[m[K’
  475 |     [01;36m[Koperator[m[K==(const _Tp& __x, const complex<_Tp>& __y)
      |     [01;36m[K^~~~~~~~[m[K
[01m[K/usr/include/c++/11/complex:475:5:[m[K [01;36m[Knote: [m[K  template argument deduction/substitution failed:
[01m[K/home/oakfox/srtp/ros2_ws/src/ustb_doggo_virtual_model_control/src/virtual_model_control.cpp:217:26:[m[K [01;36m[Knote: [m[K  mismatched types ‘[01m[Kconst std::complex<_Tp>[m[K’ and ‘[01m[Kint[m[K’
  217 |             if(stance == [01;36m[K1[m[K)//判断是否支撑相
      |                          [01;36m[K^[m[K
In file included from [01m[K/usr/include/c++/11/memory:64[m[K,
                 from [01m[K/opt/ros/humble/include/rclcpp/rclcpp/rclcpp.hpp:153[m[K,
                 from [01m[K/home/oakfox/srtp/ros2_ws/src/ustb_doggo_virtual_model_control/src/virtual_model_control.cpp:1[m[K:
[01m[K/usr/include/c++/11/bits/allocator.h:204:7:[m[K [01;36m[Knote: [m[Kcandidate: ‘[01m[Kbool std::operator==(const std::allocator<long unsigned int>&, const std::allocator<long unsigned int>&)[m[K’
  204 |       [01;36m[Koperator[m[K==(const allocator&, const allocator&) _GLIBCXX_NOTHROW
      |       [01;36m[K^~~~~~~~[m[K
[01m[K/usr/include/c++/11/bits/allocator.h:204:18:[m[K [01;36m[Knote: [m[K  no known conversion for argument 1 from ‘[01m[Kstd::vector<long unsigned int>[m[K’ to ‘[01m[Kconst std::allocator<long unsigned int>&[m[K’
  204 |       operator==([01;36m[Kconst allocator&[m[K, const allocator&) _GLIBCXX_NOTHROW
      |                  [01;36m[K^~~~~~~~~~~~~~~~[m[K
In file included from [01m[K/usr/include/c++/11/mutex:42[m[K,
                 from [01m[K/usr/include/c++/11/future:38[m[K,
                 from [01m[K/opt/ros/humble/include/rclcpp/rclcpp/executors.hpp:18[m[K,
                 from [01m[K/opt/ros/humble/include/rclcpp/rclcpp/rclcpp.hpp:155[m[K,
                 from [01m[K/home/oakfox/srtp/ros2_ws/src/ustb_doggo_virtual_model_control/src/virtual_model_control.cpp:1[m[K:
[01m[K/usr/include/c++/11/system_error:362:3:[m[K [01;36m[Knote: [m[Kcandidate: ‘[01m[Kbool std::operator==(const std::error_code&, const std::error_code&)[m[K’
  362 |   [01;36m[Koperator[m[K==(const error_code& __lhs, const error_code& __rhs) noexcept
      |   [01;36m[K^~~~~~~~[m[K
[01m[K/usr/include/c++/11/system_error:362:32:[m[K [01;36m[Knote: [m[K  no known conversion for argument 1 from ‘[01m[Kstd::vector<long unsigned int>[m[K’ to ‘[01m[Kconst std::error_code&[m[K’
  362 |   operator==([01;36m[Kconst error_code& __lhs[m[K, const error_code& __rhs) noexcept
      |              [01;36m[K~~~~~~~~~~~~~~~~~~^~~~~[m[K
[01m[K/usr/include/c++/11/system_error:368:3:[m[K [01;36m[Knote: [m[Kcandidate: ‘[01m[Kbool std::operator==(const std::error_code&, const std::error_condition&)[m[K’
  368 |   [01;36m[Koperator[m[K==(const error_code& __lhs, const error_condition& __rhs) noexcept
      |   [01;36m[K^~~~~~~~[m[K
[01m[K/usr/include/c++/11/system_error:368:32:[m[K [01;36m[Knote: [m[K  no known conversion for argument 1 from ‘[01m[Kstd::vector<long unsigned int>[m[K’ to ‘[01m[Kconst std::error_code&[m[K’
  368 |   operator==([01;36m[Kconst error_code& __lhs[m[K, const error_condition& __rhs) noexcept
      |              [01;36m[K~~~~~~~~~~~~~~~~~~^~~~~[m[K
[01m[K/usr/include/c++/11/system_error:376:3:[m[K [01;36m[Knote: [m[Kcandidate: ‘[01m[Kbool std::operator==(const std::error_condition&, const std::error_condition&)[m[K’
  376 |   [01;36m[Koperator[m[K==(const error_condition& __lhs,
      |   [01;36m[K^~~~~~~~[m[K
[01m[K/usr/include/c++/11/system_error:376:37:[m[K [01;36m[Knote: [m[K  no known conversion for argument 1 from ‘[01m[Kstd::vector<long unsigned int>[m[K’ to ‘[01m[Kconst std::error_condition&[m[K’
  376 |   operator==([01;36m[Kconst error_condition& __lhs[m[K,
      |              [01;36m[K~~~~~~~~~~~~~~~~~~~~~~~^~~~~[m[K
[01m[K/usr/include/c++/11/system_error:408:3:[m[K [01;36m[Knote: [m[Kcandidate: ‘[01m[Kbool std::operator==(const std::error_condition&, const std::error_code&)[m[K’
  408 |   [01;36m[Koperator[m[K==(const error_condition& __lhs, const error_code& __rhs) noexcept
      |   [01;36m[K^~~~~~~~[m[K
[01m[K/usr/include/c++/11/system_error:408:37:[m[K [01;36m[Knote: [m[K  no known conversion for argument 1 from ‘[01m[Kstd::vector<long unsigned int>[m[K’ to ‘[01m[Kconst std::error_condition&[m[K’
  408 |   operator==([01;36m[Kconst error_condition& __lhs[m[K, const error_code& __rhs) noexcept
      |              [01;36m[K~~~~~~~~~~~~~~~~~~~~~~~^~~~~[m[K
In file included from [01m[K/usr/include/c++/11/future:48[m[K,
                 from [01m[K/opt/ros/humble/include/rclcpp/rclcpp/executors.hpp:18[m[K,
                 from [01m[K/opt/ros/humble/include/rclcpp/rclcpp/rclcpp.hpp:155[m[K,
                 from [01m[K/home/oakfox/srtp/ros2_ws/src/ustb_doggo_virtual_model_control/src/virtual_model_control.cpp:1[m[K:
[01m[K/usr/include/c++/11/bits/std_thread.h:287:3:[m[K [01;36m[Knote: [m[Kcandidate: ‘[01m[Kbool std::operator==(std::thread::id, std::thread::id)[m[K’
  287 |   [01;36m[Koperator[m[K==(thread::id __x, thread::id __y) noexcept
      |   [01;36m[K^~~~~~~~[m[K
[01m[K/usr/include/c++/11/bits/std_thread.h:287:25:[m[K [01;36m[Knote: [m[K  no known conversion for argument 1 from ‘[01m[Kstd::vector<long unsigned int>[m[K’ to ‘[01m[Kstd::thread::id[m[K’
  287 |   operator==([01;36m[Kthread::id __x[m[K, thread::id __y) noexcept
      |              [01;36m[K~~~~~~~~~~~^~~[m[K
In file included from [01m[K/opt/ros/humble/include/rclcpp/rclcpp/client.hpp:28[m[K,
                 from [01m[K/opt/ros/humble/include/rclcpp/rclcpp/callback_group.hpp:24[m[K,
                 from [01m[K/opt/ros/humble/include/rclcpp/rclcpp/any_executable.hpp:20[m[K,
                 from [01m[K/opt/ros/humble/include/rclcpp/rclcpp/memory_strategy.hpp:25[m[K,
                 from [01m[K/opt/ros/humble/include/rclcpp/rclcpp/memory_strategies.hpp:18[m[K,
                 from [01m[K/opt/ros/humble/include/rclcpp/rclcpp/executor_options.hpp:20[m[K,
                 from [01m[K/opt/ros/humble/include/rclcpp/rclcpp/executor.hpp:37[m[K,
                 from [01m[K/opt/ros/humble/include/rclcpp/rclcpp/executors/multi_threaded_executor.hpp:25[m[K,
                 from [01m[K/opt/ros/humble/include/rclcpp/rclcpp/executors.hpp:21[m[K,
                 from [01m[K/opt/ros/humble/include/rclcpp/rclcpp/rclcpp.hpp:155[m[K,
                 from [01m[K/home/oakfox/srtp/ros2_ws/src/ustb_doggo_virtual_model_control/src/virtual_model_control.cpp:1[m[K:
[01m[K/usr/include/c++/11/variant:1239:18:[m[K [01;36m[Knote: [m[Kcandidate: ‘[01m[Kconstexpr bool std::operator==(std::monostate, std::monostate)[m[K’
 1239 |   constexpr bool [01;36m[Koperator[m[K==(monostate, monostate) noexcept { return true; }
      |                  [01;36m[K^~~~~~~~[m[K
[01m[K/usr/include/c++/11/variant:1239:29:[m[K [01;36m[Knote: [m[K  no known conversion for argument 1 from ‘[01m[Kstd::vector<long unsigned int>[m[K’ to ‘[01m[Kstd::monostate[m[K’
 1239 |   constexpr bool operator==([01;36m[Kmonostate[m[K, monostate) noexcept { return true; }
      |                             [01;36m[K^~~~~~~~~[m[K
gmake[2]: *** [CMakeFiles/trot_gait_generator.dir/build.make:76：CMakeFiles/trot_gait_generator.dir/src/trot_gait_generator.cpp.o] 错误 1
gmake[1]: *** [CMakeFiles/Makefile2:141：CMakeFiles/trot_gait_generator.dir/all] 错误 2
gmake[1]: *** 正在等待未完成的任务....
gmake[2]: *** [CMakeFiles/virtual_model_control.dir/build.make:76：CMakeFiles/virtual_model_control.dir/src/virtual_model_control.cpp.o] 错误 1
gmake[1]: *** [CMakeFiles/Makefile2:167：CMakeFiles/virtual_model_control.dir/all] 错误 2
gmake: *** [Makefile:146：all] 错误 2
