[0.021s] Invoking command in '/home/oakfox/srtp/ros2_ws/build/ustb_doggo_virtual_model_control': CMAKE_PREFIX_PATH=${CMAKE_PREFIX_PATH}:/opt/ros/humble /usr/bin/cmake --build /home/oakfox/srtp/ros2_ws/build/ustb_doggo_virtual_model_control -- -j16 -l16
[0.081s] [35m[1mConsolidate compiler generated dependencies of target virtual_model_control[0m
[0.093s] [ 66%] Built target keyboard_control_vmc
[0.095s] [ 66%] Built target trot_gait_generator
[0.117s] [ 83%] [32mBuilding CXX object CMakeFiles/virtual_model_control.dir/src/virtual_model_control.cpp.o[0m
[22.944s] [100%] [32m[1mLinking CXX executable virtual_model_control[0m
[24.192s] [100%] Built target virtual_model_control
[24.209s] Invoked command in '/home/oakfox/srtp/ros2_ws/build/ustb_doggo_virtual_model_control' returned '0': CMAKE_PREFIX_PATH=${CMAKE_PREFIX_PATH}:/opt/ros/humble /usr/bin/cmake --build /home/oakfox/srtp/ros2_ws/build/ustb_doggo_virtual_model_control -- -j16 -l16
[24.211s] Invoking command in '/home/oakfox/srtp/ros2_ws/build/ustb_doggo_virtual_model_control': CMAKE_PREFIX_PATH=${CMAKE_PREFIX_PATH}:/opt/ros/humble /usr/bin/cmake --install /home/oakfox/srtp/ros2_ws/build/ustb_doggo_virtual_model_control
[24.220s] -- Install configuration: ""
[24.221s] -- Up-to-date: /home/oakfox/srtp/ros2_ws/install/ustb_doggo_virtual_model_control/lib/ustb_doggo_virtual_model_control/trot_gait_generator
[24.221s] -- Installing: /home/oakfox/srtp/ros2_ws/install/ustb_doggo_virtual_model_control/lib/ustb_doggo_virtual_model_control/virtual_model_control
[24.230s] -- Set runtime path of "/home/oakfox/srtp/ros2_ws/install/ustb_doggo_virtual_model_control/lib/ustb_doggo_virtual_model_control/virtual_model_control" to ""
[24.230s] -- Up-to-date: /home/oakfox/srtp/ros2_ws/install/ustb_doggo_virtual_model_control/lib/ustb_doggo_virtual_model_control/keyboard_control_vmc
[24.231s] -- Up-to-date: /home/oakfox/srtp/ros2_ws/install/ustb_doggo_virtual_model_control/share/ament_index/resource_index/package_run_dependencies/ustb_doggo_virtual_model_control
[24.231s] -- Up-to-date: /home/oakfox/srtp/ros2_ws/install/ustb_doggo_virtual_model_control/share/ament_index/resource_index/parent_prefix_path/ustb_doggo_virtual_model_control
[24.231s] -- Up-to-date: /home/oakfox/srtp/ros2_ws/install/ustb_doggo_virtual_model_control/share/ustb_doggo_virtual_model_control/environment/ament_prefix_path.sh
[24.231s] -- Up-to-date: /home/oakfox/srtp/ros2_ws/install/ustb_doggo_virtual_model_control/share/ustb_doggo_virtual_model_control/environment/ament_prefix_path.dsv
[24.231s] -- Up-to-date: /home/oakfox/srtp/ros2_ws/install/ustb_doggo_virtual_model_control/share/ustb_doggo_virtual_model_control/environment/path.sh
[24.231s] -- Up-to-date: /home/oakfox/srtp/ros2_ws/install/ustb_doggo_virtual_model_control/share/ustb_doggo_virtual_model_control/environment/path.dsv
[24.231s] -- Up-to-date: /home/oakfox/srtp/ros2_ws/install/ustb_doggo_virtual_model_control/share/ustb_doggo_virtual_model_control/local_setup.bash
[24.231s] -- Up-to-date: /home/oakfox/srtp/ros2_ws/install/ustb_doggo_virtual_model_control/share/ustb_doggo_virtual_model_control/local_setup.sh
[24.232s] -- Up-to-date: /home/oakfox/srtp/ros2_ws/install/ustb_doggo_virtual_model_control/share/ustb_doggo_virtual_model_control/local_setup.zsh
[24.232s] -- Up-to-date: /home/oakfox/srtp/ros2_ws/install/ustb_doggo_virtual_model_control/share/ustb_doggo_virtual_model_control/local_setup.dsv
[24.232s] -- Installing: /home/oakfox/srtp/ros2_ws/install/ustb_doggo_virtual_model_control/share/ustb_doggo_virtual_model_control/package.dsv
[24.232s] -- Up-to-date: /home/oakfox/srtp/ros2_ws/install/ustb_doggo_virtual_model_control/share/ament_index/resource_index/packages/ustb_doggo_virtual_model_control
[24.232s] -- Up-to-date: /home/oakfox/srtp/ros2_ws/install/ustb_doggo_virtual_model_control/share/ustb_doggo_virtual_model_control/cmake/ustb_doggo_virtual_model_controlConfig.cmake
[24.232s] -- Up-to-date: /home/oakfox/srtp/ros2_ws/install/ustb_doggo_virtual_model_control/share/ustb_doggo_virtual_model_control/cmake/ustb_doggo_virtual_model_controlConfig-version.cmake
[24.233s] -- Up-to-date: /home/oakfox/srtp/ros2_ws/install/ustb_doggo_virtual_model_control/share/ustb_doggo_virtual_model_control/package.xml
[24.234s] Invoked command in '/home/oakfox/srtp/ros2_ws/build/ustb_doggo_virtual_model_control' returned '0': CMAKE_PREFIX_PATH=${CMAKE_PREFIX_PATH}:/opt/ros/humble /usr/bin/cmake --install /home/oakfox/srtp/ros2_ws/build/ustb_doggo_virtual_model_control
