[0.007s] Invoking command in '/home/oakfox/srtp/ros2_ws/src/ustb_doggo_impedance_controller/build/ustb_doggo_impedance_controller': CMAKE_PREFIX_PATH=/opt/ros/humble /usr/bin/cmake /home/oakfox/srtp/ros2_ws/src/ustb_doggo_impedance_controller -DCMAKE_INSTALL_PREFIX=/home/oakfox/srtp/ros2_ws/src/ustb_doggo_impedance_controller/install/ustb_doggo_impedance_controller
[0.098s] -- The C compiler identification is GNU 11.4.0
[0.185s] -- The CXX compiler identification is GNU 11.4.0
[0.194s] -- Detecting C compiler ABI info
[0.261s] -- Detecting C compiler ABI info - done
[0.267s] -- Check for working C compiler: /usr/bin/cc - skipped
[0.267s] -- Detecting C compile features
[0.268s] -- Detecting C compile features - done
[0.270s] -- Detecting CXX compiler ABI info
[0.334s] -- Detecting CXX compiler ABI info - done
[0.339s] -- Check for working CXX compiler: /usr/bin/c++ - skipped
[0.339s] -- Detecting CXX compile features
[0.340s] -- Detecting CXX compile features - done
[0.347s] -- Found ament_cmake: 1.3.11 (/opt/ros/humble/share/ament_cmake/cmake)
[0.453s] -- Found Python3: /usr/bin/python3 (found version "3.10.12") found components: Interpreter 
[0.520s] -- Found rclcpp: 16.0.12 (/opt/ros/humble/share/rclcpp/cmake)
[0.560s] -- Found rosidl_generator_c: 3.1.6 (/opt/ros/humble/share/rosidl_generator_c/cmake)
[0.563s] -- Found rosidl_adapter: 3.1.6 (/opt/ros/humble/share/rosidl_adapter/cmake)
[0.569s] -- Found rosidl_generator_cpp: 3.1.6 (/opt/ros/humble/share/rosidl_generator_cpp/cmake)
[0.579s] -- Using all available rosidl_typesupport_c: rosidl_typesupport_fastrtps_c;rosidl_typesupport_introspection_c
[0.592s] -- Using all available rosidl_typesupport_cpp: rosidl_typesupport_fastrtps_cpp;rosidl_typesupport_introspection_cpp
[0.622s] -- Found rmw_implementation_cmake: 6.1.2 (/opt/ros/humble/share/rmw_implementation_cmake/cmake)
[0.624s] -- Found rmw_fastrtps_cpp: 6.2.7 (/opt/ros/humble/share/rmw_fastrtps_cpp/cmake)
[0.714s] -- Found OpenSSL: /usr/lib/x86_64-linux-gnu/libcrypto.so (found version "3.0.2")  
[0.736s] -- Found FastRTPS: /opt/ros/humble/include  
[0.766s] -- Using RMW implementation 'rmw_fastrtps_cpp' as default
[0.773s] -- Looking for pthread.h
[0.852s] -- Looking for pthread.h - found
[0.852s] -- Performing Test CMAKE_HAVE_LIBC_PTHREAD
[0.908s] -- Performing Test CMAKE_HAVE_LIBC_PTHREAD - Success
[0.909s] -- Found Threads: TRUE  
[0.951s] -- Found sensor_msgs: 4.9.0 (/opt/ros/humble/share/sensor_msgs/cmake)
[0.979s] -- pinocchio_default FOUND. pinocchio_default at /opt/ros/humble/lib/x86_64-linux-gnu/libpinocchio_default.so
[0.979s] -- pinocchio_parsers FOUND. pinocchio_parsers at /opt/ros/humble/lib/x86_64-linux-gnu/libpinocchio_parsers.so
[0.980s] -- boost_filesystem FOUND. boost_filesystem at /lib/x86_64-linux-gnu/libboost_filesystem.so
[1.009s] -- Found Boost: /usr/include (found version "1.74.0") found components: filesystem serialization system 
[1.011s] -- eigenpy FOUND. eigenpy at /opt/ros/humble/lib/x86_64-linux-gnu/libeigenpy.so
[1.032s] -- Checking for NumPy
[1.213s] --   NUMPY_INCLUDE_DIRS=/usr/lib/python3/dist-packages/numpy/core/include
[1.274s] --   NUMPY_VERSION=1.21.5
[1.453s] -- Found Python3: /usr/bin/python3 (found version "3.10.12") found components: Interpreter Development.Module NumPy 
[1.454s] -- PythonLibraryDirs: 
[1.454s] -- PythonLibVersionString: 3.10.12
[1.468s] -- Python site lib: lib/python3.10/site-packages
[1.468s] -- Python include dirs: /usr/include/python3.10
[1.499s] -- Checking for NumPy
[1.566s] --   NUMPY_INCLUDE_DIRS=/usr/lib/python3/dist-packages/numpy/core/include
[1.635s] --   NUMPY_VERSION=1.21.5
[1.635s] -- NumPy include dir: /usr/lib/python3/dist-packages/numpy/core/include
[1.638s] [33mCMake Warning at /usr/share/cmake-3.22/Modules/FindBoost.cmake:2201 (message):
[1.638s]   No header defined for python310; skipping header check (note: header-only
[1.638s]   libraries have no designated component)
[1.638s] Call Stack (most recent call first):
[1.638s]   /opt/ros/humble/lib/x86_64-linux-gnu/cmake/eigenpy/boost.cmake:148 (find_package)
[1.638s]   /opt/ros/humble/lib/x86_64-linux-gnu/cmake/eigenpy/eigenpyConfig.cmake:149 (SEARCH_FOR_BOOST_PYTHON)
[1.638s]   /usr/share/cmake-3.22/Modules/CMakeFindDependencyMacro.cmake:47 (find_package)
[1.638s]   /opt/ros/humble/lib/x86_64-linux-gnu/cmake/pinocchio/pinocchioConfig.cmake:161 (find_dependency)
[1.638s]   CMakeLists.txt:14 (find_package)
[1.638s] 
[1.638s] [0m
[1.640s] -- Found Boost: /usr/include (found version "1.74.0") found components: python310 
[1.855s] -- Default C++ standard: 201703
[1.855s] -- Minimal C++ standard upgraded to 11
[1.855s] -- C++ standard sufficient: Minimal required 11, currently defined: 17
[1.855s] -- CMAKE_CXX_STANDARD was not set: automatically set to currently defined standard 17
[1.856s] -- hpp-fcl FOUND. hpp-fcl at /opt/ros/humble/lib/x86_64-linux-gnu/libhpp-fcl.so
[1.863s] -- Found Boost: /usr/include (found version "1.74.0") found components: chrono serialization filesystem 
[1.868s] -- C++ standard sufficient: Minimal required 11, currently defined: 17
[1.869s] -- C++ standard sufficient: Minimal required 11, currently defined: 17
[1.870s] -- Found urdf: 2.6.1 (/opt/ros/humble/share/urdf/cmake)
[1.891s] -- Found nav_msgs: 4.9.0 (/opt/ros/humble/share/nav_msgs/cmake)
[1.909s] -- Found ament_lint_auto: 0.12.12 (/opt/ros/humble/share/ament_lint_auto/cmake)
[1.969s] -- Added test 'cppcheck' to perform static code analysis on C / C++ code
[1.969s] -- Configured cppcheck include dirs: $<BUILD_INTERFACE:/home/oakfox/srtp/ros2_ws/src/ustb_doggo_impedance_controller/include>
[1.969s] -- Configured cppcheck exclude dirs and/or files: 
[1.970s] -- Added test 'lint_cmake' to check CMake code style
[1.972s] -- Added test 'uncrustify' to check C / C++ code style
[1.972s] -- Configured uncrustify additional arguments: 
[1.973s] -- Added test 'xmllint' to check XML markup files
[1.974s] -- Configuring done
[1.988s] -- Generating done
[1.992s] -- Build files have been written to: /home/oakfox/srtp/ros2_ws/src/ustb_doggo_impedance_controller/build/ustb_doggo_impedance_controller
[2.001s] Invoked command in '/home/oakfox/srtp/ros2_ws/src/ustb_doggo_impedance_controller/build/ustb_doggo_impedance_controller' returned '0': CMAKE_PREFIX_PATH=/opt/ros/humble /usr/bin/cmake /home/oakfox/srtp/ros2_ws/src/ustb_doggo_impedance_controller -DCMAKE_INSTALL_PREFIX=/home/oakfox/srtp/ros2_ws/src/ustb_doggo_impedance_controller/install/ustb_doggo_impedance_controller
[2.001s] Invoking command in '/home/oakfox/srtp/ros2_ws/src/ustb_doggo_impedance_controller/build/ustb_doggo_impedance_controller': CMAKE_PREFIX_PATH=/opt/ros/humble /usr/bin/cmake --build /home/oakfox/srtp/ros2_ws/src/ustb_doggo_impedance_controller/build/ustb_doggo_impedance_controller -- -j16 -l16
[2.036s] [ 16%] [32mBuilding CXX object CMakeFiles/forward_kinematics.dir/src/forward_kinematics.cpp.o[0m
[2.037s] [ 33%] [32mBuilding CXX object CMakeFiles/joint_impedance.dir/src/joint_impedance.cpp.o[0m
[2.038s] [ 50%] [32mBuilding CXX object CMakeFiles/cartesian_impedance.dir/src/cartesian_impedance.cpp.o[0m
[9.770s] [ 66%] [32m[1mLinking CXX executable joint_impedance[0m
[9.939s] [ 83%] [32m[1mLinking CXX executable forward_kinematics[0m
[10.219s] [ 83%] Built target joint_impedance
[10.349s] [ 83%] Built target forward_kinematics
[17.987s] [100%] [32m[1mLinking CXX executable cartesian_impedance[0m
[18.606s] [100%] Built target cartesian_impedance
[18.613s] Invoked command in '/home/oakfox/srtp/ros2_ws/src/ustb_doggo_impedance_controller/build/ustb_doggo_impedance_controller' returned '0': CMAKE_PREFIX_PATH=/opt/ros/humble /usr/bin/cmake --build /home/oakfox/srtp/ros2_ws/src/ustb_doggo_impedance_controller/build/ustb_doggo_impedance_controller -- -j16 -l16
[18.618s] Invoking command in '/home/oakfox/srtp/ros2_ws/src/ustb_doggo_impedance_controller/build/ustb_doggo_impedance_controller': CMAKE_PREFIX_PATH=/opt/ros/humble /usr/bin/cmake --install /home/oakfox/srtp/ros2_ws/src/ustb_doggo_impedance_controller/build/ustb_doggo_impedance_controller
[18.623s] -- Install configuration: ""
[18.623s] -- Installing: /home/oakfox/srtp/ros2_ws/src/ustb_doggo_impedance_controller/install/ustb_doggo_impedance_controller/lib/ustb_doggo_impedance_controller/joint_impedance
[18.625s] -- Set runtime path of "/home/oakfox/srtp/ros2_ws/src/ustb_doggo_impedance_controller/install/ustb_doggo_impedance_controller/lib/ustb_doggo_impedance_controller/joint_impedance" to ""
[18.625s] -- Installing: /home/oakfox/srtp/ros2_ws/src/ustb_doggo_impedance_controller/install/ustb_doggo_impedance_controller/lib/ustb_doggo_impedance_controller/forward_kinematics
[18.628s] -- Set runtime path of "/home/oakfox/srtp/ros2_ws/src/ustb_doggo_impedance_controller/install/ustb_doggo_impedance_controller/lib/ustb_doggo_impedance_controller/forward_kinematics" to ""
[18.628s] -- Installing: /home/oakfox/srtp/ros2_ws/src/ustb_doggo_impedance_controller/install/ustb_doggo_impedance_controller/lib/ustb_doggo_impedance_controller/cartesian_impedance
[18.633s] -- Set runtime path of "/home/oakfox/srtp/ros2_ws/src/ustb_doggo_impedance_controller/install/ustb_doggo_impedance_controller/lib/ustb_doggo_impedance_controller/cartesian_impedance" to ""
[18.633s] -- Installing: /home/oakfox/srtp/ros2_ws/src/ustb_doggo_impedance_controller/install/ustb_doggo_impedance_controller/share/ament_index/resource_index/package_run_dependencies/ustb_doggo_impedance_controller
[18.633s] -- Installing: /home/oakfox/srtp/ros2_ws/src/ustb_doggo_impedance_controller/install/ustb_doggo_impedance_controller/share/ament_index/resource_index/parent_prefix_path/ustb_doggo_impedance_controller
[18.633s] -- Installing: /home/oakfox/srtp/ros2_ws/src/ustb_doggo_impedance_controller/install/ustb_doggo_impedance_controller/share/ustb_doggo_impedance_controller/environment/ament_prefix_path.sh
[18.633s] -- Installing: /home/oakfox/srtp/ros2_ws/src/ustb_doggo_impedance_controller/install/ustb_doggo_impedance_controller/share/ustb_doggo_impedance_controller/environment/ament_prefix_path.dsv
[18.633s] -- Installing: /home/oakfox/srtp/ros2_ws/src/ustb_doggo_impedance_controller/install/ustb_doggo_impedance_controller/share/ustb_doggo_impedance_controller/environment/path.sh
[18.634s] -- Installing: /home/oakfox/srtp/ros2_ws/src/ustb_doggo_impedance_controller/install/ustb_doggo_impedance_controller/share/ustb_doggo_impedance_controller/environment/path.dsv
[18.634s] -- Installing: /home/oakfox/srtp/ros2_ws/src/ustb_doggo_impedance_controller/install/ustb_doggo_impedance_controller/share/ustb_doggo_impedance_controller/local_setup.bash
[18.634s] -- Installing: /home/oakfox/srtp/ros2_ws/src/ustb_doggo_impedance_controller/install/ustb_doggo_impedance_controller/share/ustb_doggo_impedance_controller/local_setup.sh
[18.634s] -- Installing: /home/oakfox/srtp/ros2_ws/src/ustb_doggo_impedance_controller/install/ustb_doggo_impedance_controller/share/ustb_doggo_impedance_controller/local_setup.zsh
[18.634s] -- Installing: /home/oakfox/srtp/ros2_ws/src/ustb_doggo_impedance_controller/install/ustb_doggo_impedance_controller/share/ustb_doggo_impedance_controller/local_setup.dsv
[18.634s] -- Installing: /home/oakfox/srtp/ros2_ws/src/ustb_doggo_impedance_controller/install/ustb_doggo_impedance_controller/share/ustb_doggo_impedance_controller/package.dsv
[18.634s] -- Installing: /home/oakfox/srtp/ros2_ws/src/ustb_doggo_impedance_controller/install/ustb_doggo_impedance_controller/share/ament_index/resource_index/packages/ustb_doggo_impedance_controller
[18.634s] -- Installing: /home/oakfox/srtp/ros2_ws/src/ustb_doggo_impedance_controller/install/ustb_doggo_impedance_controller/share/ustb_doggo_impedance_controller/cmake/ustb_doggo_impedance_controllerConfig.cmake
[18.634s] -- Installing: /home/oakfox/srtp/ros2_ws/src/ustb_doggo_impedance_controller/install/ustb_doggo_impedance_controller/share/ustb_doggo_impedance_controller/cmake/ustb_doggo_impedance_controllerConfig-version.cmake
[18.634s] -- Installing: /home/oakfox/srtp/ros2_ws/src/ustb_doggo_impedance_controller/install/ustb_doggo_impedance_controller/share/ustb_doggo_impedance_controller/package.xml
[18.635s] Invoked command in '/home/oakfox/srtp/ros2_ws/src/ustb_doggo_impedance_controller/build/ustb_doggo_impedance_controller' returned '0': CMAKE_PREFIX_PATH=/opt/ros/humble /usr/bin/cmake --install /home/oakfox/srtp/ros2_ws/src/ustb_doggo_impedance_controller/build/ustb_doggo_impedance_controller
