[0.034s] Invoking command in '/home/oakfox/srtp/ros2_ws/build/ustb_doggo_virtual_model_control': CMAKE_PREFIX_PATH=${CMAKE_PREFIX_PATH}:/opt/ros/humble /usr/bin/cmake --build /home/oakfox/srtp/ros2_ws/build/ustb_doggo_virtual_model_control -- -j16 -l16
[0.058s] -- Found ament_cmake: 1.3.11 (/opt/ros/humble/share/ament_cmake/cmake)
[0.199s] -- Found rclcpp: 16.0.12 (/opt/ros/humble/share/rclcpp/cmake)
[0.227s] -- Found rosidl_generator_c: 3.1.6 (/opt/ros/humble/share/rosidl_generator_c/cmake)
[0.230s] -- Found rosidl_adapter: 3.1.6 (/opt/ros/humble/share/rosidl_adapter/cmake)
[0.236s] -- Found rosidl_generator_cpp: 3.1.6 (/opt/ros/humble/share/rosidl_generator_cpp/cmake)
[0.245s] -- Using all available rosidl_typesupport_c: rosidl_typesupport_fastrtps_c;rosidl_typesupport_introspection_c
[0.257s] -- Using all available rosidl_typesupport_cpp: rosidl_typesupport_fastrtps_cpp;rosidl_typesupport_introspection_cpp
[0.291s] -- Found rmw_implementation_cmake: 6.1.2 (/opt/ros/humble/share/rmw_implementation_cmake/cmake)
[0.293s] -- Found rmw_fastrtps_cpp: 6.2.7 (/opt/ros/humble/share/rmw_fastrtps_cpp/cmake)
[0.395s] -- Using RMW implementation 'rmw_fastrtps_cpp' as default
[0.441s] -- Found sensor_msgs: 4.9.0 (/opt/ros/humble/share/sensor_msgs/cmake)
[0.471s] -- Found nav_msgs: 4.9.0 (/opt/ros/humble/share/nav_msgs/cmake)
[0.491s] -- Found ament_lint_auto: 0.12.12 (/opt/ros/humble/share/ament_lint_auto/cmake)
[0.563s] -- Added test 'cppcheck' to perform static code analysis on C / C++ code
[0.563s] -- Configured cppcheck include dirs: $<BUILD_INTERFACE:/home/oakfox/srtp/ros2_ws/src/ustb_doggo_virtual_model_control/include>
[0.563s] -- Configured cppcheck exclude dirs and/or files: 
[0.563s] -- Added test 'lint_cmake' to check CMake code style
[0.564s] -- Added test 'uncrustify' to check C / C++ code style
[0.564s] -- Configured uncrustify additional arguments: 
[0.564s] -- Added test 'xmllint' to check XML markup files
[0.564s] -- Configuring done
[0.579s] -- Generating done
[0.586s] -- Build files have been written to: /home/oakfox/srtp/ros2_ws/build/ustb_doggo_virtual_model_control
[0.615s] [35m[1mConsolidate compiler generated dependencies of target trot_gait_generator[0m
[0.616s] [35m[1mConsolidate compiler generated dependencies of target virtual_model_control[0m
[0.630s] [ 16%] [32mBuilding CXX object CMakeFiles/keyboard_control_vmc.dir/src/keyboard_control_vmc.cpp.o[0m
[0.633s] [ 33%] [32mBuilding CXX object CMakeFiles/trot_gait_generator.dir/src/trot_gait_generator.cpp.o[0m
[0.640s] [ 66%] Built target virtual_model_control
[3.242s] [01m[K/home/oakfox/srtp/ros2_ws/src/ustb_doggo_virtual_model_control/src/keyboard_control_vmc.cpp:[m[K In member function ‘[01m[Kvoid KeyboardControlVMC::timerCallback()[m[K’:
[3.242s] [01m[K/home/oakfox/srtp/ros2_ws/src/ustb_doggo_virtual_model_control/src/keyboard_control_vmc.cpp:37:24:[m[K [01;31m[Kerror: [m[Kno match for ‘[01m[Koperator=[m[K’ (operand types are ‘[01m[Kstd_msgs::msg::Float64MultiArray_<std::allocator<void> >::_data_type[m[K’ {aka ‘[01m[Kstd::vector<double, std::allocator<double> >[m[K’} and ‘[01m[Kdouble[m[K’)
[3.242s]    37 |             msg.data = [01;31m[Kforward_speed_[m[K;
[3.242s]       |                        [01;31m[K^~~~~~~~~~~~~~[m[K
[3.242s] In file included from [01m[K/usr/include/c++/11/vector:72[m[K,
[3.243s]                  from [01m[K/home/oakfox/srtp/ros2_ws/src/ustb_doggo_virtual_model_control/src/keyboard_control_vmc.cpp:4[m[K:
[3.243s] [01m[K/usr/include/c++/11/bits/vector.tcc:198:5:[m[K [01;36m[Knote: [m[Kcandidate: ‘[01m[Kstd::vector<_Tp, _Alloc>& std::vector<_Tp, _Alloc>::operator=(const std::vector<_Tp, _Alloc>&) [with _Tp = double; _Alloc = std::allocator<double>][m[K’
[3.243s]   198 |     [01;36m[Kvector<_Tp, _Alloc>[m[K::
[3.243s]       |     [01;36m[K^~~~~~~~~~~~~~~~~~~[m[K
[3.243s] [01m[K/usr/include/c++/11/bits/vector.tcc:199:42:[m[K [01;36m[Knote: [m[K  no known conversion for argument 1 from ‘[01m[Kdouble[m[K’ to ‘[01m[Kconst std::vector<double, std::allocator<double> >&[m[K’
[3.243s]   199 |     operator=([01;36m[Kconst vector<_Tp, _Alloc>& __x[m[K)
[3.243s]       |               [01;36m[K~~~~~~~~~~~~~~~~~~~~~~~~~~~^~~[m[K
[3.243s] In file included from [01m[K/usr/include/c++/11/vector:67[m[K,
[3.244s]                  from [01m[K/home/oakfox/srtp/ros2_ws/src/ustb_doggo_virtual_model_control/src/keyboard_control_vmc.cpp:4[m[K:
[3.244s] [01m[K/usr/include/c++/11/bits/stl_vector.h:709:7:[m[K [01;36m[Knote: [m[Kcandidate: ‘[01m[Kstd::vector<_Tp, _Alloc>& std::vector<_Tp, _Alloc>::operator=(std::vector<_Tp, _Alloc>&&) [with _Tp = double; _Alloc = std::allocator<double>][m[K’
[3.244s]   709 |       [01;36m[Koperator[m[K=(vector&& __x) noexcept(_Alloc_traits::_S_nothrow_move())
[3.244s]       |       [01;36m[K^~~~~~~~[m[K
[3.244s] [01m[K/usr/include/c++/11/bits/stl_vector.h:709:26:[m[K [01;36m[Knote: [m[K  no known conversion for argument 1 from ‘[01m[Kdouble[m[K’ to ‘[01m[Kstd::vector<double, std::allocator<double> >&&[m[K’
[3.244s]   709 |       operator=([01;36m[Kvector&& __x[m[K) noexcept(_Alloc_traits::_S_nothrow_move())
[3.244s]       |                 [01;36m[K~~~~~~~~~^~~[m[K
[3.244s] [01m[K/usr/include/c++/11/bits/stl_vector.h:730:7:[m[K [01;36m[Knote: [m[Kcandidate: ‘[01m[Kstd::vector<_Tp, _Alloc>& std::vector<_Tp, _Alloc>::operator=(std::initializer_list<_Tp>) [with _Tp = double; _Alloc = std::allocator<double>][m[K’
[3.244s]   730 |       [01;36m[Koperator[m[K=(initializer_list<value_type> __l)
[3.245s]       |       [01;36m[K^~~~~~~~[m[K
[3.245s] [01m[K/usr/include/c++/11/bits/stl_vector.h:730:46:[m[K [01;36m[Knote: [m[K  no known conversion for argument 1 from ‘[01m[Kdouble[m[K’ to ‘[01m[Kstd::initializer_list<double>[m[K’
[3.245s]   730 |       operator=([01;36m[Kinitializer_list<value_type> __l[m[K)
[3.245s]       |                 [01;36m[K~~~~~~~~~~~~~~~~~~~~~~~~~~~~~^~~[m[K
[4.281s] gmake[2]: *** [CMakeFiles/keyboard_control_vmc.dir/build.make:76：CMakeFiles/keyboard_control_vmc.dir/src/keyboard_control_vmc.cpp.o] 错误 1
[4.282s] gmake[1]: *** [CMakeFiles/Makefile2:193：CMakeFiles/keyboard_control_vmc.dir/all] 错误 2
[4.282s] gmake[1]: *** 正在等待未完成的任务....
[5.684s] [ 83%] [32m[1mLinking CXX executable trot_gait_generator[0m
[5.928s] [ 83%] Built target trot_gait_generator
[5.930s] gmake: *** [Makefile:146：all] 错误 2
[5.934s] Invoked command in '/home/oakfox/srtp/ros2_ws/build/ustb_doggo_virtual_model_control' returned '2': CMAKE_PREFIX_PATH=${CMAKE_PREFIX_PATH}:/opt/ros/humble /usr/bin/cmake --build /home/oakfox/srtp/ros2_ws/build/ustb_doggo_virtual_model_control -- -j16 -l16
