[35m[1mConsolidate compiler generated dependencies of target keyboard_control_vmc[0m
[ 16%] [32mBuilding CXX object CMakeFiles/trot_gait_generator.dir/src/trot_gait_generator.cpp.o[0m
[ 33%] [32mBuilding CXX object CMakeFiles/keyboard_control_vmc.dir/src/keyboard_control_vmc.cpp.o[0m
[ 66%] Built target virtual_model_control
[01m[K/home/oakfox/srtp/ros2_ws/src/ustb_doggo_virtual_model_control/src/keyboard_control_vmc.cpp:[m[K In member function ‘[01m[Kvoid KeyboardControlVMC::timerCallback()[m[K’:
[01m[K/home/oakfox/srtp/ros2_ws/src/ustb_doggo_virtual_model_control/src/keyboard_control_vmc.cpp:37:24:[m[K [01;31m[Kerror: [m[Kno match for ‘[01m[Koperator-[m[K’ (operand type is ‘[01m[Kstd::vector<double, std::allocator<double> >[m[K’)
   37 |             msg.data = [01;31m[K-forward_speed_[m[K;
      |                        [01;31m[K^~~~~~~~~~~~~~~[m[K
In file included from [01m[K/usr/include/c++/11/bits/stl_algobase.h:67[m[K,
                 from [01m[K/usr/include/c++/11/vector:60[m[K,
                 from [01m[K/home/oakfox/srtp/ros2_ws/src/ustb_doggo_virtual_model_control/src/keyboard_control_vmc.cpp:4[m[K:
[01m[K/usr/include/c++/11/bits/stl_iterator.h:1255:5:[m[K [01;36m[Knote: [m[Kcandidate: ‘[01m[Ktemplate<class _IteratorL, class _IteratorR, class _Container> decltype ((__lhs.base() - __rhs.base())) __gnu_cxx::operator-(const __gnu_cxx::__normal_iterator<_IteratorL, _Container>&, const __gnu_cxx::__normal_iterator<_IteratorR, _Container>&)[m[K’
 1255 |     [01;36m[Koperator[m[K-(const __normal_iterator<_IteratorL, _Container>& __lhs,
      |     [01;36m[K^~~~~~~~[m[K
[01m[K/usr/include/c++/11/bits/stl_iterator.h:1255:5:[m[K [01;36m[Knote: [m[K  template argument deduction/substitution failed:
[01m[K/home/oakfox/srtp/ros2_ws/src/ustb_doggo_virtual_model_control/src/keyboard_control_vmc.cpp:37:25:[m[K [01;36m[Knote: [m[K  ‘[01m[Kstd::vector<double, std::allocator<double> >[m[K’ is not derived from ‘[01m[Kconst __gnu_cxx::__normal_iterator<_IteratorL, _Container>[m[K’
   37 |             msg.data = -[01;36m[Kforward_speed_[m[K;
      |                         [01;36m[K^~~~~~~~~~~~~~[m[K
In file included from [01m[K/usr/include/c++/11/bits/stl_algobase.h:67[m[K,
                 from [01m[K/usr/include/c++/11/vector:60[m[K,
                 from [01m[K/home/oakfox/srtp/ros2_ws/src/ustb_doggo_virtual_model_control/src/keyboard_control_vmc.cpp:4[m[K:
[01m[K/usr/include/c++/11/bits/stl_iterator.h:1268:5:[m[K [01;36m[Knote: [m[Kcandidate: ‘[01m[Ktemplate<class _Iterator, class _Container> typename __gnu_cxx::__normal_iterator<_Iterator, _Container>::difference_type __gnu_cxx::operator-(const __gnu_cxx::__normal_iterator<_Iterator, _Container>&, const __gnu_cxx::__normal_iterator<_Iterator, _Container>&)[m[K’
 1268 |     [01;36m[Koperator[m[K-(const __normal_iterator<_Iterator, _Container>& __lhs,
      |     [01;36m[K^~~~~~~~[m[K
[01m[K/usr/include/c++/11/bits/stl_iterator.h:1268:5:[m[K [01;36m[Knote: [m[K  template argument deduction/substitution failed:
[01m[K/home/oakfox/srtp/ros2_ws/src/ustb_doggo_virtual_model_control/src/keyboard_control_vmc.cpp:37:25:[m[K [01;36m[Knote: [m[K  ‘[01m[Kstd::vector<double, std::allocator<double> >[m[K’ is not derived from ‘[01m[Kconst __gnu_cxx::__normal_iterator<_Iterator, _Container>[m[K’
   37 |             msg.data = -[01;36m[Kforward_speed_[m[K;
      |                         [01;36m[K^~~~~~~~~~~~~~[m[K
In file included from [01m[K/usr/include/c++/11/bits/stl_algobase.h:67[m[K,
                 from [01m[K/usr/include/c++/11/vector:60[m[K,
                 from [01m[K/home/oakfox/srtp/ros2_ws/src/ustb_doggo_virtual_model_control/src/keyboard_control_vmc.cpp:4[m[K:
[01m[K/usr/include/c++/11/bits/stl_iterator.h:577:5:[m[K [01;36m[Knote: [m[Kcandidate: ‘[01m[Ktemplate<class _IteratorL, class _IteratorR> constexpr decltype ((__y.base() - __x.base())) std::operator-(const std::reverse_iterator<_Iterator>&, const std::reverse_iterator<_IteratorR>&)[m[K’
  577 |     [01;36m[Koperator[m[K-(const reverse_iterator<_IteratorL>& __x,
      |     [01;36m[K^~~~~~~~[m[K
[01m[K/usr/include/c++/11/bits/stl_iterator.h:577:5:[m[K [01;36m[Knote: [m[K  template argument deduction/substitution failed:
[01m[K/home/oakfox/srtp/ros2_ws/src/ustb_doggo_virtual_model_control/src/keyboard_control_vmc.cpp:37:25:[m[K [01;36m[Knote: [m[K  ‘[01m[Kstd::vector<double, std::allocator<double> >[m[K’ is not derived from ‘[01m[Kconst std::reverse_iterator<_Iterator>[m[K’
   37 |             msg.data = -[01;36m[Kforward_speed_[m[K;
      |                         [01;36m[K^~~~~~~~~~~~~~[m[K
In file included from [01m[K/usr/include/c++/11/bits/stl_algobase.h:67[m[K,
                 from [01m[K/usr/include/c++/11/vector:60[m[K,
                 from [01m[K/home/oakfox/srtp/ros2_ws/src/ustb_doggo_virtual_model_control/src/keyboard_control_vmc.cpp:4[m[K:
[01m[K/usr/include/c++/11/bits/stl_iterator.h:1693:5:[m[K [01;36m[Knote: [m[Kcandidate: ‘[01m[Ktemplate<class _IteratorL, class _IteratorR> constexpr decltype ((__x.base() - __y.base())) std::operator-(const std::move_iterator<_IteratorL>&, const std::move_iterator<_IteratorR>&)[m[K’
 1693 |     [01;36m[Koperator[m[K-(const move_iterator<_IteratorL>& __x,
      |     [01;36m[K^~~~~~~~[m[K
[01m[K/usr/include/c++/11/bits/stl_iterator.h:1693:5:[m[K [01;36m[Knote: [m[K  template argument deduction/substitution failed:
[01m[K/home/oakfox/srtp/ros2_ws/src/ustb_doggo_virtual_model_control/src/keyboard_control_vmc.cpp:37:25:[m[K [01;36m[Knote: [m[K  ‘[01m[Kstd::vector<double, std::allocator<double> >[m[K’ is not derived from ‘[01m[Kconst std::move_iterator<_IteratorL>[m[K’
   37 |             msg.data = -[01;36m[Kforward_speed_[m[K;
      |                         [01;36m[K^~~~~~~~~~~~~~[m[K
gmake[2]: *** [CMakeFiles/keyboard_control_vmc.dir/build.make:76：CMakeFiles/keyboard_control_vmc.dir/src/keyboard_control_vmc.cpp.o] 错误 1
gmake[1]: *** [CMakeFiles/Makefile2:193：CMakeFiles/keyboard_control_vmc.dir/all] 错误 2
gmake[1]: *** 正在等待未完成的任务....
[ 83%] [32m[1mLinking CXX executable trot_gait_generator[0m
[ 83%] Built target trot_gait_generator
gmake: *** [Makefile:146：all] 错误 2
