[0.019s] Invoking command in '/home/oakfox/srtp/ros2_ws/build/ustb_doggo_virtual_model_control': CMAKE_PREFIX_PATH=${CMAKE_PREFIX_PATH}:/opt/ros/humble /usr/bin/cmake --build /home/oakfox/srtp/ros2_ws/build/ustb_doggo_virtual_model_control -- -j16 -l16
[0.076s] [35m[1mConsolidate compiler generated dependencies of target keyboard_control_vmc[0m
[0.098s] [ 16%] [32mBuilding CXX object CMakeFiles/trot_gait_generator.dir/src/trot_gait_generator.cpp.o[0m
[0.106s] [ 33%] [32mBuilding CXX object CMakeFiles/keyboard_control_vmc.dir/src/keyboard_control_vmc.cpp.o[0m
[0.108s] [ 66%] Built target virtual_model_control
[2.920s] [01m[K/home/oakfox/srtp/ros2_ws/src/ustb_doggo_virtual_model_control/src/keyboard_control_vmc.cpp:[m[K In member function ‘[01m[Kvoid KeyboardControlVMC::timerCallback()[m[K’:
[2.920s] [01m[K/home/oakfox/srtp/ros2_ws/src/ustb_doggo_virtual_model_control/src/keyboard_control_vmc.cpp:37:24:[m[K [01;31m[Kerror: [m[Kno match for ‘[01m[Koperator-[m[K’ (operand type is ‘[01m[Kstd::vector<double, std::allocator<double> >[m[K’)
[2.921s]    37 |             msg.data = [01;31m[K-forward_speed_[m[K;
[2.921s]       |                        [01;31m[K^~~~~~~~~~~~~~~[m[K
[2.921s] In file included from [01m[K/usr/include/c++/11/bits/stl_algobase.h:67[m[K,
[2.921s]                  from [01m[K/usr/include/c++/11/vector:60[m[K,
[2.922s]                  from [01m[K/home/oakfox/srtp/ros2_ws/src/ustb_doggo_virtual_model_control/src/keyboard_control_vmc.cpp:4[m[K:
[2.922s] [01m[K/usr/include/c++/11/bits/stl_iterator.h:1255:5:[m[K [01;36m[Knote: [m[Kcandidate: ‘[01m[Ktemplate<class _IteratorL, class _IteratorR, class _Container> decltype ((__lhs.base() - __rhs.base())) __gnu_cxx::operator-(const __gnu_cxx::__normal_iterator<_IteratorL, _Container>&, const __gnu_cxx::__normal_iterator<_IteratorR, _Container>&)[m[K’
[2.922s]  1255 |     [01;36m[Koperator[m[K-(const __normal_iterator<_IteratorL, _Container>& __lhs,
[2.922s]       |     [01;36m[K^~~~~~~~[m[K
[2.922s] [01m[K/usr/include/c++/11/bits/stl_iterator.h:1255:5:[m[K [01;36m[Knote: [m[K  template argument deduction/substitution failed:
[2.922s] [01m[K/home/oakfox/srtp/ros2_ws/src/ustb_doggo_virtual_model_control/src/keyboard_control_vmc.cpp:37:25:[m[K [01;36m[Knote: [m[K  ‘[01m[Kstd::vector<double, std::allocator<double> >[m[K’ is not derived from ‘[01m[Kconst __gnu_cxx::__normal_iterator<_IteratorL, _Container>[m[K’
[2.922s]    37 |             msg.data = -[01;36m[Kforward_speed_[m[K;
[2.922s]       |                         [01;36m[K^~~~~~~~~~~~~~[m[K
[2.922s] In file included from [01m[K/usr/include/c++/11/bits/stl_algobase.h:67[m[K,
[2.923s]                  from [01m[K/usr/include/c++/11/vector:60[m[K,
[2.923s]                  from [01m[K/home/oakfox/srtp/ros2_ws/src/ustb_doggo_virtual_model_control/src/keyboard_control_vmc.cpp:4[m[K:
[2.923s] [01m[K/usr/include/c++/11/bits/stl_iterator.h:1268:5:[m[K [01;36m[Knote: [m[Kcandidate: ‘[01m[Ktemplate<class _Iterator, class _Container> typename __gnu_cxx::__normal_iterator<_Iterator, _Container>::difference_type __gnu_cxx::operator-(const __gnu_cxx::__normal_iterator<_Iterator, _Container>&, const __gnu_cxx::__normal_iterator<_Iterator, _Container>&)[m[K’
[2.923s]  1268 |     [01;36m[Koperator[m[K-(const __normal_iterator<_Iterator, _Container>& __lhs,
[2.923s]       |     [01;36m[K^~~~~~~~[m[K
[2.923s] [01m[K/usr/include/c++/11/bits/stl_iterator.h:1268:5:[m[K [01;36m[Knote: [m[K  template argument deduction/substitution failed:
[2.923s] [01m[K/home/oakfox/srtp/ros2_ws/src/ustb_doggo_virtual_model_control/src/keyboard_control_vmc.cpp:37:25:[m[K [01;36m[Knote: [m[K  ‘[01m[Kstd::vector<double, std::allocator<double> >[m[K’ is not derived from ‘[01m[Kconst __gnu_cxx::__normal_iterator<_Iterator, _Container>[m[K’
[2.923s]    37 |             msg.data = -[01;36m[Kforward_speed_[m[K;
[2.923s]       |                         [01;36m[K^~~~~~~~~~~~~~[m[K
[2.923s] In file included from [01m[K/usr/include/c++/11/bits/stl_algobase.h:67[m[K,
[2.924s]                  from [01m[K/usr/include/c++/11/vector:60[m[K,
[2.924s]                  from [01m[K/home/oakfox/srtp/ros2_ws/src/ustb_doggo_virtual_model_control/src/keyboard_control_vmc.cpp:4[m[K:
[2.924s] [01m[K/usr/include/c++/11/bits/stl_iterator.h:577:5:[m[K [01;36m[Knote: [m[Kcandidate: ‘[01m[Ktemplate<class _IteratorL, class _IteratorR> constexpr decltype ((__y.base() - __x.base())) std::operator-(const std::reverse_iterator<_Iterator>&, const std::reverse_iterator<_IteratorR>&)[m[K’
[2.924s]   577 |     [01;36m[Koperator[m[K-(const reverse_iterator<_IteratorL>& __x,
[2.924s]       |     [01;36m[K^~~~~~~~[m[K
[2.924s] [01m[K/usr/include/c++/11/bits/stl_iterator.h:577:5:[m[K [01;36m[Knote: [m[K  template argument deduction/substitution failed:
[2.924s] [01m[K/home/oakfox/srtp/ros2_ws/src/ustb_doggo_virtual_model_control/src/keyboard_control_vmc.cpp:37:25:[m[K [01;36m[Knote: [m[K  ‘[01m[Kstd::vector<double, std::allocator<double> >[m[K’ is not derived from ‘[01m[Kconst std::reverse_iterator<_Iterator>[m[K’
[2.924s]    37 |             msg.data = -[01;36m[Kforward_speed_[m[K;
[2.924s]       |                         [01;36m[K^~~~~~~~~~~~~~[m[K
[2.925s] In file included from [01m[K/usr/include/c++/11/bits/stl_algobase.h:67[m[K,
[2.925s]                  from [01m[K/usr/include/c++/11/vector:60[m[K,
[2.925s]                  from [01m[K/home/oakfox/srtp/ros2_ws/src/ustb_doggo_virtual_model_control/src/keyboard_control_vmc.cpp:4[m[K:
[2.925s] [01m[K/usr/include/c++/11/bits/stl_iterator.h:1693:5:[m[K [01;36m[Knote: [m[Kcandidate: ‘[01m[Ktemplate<class _IteratorL, class _IteratorR> constexpr decltype ((__x.base() - __y.base())) std::operator-(const std::move_iterator<_IteratorL>&, const std::move_iterator<_IteratorR>&)[m[K’
[2.925s]  1693 |     [01;36m[Koperator[m[K-(const move_iterator<_IteratorL>& __x,
[2.925s]       |     [01;36m[K^~~~~~~~[m[K
[2.925s] [01m[K/usr/include/c++/11/bits/stl_iterator.h:1693:5:[m[K [01;36m[Knote: [m[K  template argument deduction/substitution failed:
[2.925s] [01m[K/home/oakfox/srtp/ros2_ws/src/ustb_doggo_virtual_model_control/src/keyboard_control_vmc.cpp:37:25:[m[K [01;36m[Knote: [m[K  ‘[01m[Kstd::vector<double, std::allocator<double> >[m[K’ is not derived from ‘[01m[Kconst std::move_iterator<_IteratorL>[m[K’
[2.925s]    37 |             msg.data = -[01;36m[Kforward_speed_[m[K;
[2.926s]       |                         [01;36m[K^~~~~~~~~~~~~~[m[K
[3.979s] gmake[2]: *** [CMakeFiles/keyboard_control_vmc.dir/build.make:76：CMakeFiles/keyboard_control_vmc.dir/src/keyboard_control_vmc.cpp.o] 错误 1
[3.979s] gmake[1]: *** [CMakeFiles/Makefile2:193：CMakeFiles/keyboard_control_vmc.dir/all] 错误 2
[3.979s] gmake[1]: *** 正在等待未完成的任务....
[9.565s] [ 83%] [32m[1mLinking CXX executable trot_gait_generator[0m
[9.994s] [ 83%] Built target trot_gait_generator
[9.995s] gmake: *** [Makefile:146：all] 错误 2
[9.998s] Invoked command in '/home/oakfox/srtp/ros2_ws/build/ustb_doggo_virtual_model_control' returned '2': CMAKE_PREFIX_PATH=${CMAKE_PREFIX_PATH}:/opt/ros/humble /usr/bin/cmake --build /home/oakfox/srtp/ros2_ws/build/ustb_doggo_virtual_model_control -- -j16 -l16
