[ 50%] Built target joint_impedance
[ 50%] Built target keyboard_control
[ 75%] Built target forward_kinematics
[100%] Built target cartesian_impedance
-- Install configuration: ""
-- Up-to-date: /home/oakfox/srtp/ros2_ws/install/ustb_doggo_impedance_controller/lib/ustb_doggo_impedance_controller/joint_impedance
-- Up-to-date: /home/oakfox/srtp/ros2_ws/install/ustb_doggo_impedance_controller/lib/ustb_doggo_impedance_controller/forward_kinematics
-- Up-to-date: /home/oakfox/srtp/ros2_ws/install/ustb_doggo_impedance_controller/lib/ustb_doggo_impedance_controller/cartesian_impedance
-- Up-to-date: /home/oakfox/srtp/ros2_ws/install/ustb_doggo_impedance_controller/lib/ustb_doggo_impedance_controller/keyboard_control
-- Up-to-date: /home/oakfox/srtp/ros2_ws/install/ustb_doggo_impedance_controller/share/ament_index/resource_index/package_run_dependencies/ustb_doggo_impedance_controller
-- Up-to-date: /home/oakfox/srtp/ros2_ws/install/ustb_doggo_impedance_controller/share/ament_index/resource_index/parent_prefix_path/ustb_doggo_impedance_controller
-- Up-to-date: /home/oakfox/srtp/ros2_ws/install/ustb_doggo_impedance_controller/share/ustb_doggo_impedance_controller/environment/ament_prefix_path.sh
-- Up-to-date: /home/oakfox/srtp/ros2_ws/install/ustb_doggo_impedance_controller/share/ustb_doggo_impedance_controller/environment/ament_prefix_path.dsv
-- Up-to-date: /home/oakfox/srtp/ros2_ws/install/ustb_doggo_impedance_controller/share/ustb_doggo_impedance_controller/environment/path.sh
-- Up-to-date: /home/oakfox/srtp/ros2_ws/install/ustb_doggo_impedance_controller/share/ustb_doggo_impedance_controller/environment/path.dsv
-- Up-to-date: /home/oakfox/srtp/ros2_ws/install/ustb_doggo_impedance_controller/share/ustb_doggo_impedance_controller/local_setup.bash
-- Up-to-date: /home/oakfox/srtp/ros2_ws/install/ustb_doggo_impedance_controller/share/ustb_doggo_impedance_controller/local_setup.sh
-- Up-to-date: /home/oakfox/srtp/ros2_ws/install/ustb_doggo_impedance_controller/share/ustb_doggo_impedance_controller/local_setup.zsh
-- Up-to-date: /home/oakfox/srtp/ros2_ws/install/ustb_doggo_impedance_controller/share/ustb_doggo_impedance_controller/local_setup.dsv
-- Installing: /home/oakfox/srtp/ros2_ws/install/ustb_doggo_impedance_controller/share/ustb_doggo_impedance_controller/package.dsv
-- Up-to-date: /home/oakfox/srtp/ros2_ws/install/ustb_doggo_impedance_controller/share/ament_index/resource_index/packages/ustb_doggo_impedance_controller
-- Up-to-date: /home/oakfox/srtp/ros2_ws/install/ustb_doggo_impedance_controller/share/ustb_doggo_impedance_controller/cmake/ustb_doggo_impedance_controllerConfig.cmake
-- Up-to-date: /home/oakfox/srtp/ros2_ws/install/ustb_doggo_impedance_controller/share/ustb_doggo_impedance_controller/cmake/ustb_doggo_impedance_controllerConfig-version.cmake
-- Up-to-date: /home/oakfox/srtp/ros2_ws/install/ustb_doggo_impedance_controller/share/ustb_doggo_impedance_controller/package.xml
