[0.016s] Invoking command in '/home/oakfox/srtp/ros2_ws/build/ustb_doggo_virtual_model_control': CMAKE_PREFIX_PATH=${CMAKE_PREFIX_PATH}:/opt/ros/humble /usr/bin/cmake --build /home/oakfox/srtp/ros2_ws/build/ustb_doggo_virtual_model_control -- -j16 -l16
[0.064s] [35m[1mConsolidate compiler generated dependencies of target keyboard_control_vmc[0m
[0.086s] [ 33%] Built target trot_gait_generator
[0.086s] [ 66%] Built target virtual_model_control
[0.087s] [ 83%] [32mBuilding CXX object CMakeFiles/keyboard_control_vmc.dir/src/keyboard_control_vmc.cpp.o[0m
[2.211s] [01m[K/home/oakfox/srtp/ros2_ws/src/ustb_doggo_virtual_model_control/src/keyboard_control_vmc.cpp:[m[K In member function ‘[01m[Kvoid KeyboardControlVMC::timerCallback()[m[K’:
[2.212s] [01m[K/home/oakfox/srtp/ros2_ws/src/ustb_doggo_virtual_model_control/src/keyboard_control_vmc.cpp:37:40:[m[K [01;31m[Kerror: [m[Kno match for ‘[01m[Koperator=[m[K’ (operand types are ‘[01m[Kstd_msgs::msg::Float64MultiArray_<std::allocator<void> >::_data_type[m[K’ {aka ‘[01m[Kstd::vector<double, std::allocator<double> >[m[K’} and ‘[01m[K__gnu_cxx::__alloc_traits<std::allocator<double>, double>::value_type[m[K’ {aka ‘[01m[Kdouble[m[K’})
[2.212s]    37 |             msg.data = forward_speed_[0[01;31m[K][m[K;
[2.212s]       |                                        [01;31m[K^[m[K
[2.212s] In file included from [01m[K/usr/include/c++/11/vector:72[m[K,
[2.212s]                  from [01m[K/home/oakfox/srtp/ros2_ws/src/ustb_doggo_virtual_model_control/src/keyboard_control_vmc.cpp:4[m[K:
[2.212s] [01m[K/usr/include/c++/11/bits/vector.tcc:198:5:[m[K [01;36m[Knote: [m[Kcandidate: ‘[01m[Kstd::vector<_Tp, _Alloc>& std::vector<_Tp, _Alloc>::operator=(const std::vector<_Tp, _Alloc>&) [with _Tp = double; _Alloc = std::allocator<double>][m[K’
[2.212s]   198 |     [01;36m[Kvector<_Tp, _Alloc>[m[K::
[2.212s]       |     [01;36m[K^~~~~~~~~~~~~~~~~~~[m[K
[2.213s] [01m[K/usr/include/c++/11/bits/vector.tcc:199:42:[m[K [01;36m[Knote: [m[K  no known conversion for argument 1 from ‘[01m[K__gnu_cxx::__alloc_traits<std::allocator<double>, double>::value_type[m[K’ {aka ‘[01m[Kdouble[m[K’} to ‘[01m[Kconst std::vector<double, std::allocator<double> >&[m[K’
[2.213s]   199 |     operator=([01;36m[Kconst vector<_Tp, _Alloc>& __x[m[K)
[2.213s]       |               [01;36m[K~~~~~~~~~~~~~~~~~~~~~~~~~~~^~~[m[K
[2.213s] In file included from [01m[K/usr/include/c++/11/vector:67[m[K,
[2.213s]                  from [01m[K/home/oakfox/srtp/ros2_ws/src/ustb_doggo_virtual_model_control/src/keyboard_control_vmc.cpp:4[m[K:
[2.213s] [01m[K/usr/include/c++/11/bits/stl_vector.h:709:7:[m[K [01;36m[Knote: [m[Kcandidate: ‘[01m[Kstd::vector<_Tp, _Alloc>& std::vector<_Tp, _Alloc>::operator=(std::vector<_Tp, _Alloc>&&) [with _Tp = double; _Alloc = std::allocator<double>][m[K’
[2.213s]   709 |       [01;36m[Koperator[m[K=(vector&& __x) noexcept(_Alloc_traits::_S_nothrow_move())
[2.213s]       |       [01;36m[K^~~~~~~~[m[K
[2.213s] [01m[K/usr/include/c++/11/bits/stl_vector.h:709:26:[m[K [01;36m[Knote: [m[K  no known conversion for argument 1 from ‘[01m[K__gnu_cxx::__alloc_traits<std::allocator<double>, double>::value_type[m[K’ {aka ‘[01m[Kdouble[m[K’} to ‘[01m[Kstd::vector<double, std::allocator<double> >&&[m[K’
[2.213s]   709 |       operator=([01;36m[Kvector&& __x[m[K) noexcept(_Alloc_traits::_S_nothrow_move())
[2.213s]       |                 [01;36m[K~~~~~~~~~^~~[m[K
[2.214s] [01m[K/usr/include/c++/11/bits/stl_vector.h:730:7:[m[K [01;36m[Knote: [m[Kcandidate: ‘[01m[Kstd::vector<_Tp, _Alloc>& std::vector<_Tp, _Alloc>::operator=(std::initializer_list<_Tp>) [with _Tp = double; _Alloc = std::allocator<double>][m[K’
[2.214s]   730 |       [01;36m[Koperator[m[K=(initializer_list<value_type> __l)
[2.214s]       |       [01;36m[K^~~~~~~~[m[K
[2.214s] [01m[K/usr/include/c++/11/bits/stl_vector.h:730:46:[m[K [01;36m[Knote: [m[K  no known conversion for argument 1 from ‘[01m[K__gnu_cxx::__alloc_traits<std::allocator<double>, double>::value_type[m[K’ {aka ‘[01m[Kdouble[m[K’} to ‘[01m[Kstd::initializer_list<double>[m[K’
[2.214s]   730 |       operator=([01;36m[Kinitializer_list<value_type> __l[m[K)
[2.214s]       |                 [01;36m[K~~~~~~~~~~~~~~~~~~~~~~~~~~~~~^~~[m[K
[2.214s] [01m[K/home/oakfox/srtp/ros2_ws/src/ustb_doggo_virtual_model_control/src/keyboard_control_vmc.cpp:[m[K In member function ‘[01m[Kvoid KeyboardControlVMC::processKey(char)[m[K’:
[2.214s] [01m[K/home/oakfox/srtp/ros2_ws/src/ustb_doggo_virtual_model_control/src/keyboard_control_vmc.cpp:56:28:[m[K [01;31m[Kerror: [m[Kno match for ‘[01m[Koperator-=[m[K’ (operand types are ‘[01m[Kstd::vector<double, std::allocator<double> >[m[K’ and ‘[01m[Kdouble[m[K’)
[2.214s]    56 |             [01;31m[Kforward_speed_ -= 0.1[m[K;
[2.214s]       |             [01;31m[K~~~~~~~~~~~~~~~^~~~~~[m[K
[2.214s] [01m[K/home/oakfox/srtp/ros2_ws/src/ustb_doggo_virtual_model_control/src/keyboard_control_vmc.cpp:59:28:[m[K [01;31m[Kerror: [m[Kno match for ‘[01m[Koperator+=[m[K’ (operand types are ‘[01m[Kstd::vector<double, std::allocator<double> >[m[K’ and ‘[01m[Kdouble[m[K’)
[2.214s]    59 |             [01;31m[Kforward_speed_ += 0.1[m[K;
[2.214s]       |             [01;31m[K~~~~~~~~~~~~~~~^~~~~~[m[K
[2.990s] gmake[2]: *** [CMakeFiles/keyboard_control_vmc.dir/build.make:76：CMakeFiles/keyboard_control_vmc.dir/src/keyboard_control_vmc.cpp.o] 错误 1
[2.991s] gmake[1]: *** [CMakeFiles/Makefile2:193：CMakeFiles/keyboard_control_vmc.dir/all] 错误 2
[2.991s] gmake: *** [Makefile:146：all] 错误 2
[2.993s] Invoked command in '/home/oakfox/srtp/ros2_ws/build/ustb_doggo_virtual_model_control' returned '2': CMAKE_PREFIX_PATH=${CMAKE_PREFIX_PATH}:/opt/ros/humble /usr/bin/cmake --build /home/oakfox/srtp/ros2_ws/build/ustb_doggo_virtual_model_control -- -j16 -l16
