[0.143s] DEBUG:colcon:Command line arguments: ['/usr/bin/colcon', 'build']
[0.143s] DEBUG:colcon:Parsed command line arguments: Namespace(log_base=None, log_level=None, verb_name='build', build_base='build', install_base='install', merge_install=False, symlink_install=False, test_result_base=None, continue_on_error=False, executor='parallel', parallel_workers=16, event_handlers=None, ignore_user_meta=False, metas=['./colcon.meta'], base_paths=['.'], packages_ignore=None, packages_ignore_regex=None, paths=None, packages_up_to=None, packages_up_to_regex=None, packages_above=None, packages_above_and_dependencies=None, packages_above_depth=None, packages_select_by_dep=None, packages_skip_by_dep=None, packages_skip_up_to=None, packages_select_build_failed=False, packages_skip_build_finished=False, packages_select_test_failures=False, packages_skip_test_passed=False, packages_select=None, packages_skip=None, packages_select_regex=None, packages_skip_regex=None, packages_start=None, packages_end=None, allow_overriding=[], cmake_args=None, cmake_target=None, cmake_target_skip_unavailable=False, cmake_clean_cache=False, cmake_clean_first=False, cmake_force_configure=False, ament_cmake_args=None, catkin_cmake_args=None, catkin_skip_building_tests=False, verb_parser=<colcon_defaults.argument_parser.defaults.DefaultArgumentsDecorator object at 0x78cea4a37d30>, verb_extension=<colcon_core.verb.build.BuildVerb object at 0x78cea4a378e0>, main=<bound method BuildVerb.main of <colcon_core.verb.build.BuildVerb object at 0x78cea4a378e0>>)
[0.354s] Level 1:colcon.colcon_core.package_discovery:discover_packages(colcon_meta) check parameters
[0.354s] Level 1:colcon.colcon_core.package_discovery:discover_packages(recursive) check parameters
[0.354s] Level 1:colcon.colcon_core.package_discovery:discover_packages(ignore) check parameters
[0.354s] Level 1:colcon.colcon_core.package_discovery:discover_packages(path) check parameters
[0.354s] Level 1:colcon.colcon_core.package_discovery:discover_packages(colcon_meta) discover
[0.354s] Level 1:colcon.colcon_core.package_discovery:discover_packages(recursive) discover
[0.354s] INFO:colcon.colcon_core.package_discovery:Crawling recursively for packages in '/home/oakfox/srtp/ros2_ws'
[0.354s] Level 1:colcon.colcon_core.package_identification:_identify(.) by extensions ['ignore', 'ignore_ament_install']
[0.354s] Level 1:colcon.colcon_core.package_identification:_identify(.) by extension 'ignore'
[0.355s] Level 1:colcon.colcon_core.package_identification:_identify(.) by extension 'ignore_ament_install'
[0.355s] Level 1:colcon.colcon_core.package_identification:_identify(.) by extensions ['colcon_pkg']
[0.355s] Level 1:colcon.colcon_core.package_identification:_identify(.) by extension 'colcon_pkg'
[0.355s] Level 1:colcon.colcon_core.package_identification:_identify(.) by extensions ['colcon_meta']
[0.355s] Level 1:colcon.colcon_core.package_identification:_identify(.) by extension 'colcon_meta'
[0.355s] Level 1:colcon.colcon_core.package_identification:_identify(.) by extensions ['ros']
[0.355s] Level 1:colcon.colcon_core.package_identification:_identify(.) by extension 'ros'
[0.372s] Level 1:colcon.colcon_core.package_identification:_identify(.) by extensions ['cmake', 'python']
[0.372s] Level 1:colcon.colcon_core.package_identification:_identify(.) by extension 'cmake'
[0.372s] Level 1:colcon.colcon_core.package_identification:_identify(.) by extension 'python'
[0.372s] Level 1:colcon.colcon_core.package_identification:_identify(.) by extensions ['python_setup_py']
[0.372s] Level 1:colcon.colcon_core.package_identification:_identify(.) by extension 'python_setup_py'
[0.372s] Level 1:colcon.colcon_core.package_identification:_identify(build) by extensions ['ignore', 'ignore_ament_install']
[0.372s] Level 1:colcon.colcon_core.package_identification:_identify(build) by extension 'ignore'
[0.372s] Level 1:colcon.colcon_core.package_identification:_identify(build) ignored
[0.373s] Level 1:colcon.colcon_core.package_identification:_identify(install) by extensions ['ignore', 'ignore_ament_install']
[0.373s] Level 1:colcon.colcon_core.package_identification:_identify(install) by extension 'ignore'
[0.373s] Level 1:colcon.colcon_core.package_identification:_identify(install) ignored
[0.373s] Level 1:colcon.colcon_core.package_identification:_identify(log) by extensions ['ignore', 'ignore_ament_install']
[0.373s] Level 1:colcon.colcon_core.package_identification:_identify(log) by extension 'ignore'
[0.373s] Level 1:colcon.colcon_core.package_identification:_identify(log) ignored
[0.373s] Level 1:colcon.colcon_core.package_identification:_identify(src) by extensions ['ignore', 'ignore_ament_install']
[0.373s] Level 1:colcon.colcon_core.package_identification:_identify(src) by extension 'ignore'
[0.373s] Level 1:colcon.colcon_core.package_identification:_identify(src) by extension 'ignore_ament_install'
[0.373s] Level 1:colcon.colcon_core.package_identification:_identify(src) by extensions ['colcon_pkg']
[0.374s] Level 1:colcon.colcon_core.package_identification:_identify(src) by extension 'colcon_pkg'
[0.374s] Level 1:colcon.colcon_core.package_identification:_identify(src) by extensions ['colcon_meta']
[0.374s] Level 1:colcon.colcon_core.package_identification:_identify(src) by extension 'colcon_meta'
[0.374s] Level 1:colcon.colcon_core.package_identification:_identify(src) by extensions ['ros']
[0.374s] Level 1:colcon.colcon_core.package_identification:_identify(src) by extension 'ros'
[0.374s] Level 1:colcon.colcon_core.package_identification:_identify(src) by extensions ['cmake', 'python']
[0.374s] Level 1:colcon.colcon_core.package_identification:_identify(src) by extension 'cmake'
[0.374s] Level 1:colcon.colcon_core.package_identification:_identify(src) by extension 'python'
[0.374s] Level 1:colcon.colcon_core.package_identification:_identify(src) by extensions ['python_setup_py']
[0.374s] Level 1:colcon.colcon_core.package_identification:_identify(src) by extension 'python_setup_py'
[0.374s] Level 1:colcon.colcon_core.package_identification:_identify(src/Harmonic Terrain) by extensions ['ignore', 'ignore_ament_install']
[0.374s] Level 1:colcon.colcon_core.package_identification:_identify(src/Harmonic Terrain) by extension 'ignore'
[0.374s] Level 1:colcon.colcon_core.package_identification:_identify(src/Harmonic Terrain) by extension 'ignore_ament_install'
[0.374s] Level 1:colcon.colcon_core.package_identification:_identify(src/Harmonic Terrain) by extensions ['colcon_pkg']
[0.374s] Level 1:colcon.colcon_core.package_identification:_identify(src/Harmonic Terrain) by extension 'colcon_pkg'
[0.374s] Level 1:colcon.colcon_core.package_identification:_identify(src/Harmonic Terrain) by extensions ['colcon_meta']
[0.374s] Level 1:colcon.colcon_core.package_identification:_identify(src/Harmonic Terrain) by extension 'colcon_meta'
[0.375s] Level 1:colcon.colcon_core.package_identification:_identify(src/Harmonic Terrain) by extensions ['ros']
[0.375s] Level 1:colcon.colcon_core.package_identification:_identify(src/Harmonic Terrain) by extension 'ros'
[0.375s] Level 1:colcon.colcon_core.package_identification:_identify(src/Harmonic Terrain) by extensions ['cmake', 'python']
[0.375s] Level 1:colcon.colcon_core.package_identification:_identify(src/Harmonic Terrain) by extension 'cmake'
[0.375s] Level 1:colcon.colcon_core.package_identification:_identify(src/Harmonic Terrain) by extension 'python'
[0.375s] Level 1:colcon.colcon_core.package_identification:_identify(src/Harmonic Terrain) by extensions ['python_setup_py']
[0.375s] Level 1:colcon.colcon_core.package_identification:_identify(src/Harmonic Terrain) by extension 'python_setup_py'
[0.375s] Level 1:colcon.colcon_core.package_identification:_identify(src/Harmonic Terrain/materials) by extensions ['ignore', 'ignore_ament_install']
[0.375s] Level 1:colcon.colcon_core.package_identification:_identify(src/Harmonic Terrain/materials) by extension 'ignore'
[0.375s] Level 1:colcon.colcon_core.package_identification:_identify(src/Harmonic Terrain/materials) by extension 'ignore_ament_install'
[0.375s] Level 1:colcon.colcon_core.package_identification:_identify(src/Harmonic Terrain/materials) by extensions ['colcon_pkg']
[0.375s] Level 1:colcon.colcon_core.package_identification:_identify(src/Harmonic Terrain/materials) by extension 'colcon_pkg'
[0.375s] Level 1:colcon.colcon_core.package_identification:_identify(src/Harmonic Terrain/materials) by extensions ['colcon_meta']
[0.375s] Level 1:colcon.colcon_core.package_identification:_identify(src/Harmonic Terrain/materials) by extension 'colcon_meta'
[0.375s] Level 1:colcon.colcon_core.package_identification:_identify(src/Harmonic Terrain/materials) by extensions ['ros']
[0.375s] Level 1:colcon.colcon_core.package_identification:_identify(src/Harmonic Terrain/materials) by extension 'ros'
[0.375s] Level 1:colcon.colcon_core.package_identification:_identify(src/Harmonic Terrain/materials) by extensions ['cmake', 'python']
[0.376s] Level 1:colcon.colcon_core.package_identification:_identify(src/Harmonic Terrain/materials) by extension 'cmake'
[0.376s] Level 1:colcon.colcon_core.package_identification:_identify(src/Harmonic Terrain/materials) by extension 'python'
[0.376s] Level 1:colcon.colcon_core.package_identification:_identify(src/Harmonic Terrain/materials) by extensions ['python_setup_py']
[0.376s] Level 1:colcon.colcon_core.package_identification:_identify(src/Harmonic Terrain/materials) by extension 'python_setup_py'
[0.376s] Level 1:colcon.colcon_core.package_identification:_identify(src/Harmonic Terrain/materials/textures) by extensions ['ignore', 'ignore_ament_install']
[0.376s] Level 1:colcon.colcon_core.package_identification:_identify(src/Harmonic Terrain/materials/textures) by extension 'ignore'
[0.376s] Level 1:colcon.colcon_core.package_identification:_identify(src/Harmonic Terrain/materials/textures) by extension 'ignore_ament_install'
[0.376s] Level 1:colcon.colcon_core.package_identification:_identify(src/Harmonic Terrain/materials/textures) by extensions ['colcon_pkg']
[0.376s] Level 1:colcon.colcon_core.package_identification:_identify(src/Harmonic Terrain/materials/textures) by extension 'colcon_pkg'
[0.376s] Level 1:colcon.colcon_core.package_identification:_identify(src/Harmonic Terrain/materials/textures) by extensions ['colcon_meta']
[0.376s] Level 1:colcon.colcon_core.package_identification:_identify(src/Harmonic Terrain/materials/textures) by extension 'colcon_meta'
[0.376s] Level 1:colcon.colcon_core.package_identification:_identify(src/Harmonic Terrain/materials/textures) by extensions ['ros']
[0.376s] Level 1:colcon.colcon_core.package_identification:_identify(src/Harmonic Terrain/materials/textures) by extension 'ros'
[0.376s] Level 1:colcon.colcon_core.package_identification:_identify(src/Harmonic Terrain/materials/textures) by extensions ['cmake', 'python']
[0.376s] Level 1:colcon.colcon_core.package_identification:_identify(src/Harmonic Terrain/materials/textures) by extension 'cmake'
[0.376s] Level 1:colcon.colcon_core.package_identification:_identify(src/Harmonic Terrain/materials/textures) by extension 'python'
[0.376s] Level 1:colcon.colcon_core.package_identification:_identify(src/Harmonic Terrain/materials/textures) by extensions ['python_setup_py']
[0.376s] Level 1:colcon.colcon_core.package_identification:_identify(src/Harmonic Terrain/materials/textures) by extension 'python_setup_py'
[0.377s] Level 1:colcon.colcon_core.package_identification:_identify(src/Harmonic Terrain/thumbnails) by extensions ['ignore', 'ignore_ament_install']
[0.377s] Level 1:colcon.colcon_core.package_identification:_identify(src/Harmonic Terrain/thumbnails) by extension 'ignore'
[0.377s] Level 1:colcon.colcon_core.package_identification:_identify(src/Harmonic Terrain/thumbnails) by extension 'ignore_ament_install'
[0.377s] Level 1:colcon.colcon_core.package_identification:_identify(src/Harmonic Terrain/thumbnails) by extensions ['colcon_pkg']
[0.377s] Level 1:colcon.colcon_core.package_identification:_identify(src/Harmonic Terrain/thumbnails) by extension 'colcon_pkg'
[0.377s] Level 1:colcon.colcon_core.package_identification:_identify(src/Harmonic Terrain/thumbnails) by extensions ['colcon_meta']
[0.377s] Level 1:colcon.colcon_core.package_identification:_identify(src/Harmonic Terrain/thumbnails) by extension 'colcon_meta'
[0.377s] Level 1:colcon.colcon_core.package_identification:_identify(src/Harmonic Terrain/thumbnails) by extensions ['ros']
[0.377s] Level 1:colcon.colcon_core.package_identification:_identify(src/Harmonic Terrain/thumbnails) by extension 'ros'
[0.377s] Level 1:colcon.colcon_core.package_identification:_identify(src/Harmonic Terrain/thumbnails) by extensions ['cmake', 'python']
[0.377s] Level 1:colcon.colcon_core.package_identification:_identify(src/Harmonic Terrain/thumbnails) by extension 'cmake'
[0.377s] Level 1:colcon.colcon_core.package_identification:_identify(src/Harmonic Terrain/thumbnails) by extension 'python'
[0.377s] Level 1:colcon.colcon_core.package_identification:_identify(src/Harmonic Terrain/thumbnails) by extensions ['python_setup_py']
[0.377s] Level 1:colcon.colcon_core.package_identification:_identify(src/Harmonic Terrain/thumbnails) by extension 'python_setup_py'
[0.377s] Level 1:colcon.colcon_core.package_identification:_identify(src/ustb_doggo_impedance_controller) by extensions ['ignore', 'ignore_ament_install']
[0.377s] Level 1:colcon.colcon_core.package_identification:_identify(src/ustb_doggo_impedance_controller) by extension 'ignore'
[0.378s] Level 1:colcon.colcon_core.package_identification:_identify(src/ustb_doggo_impedance_controller) by extension 'ignore_ament_install'
[0.378s] Level 1:colcon.colcon_core.package_identification:_identify(src/ustb_doggo_impedance_controller) by extensions ['colcon_pkg']
[0.378s] Level 1:colcon.colcon_core.package_identification:_identify(src/ustb_doggo_impedance_controller) by extension 'colcon_pkg'
[0.378s] Level 1:colcon.colcon_core.package_identification:_identify(src/ustb_doggo_impedance_controller) by extensions ['colcon_meta']
[0.378s] Level 1:colcon.colcon_core.package_identification:_identify(src/ustb_doggo_impedance_controller) by extension 'colcon_meta'
[0.378s] Level 1:colcon.colcon_core.package_identification:_identify(src/ustb_doggo_impedance_controller) by extensions ['ros']
[0.378s] Level 1:colcon.colcon_core.package_identification:_identify(src/ustb_doggo_impedance_controller) by extension 'ros'
[0.382s] DEBUG:colcon.colcon_core.package_identification:Package 'src/ustb_doggo_impedance_controller' with type 'ros.ament_cmake' and name 'ustb_doggo_impedance_controller'
[0.382s] Level 1:colcon.colcon_core.package_identification:_identify(src/ustb_doggo_urdf) by extensions ['ignore', 'ignore_ament_install']
[0.383s] Level 1:colcon.colcon_core.package_identification:_identify(src/ustb_doggo_urdf) by extension 'ignore'
[0.383s] Level 1:colcon.colcon_core.package_identification:_identify(src/ustb_doggo_urdf) by extension 'ignore_ament_install'
[0.383s] Level 1:colcon.colcon_core.package_identification:_identify(src/ustb_doggo_urdf) by extensions ['colcon_pkg']
[0.383s] Level 1:colcon.colcon_core.package_identification:_identify(src/ustb_doggo_urdf) by extension 'colcon_pkg'
[0.383s] Level 1:colcon.colcon_core.package_identification:_identify(src/ustb_doggo_urdf) by extensions ['colcon_meta']
[0.383s] Level 1:colcon.colcon_core.package_identification:_identify(src/ustb_doggo_urdf) by extension 'colcon_meta'
[0.383s] Level 1:colcon.colcon_core.package_identification:_identify(src/ustb_doggo_urdf) by extensions ['ros']
[0.383s] Level 1:colcon.colcon_core.package_identification:_identify(src/ustb_doggo_urdf) by extension 'ros'
[0.384s] DEBUG:colcon.colcon_core.package_identification:Package 'src/ustb_doggo_urdf' with type 'ros.ament_cmake' and name 'ustb_doggo_urdf'
[0.384s] Level 1:colcon.colcon_core.package_identification:_identify(src/ustb_doggo_virtual_model_control) by extensions ['ignore', 'ignore_ament_install']
[0.384s] Level 1:colcon.colcon_core.package_identification:_identify(src/ustb_doggo_virtual_model_control) by extension 'ignore'
[0.384s] Level 1:colcon.colcon_core.package_identification:_identify(src/ustb_doggo_virtual_model_control) by extension 'ignore_ament_install'
[0.384s] Level 1:colcon.colcon_core.package_identification:_identify(src/ustb_doggo_virtual_model_control) by extensions ['colcon_pkg']
[0.385s] Level 1:colcon.colcon_core.package_identification:_identify(src/ustb_doggo_virtual_model_control) by extension 'colcon_pkg'
[0.385s] Level 1:colcon.colcon_core.package_identification:_identify(src/ustb_doggo_virtual_model_control) by extensions ['colcon_meta']
[0.385s] Level 1:colcon.colcon_core.package_identification:_identify(src/ustb_doggo_virtual_model_control) by extension 'colcon_meta'
[0.385s] Level 1:colcon.colcon_core.package_identification:_identify(src/ustb_doggo_virtual_model_control) by extensions ['ros']
[0.385s] Level 1:colcon.colcon_core.package_identification:_identify(src/ustb_doggo_virtual_model_control) by extension 'ros'
[0.386s] DEBUG:colcon.colcon_core.package_identification:Package 'src/ustb_doggo_virtual_model_control' with type 'ros.ament_cmake' and name 'ustb_doggo_virtual_model_control'
[0.386s] Level 1:colcon.colcon_core.package_discovery:discover_packages(recursive) using defaults
[0.386s] Level 1:colcon.colcon_core.package_discovery:discover_packages(ignore) discover
[0.386s] Level 1:colcon.colcon_core.package_discovery:discover_packages(ignore) using defaults
[0.386s] Level 1:colcon.colcon_core.package_discovery:discover_packages(path) discover
[0.386s] Level 1:colcon.colcon_core.package_discovery:discover_packages(path) using defaults
[0.433s] Level 1:colcon.colcon_core.package_discovery:discover_packages(prefix_path) check parameters
[0.433s] Level 1:colcon.colcon_core.package_discovery:discover_packages(prefix_path) discover
[0.435s] DEBUG:colcon.colcon_installed_package_information.package_discovery:Found 3 installed packages in /home/oakfox/srtp/ros2_ws/install
[0.437s] DEBUG:colcon.colcon_installed_package_information.package_discovery:Found 361 installed packages in /opt/ros/humble
[0.440s] Level 1:colcon.colcon_core.package_discovery:discover_packages(prefix_path) using defaults
[0.500s] Level 5:colcon.colcon_core.verb:set package 'ustb_doggo_impedance_controller' build argument 'cmake_args' from command line to 'None'
[0.500s] Level 5:colcon.colcon_core.verb:set package 'ustb_doggo_impedance_controller' build argument 'cmake_target' from command line to 'None'
[0.500s] Level 5:colcon.colcon_core.verb:set package 'ustb_doggo_impedance_controller' build argument 'cmake_target_skip_unavailable' from command line to 'False'
[0.500s] Level 5:colcon.colcon_core.verb:set package 'ustb_doggo_impedance_controller' build argument 'cmake_clean_cache' from command line to 'False'
[0.500s] Level 5:colcon.colcon_core.verb:set package 'ustb_doggo_impedance_controller' build argument 'cmake_clean_first' from command line to 'False'
[0.500s] Level 5:colcon.colcon_core.verb:set package 'ustb_doggo_impedance_controller' build argument 'cmake_force_configure' from command line to 'False'
[0.500s] Level 5:colcon.colcon_core.verb:set package 'ustb_doggo_impedance_controller' build argument 'ament_cmake_args' from command line to 'None'
[0.500s] Level 5:colcon.colcon_core.verb:set package 'ustb_doggo_impedance_controller' build argument 'catkin_cmake_args' from command line to 'None'
[0.500s] Level 5:colcon.colcon_core.verb:set package 'ustb_doggo_impedance_controller' build argument 'catkin_skip_building_tests' from command line to 'False'
[0.500s] DEBUG:colcon.colcon_core.verb:Building package 'ustb_doggo_impedance_controller' with the following arguments: {'ament_cmake_args': None, 'build_base': '/home/oakfox/srtp/ros2_ws/build/ustb_doggo_impedance_controller', 'catkin_cmake_args': None, 'catkin_skip_building_tests': False, 'cmake_args': None, 'cmake_clean_cache': False, 'cmake_clean_first': False, 'cmake_force_configure': False, 'cmake_target': None, 'cmake_target_skip_unavailable': False, 'install_base': '/home/oakfox/srtp/ros2_ws/install/ustb_doggo_impedance_controller', 'merge_install': False, 'path': '/home/oakfox/srtp/ros2_ws/src/ustb_doggo_impedance_controller', 'symlink_install': False, 'test_result_base': None}
[0.501s] Level 5:colcon.colcon_core.verb:set package 'ustb_doggo_urdf' build argument 'cmake_args' from command line to 'None'
[0.501s] Level 5:colcon.colcon_core.verb:set package 'ustb_doggo_urdf' build argument 'cmake_target' from command line to 'None'
[0.501s] Level 5:colcon.colcon_core.verb:set package 'ustb_doggo_urdf' build argument 'cmake_target_skip_unavailable' from command line to 'False'
[0.501s] Level 5:colcon.colcon_core.verb:set package 'ustb_doggo_urdf' build argument 'cmake_clean_cache' from command line to 'False'
[0.501s] Level 5:colcon.colcon_core.verb:set package 'ustb_doggo_urdf' build argument 'cmake_clean_first' from command line to 'False'
[0.501s] Level 5:colcon.colcon_core.verb:set package 'ustb_doggo_urdf' build argument 'cmake_force_configure' from command line to 'False'
[0.501s] Level 5:colcon.colcon_core.verb:set package 'ustb_doggo_urdf' build argument 'ament_cmake_args' from command line to 'None'
[0.501s] Level 5:colcon.colcon_core.verb:set package 'ustb_doggo_urdf' build argument 'catkin_cmake_args' from command line to 'None'
[0.501s] Level 5:colcon.colcon_core.verb:set package 'ustb_doggo_urdf' build argument 'catkin_skip_building_tests' from command line to 'False'
[0.501s] DEBUG:colcon.colcon_core.verb:Building package 'ustb_doggo_urdf' with the following arguments: {'ament_cmake_args': None, 'build_base': '/home/oakfox/srtp/ros2_ws/build/ustb_doggo_urdf', 'catkin_cmake_args': None, 'catkin_skip_building_tests': False, 'cmake_args': None, 'cmake_clean_cache': False, 'cmake_clean_first': False, 'cmake_force_configure': False, 'cmake_target': None, 'cmake_target_skip_unavailable': False, 'install_base': '/home/oakfox/srtp/ros2_ws/install/ustb_doggo_urdf', 'merge_install': False, 'path': '/home/oakfox/srtp/ros2_ws/src/ustb_doggo_urdf', 'symlink_install': False, 'test_result_base': None}
[0.502s] Level 5:colcon.colcon_core.verb:set package 'ustb_doggo_virtual_model_control' build argument 'cmake_args' from command line to 'None'
[0.502s] Level 5:colcon.colcon_core.verb:set package 'ustb_doggo_virtual_model_control' build argument 'cmake_target' from command line to 'None'
[0.502s] Level 5:colcon.colcon_core.verb:set package 'ustb_doggo_virtual_model_control' build argument 'cmake_target_skip_unavailable' from command line to 'False'
[0.502s] Level 5:colcon.colcon_core.verb:set package 'ustb_doggo_virtual_model_control' build argument 'cmake_clean_cache' from command line to 'False'
[0.502s] Level 5:colcon.colcon_core.verb:set package 'ustb_doggo_virtual_model_control' build argument 'cmake_clean_first' from command line to 'False'
[0.502s] Level 5:colcon.colcon_core.verb:set package 'ustb_doggo_virtual_model_control' build argument 'cmake_force_configure' from command line to 'False'
[0.502s] Level 5:colcon.colcon_core.verb:set package 'ustb_doggo_virtual_model_control' build argument 'ament_cmake_args' from command line to 'None'
[0.502s] Level 5:colcon.colcon_core.verb:set package 'ustb_doggo_virtual_model_control' build argument 'catkin_cmake_args' from command line to 'None'
[0.502s] Level 5:colcon.colcon_core.verb:set package 'ustb_doggo_virtual_model_control' build argument 'catkin_skip_building_tests' from command line to 'False'
[0.502s] DEBUG:colcon.colcon_core.verb:Building package 'ustb_doggo_virtual_model_control' with the following arguments: {'ament_cmake_args': None, 'build_base': '/home/oakfox/srtp/ros2_ws/build/ustb_doggo_virtual_model_control', 'catkin_cmake_args': None, 'catkin_skip_building_tests': False, 'cmake_args': None, 'cmake_clean_cache': False, 'cmake_clean_first': False, 'cmake_force_configure': False, 'cmake_target': None, 'cmake_target_skip_unavailable': False, 'install_base': '/home/oakfox/srtp/ros2_ws/install/ustb_doggo_virtual_model_control', 'merge_install': False, 'path': '/home/oakfox/srtp/ros2_ws/src/ustb_doggo_virtual_model_control', 'symlink_install': False, 'test_result_base': None}
[0.502s] INFO:colcon.colcon_core.executor:Executing jobs using 'parallel' executor
[0.504s] DEBUG:colcon.colcon_parallel_executor.executor.parallel:run_until_complete
[0.504s] INFO:colcon.colcon_ros.task.ament_cmake.build:Building ROS package in '/home/oakfox/srtp/ros2_ws/src/ustb_doggo_impedance_controller' with build type 'ament_cmake'
[0.504s] INFO:colcon.colcon_cmake.task.cmake.build:Building CMake package in '/home/oakfox/srtp/ros2_ws/src/ustb_doggo_impedance_controller'
[0.507s] INFO:colcon.colcon_core.plugin_system:Skipping extension 'colcon_core.shell.bat': Not used on non-Windows systems
[0.507s] INFO:colcon.colcon_core.shell:Skip shell extension 'powershell' for command environment: Not usable outside of PowerShell
[0.508s] DEBUG:colcon.colcon_core.shell:Skip shell extension 'dsv' for command environment
[0.513s] INFO:colcon.colcon_ros.task.ament_cmake.build:Building ROS package in '/home/oakfox/srtp/ros2_ws/src/ustb_doggo_urdf' with build type 'ament_cmake'
[0.513s] INFO:colcon.colcon_cmake.task.cmake.build:Building CMake package in '/home/oakfox/srtp/ros2_ws/src/ustb_doggo_urdf'
[0.514s] INFO:colcon.colcon_core.shell:Skip shell extension 'powershell' for command environment: Not usable outside of PowerShell
[0.514s] DEBUG:colcon.colcon_core.shell:Skip shell extension 'dsv' for command environment
[0.519s] INFO:colcon.colcon_ros.task.ament_cmake.build:Building ROS package in '/home/oakfox/srtp/ros2_ws/src/ustb_doggo_virtual_model_control' with build type 'ament_cmake'
[0.519s] INFO:colcon.colcon_cmake.task.cmake.build:Building CMake package in '/home/oakfox/srtp/ros2_ws/src/ustb_doggo_virtual_model_control'
[0.520s] INFO:colcon.colcon_core.shell:Skip shell extension 'powershell' for command environment: Not usable outside of PowerShell
[0.520s] DEBUG:colcon.colcon_core.shell:Skip shell extension 'dsv' for command environment
[0.533s] DEBUG:colcon.colcon_core.event_handler.log_command:Invoking command in '/home/oakfox/srtp/ros2_ws/build/ustb_doggo_impedance_controller': CMAKE_PREFIX_PATH=${CMAKE_PREFIX_PATH}:/opt/ros/humble /usr/bin/cmake --build /home/oakfox/srtp/ros2_ws/build/ustb_doggo_impedance_controller -- -j16 -l16
[0.538s] DEBUG:colcon.colcon_core.event_handler.log_command:Invoking command in '/home/oakfox/srtp/ros2_ws/build/ustb_doggo_urdf': CMAKE_PREFIX_PATH=${CMAKE_PREFIX_PATH}:/opt/ros/humble /usr/bin/cmake --build /home/oakfox/srtp/ros2_ws/build/ustb_doggo_urdf -- -j16 -l16
[0.543s] DEBUG:colcon.colcon_core.event_handler.log_command:Invoking command in '/home/oakfox/srtp/ros2_ws/build/ustb_doggo_virtual_model_control': CMAKE_PREFIX_PATH=${CMAKE_PREFIX_PATH}:/opt/ros/humble /usr/bin/cmake --build /home/oakfox/srtp/ros2_ws/build/ustb_doggo_virtual_model_control -- -j16 -l16
[0.599s] DEBUG:colcon.colcon_core.event_handler.log_command:Invoked command in '/home/oakfox/srtp/ros2_ws/build/ustb_doggo_urdf' returned '0': CMAKE_PREFIX_PATH=${CMAKE_PREFIX_PATH}:/opt/ros/humble /usr/bin/cmake --build /home/oakfox/srtp/ros2_ws/build/ustb_doggo_urdf -- -j16 -l16
[0.615s] DEBUG:colcon.colcon_core.event_handler.log_command:Invoking command in '/home/oakfox/srtp/ros2_ws/build/ustb_doggo_urdf': CMAKE_PREFIX_PATH=${CMAKE_PREFIX_PATH}:/opt/ros/humble /usr/bin/cmake --install /home/oakfox/srtp/ros2_ws/build/ustb_doggo_urdf
[0.633s] Level 1:colcon.colcon_core.environment:create_environment_scripts_only(ustb_doggo_urdf)
[0.637s] DEBUG:colcon.colcon_core.event_handler.log_command:Invoked command in '/home/oakfox/srtp/ros2_ws/build/ustb_doggo_urdf' returned '0': CMAKE_PREFIX_PATH=${CMAKE_PREFIX_PATH}:/opt/ros/humble /usr/bin/cmake --install /home/oakfox/srtp/ros2_ws/build/ustb_doggo_urdf
[0.641s] Level 1:colcon.colcon_core.environment:checking '/home/oakfox/srtp/ros2_ws/install/ustb_doggo_urdf' for CMake module files
[0.643s] Level 1:colcon.colcon_core.environment:checking '/home/oakfox/srtp/ros2_ws/install/ustb_doggo_urdf' for CMake config files
[0.643s] Level 1:colcon.colcon_core.shell:create_environment_hook('ustb_doggo_urdf', 'cmake_prefix_path')
[0.644s] INFO:colcon.colcon_core.shell:Creating environment hook '/home/oakfox/srtp/ros2_ws/install/ustb_doggo_urdf/share/ustb_doggo_urdf/hook/cmake_prefix_path.ps1'
[0.646s] INFO:colcon.colcon_core.shell:Creating environment descriptor '/home/oakfox/srtp/ros2_ws/install/ustb_doggo_urdf/share/ustb_doggo_urdf/hook/cmake_prefix_path.dsv'
[0.648s] INFO:colcon.colcon_core.shell:Creating environment hook '/home/oakfox/srtp/ros2_ws/install/ustb_doggo_urdf/share/ustb_doggo_urdf/hook/cmake_prefix_path.sh'
[0.651s] Level 1:colcon.colcon_core.environment:checking '/home/oakfox/srtp/ros2_ws/install/ustb_doggo_urdf/bin'
[0.651s] Level 1:colcon.colcon_core.environment:checking '/home/oakfox/srtp/ros2_ws/install/ustb_doggo_urdf/lib/pkgconfig/ustb_doggo_urdf.pc'
[0.651s] Level 1:colcon.colcon_core.environment:checking '/home/oakfox/srtp/ros2_ws/install/ustb_doggo_urdf/lib/python3.10/site-packages'
[0.652s] Level 1:colcon.colcon_core.environment:checking '/home/oakfox/srtp/ros2_ws/install/ustb_doggo_urdf/bin'
[0.653s] INFO:colcon.colcon_core.shell:Creating package script '/home/oakfox/srtp/ros2_ws/install/ustb_doggo_urdf/share/ustb_doggo_urdf/package.ps1'
[0.655s] INFO:colcon.colcon_core.shell:Creating package descriptor '/home/oakfox/srtp/ros2_ws/install/ustb_doggo_urdf/share/ustb_doggo_urdf/package.dsv'
[0.656s] INFO:colcon.colcon_core.shell:Creating package script '/home/oakfox/srtp/ros2_ws/install/ustb_doggo_urdf/share/ustb_doggo_urdf/package.sh'
[0.658s] INFO:colcon.colcon_core.shell:Creating package script '/home/oakfox/srtp/ros2_ws/install/ustb_doggo_urdf/share/ustb_doggo_urdf/package.bash'
[0.660s] INFO:colcon.colcon_core.shell:Creating package script '/home/oakfox/srtp/ros2_ws/install/ustb_doggo_urdf/share/ustb_doggo_urdf/package.zsh'
[0.661s] Level 1:colcon.colcon_core.environment:create_file_with_runtime_dependencies(/home/oakfox/srtp/ros2_ws/install/ustb_doggo_urdf/share/colcon-core/packages/ustb_doggo_urdf)
[0.663s] Level 1:colcon.colcon_core.environment:create_environment_scripts_only(ustb_doggo_urdf)
[0.663s] Level 1:colcon.colcon_core.environment:checking '/home/oakfox/srtp/ros2_ws/install/ustb_doggo_urdf' for CMake module files
[0.665s] Level 1:colcon.colcon_core.environment:checking '/home/oakfox/srtp/ros2_ws/install/ustb_doggo_urdf' for CMake config files
[0.666s] Level 1:colcon.colcon_core.shell:create_environment_hook('ustb_doggo_urdf', 'cmake_prefix_path')
[0.666s] INFO:colcon.colcon_core.shell:Creating environment hook '/home/oakfox/srtp/ros2_ws/install/ustb_doggo_urdf/share/ustb_doggo_urdf/hook/cmake_prefix_path.ps1'
[0.668s] INFO:colcon.colcon_core.shell:Creating environment descriptor '/home/oakfox/srtp/ros2_ws/install/ustb_doggo_urdf/share/ustb_doggo_urdf/hook/cmake_prefix_path.dsv'
[0.668s] INFO:colcon.colcon_core.shell:Creating environment hook '/home/oakfox/srtp/ros2_ws/install/ustb_doggo_urdf/share/ustb_doggo_urdf/hook/cmake_prefix_path.sh'
[0.670s] Level 1:colcon.colcon_core.environment:checking '/home/oakfox/srtp/ros2_ws/install/ustb_doggo_urdf/bin'
[0.670s] Level 1:colcon.colcon_core.environment:checking '/home/oakfox/srtp/ros2_ws/install/ustb_doggo_urdf/lib/pkgconfig/ustb_doggo_urdf.pc'
[0.671s] Level 1:colcon.colcon_core.environment:checking '/home/oakfox/srtp/ros2_ws/install/ustb_doggo_urdf/lib/python3.10/site-packages'
[0.671s] Level 1:colcon.colcon_core.environment:checking '/home/oakfox/srtp/ros2_ws/install/ustb_doggo_urdf/bin'
[0.672s] INFO:colcon.colcon_core.shell:Creating package script '/home/oakfox/srtp/ros2_ws/install/ustb_doggo_urdf/share/ustb_doggo_urdf/package.ps1'
[0.673s] INFO:colcon.colcon_core.shell:Creating package descriptor '/home/oakfox/srtp/ros2_ws/install/ustb_doggo_urdf/share/ustb_doggo_urdf/package.dsv'
[0.673s] INFO:colcon.colcon_core.shell:Creating package script '/home/oakfox/srtp/ros2_ws/install/ustb_doggo_urdf/share/ustb_doggo_urdf/package.sh'
[0.674s] INFO:colcon.colcon_core.shell:Creating package script '/home/oakfox/srtp/ros2_ws/install/ustb_doggo_urdf/share/ustb_doggo_urdf/package.bash'
[0.675s] INFO:colcon.colcon_core.shell:Creating package script '/home/oakfox/srtp/ros2_ws/install/ustb_doggo_urdf/share/ustb_doggo_urdf/package.zsh'
[0.675s] Level 1:colcon.colcon_core.environment:create_file_with_runtime_dependencies(/home/oakfox/srtp/ros2_ws/install/ustb_doggo_urdf/share/colcon-core/packages/ustb_doggo_urdf)
[0.682s] DEBUG:colcon.colcon_core.event_handler.log_command:Invoked command in '/home/oakfox/srtp/ros2_ws/build/ustb_doggo_impedance_controller' returned '0': CMAKE_PREFIX_PATH=${CMAKE_PREFIX_PATH}:/opt/ros/humble /usr/bin/cmake --build /home/oakfox/srtp/ros2_ws/build/ustb_doggo_impedance_controller -- -j16 -l16
[0.686s] DEBUG:colcon.colcon_core.event_handler.log_command:Invoking command in '/home/oakfox/srtp/ros2_ws/build/ustb_doggo_impedance_controller': CMAKE_PREFIX_PATH=${CMAKE_PREFIX_PATH}:/opt/ros/humble /usr/bin/cmake --install /home/oakfox/srtp/ros2_ws/build/ustb_doggo_impedance_controller
[0.706s] Level 1:colcon.colcon_core.environment:create_environment_scripts_only(ustb_doggo_impedance_controller)
[0.707s] Level 1:colcon.colcon_core.environment:checking '/home/oakfox/srtp/ros2_ws/install/ustb_doggo_impedance_controller' for CMake module files
[0.708s] DEBUG:colcon.colcon_core.event_handler.log_command:Invoked command in '/home/oakfox/srtp/ros2_ws/build/ustb_doggo_impedance_controller' returned '0': CMAKE_PREFIX_PATH=${CMAKE_PREFIX_PATH}:/opt/ros/humble /usr/bin/cmake --install /home/oakfox/srtp/ros2_ws/build/ustb_doggo_impedance_controller
[0.709s] Level 1:colcon.colcon_core.environment:checking '/home/oakfox/srtp/ros2_ws/install/ustb_doggo_impedance_controller' for CMake config files
[0.709s] Level 1:colcon.colcon_core.shell:create_environment_hook('ustb_doggo_impedance_controller', 'cmake_prefix_path')
[0.710s] INFO:colcon.colcon_core.shell:Creating environment hook '/home/oakfox/srtp/ros2_ws/install/ustb_doggo_impedance_controller/share/ustb_doggo_impedance_controller/hook/cmake_prefix_path.ps1'
[0.710s] INFO:colcon.colcon_core.shell:Creating environment descriptor '/home/oakfox/srtp/ros2_ws/install/ustb_doggo_impedance_controller/share/ustb_doggo_impedance_controller/hook/cmake_prefix_path.dsv'
[0.711s] INFO:colcon.colcon_core.shell:Creating environment hook '/home/oakfox/srtp/ros2_ws/install/ustb_doggo_impedance_controller/share/ustb_doggo_impedance_controller/hook/cmake_prefix_path.sh'
[0.712s] Level 1:colcon.colcon_core.environment:checking '/home/oakfox/srtp/ros2_ws/install/ustb_doggo_impedance_controller/lib'
[0.712s] Level 1:colcon.colcon_core.environment:checking '/home/oakfox/srtp/ros2_ws/install/ustb_doggo_impedance_controller/bin'
[0.712s] Level 1:colcon.colcon_core.environment:checking '/home/oakfox/srtp/ros2_ws/install/ustb_doggo_impedance_controller/lib/pkgconfig/ustb_doggo_impedance_controller.pc'
[0.713s] Level 1:colcon.colcon_core.environment:checking '/home/oakfox/srtp/ros2_ws/install/ustb_doggo_impedance_controller/lib/python3.10/site-packages'
[0.713s] Level 1:colcon.colcon_core.environment:checking '/home/oakfox/srtp/ros2_ws/install/ustb_doggo_impedance_controller/bin'
[0.713s] INFO:colcon.colcon_core.shell:Creating package script '/home/oakfox/srtp/ros2_ws/install/ustb_doggo_impedance_controller/share/ustb_doggo_impedance_controller/package.ps1'
[0.714s] INFO:colcon.colcon_core.shell:Creating package descriptor '/home/oakfox/srtp/ros2_ws/install/ustb_doggo_impedance_controller/share/ustb_doggo_impedance_controller/package.dsv'
[0.715s] INFO:colcon.colcon_core.shell:Creating package script '/home/oakfox/srtp/ros2_ws/install/ustb_doggo_impedance_controller/share/ustb_doggo_impedance_controller/package.sh'
[0.715s] INFO:colcon.colcon_core.shell:Creating package script '/home/oakfox/srtp/ros2_ws/install/ustb_doggo_impedance_controller/share/ustb_doggo_impedance_controller/package.bash'
[0.716s] INFO:colcon.colcon_core.shell:Creating package script '/home/oakfox/srtp/ros2_ws/install/ustb_doggo_impedance_controller/share/ustb_doggo_impedance_controller/package.zsh'
[0.716s] Level 1:colcon.colcon_core.environment:create_file_with_runtime_dependencies(/home/oakfox/srtp/ros2_ws/install/ustb_doggo_impedance_controller/share/colcon-core/packages/ustb_doggo_impedance_controller)
[0.717s] Level 1:colcon.colcon_core.environment:create_environment_scripts_only(ustb_doggo_impedance_controller)
[0.718s] Level 1:colcon.colcon_core.environment:checking '/home/oakfox/srtp/ros2_ws/install/ustb_doggo_impedance_controller' for CMake module files
[0.718s] Level 1:colcon.colcon_core.environment:checking '/home/oakfox/srtp/ros2_ws/install/ustb_doggo_impedance_controller' for CMake config files
[0.718s] Level 1:colcon.colcon_core.shell:create_environment_hook('ustb_doggo_impedance_controller', 'cmake_prefix_path')
[0.719s] INFO:colcon.colcon_core.shell:Creating environment hook '/home/oakfox/srtp/ros2_ws/install/ustb_doggo_impedance_controller/share/ustb_doggo_impedance_controller/hook/cmake_prefix_path.ps1'
[0.719s] INFO:colcon.colcon_core.shell:Creating environment descriptor '/home/oakfox/srtp/ros2_ws/install/ustb_doggo_impedance_controller/share/ustb_doggo_impedance_controller/hook/cmake_prefix_path.dsv'
[0.720s] INFO:colcon.colcon_core.shell:Creating environment hook '/home/oakfox/srtp/ros2_ws/install/ustb_doggo_impedance_controller/share/ustb_doggo_impedance_controller/hook/cmake_prefix_path.sh'
[0.721s] Level 1:colcon.colcon_core.environment:checking '/home/oakfox/srtp/ros2_ws/install/ustb_doggo_impedance_controller/lib'
[0.721s] Level 1:colcon.colcon_core.environment:checking '/home/oakfox/srtp/ros2_ws/install/ustb_doggo_impedance_controller/bin'
[0.721s] Level 1:colcon.colcon_core.environment:checking '/home/oakfox/srtp/ros2_ws/install/ustb_doggo_impedance_controller/lib/pkgconfig/ustb_doggo_impedance_controller.pc'
[0.721s] Level 1:colcon.colcon_core.environment:checking '/home/oakfox/srtp/ros2_ws/install/ustb_doggo_impedance_controller/lib/python3.10/site-packages'
[0.722s] Level 1:colcon.colcon_core.environment:checking '/home/oakfox/srtp/ros2_ws/install/ustb_doggo_impedance_controller/bin'
[0.722s] INFO:colcon.colcon_core.shell:Creating package script '/home/oakfox/srtp/ros2_ws/install/ustb_doggo_impedance_controller/share/ustb_doggo_impedance_controller/package.ps1'
[0.723s] INFO:colcon.colcon_core.shell:Creating package descriptor '/home/oakfox/srtp/ros2_ws/install/ustb_doggo_impedance_controller/share/ustb_doggo_impedance_controller/package.dsv'
[0.724s] INFO:colcon.colcon_core.shell:Creating package script '/home/oakfox/srtp/ros2_ws/install/ustb_doggo_impedance_controller/share/ustb_doggo_impedance_controller/package.sh'
[0.724s] INFO:colcon.colcon_core.shell:Creating package script '/home/oakfox/srtp/ros2_ws/install/ustb_doggo_impedance_controller/share/ustb_doggo_impedance_controller/package.bash'
[0.725s] INFO:colcon.colcon_core.shell:Creating package script '/home/oakfox/srtp/ros2_ws/install/ustb_doggo_impedance_controller/share/ustb_doggo_impedance_controller/package.zsh'
[0.725s] Level 1:colcon.colcon_core.environment:create_file_with_runtime_dependencies(/home/oakfox/srtp/ros2_ws/install/ustb_doggo_impedance_controller/share/colcon-core/packages/ustb_doggo_impedance_controller)
[29.532s] DEBUG:colcon.colcon_core.event_handler.log_command:Invoked command in '/home/oakfox/srtp/ros2_ws/build/ustb_doggo_virtual_model_control' returned '0': CMAKE_PREFIX_PATH=${CMAKE_PREFIX_PATH}:/opt/ros/humble /usr/bin/cmake --build /home/oakfox/srtp/ros2_ws/build/ustb_doggo_virtual_model_control -- -j16 -l16
[29.536s] DEBUG:colcon.colcon_core.event_handler.log_command:Invoking command in '/home/oakfox/srtp/ros2_ws/build/ustb_doggo_virtual_model_control': CMAKE_PREFIX_PATH=${CMAKE_PREFIX_PATH}:/opt/ros/humble /usr/bin/cmake --install /home/oakfox/srtp/ros2_ws/build/ustb_doggo_virtual_model_control
[29.563s] Level 1:colcon.colcon_core.environment:create_environment_scripts_only(ustb_doggo_virtual_model_control)
[29.563s] DEBUG:colcon.colcon_core.event_handler.log_command:Invoked command in '/home/oakfox/srtp/ros2_ws/build/ustb_doggo_virtual_model_control' returned '0': CMAKE_PREFIX_PATH=${CMAKE_PREFIX_PATH}:/opt/ros/humble /usr/bin/cmake --install /home/oakfox/srtp/ros2_ws/build/ustb_doggo_virtual_model_control
[29.564s] Level 1:colcon.colcon_core.environment:checking '/home/oakfox/srtp/ros2_ws/install/ustb_doggo_virtual_model_control' for CMake module files
[29.565s] Level 1:colcon.colcon_core.environment:checking '/home/oakfox/srtp/ros2_ws/install/ustb_doggo_virtual_model_control' for CMake config files
[29.565s] Level 1:colcon.colcon_core.shell:create_environment_hook('ustb_doggo_virtual_model_control', 'cmake_prefix_path')
[29.565s] INFO:colcon.colcon_core.shell:Creating environment hook '/home/oakfox/srtp/ros2_ws/install/ustb_doggo_virtual_model_control/share/ustb_doggo_virtual_model_control/hook/cmake_prefix_path.ps1'
[29.566s] INFO:colcon.colcon_core.shell:Creating environment descriptor '/home/oakfox/srtp/ros2_ws/install/ustb_doggo_virtual_model_control/share/ustb_doggo_virtual_model_control/hook/cmake_prefix_path.dsv'
[29.566s] INFO:colcon.colcon_core.shell:Creating environment hook '/home/oakfox/srtp/ros2_ws/install/ustb_doggo_virtual_model_control/share/ustb_doggo_virtual_model_control/hook/cmake_prefix_path.sh'
[29.567s] Level 1:colcon.colcon_core.environment:checking '/home/oakfox/srtp/ros2_ws/install/ustb_doggo_virtual_model_control/lib'
[29.567s] Level 1:colcon.colcon_core.environment:checking '/home/oakfox/srtp/ros2_ws/install/ustb_doggo_virtual_model_control/bin'
[29.567s] Level 1:colcon.colcon_core.environment:checking '/home/oakfox/srtp/ros2_ws/install/ustb_doggo_virtual_model_control/lib/pkgconfig/ustb_doggo_virtual_model_control.pc'
[29.568s] Level 1:colcon.colcon_core.environment:checking '/home/oakfox/srtp/ros2_ws/install/ustb_doggo_virtual_model_control/lib/python3.10/site-packages'
[29.568s] Level 1:colcon.colcon_core.environment:checking '/home/oakfox/srtp/ros2_ws/install/ustb_doggo_virtual_model_control/bin'
[29.568s] INFO:colcon.colcon_core.shell:Creating package script '/home/oakfox/srtp/ros2_ws/install/ustb_doggo_virtual_model_control/share/ustb_doggo_virtual_model_control/package.ps1'
[29.569s] INFO:colcon.colcon_core.shell:Creating package descriptor '/home/oakfox/srtp/ros2_ws/install/ustb_doggo_virtual_model_control/share/ustb_doggo_virtual_model_control/package.dsv'
[29.570s] INFO:colcon.colcon_core.shell:Creating package script '/home/oakfox/srtp/ros2_ws/install/ustb_doggo_virtual_model_control/share/ustb_doggo_virtual_model_control/package.sh'
[29.570s] INFO:colcon.colcon_core.shell:Creating package script '/home/oakfox/srtp/ros2_ws/install/ustb_doggo_virtual_model_control/share/ustb_doggo_virtual_model_control/package.bash'
[29.571s] INFO:colcon.colcon_core.shell:Creating package script '/home/oakfox/srtp/ros2_ws/install/ustb_doggo_virtual_model_control/share/ustb_doggo_virtual_model_control/package.zsh'
[29.571s] Level 1:colcon.colcon_core.environment:create_file_with_runtime_dependencies(/home/oakfox/srtp/ros2_ws/install/ustb_doggo_virtual_model_control/share/colcon-core/packages/ustb_doggo_virtual_model_control)
[29.572s] Level 1:colcon.colcon_core.environment:create_environment_scripts_only(ustb_doggo_virtual_model_control)
[29.572s] Level 1:colcon.colcon_core.environment:checking '/home/oakfox/srtp/ros2_ws/install/ustb_doggo_virtual_model_control' for CMake module files
[29.573s] Level 1:colcon.colcon_core.environment:checking '/home/oakfox/srtp/ros2_ws/install/ustb_doggo_virtual_model_control' for CMake config files
[29.573s] Level 1:colcon.colcon_core.shell:create_environment_hook('ustb_doggo_virtual_model_control', 'cmake_prefix_path')
[29.573s] INFO:colcon.colcon_core.shell:Creating environment hook '/home/oakfox/srtp/ros2_ws/install/ustb_doggo_virtual_model_control/share/ustb_doggo_virtual_model_control/hook/cmake_prefix_path.ps1'
[29.574s] INFO:colcon.colcon_core.shell:Creating environment descriptor '/home/oakfox/srtp/ros2_ws/install/ustb_doggo_virtual_model_control/share/ustb_doggo_virtual_model_control/hook/cmake_prefix_path.dsv'
[29.574s] INFO:colcon.colcon_core.shell:Creating environment hook '/home/oakfox/srtp/ros2_ws/install/ustb_doggo_virtual_model_control/share/ustb_doggo_virtual_model_control/hook/cmake_prefix_path.sh'
[29.575s] Level 1:colcon.colcon_core.environment:checking '/home/oakfox/srtp/ros2_ws/install/ustb_doggo_virtual_model_control/lib'
[29.575s] Level 1:colcon.colcon_core.environment:checking '/home/oakfox/srtp/ros2_ws/install/ustb_doggo_virtual_model_control/bin'
[29.575s] Level 1:colcon.colcon_core.environment:checking '/home/oakfox/srtp/ros2_ws/install/ustb_doggo_virtual_model_control/lib/pkgconfig/ustb_doggo_virtual_model_control.pc'
[29.576s] Level 1:colcon.colcon_core.environment:checking '/home/oakfox/srtp/ros2_ws/install/ustb_doggo_virtual_model_control/lib/python3.10/site-packages'
[29.576s] Level 1:colcon.colcon_core.environment:checking '/home/oakfox/srtp/ros2_ws/install/ustb_doggo_virtual_model_control/bin'
[29.576s] INFO:colcon.colcon_core.shell:Creating package script '/home/oakfox/srtp/ros2_ws/install/ustb_doggo_virtual_model_control/share/ustb_doggo_virtual_model_control/package.ps1'
[29.577s] INFO:colcon.colcon_core.shell:Creating package descriptor '/home/oakfox/srtp/ros2_ws/install/ustb_doggo_virtual_model_control/share/ustb_doggo_virtual_model_control/package.dsv'
[29.577s] INFO:colcon.colcon_core.shell:Creating package script '/home/oakfox/srtp/ros2_ws/install/ustb_doggo_virtual_model_control/share/ustb_doggo_virtual_model_control/package.sh'
[29.578s] INFO:colcon.colcon_core.shell:Creating package script '/home/oakfox/srtp/ros2_ws/install/ustb_doggo_virtual_model_control/share/ustb_doggo_virtual_model_control/package.bash'
[29.578s] INFO:colcon.colcon_core.shell:Creating package script '/home/oakfox/srtp/ros2_ws/install/ustb_doggo_virtual_model_control/share/ustb_doggo_virtual_model_control/package.zsh'
[29.579s] Level 1:colcon.colcon_core.environment:create_file_with_runtime_dependencies(/home/oakfox/srtp/ros2_ws/install/ustb_doggo_virtual_model_control/share/colcon-core/packages/ustb_doggo_virtual_model_control)
[29.579s] DEBUG:colcon.colcon_parallel_executor.executor.parallel:closing loop
[29.580s] DEBUG:colcon.colcon_parallel_executor.executor.parallel:loop closed
[29.580s] DEBUG:colcon.colcon_parallel_executor.executor.parallel:run_until_complete finished with '0'
[29.580s] DEBUG:colcon.colcon_core.event_reactor:joining thread
[29.588s] INFO:colcon.colcon_core.plugin_system:Skipping extension 'colcon_notification.desktop_notification.terminal_notifier': Not used on non-Darwin systems
[29.588s] INFO:colcon.colcon_core.plugin_system:Skipping extension 'colcon_notification.desktop_notification.win32': Not used on non-Windows systems
[29.588s] INFO:colcon.colcon_notification.desktop_notification:Sending desktop notification using 'notify2'
[29.610s] DEBUG:colcon.colcon_core.event_reactor:joined thread
[29.610s] INFO:colcon.colcon_core.shell:Creating prefix script '/home/oakfox/srtp/ros2_ws/install/local_setup.ps1'
[29.612s] INFO:colcon.colcon_core.shell:Creating prefix util module '/home/oakfox/srtp/ros2_ws/install/_local_setup_util_ps1.py'
[29.613s] INFO:colcon.colcon_core.shell:Creating prefix chain script '/home/oakfox/srtp/ros2_ws/install/setup.ps1'
[29.615s] INFO:colcon.colcon_core.shell:Creating prefix script '/home/oakfox/srtp/ros2_ws/install/local_setup.sh'
[29.616s] INFO:colcon.colcon_core.shell:Creating prefix util module '/home/oakfox/srtp/ros2_ws/install/_local_setup_util_sh.py'
[29.616s] INFO:colcon.colcon_core.shell:Creating prefix chain script '/home/oakfox/srtp/ros2_ws/install/setup.sh'
[29.618s] INFO:colcon.colcon_core.shell:Creating prefix script '/home/oakfox/srtp/ros2_ws/install/local_setup.bash'
[29.618s] INFO:colcon.colcon_core.shell:Creating prefix chain script '/home/oakfox/srtp/ros2_ws/install/setup.bash'
[29.620s] INFO:colcon.colcon_core.shell:Creating prefix script '/home/oakfox/srtp/ros2_ws/install/local_setup.zsh'
[29.620s] INFO:colcon.colcon_core.shell:Creating prefix chain script '/home/oakfox/srtp/ros2_ws/install/setup.zsh'
