[0.017s] Invoking command in '/home/oakfox/srtp/ros2_ws/build/ustb_doggo_virtual_model_control': CMAKE_PREFIX_PATH=${CMAKE_PREFIX_PATH}:/opt/ros/humble /usr/bin/cmake --build /home/oakfox/srtp/ros2_ws/build/ustb_doggo_virtual_model_control -- -j16 -l16
[0.073s] [35m[1mConsolidate compiler generated dependencies of target virtual_model_control[0m
[0.083s] [ 33%] Built target trot_gait_generator
[0.094s] [ 66%] Built target keyboard_control_vmc
[0.095s] [ 83%] [32mBuilding CXX object CMakeFiles/virtual_model_control.dir/src/virtual_model_control.cpp.o[0m
[24.116s] [100%] [32m[1mLinking CXX executable virtual_model_control[0m
[25.479s] [100%] Built target virtual_model_control
[25.497s] Invoked command in '/home/oakfox/srtp/ros2_ws/build/ustb_doggo_virtual_model_control' returned '0': CMAKE_PREFIX_PATH=${CMAKE_PREFIX_PATH}:/opt/ros/humble /usr/bin/cmake --build /home/oakfox/srtp/ros2_ws/build/ustb_doggo_virtual_model_control -- -j16 -l16
[25.499s] Invoking command in '/home/oakfox/srtp/ros2_ws/build/ustb_doggo_virtual_model_control': CMAKE_PREFIX_PATH=${CMAKE_PREFIX_PATH}:/opt/ros/humble /usr/bin/cmake --install /home/oakfox/srtp/ros2_ws/build/ustb_doggo_virtual_model_control
[25.511s] -- Install configuration: ""
[25.511s] -- Up-to-date: /home/oakfox/srtp/ros2_ws/install/ustb_doggo_virtual_model_control/lib/ustb_doggo_virtual_model_control/trot_gait_generator
[25.511s] -- Installing: /home/oakfox/srtp/ros2_ws/install/ustb_doggo_virtual_model_control/lib/ustb_doggo_virtual_model_control/virtual_model_control
[25.521s] -- Set runtime path of "/home/oakfox/srtp/ros2_ws/install/ustb_doggo_virtual_model_control/lib/ustb_doggo_virtual_model_control/virtual_model_control" to ""
[25.522s] -- Up-to-date: /home/oakfox/srtp/ros2_ws/install/ustb_doggo_virtual_model_control/lib/ustb_doggo_virtual_model_control/keyboard_control_vmc
[25.522s] -- Up-to-date: /home/oakfox/srtp/ros2_ws/install/ustb_doggo_virtual_model_control/share/ament_index/resource_index/package_run_dependencies/ustb_doggo_virtual_model_control
[25.522s] -- Up-to-date: /home/oakfox/srtp/ros2_ws/install/ustb_doggo_virtual_model_control/share/ament_index/resource_index/parent_prefix_path/ustb_doggo_virtual_model_control
[25.522s] -- Up-to-date: /home/oakfox/srtp/ros2_ws/install/ustb_doggo_virtual_model_control/share/ustb_doggo_virtual_model_control/environment/ament_prefix_path.sh
[25.522s] -- Up-to-date: /home/oakfox/srtp/ros2_ws/install/ustb_doggo_virtual_model_control/share/ustb_doggo_virtual_model_control/environment/ament_prefix_path.dsv
[25.522s] -- Up-to-date: /home/oakfox/srtp/ros2_ws/install/ustb_doggo_virtual_model_control/share/ustb_doggo_virtual_model_control/environment/path.sh
[25.522s] -- Up-to-date: /home/oakfox/srtp/ros2_ws/install/ustb_doggo_virtual_model_control/share/ustb_doggo_virtual_model_control/environment/path.dsv
[25.523s] -- Up-to-date: /home/oakfox/srtp/ros2_ws/install/ustb_doggo_virtual_model_control/share/ustb_doggo_virtual_model_control/local_setup.bash
[25.523s] -- Up-to-date: /home/oakfox/srtp/ros2_ws/install/ustb_doggo_virtual_model_control/share/ustb_doggo_virtual_model_control/local_setup.sh
[25.523s] -- Up-to-date: /home/oakfox/srtp/ros2_ws/install/ustb_doggo_virtual_model_control/share/ustb_doggo_virtual_model_control/local_setup.zsh
[25.523s] -- Up-to-date: /home/oakfox/srtp/ros2_ws/install/ustb_doggo_virtual_model_control/share/ustb_doggo_virtual_model_control/local_setup.dsv
[25.523s] -- Installing: /home/oakfox/srtp/ros2_ws/install/ustb_doggo_virtual_model_control/share/ustb_doggo_virtual_model_control/package.dsv
[25.523s] -- Up-to-date: /home/oakfox/srtp/ros2_ws/install/ustb_doggo_virtual_model_control/share/ament_index/resource_index/packages/ustb_doggo_virtual_model_control
[25.524s] -- Up-to-date: /home/oakfox/srtp/ros2_ws/install/ustb_doggo_virtual_model_control/share/ustb_doggo_virtual_model_control/cmake/ustb_doggo_virtual_model_controlConfig.cmake
[25.524s] -- Up-to-date: /home/oakfox/srtp/ros2_ws/install/ustb_doggo_virtual_model_control/share/ustb_doggo_virtual_model_control/cmake/ustb_doggo_virtual_model_controlConfig-version.cmake
[25.525s] -- Up-to-date: /home/oakfox/srtp/ros2_ws/install/ustb_doggo_virtual_model_control/share/ustb_doggo_virtual_model_control/package.xml
[25.526s] Invoked command in '/home/oakfox/srtp/ros2_ws/build/ustb_doggo_virtual_model_control' returned '0': CMAKE_PREFIX_PATH=${CMAKE_PREFIX_PATH}:/opt/ros/humble /usr/bin/cmake --install /home/oakfox/srtp/ros2_ws/build/ustb_doggo_virtual_model_control
