[0.017s] Invoking command in '/home/oakfox/srtp/ros2_ws/build/ustb_doggo_impedance_controller': CMAKE_PREFIX_PATH=${CMAKE_PREFIX_PATH}:/opt/ros/humble /usr/bin/cmake --build /home/oakfox/srtp/ros2_ws/build/ustb_doggo_impedance_controller -- -j16 -l16
[0.073s] [ 25%] Built target keyboard_control
[0.076s] [ 50%] Built target forward_kinematics
[0.079s] [ 75%] Built target joint_impedance
[0.092s] [100%] Built target cartesian_impedance
[0.107s] Invoked command in '/home/oakfox/srtp/ros2_ws/build/ustb_doggo_impedance_controller' returned '0': CMAKE_PREFIX_PATH=${CMAKE_PREFIX_PATH}:/opt/ros/humble /usr/bin/cmake --build /home/oakfox/srtp/ros2_ws/build/ustb_doggo_impedance_controller -- -j16 -l16
[0.109s] Invoking command in '/home/oakfox/srtp/ros2_ws/build/ustb_doggo_impedance_controller': CMAKE_PREFIX_PATH=${CMAKE_PREFIX_PATH}:/opt/ros/humble /usr/bin/cmake --install /home/oakfox/srtp/ros2_ws/build/ustb_doggo_impedance_controller
[0.118s] -- Install configuration: ""
[0.119s] -- Up-to-date: /home/oakfox/srtp/ros2_ws/install/ustb_doggo_impedance_controller/lib/ustb_doggo_impedance_controller/joint_impedance
[0.119s] -- Up-to-date: /home/oakfox/srtp/ros2_ws/install/ustb_doggo_impedance_controller/lib/ustb_doggo_impedance_controller/forward_kinematics
[0.119s] -- Up-to-date: /home/oakfox/srtp/ros2_ws/install/ustb_doggo_impedance_controller/lib/ustb_doggo_impedance_controller/cartesian_impedance
[0.119s] -- Up-to-date: /home/oakfox/srtp/ros2_ws/install/ustb_doggo_impedance_controller/lib/ustb_doggo_impedance_controller/keyboard_control
[0.119s] -- Up-to-date: /home/oakfox/srtp/ros2_ws/install/ustb_doggo_impedance_controller/share/ament_index/resource_index/package_run_dependencies/ustb_doggo_impedance_controller
[0.120s] -- Up-to-date: /home/oakfox/srtp/ros2_ws/install/ustb_doggo_impedance_controller/share/ament_index/resource_index/parent_prefix_path/ustb_doggo_impedance_controller
[0.120s] -- Up-to-date: /home/oakfox/srtp/ros2_ws/install/ustb_doggo_impedance_controller/share/ustb_doggo_impedance_controller/environment/ament_prefix_path.sh
[0.120s] -- Up-to-date: /home/oakfox/srtp/ros2_ws/install/ustb_doggo_impedance_controller/share/ustb_doggo_impedance_controller/environment/ament_prefix_path.dsv
[0.120s] -- Up-to-date: /home/oakfox/srtp/ros2_ws/install/ustb_doggo_impedance_controller/share/ustb_doggo_impedance_controller/environment/path.sh
[0.120s] -- Up-to-date: /home/oakfox/srtp/ros2_ws/install/ustb_doggo_impedance_controller/share/ustb_doggo_impedance_controller/environment/path.dsv
[0.120s] -- Up-to-date: /home/oakfox/srtp/ros2_ws/install/ustb_doggo_impedance_controller/share/ustb_doggo_impedance_controller/local_setup.bash
[0.120s] -- Up-to-date: /home/oakfox/srtp/ros2_ws/install/ustb_doggo_impedance_controller/share/ustb_doggo_impedance_controller/local_setup.sh
[0.120s] -- Up-to-date: /home/oakfox/srtp/ros2_ws/install/ustb_doggo_impedance_controller/share/ustb_doggo_impedance_controller/local_setup.zsh
[0.120s] -- Up-to-date: /home/oakfox/srtp/ros2_ws/install/ustb_doggo_impedance_controller/share/ustb_doggo_impedance_controller/local_setup.dsv
[0.120s] -- Installing: /home/oakfox/srtp/ros2_ws/install/ustb_doggo_impedance_controller/share/ustb_doggo_impedance_controller/package.dsv
[0.121s] -- Up-to-date: /home/oakfox/srtp/ros2_ws/install/ustb_doggo_impedance_controller/share/ament_index/resource_index/packages/ustb_doggo_impedance_controller
[0.121s] -- Up-to-date: /home/oakfox/srtp/ros2_ws/install/ustb_doggo_impedance_controller/share/ustb_doggo_impedance_controller/cmake/ustb_doggo_impedance_controllerConfig.cmake
[0.121s] -- Up-to-date: /home/oakfox/srtp/ros2_ws/install/ustb_doggo_impedance_controller/share/ustb_doggo_impedance_controller/cmake/ustb_doggo_impedance_controllerConfig-version.cmake
[0.121s] -- Up-to-date: /home/oakfox/srtp/ros2_ws/install/ustb_doggo_impedance_controller/share/ustb_doggo_impedance_controller/package.xml
[0.123s] Invoked command in '/home/oakfox/srtp/ros2_ws/build/ustb_doggo_impedance_controller' returned '0': CMAKE_PREFIX_PATH=${CMAKE_PREFIX_PATH}:/opt/ros/humble /usr/bin/cmake --install /home/oakfox/srtp/ros2_ws/build/ustb_doggo_impedance_controller
