[0.017s] Invoking command in '/home/oakfox/srtp/ros2_ws/build/ustb_doggo_virtual_model_control': CMAKE_PREFIX_PATH=${CMAKE_PREFIX_PATH}:/opt/ros/humble /usr/bin/cmake --build /home/oakfox/srtp/ros2_ws/build/ustb_doggo_virtual_model_control -- -j16 -l16
[0.071s] [35m[1mConsolidate compiler generated dependencies of target trot_gait_generator[0m
[0.072s] [35m[1mConsolidate compiler generated dependencies of target keyboard_control_vmc[0m
[0.097s] [ 33%] Built target trot_gait_generator
[0.098s] [ 50%] [32mBuilding CXX object CMakeFiles/keyboard_control_vmc.dir/src/keyboard_control_vmc.cpp.o[0m
[0.100s] [ 83%] Built target virtual_model_control
[5.869s] [100%] [32m[1mLinking CXX executable keyboard_control_vmc[0m
[6.099s] [100%] Built target keyboard_control_vmc
[6.114s] Invoked command in '/home/oakfox/srtp/ros2_ws/build/ustb_doggo_virtual_model_control' returned '0': CMAKE_PREFIX_PATH=${CMAKE_PREFIX_PATH}:/opt/ros/humble /usr/bin/cmake --build /home/oakfox/srtp/ros2_ws/build/ustb_doggo_virtual_model_control -- -j16 -l16
[6.116s] Invoking command in '/home/oakfox/srtp/ros2_ws/build/ustb_doggo_virtual_model_control': CMAKE_PREFIX_PATH=${CMAKE_PREFIX_PATH}:/opt/ros/humble /usr/bin/cmake --install /home/oakfox/srtp/ros2_ws/build/ustb_doggo_virtual_model_control
[6.125s] -- Install configuration: ""
[6.125s] -- Installing: /home/oakfox/srtp/ros2_ws/install/ustb_doggo_virtual_model_control/lib/ustb_doggo_virtual_model_control/trot_gait_generator
[6.129s] -- Set runtime path of "/home/oakfox/srtp/ros2_ws/install/ustb_doggo_virtual_model_control/lib/ustb_doggo_virtual_model_control/trot_gait_generator" to ""
[6.129s] -- Up-to-date: /home/oakfox/srtp/ros2_ws/install/ustb_doggo_virtual_model_control/lib/ustb_doggo_virtual_model_control/virtual_model_control
[6.129s] -- Installing: /home/oakfox/srtp/ros2_ws/install/ustb_doggo_virtual_model_control/lib/ustb_doggo_virtual_model_control/keyboard_control_vmc
[6.130s] -- Set runtime path of "/home/oakfox/srtp/ros2_ws/install/ustb_doggo_virtual_model_control/lib/ustb_doggo_virtual_model_control/keyboard_control_vmc" to ""
[6.130s] -- Up-to-date: /home/oakfox/srtp/ros2_ws/install/ustb_doggo_virtual_model_control/share/ament_index/resource_index/package_run_dependencies/ustb_doggo_virtual_model_control
[6.131s] -- Up-to-date: /home/oakfox/srtp/ros2_ws/install/ustb_doggo_virtual_model_control/share/ament_index/resource_index/parent_prefix_path/ustb_doggo_virtual_model_control
[6.131s] -- Up-to-date: /home/oakfox/srtp/ros2_ws/install/ustb_doggo_virtual_model_control/share/ustb_doggo_virtual_model_control/environment/ament_prefix_path.sh
[6.131s] -- Up-to-date: /home/oakfox/srtp/ros2_ws/install/ustb_doggo_virtual_model_control/share/ustb_doggo_virtual_model_control/environment/ament_prefix_path.dsv
[6.131s] -- Up-to-date: /home/oakfox/srtp/ros2_ws/install/ustb_doggo_virtual_model_control/share/ustb_doggo_virtual_model_control/environment/path.sh
[6.131s] -- Up-to-date: /home/oakfox/srtp/ros2_ws/install/ustb_doggo_virtual_model_control/share/ustb_doggo_virtual_model_control/environment/path.dsv
[6.131s] -- Up-to-date: /home/oakfox/srtp/ros2_ws/install/ustb_doggo_virtual_model_control/share/ustb_doggo_virtual_model_control/local_setup.bash
[6.131s] -- Up-to-date: /home/oakfox/srtp/ros2_ws/install/ustb_doggo_virtual_model_control/share/ustb_doggo_virtual_model_control/local_setup.sh
[6.131s] -- Up-to-date: /home/oakfox/srtp/ros2_ws/install/ustb_doggo_virtual_model_control/share/ustb_doggo_virtual_model_control/local_setup.zsh
[6.132s] -- Up-to-date: /home/oakfox/srtp/ros2_ws/install/ustb_doggo_virtual_model_control/share/ustb_doggo_virtual_model_control/local_setup.dsv
[6.132s] -- Installing: /home/oakfox/srtp/ros2_ws/install/ustb_doggo_virtual_model_control/share/ustb_doggo_virtual_model_control/package.dsv
[6.132s] -- Up-to-date: /home/oakfox/srtp/ros2_ws/install/ustb_doggo_virtual_model_control/share/ament_index/resource_index/packages/ustb_doggo_virtual_model_control
[6.132s] -- Up-to-date: /home/oakfox/srtp/ros2_ws/install/ustb_doggo_virtual_model_control/share/ustb_doggo_virtual_model_control/cmake/ustb_doggo_virtual_model_controlConfig.cmake
[6.133s] -- Up-to-date: /home/oakfox/srtp/ros2_ws/install/ustb_doggo_virtual_model_control/share/ustb_doggo_virtual_model_control/cmake/ustb_doggo_virtual_model_controlConfig-version.cmake
[6.134s] -- Up-to-date: /home/oakfox/srtp/ros2_ws/install/ustb_doggo_virtual_model_control/share/ustb_doggo_virtual_model_control/package.xml
[6.134s] Invoked command in '/home/oakfox/srtp/ros2_ws/build/ustb_doggo_virtual_model_control' returned '0': CMAKE_PREFIX_PATH=${CMAKE_PREFIX_PATH}:/opt/ros/humble /usr/bin/cmake --install /home/oakfox/srtp/ros2_ws/build/ustb_doggo_virtual_model_control
