[0.019s] Invoking command in '/home/oakfox/srtp/ros2_ws/build/ustb_doggo_virtual_model_control': CMAKE_PREFIX_PATH=${CMAKE_PREFIX_PATH}:/opt/ros/humble /usr/bin/cmake --build /home/oakfox/srtp/ros2_ws/build/ustb_doggo_virtual_model_control -- -j16 -l16
[0.075s] [35m[1mConsolidate compiler generated dependencies of target virtual_model_control[0m
[0.094s] [ 33%] Built target trot_gait_generator
[0.096s] [ 66%] Built target keyboard_control_vmc
[0.100s] [ 83%] [32mBuilding CXX object CMakeFiles/virtual_model_control.dir/src/virtual_model_control.cpp.o[0m
[3.664s] [01m[K/home/oakfox/srtp/ros2_ws/src/ustb_doggo_virtual_model_control/src/virtual_model_control.cpp:[m[K In member function ‘[01m[Kvoid VirtualModelControl::phaseTypeCallback(std_msgs::msg::UInt64MultiArray_<std::allocator<void> >::SharedPtr)[m[K’:
[3.664s] [01m[K/home/oakfox/srtp/ros2_ws/src/ustb_doggo_virtual_model_control/src/virtual_model_control.cpp:350:23:[m[K [01;31m[Kerror: [m[Kno match for ‘[01m[Koperator=[m[K’ (operand types are ‘[01m[Kstd::vector<int>[m[K’ and ‘[01m[Kstd_msgs::msg::UInt64MultiArray_<std::allocator<void> >::_data_type[m[K’ {aka ‘[01m[Kstd::vector<long unsigned int>[m[K’})
[3.664s]   350 |         stance = msg->[01;31m[Kdata[m[K;
[3.664s]       |                       [01;31m[K^~~~[m[K
[3.665s] In file included from [01m[K/usr/include/c++/11/vector:72[m[K,
[3.665s]                  from [01m[K/usr/include/c++/11/functional:62[m[K,
[3.665s]                  from [01m[K/usr/include/c++/11/pstl/glue_algorithm_defs.h:13[m[K,
[3.665s]                  from [01m[K/usr/include/c++/11/algorithm:74[m[K,
[3.665s]                  from [01m[K/opt/ros/humble/include/rclcpp/rclcpp/executor.hpp:18[m[K,
[3.666s]                  from [01m[K/opt/ros/humble/include/rclcpp/rclcpp/executors/multi_threaded_executor.hpp:25[m[K,
[3.666s]                  from [01m[K/opt/ros/humble/include/rclcpp/rclcpp/executors.hpp:21[m[K,
[3.666s]                  from [01m[K/opt/ros/humble/include/rclcpp/rclcpp/rclcpp.hpp:155[m[K,
[3.666s]                  from [01m[K/home/oakfox/srtp/ros2_ws/src/ustb_doggo_virtual_model_control/src/virtual_model_control.cpp:1[m[K:
[3.666s] [01m[K/usr/include/c++/11/bits/vector.tcc:198:5:[m[K [01;36m[Knote: [m[Kcandidate: ‘[01m[Kstd::vector<_Tp, _Alloc>& std::vector<_Tp, _Alloc>::operator=(const std::vector<_Tp, _Alloc>&) [with _Tp = int; _Alloc = std::allocator<int>][m[K’
[3.666s]   198 |     [01;36m[Kvector<_Tp, _Alloc>[m[K::
[3.666s]       |     [01;36m[K^~~~~~~~~~~~~~~~~~~[m[K
[3.667s] [01m[K/usr/include/c++/11/bits/vector.tcc:199:42:[m[K [01;36m[Knote: [m[K  no known conversion for argument 1 from ‘[01m[Kstd_msgs::msg::UInt64MultiArray_<std::allocator<void> >::_data_type[m[K’ {aka ‘[01m[Kstd::vector<long unsigned int>[m[K’} to ‘[01m[Kconst std::vector<int>&[m[K’
[3.667s]   199 |     operator=([01;36m[Kconst vector<_Tp, _Alloc>& __x[m[K)
[3.667s]       |               [01;36m[K~~~~~~~~~~~~~~~~~~~~~~~~~~~^~~[m[K
[3.667s] In file included from [01m[K/usr/include/c++/11/vector:67[m[K,
[3.667s]                  from [01m[K/usr/include/c++/11/functional:62[m[K,
[3.667s]                  from [01m[K/usr/include/c++/11/pstl/glue_algorithm_defs.h:13[m[K,
[3.667s]                  from [01m[K/usr/include/c++/11/algorithm:74[m[K,
[3.667s]                  from [01m[K/opt/ros/humble/include/rclcpp/rclcpp/executor.hpp:18[m[K,
[3.667s]                  from [01m[K/opt/ros/humble/include/rclcpp/rclcpp/executors/multi_threaded_executor.hpp:25[m[K,
[3.668s]                  from [01m[K/opt/ros/humble/include/rclcpp/rclcpp/executors.hpp:21[m[K,
[3.668s]                  from [01m[K/opt/ros/humble/include/rclcpp/rclcpp/rclcpp.hpp:155[m[K,
[3.668s]                  from [01m[K/home/oakfox/srtp/ros2_ws/src/ustb_doggo_virtual_model_control/src/virtual_model_control.cpp:1[m[K:
[3.668s] [01m[K/usr/include/c++/11/bits/stl_vector.h:709:7:[m[K [01;36m[Knote: [m[Kcandidate: ‘[01m[Kstd::vector<_Tp, _Alloc>& std::vector<_Tp, _Alloc>::operator=(std::vector<_Tp, _Alloc>&&) [with _Tp = int; _Alloc = std::allocator<int>][m[K’
[3.668s]   709 |       [01;36m[Koperator[m[K=(vector&& __x) noexcept(_Alloc_traits::_S_nothrow_move())
[3.668s]       |       [01;36m[K^~~~~~~~[m[K
[3.668s] [01m[K/usr/include/c++/11/bits/stl_vector.h:709:26:[m[K [01;36m[Knote: [m[K  no known conversion for argument 1 from ‘[01m[Kstd_msgs::msg::UInt64MultiArray_<std::allocator<void> >::_data_type[m[K’ {aka ‘[01m[Kstd::vector<long unsigned int>[m[K’} to ‘[01m[Kstd::vector<int>&&[m[K’
[3.668s]   709 |       operator=([01;36m[Kvector&& __x[m[K) noexcept(_Alloc_traits::_S_nothrow_move())
[3.668s]       |                 [01;36m[K~~~~~~~~~^~~[m[K
[3.668s] [01m[K/usr/include/c++/11/bits/stl_vector.h:730:7:[m[K [01;36m[Knote: [m[Kcandidate: ‘[01m[Kstd::vector<_Tp, _Alloc>& std::vector<_Tp, _Alloc>::operator=(std::initializer_list<_Tp>) [with _Tp = int; _Alloc = std::allocator<int>][m[K’
[3.669s]   730 |       [01;36m[Koperator[m[K=(initializer_list<value_type> __l)
[3.669s]       |       [01;36m[K^~~~~~~~[m[K
[3.669s] [01m[K/usr/include/c++/11/bits/stl_vector.h:730:46:[m[K [01;36m[Knote: [m[K  no known conversion for argument 1 from ‘[01m[Kstd_msgs::msg::UInt64MultiArray_<std::allocator<void> >::_data_type[m[K’ {aka ‘[01m[Kstd::vector<long unsigned int>[m[K’} to ‘[01m[Kstd::initializer_list<int>[m[K’
[3.669s]   730 |       operator=([01;36m[Kinitializer_list<value_type> __l[m[K)
[3.669s]       |                 [01;36m[K~~~~~~~~~~~~~~~~~~~~~~~~~~~~~^~~[m[K
[10.544s] gmake[2]: *** [CMakeFiles/virtual_model_control.dir/build.make:76：CMakeFiles/virtual_model_control.dir/src/virtual_model_control.cpp.o] 错误 1
[10.544s] gmake[1]: *** [CMakeFiles/Makefile2:167：CMakeFiles/virtual_model_control.dir/all] 错误 2
[10.544s] gmake: *** [Makefile:146：all] 错误 2
[10.547s] Invoked command in '/home/oakfox/srtp/ros2_ws/build/ustb_doggo_virtual_model_control' returned '2': CMAKE_PREFIX_PATH=${CMAKE_PREFIX_PATH}:/opt/ros/humble /usr/bin/cmake --build /home/oakfox/srtp/ros2_ws/build/ustb_doggo_virtual_model_control -- -j16 -l16
