[0.019s] Invoking command in '/home/oakfox/srtp/ros2_ws/build/ustb_doggo_impedance_controller': CMAKE_PREFIX_PATH=${CMAKE_PREFIX_PATH}:/opt/ros/humble /usr/bin/cmake --build /home/oakfox/srtp/ros2_ws/build/ustb_doggo_impedance_controller -- -j16 -l16
[0.083s] [ 25%] Built target keyboard_control
[0.093s] [ 75%] Built target forward_kinematics
[0.093s] [ 75%] Built target joint_impedance
[0.102s] [100%] Built target cartesian_impedance
[0.115s] Invoked command in '/home/oakfox/srtp/ros2_ws/build/ustb_doggo_impedance_controller' returned '0': CMAKE_PREFIX_PATH=${CMAKE_PREFIX_PATH}:/opt/ros/humble /usr/bin/cmake --build /home/oakfox/srtp/ros2_ws/build/ustb_doggo_impedance_controller -- -j16 -l16
[0.117s] Invoking command in '/home/oakfox/srtp/ros2_ws/build/ustb_doggo_impedance_controller': CMAKE_PREFIX_PATH=${CMAKE_PREFIX_PATH}:/opt/ros/humble /usr/bin/cmake --install /home/oakfox/srtp/ros2_ws/build/ustb_doggo_impedance_controller
[0.126s] -- Install configuration: ""
[0.126s] -- Up-to-date: /home/oakfox/srtp/ros2_ws/install/ustb_doggo_impedance_controller/lib/ustb_doggo_impedance_controller/joint_impedance
[0.126s] -- Up-to-date: /home/oakfox/srtp/ros2_ws/install/ustb_doggo_impedance_controller/lib/ustb_doggo_impedance_controller/forward_kinematics
[0.127s] -- Up-to-date: /home/oakfox/srtp/ros2_ws/install/ustb_doggo_impedance_controller/lib/ustb_doggo_impedance_controller/cartesian_impedance
[0.127s] -- Up-to-date: /home/oakfox/srtp/ros2_ws/install/ustb_doggo_impedance_controller/lib/ustb_doggo_impedance_controller/keyboard_control
[0.127s] -- Up-to-date: /home/oakfox/srtp/ros2_ws/install/ustb_doggo_impedance_controller/share/ament_index/resource_index/package_run_dependencies/ustb_doggo_impedance_controller
[0.127s] -- Up-to-date: /home/oakfox/srtp/ros2_ws/install/ustb_doggo_impedance_controller/share/ament_index/resource_index/parent_prefix_path/ustb_doggo_impedance_controller
[0.127s] -- Up-to-date: /home/oakfox/srtp/ros2_ws/install/ustb_doggo_impedance_controller/share/ustb_doggo_impedance_controller/environment/ament_prefix_path.sh
[0.127s] -- Up-to-date: /home/oakfox/srtp/ros2_ws/install/ustb_doggo_impedance_controller/share/ustb_doggo_impedance_controller/environment/ament_prefix_path.dsv
[0.127s] -- Up-to-date: /home/oakfox/srtp/ros2_ws/install/ustb_doggo_impedance_controller/share/ustb_doggo_impedance_controller/environment/path.sh
[0.128s] -- Up-to-date: /home/oakfox/srtp/ros2_ws/install/ustb_doggo_impedance_controller/share/ustb_doggo_impedance_controller/environment/path.dsv
[0.128s] -- Up-to-date: /home/oakfox/srtp/ros2_ws/install/ustb_doggo_impedance_controller/share/ustb_doggo_impedance_controller/local_setup.bash
[0.128s] -- Up-to-date: /home/oakfox/srtp/ros2_ws/install/ustb_doggo_impedance_controller/share/ustb_doggo_impedance_controller/local_setup.sh
[0.128s] -- Up-to-date: /home/oakfox/srtp/ros2_ws/install/ustb_doggo_impedance_controller/share/ustb_doggo_impedance_controller/local_setup.zsh
[0.128s] -- Up-to-date: /home/oakfox/srtp/ros2_ws/install/ustb_doggo_impedance_controller/share/ustb_doggo_impedance_controller/local_setup.dsv
[0.128s] -- Installing: /home/oakfox/srtp/ros2_ws/install/ustb_doggo_impedance_controller/share/ustb_doggo_impedance_controller/package.dsv
[0.128s] -- Up-to-date: /home/oakfox/srtp/ros2_ws/install/ustb_doggo_impedance_controller/share/ament_index/resource_index/packages/ustb_doggo_impedance_controller
[0.128s] -- Up-to-date: /home/oakfox/srtp/ros2_ws/install/ustb_doggo_impedance_controller/share/ustb_doggo_impedance_controller/cmake/ustb_doggo_impedance_controllerConfig.cmake
[0.129s] -- Up-to-date: /home/oakfox/srtp/ros2_ws/install/ustb_doggo_impedance_controller/share/ustb_doggo_impedance_controller/cmake/ustb_doggo_impedance_controllerConfig-version.cmake
[0.129s] -- Up-to-date: /home/oakfox/srtp/ros2_ws/install/ustb_doggo_impedance_controller/share/ustb_doggo_impedance_controller/package.xml
[0.131s] Invoked command in '/home/oakfox/srtp/ros2_ws/build/ustb_doggo_impedance_controller' returned '0': CMAKE_PREFIX_PATH=${CMAKE_PREFIX_PATH}:/opt/ros/humble /usr/bin/cmake --install /home/oakfox/srtp/ros2_ws/build/ustb_doggo_impedance_controller
