-- Install configuration: ""
-- Up-to-date: /home/oakfox/srtp/ros2_ws/install/ustb_doggo_urdf/share/ustb_doggo_urdf/meshes
-- Up-to-date: /home/oakfox/srtp/ros2_ws/install/ustb_doggo_urdf/share/ustb_doggo_urdf/meshes/Link_rbb_1.STL
-- Up-to-date: /home/oakfox/srtp/ros2_ws/install/ustb_doggo_urdf/share/ustb_doggo_urdf/meshes/Link_Wheel_lf.STL
-- Up-to-date: /home/oakfox/srtp/ros2_ws/install/ustb_doggo_urdf/share/ustb_doggo_urdf/meshes/Link_lfb_1.STL
-- Up-to-date: /home/oakfox/srtp/ros2_ws/install/ustb_doggo_urdf/share/ustb_doggo_urdf/meshes/Link_lff_1.STL
-- Up-to-date: /home/oakfox/srtp/ros2_ws/install/ustb_doggo_urdf/share/ustb_doggo_urdf/meshes/base_link.STL
-- Up-to-date: /home/oakfox/srtp/ros2_ws/install/ustb_doggo_urdf/share/ustb_doggo_urdf/meshes/Link_rff.STL
-- Up-to-date: /home/oakfox/srtp/ros2_ws/install/ustb_doggo_urdf/share/ustb_doggo_urdf/meshes/Link_lff.STL
-- Up-to-date: /home/oakfox/srtp/ros2_ws/install/ustb_doggo_urdf/share/ustb_doggo_urdf/meshes/Link_lbf.STL
-- Up-to-date: /home/oakfox/srtp/ros2_ws/install/ustb_doggo_urdf/share/ustb_doggo_urdf/meshes/Link_Wheel_lb.STL
-- Up-to-date: /home/oakfox/srtp/ros2_ws/install/ustb_doggo_urdf/share/ustb_doggo_urdf/meshes/Link_Wheel_rf.STL
-- Up-to-date: /home/oakfox/srtp/ros2_ws/install/ustb_doggo_urdf/share/ustb_doggo_urdf/meshes/Link_rbf.STL
-- Up-to-date: /home/oakfox/srtp/ros2_ws/install/ustb_doggo_urdf/share/ustb_doggo_urdf/meshes/Link_rbb.STL
-- Up-to-date: /home/oakfox/srtp/ros2_ws/install/ustb_doggo_urdf/share/ustb_doggo_urdf/meshes/Link_lbf_1.STL
-- Up-to-date: /home/oakfox/srtp/ros2_ws/install/ustb_doggo_urdf/share/ustb_doggo_urdf/meshes/Link_lfb.STL
-- Up-to-date: /home/oakfox/srtp/ros2_ws/install/ustb_doggo_urdf/share/ustb_doggo_urdf/meshes/Link_lbb_1.STL
-- Up-to-date: /home/oakfox/srtp/ros2_ws/install/ustb_doggo_urdf/share/ustb_doggo_urdf/meshes/Link_rbf_1.STL
-- Up-to-date: /home/oakfox/srtp/ros2_ws/install/ustb_doggo_urdf/share/ustb_doggo_urdf/meshes/Link_rfb_1.STL
-- Up-to-date: /home/oakfox/srtp/ros2_ws/install/ustb_doggo_urdf/share/ustb_doggo_urdf/meshes/Link_rfb.STL
-- Up-to-date: /home/oakfox/srtp/ros2_ws/install/ustb_doggo_urdf/share/ustb_doggo_urdf/meshes/Link_lbb.STL
-- Up-to-date: /home/oakfox/srtp/ros2_ws/install/ustb_doggo_urdf/share/ustb_doggo_urdf/meshes/Link_rff_1.STL
-- Up-to-date: /home/oakfox/srtp/ros2_ws/install/ustb_doggo_urdf/share/ustb_doggo_urdf/meshes/Link_Wheel_rb.STL
-- Up-to-date: /home/oakfox/srtp/ros2_ws/install/ustb_doggo_urdf/share/ustb_doggo_urdf/urdf
-- Up-to-date: /home/oakfox/srtp/ros2_ws/install/ustb_doggo_urdf/share/ustb_doggo_urdf/urdf/ustb_doggo_urdf.urdf
-- Up-to-date: /home/oakfox/srtp/ros2_ws/install/ustb_doggo_urdf/share/ustb_doggo_urdf/urdf/ustb_doggo_urdf.csv
-- Up-to-date: /home/oakfox/srtp/ros2_ws/install/ustb_doggo_urdf/share/ustb_doggo_urdf/launch
-- Up-to-date: /home/oakfox/srtp/ros2_ws/install/ustb_doggo_urdf/share/ustb_doggo_urdf/launch/gazebo.launch
-- Up-to-date: /home/oakfox/srtp/ros2_ws/install/ustb_doggo_urdf/share/ustb_doggo_urdf/launch/display.launch
-- Up-to-date: /home/oakfox/srtp/ros2_ws/install/ustb_doggo_urdf/share/ustb_doggo_urdf/launch/ustb_doggo.launch.py
-- Up-to-date: /home/oakfox/srtp/ros2_ws/install/ustb_doggo_urdf/share/ustb_doggo_urdf/config
-- Up-to-date: /home/oakfox/srtp/ros2_ws/install/ustb_doggo_urdf/share/ustb_doggo_urdf/config/joint_names_ustb_doggo_urdf.yaml
-- Up-to-date: /home/oakfox/srtp/ros2_ws/install/ustb_doggo_urdf/share/ustb_doggo_urdf/config/controllers.yaml
-- Up-to-date: /home/oakfox/srtp/ros2_ws/install/ustb_doggo_urdf/share/ament_index/resource_index/package_run_dependencies/ustb_doggo_urdf
-- Up-to-date: /home/oakfox/srtp/ros2_ws/install/ustb_doggo_urdf/share/ament_index/resource_index/parent_prefix_path/ustb_doggo_urdf
-- Up-to-date: /home/oakfox/srtp/ros2_ws/install/ustb_doggo_urdf/share/ustb_doggo_urdf/environment/ament_prefix_path.sh
-- Up-to-date: /home/oakfox/srtp/ros2_ws/install/ustb_doggo_urdf/share/ustb_doggo_urdf/environment/ament_prefix_path.dsv
-- Up-to-date: /home/oakfox/srtp/ros2_ws/install/ustb_doggo_urdf/share/ustb_doggo_urdf/environment/path.sh
-- Up-to-date: /home/oakfox/srtp/ros2_ws/install/ustb_doggo_urdf/share/ustb_doggo_urdf/environment/path.dsv
-- Up-to-date: /home/oakfox/srtp/ros2_ws/install/ustb_doggo_urdf/share/ustb_doggo_urdf/local_setup.bash
-- Up-to-date: /home/oakfox/srtp/ros2_ws/install/ustb_doggo_urdf/share/ustb_doggo_urdf/local_setup.sh
-- Up-to-date: /home/oakfox/srtp/ros2_ws/install/ustb_doggo_urdf/share/ustb_doggo_urdf/local_setup.zsh
-- Up-to-date: /home/oakfox/srtp/ros2_ws/install/ustb_doggo_urdf/share/ustb_doggo_urdf/local_setup.dsv
-- Up-to-date: /home/oakfox/srtp/ros2_ws/install/ustb_doggo_urdf/share/ustb_doggo_urdf/package.dsv
-- Up-to-date: /home/oakfox/srtp/ros2_ws/install/ustb_doggo_urdf/share/ament_index/resource_index/packages/ustb_doggo_urdf
-- Up-to-date: /home/oakfox/srtp/ros2_ws/install/ustb_doggo_urdf/share/ustb_doggo_urdf/cmake/ustb_doggo_urdfConfig.cmake
-- Up-to-date: /home/oakfox/srtp/ros2_ws/install/ustb_doggo_urdf/share/ustb_doggo_urdf/cmake/ustb_doggo_urdfConfig-version.cmake
-- Up-to-date: /home/oakfox/srtp/ros2_ws/install/ustb_doggo_urdf/share/ustb_doggo_urdf/package.xml
