[0.064s] DEBUG:colcon:Command line arguments: ['/usr/bin/colcon', 'build']
[0.064s] DEBUG:colcon:Parsed command line arguments: Namespace(log_base=None, log_level=None, verb_name='build', build_base='build', install_base='install', merge_install=False, symlink_install=False, test_result_base=None, continue_on_error=False, executor='parallel', parallel_workers=16, event_handlers=None, ignore_user_meta=False, metas=['./colcon.meta'], base_paths=['.'], packages_ignore=None, packages_ignore_regex=None, paths=None, packages_up_to=None, packages_up_to_regex=None, packages_above=None, packages_above_and_dependencies=None, packages_above_depth=None, packages_select_by_dep=None, packages_skip_by_dep=None, packages_skip_up_to=None, packages_select_build_failed=False, packages_skip_build_finished=False, packages_select_test_failures=False, packages_skip_test_passed=False, packages_select=None, packages_skip=None, packages_select_regex=None, packages_skip_regex=None, packages_start=None, packages_end=None, allow_overriding=[], cmake_args=None, cmake_target=None, cmake_target_skip_unavailable=False, cmake_clean_cache=False, cmake_clean_first=False, cmake_force_configure=False, ament_cmake_args=None, catkin_cmake_args=None, catkin_skip_building_tests=False, verb_parser=<colcon_defaults.argument_parser.defaults.DefaultArgumentsDecorator object at 0x76ba28f27d30>, verb_extension=<colcon_core.verb.build.BuildVerb object at 0x76ba28f278e0>, main=<bound method BuildVerb.main of <colcon_core.verb.build.BuildVerb object at 0x76ba28f278e0>>)
[0.161s] Level 1:colcon.colcon_core.package_discovery:discover_packages(colcon_meta) check parameters
[0.161s] Level 1:colcon.colcon_core.package_discovery:discover_packages(recursive) check parameters
[0.161s] Level 1:colcon.colcon_core.package_discovery:discover_packages(ignore) check parameters
[0.161s] Level 1:colcon.colcon_core.package_discovery:discover_packages(path) check parameters
[0.161s] Level 1:colcon.colcon_core.package_discovery:discover_packages(colcon_meta) discover
[0.161s] Level 1:colcon.colcon_core.package_discovery:discover_packages(recursive) discover
[0.161s] INFO:colcon.colcon_core.package_discovery:Crawling recursively for packages in '/home/oakfox/srtp/ros2_ws'
[0.161s] Level 1:colcon.colcon_core.package_identification:_identify(.) by extensions ['ignore', 'ignore_ament_install']
[0.162s] Level 1:colcon.colcon_core.package_identification:_identify(.) by extension 'ignore'
[0.162s] Level 1:colcon.colcon_core.package_identification:_identify(.) by extension 'ignore_ament_install'
[0.162s] Level 1:colcon.colcon_core.package_identification:_identify(.) by extensions ['colcon_pkg']
[0.162s] Level 1:colcon.colcon_core.package_identification:_identify(.) by extension 'colcon_pkg'
[0.162s] Level 1:colcon.colcon_core.package_identification:_identify(.) by extensions ['colcon_meta']
[0.162s] Level 1:colcon.colcon_core.package_identification:_identify(.) by extension 'colcon_meta'
[0.162s] Level 1:colcon.colcon_core.package_identification:_identify(.) by extensions ['ros']
[0.162s] Level 1:colcon.colcon_core.package_identification:_identify(.) by extension 'ros'
[0.169s] Level 1:colcon.colcon_core.package_identification:_identify(.) by extensions ['cmake', 'python']
[0.169s] Level 1:colcon.colcon_core.package_identification:_identify(.) by extension 'cmake'
[0.169s] Level 1:colcon.colcon_core.package_identification:_identify(.) by extension 'python'
[0.169s] Level 1:colcon.colcon_core.package_identification:_identify(.) by extensions ['python_setup_py']
[0.169s] Level 1:colcon.colcon_core.package_identification:_identify(.) by extension 'python_setup_py'
[0.169s] Level 1:colcon.colcon_core.package_identification:_identify(build) by extensions ['ignore', 'ignore_ament_install']
[0.169s] Level 1:colcon.colcon_core.package_identification:_identify(build) by extension 'ignore'
[0.169s] Level 1:colcon.colcon_core.package_identification:_identify(build) ignored
[0.169s] Level 1:colcon.colcon_core.package_identification:_identify(install) by extensions ['ignore', 'ignore_ament_install']
[0.169s] Level 1:colcon.colcon_core.package_identification:_identify(install) by extension 'ignore'
[0.169s] Level 1:colcon.colcon_core.package_identification:_identify(install) ignored
[0.169s] Level 1:colcon.colcon_core.package_identification:_identify(log) by extensions ['ignore', 'ignore_ament_install']
[0.169s] Level 1:colcon.colcon_core.package_identification:_identify(log) by extension 'ignore'
[0.169s] Level 1:colcon.colcon_core.package_identification:_identify(log) ignored
[0.169s] Level 1:colcon.colcon_core.package_identification:_identify(src) by extensions ['ignore', 'ignore_ament_install']
[0.170s] Level 1:colcon.colcon_core.package_identification:_identify(src) by extension 'ignore'
[0.170s] Level 1:colcon.colcon_core.package_identification:_identify(src) by extension 'ignore_ament_install'
[0.170s] Level 1:colcon.colcon_core.package_identification:_identify(src) by extensions ['colcon_pkg']
[0.170s] Level 1:colcon.colcon_core.package_identification:_identify(src) by extension 'colcon_pkg'
[0.170s] Level 1:colcon.colcon_core.package_identification:_identify(src) by extensions ['colcon_meta']
[0.170s] Level 1:colcon.colcon_core.package_identification:_identify(src) by extension 'colcon_meta'
[0.170s] Level 1:colcon.colcon_core.package_identification:_identify(src) by extensions ['ros']
[0.170s] Level 1:colcon.colcon_core.package_identification:_identify(src) by extension 'ros'
[0.170s] Level 1:colcon.colcon_core.package_identification:_identify(src) by extensions ['cmake', 'python']
[0.170s] Level 1:colcon.colcon_core.package_identification:_identify(src) by extension 'cmake'
[0.170s] Level 1:colcon.colcon_core.package_identification:_identify(src) by extension 'python'
[0.170s] Level 1:colcon.colcon_core.package_identification:_identify(src) by extensions ['python_setup_py']
[0.170s] Level 1:colcon.colcon_core.package_identification:_identify(src) by extension 'python_setup_py'
[0.170s] Level 1:colcon.colcon_core.package_identification:_identify(src/Harmonic Terrain) by extensions ['ignore', 'ignore_ament_install']
[0.170s] Level 1:colcon.colcon_core.package_identification:_identify(src/Harmonic Terrain) by extension 'ignore'
[0.170s] Level 1:colcon.colcon_core.package_identification:_identify(src/Harmonic Terrain) by extension 'ignore_ament_install'
[0.170s] Level 1:colcon.colcon_core.package_identification:_identify(src/Harmonic Terrain) by extensions ['colcon_pkg']
[0.170s] Level 1:colcon.colcon_core.package_identification:_identify(src/Harmonic Terrain) by extension 'colcon_pkg'
[0.170s] Level 1:colcon.colcon_core.package_identification:_identify(src/Harmonic Terrain) by extensions ['colcon_meta']
[0.170s] Level 1:colcon.colcon_core.package_identification:_identify(src/Harmonic Terrain) by extension 'colcon_meta'
[0.170s] Level 1:colcon.colcon_core.package_identification:_identify(src/Harmonic Terrain) by extensions ['ros']
[0.170s] Level 1:colcon.colcon_core.package_identification:_identify(src/Harmonic Terrain) by extension 'ros'
[0.170s] Level 1:colcon.colcon_core.package_identification:_identify(src/Harmonic Terrain) by extensions ['cmake', 'python']
[0.170s] Level 1:colcon.colcon_core.package_identification:_identify(src/Harmonic Terrain) by extension 'cmake'
[0.170s] Level 1:colcon.colcon_core.package_identification:_identify(src/Harmonic Terrain) by extension 'python'
[0.170s] Level 1:colcon.colcon_core.package_identification:_identify(src/Harmonic Terrain) by extensions ['python_setup_py']
[0.170s] Level 1:colcon.colcon_core.package_identification:_identify(src/Harmonic Terrain) by extension 'python_setup_py'
[0.170s] Level 1:colcon.colcon_core.package_identification:_identify(src/Harmonic Terrain/materials) by extensions ['ignore', 'ignore_ament_install']
[0.170s] Level 1:colcon.colcon_core.package_identification:_identify(src/Harmonic Terrain/materials) by extension 'ignore'
[0.170s] Level 1:colcon.colcon_core.package_identification:_identify(src/Harmonic Terrain/materials) by extension 'ignore_ament_install'
[0.170s] Level 1:colcon.colcon_core.package_identification:_identify(src/Harmonic Terrain/materials) by extensions ['colcon_pkg']
[0.170s] Level 1:colcon.colcon_core.package_identification:_identify(src/Harmonic Terrain/materials) by extension 'colcon_pkg'
[0.170s] Level 1:colcon.colcon_core.package_identification:_identify(src/Harmonic Terrain/materials) by extensions ['colcon_meta']
[0.170s] Level 1:colcon.colcon_core.package_identification:_identify(src/Harmonic Terrain/materials) by extension 'colcon_meta'
[0.170s] Level 1:colcon.colcon_core.package_identification:_identify(src/Harmonic Terrain/materials) by extensions ['ros']
[0.170s] Level 1:colcon.colcon_core.package_identification:_identify(src/Harmonic Terrain/materials) by extension 'ros'
[0.170s] Level 1:colcon.colcon_core.package_identification:_identify(src/Harmonic Terrain/materials) by extensions ['cmake', 'python']
[0.170s] Level 1:colcon.colcon_core.package_identification:_identify(src/Harmonic Terrain/materials) by extension 'cmake'
[0.170s] Level 1:colcon.colcon_core.package_identification:_identify(src/Harmonic Terrain/materials) by extension 'python'
[0.170s] Level 1:colcon.colcon_core.package_identification:_identify(src/Harmonic Terrain/materials) by extensions ['python_setup_py']
[0.170s] Level 1:colcon.colcon_core.package_identification:_identify(src/Harmonic Terrain/materials) by extension 'python_setup_py'
[0.171s] Level 1:colcon.colcon_core.package_identification:_identify(src/Harmonic Terrain/materials/textures) by extensions ['ignore', 'ignore_ament_install']
[0.171s] Level 1:colcon.colcon_core.package_identification:_identify(src/Harmonic Terrain/materials/textures) by extension 'ignore'
[0.171s] Level 1:colcon.colcon_core.package_identification:_identify(src/Harmonic Terrain/materials/textures) by extension 'ignore_ament_install'
[0.171s] Level 1:colcon.colcon_core.package_identification:_identify(src/Harmonic Terrain/materials/textures) by extensions ['colcon_pkg']
[0.171s] Level 1:colcon.colcon_core.package_identification:_identify(src/Harmonic Terrain/materials/textures) by extension 'colcon_pkg'
[0.171s] Level 1:colcon.colcon_core.package_identification:_identify(src/Harmonic Terrain/materials/textures) by extensions ['colcon_meta']
[0.171s] Level 1:colcon.colcon_core.package_identification:_identify(src/Harmonic Terrain/materials/textures) by extension 'colcon_meta'
[0.171s] Level 1:colcon.colcon_core.package_identification:_identify(src/Harmonic Terrain/materials/textures) by extensions ['ros']
[0.171s] Level 1:colcon.colcon_core.package_identification:_identify(src/Harmonic Terrain/materials/textures) by extension 'ros'
[0.171s] Level 1:colcon.colcon_core.package_identification:_identify(src/Harmonic Terrain/materials/textures) by extensions ['cmake', 'python']
[0.171s] Level 1:colcon.colcon_core.package_identification:_identify(src/Harmonic Terrain/materials/textures) by extension 'cmake'
[0.171s] Level 1:colcon.colcon_core.package_identification:_identify(src/Harmonic Terrain/materials/textures) by extension 'python'
[0.171s] Level 1:colcon.colcon_core.package_identification:_identify(src/Harmonic Terrain/materials/textures) by extensions ['python_setup_py']
[0.171s] Level 1:colcon.colcon_core.package_identification:_identify(src/Harmonic Terrain/materials/textures) by extension 'python_setup_py'
[0.171s] Level 1:colcon.colcon_core.package_identification:_identify(src/Harmonic Terrain/thumbnails) by extensions ['ignore', 'ignore_ament_install']
[0.171s] Level 1:colcon.colcon_core.package_identification:_identify(src/Harmonic Terrain/thumbnails) by extension 'ignore'
[0.171s] Level 1:colcon.colcon_core.package_identification:_identify(src/Harmonic Terrain/thumbnails) by extension 'ignore_ament_install'
[0.171s] Level 1:colcon.colcon_core.package_identification:_identify(src/Harmonic Terrain/thumbnails) by extensions ['colcon_pkg']
[0.171s] Level 1:colcon.colcon_core.package_identification:_identify(src/Harmonic Terrain/thumbnails) by extension 'colcon_pkg'
[0.171s] Level 1:colcon.colcon_core.package_identification:_identify(src/Harmonic Terrain/thumbnails) by extensions ['colcon_meta']
[0.171s] Level 1:colcon.colcon_core.package_identification:_identify(src/Harmonic Terrain/thumbnails) by extension 'colcon_meta'
[0.171s] Level 1:colcon.colcon_core.package_identification:_identify(src/Harmonic Terrain/thumbnails) by extensions ['ros']
[0.171s] Level 1:colcon.colcon_core.package_identification:_identify(src/Harmonic Terrain/thumbnails) by extension 'ros'
[0.171s] Level 1:colcon.colcon_core.package_identification:_identify(src/Harmonic Terrain/thumbnails) by extensions ['cmake', 'python']
[0.171s] Level 1:colcon.colcon_core.package_identification:_identify(src/Harmonic Terrain/thumbnails) by extension 'cmake'
[0.171s] Level 1:colcon.colcon_core.package_identification:_identify(src/Harmonic Terrain/thumbnails) by extension 'python'
[0.171s] Level 1:colcon.colcon_core.package_identification:_identify(src/Harmonic Terrain/thumbnails) by extensions ['python_setup_py']
[0.171s] Level 1:colcon.colcon_core.package_identification:_identify(src/Harmonic Terrain/thumbnails) by extension 'python_setup_py'
[0.171s] Level 1:colcon.colcon_core.package_identification:_identify(src/ustb_doggo_impedance_controller) by extensions ['ignore', 'ignore_ament_install']
[0.171s] Level 1:colcon.colcon_core.package_identification:_identify(src/ustb_doggo_impedance_controller) by extension 'ignore'
[0.171s] Level 1:colcon.colcon_core.package_identification:_identify(src/ustb_doggo_impedance_controller) by extension 'ignore_ament_install'
[0.171s] Level 1:colcon.colcon_core.package_identification:_identify(src/ustb_doggo_impedance_controller) by extensions ['colcon_pkg']
[0.171s] Level 1:colcon.colcon_core.package_identification:_identify(src/ustb_doggo_impedance_controller) by extension 'colcon_pkg'
[0.171s] Level 1:colcon.colcon_core.package_identification:_identify(src/ustb_doggo_impedance_controller) by extensions ['colcon_meta']
[0.171s] Level 1:colcon.colcon_core.package_identification:_identify(src/ustb_doggo_impedance_controller) by extension 'colcon_meta'
[0.171s] Level 1:colcon.colcon_core.package_identification:_identify(src/ustb_doggo_impedance_controller) by extensions ['ros']
[0.171s] Level 1:colcon.colcon_core.package_identification:_identify(src/ustb_doggo_impedance_controller) by extension 'ros'
[0.173s] DEBUG:colcon.colcon_core.package_identification:Package 'src/ustb_doggo_impedance_controller' with type 'ros.ament_cmake' and name 'ustb_doggo_impedance_controller'
[0.173s] Level 1:colcon.colcon_core.package_identification:_identify(src/ustb_doggo_urdf) by extensions ['ignore', 'ignore_ament_install']
[0.173s] Level 1:colcon.colcon_core.package_identification:_identify(src/ustb_doggo_urdf) by extension 'ignore'
[0.173s] Level 1:colcon.colcon_core.package_identification:_identify(src/ustb_doggo_urdf) by extension 'ignore_ament_install'
[0.174s] Level 1:colcon.colcon_core.package_identification:_identify(src/ustb_doggo_urdf) by extensions ['colcon_pkg']
[0.174s] Level 1:colcon.colcon_core.package_identification:_identify(src/ustb_doggo_urdf) by extension 'colcon_pkg'
[0.174s] Level 1:colcon.colcon_core.package_identification:_identify(src/ustb_doggo_urdf) by extensions ['colcon_meta']
[0.174s] Level 1:colcon.colcon_core.package_identification:_identify(src/ustb_doggo_urdf) by extension 'colcon_meta'
[0.174s] Level 1:colcon.colcon_core.package_identification:_identify(src/ustb_doggo_urdf) by extensions ['ros']
[0.174s] Level 1:colcon.colcon_core.package_identification:_identify(src/ustb_doggo_urdf) by extension 'ros'
[0.174s] DEBUG:colcon.colcon_core.package_identification:Package 'src/ustb_doggo_urdf' with type 'ros.ament_cmake' and name 'ustb_doggo_urdf'
[0.174s] Level 1:colcon.colcon_core.package_identification:_identify(src/ustb_doggo_virtual_model_control) by extensions ['ignore', 'ignore_ament_install']
[0.174s] Level 1:colcon.colcon_core.package_identification:_identify(src/ustb_doggo_virtual_model_control) by extension 'ignore'
[0.174s] Level 1:colcon.colcon_core.package_identification:_identify(src/ustb_doggo_virtual_model_control) by extension 'ignore_ament_install'
[0.174s] Level 1:colcon.colcon_core.package_identification:_identify(src/ustb_doggo_virtual_model_control) by extensions ['colcon_pkg']
[0.174s] Level 1:colcon.colcon_core.package_identification:_identify(src/ustb_doggo_virtual_model_control) by extension 'colcon_pkg'
[0.174s] Level 1:colcon.colcon_core.package_identification:_identify(src/ustb_doggo_virtual_model_control) by extensions ['colcon_meta']
[0.174s] Level 1:colcon.colcon_core.package_identification:_identify(src/ustb_doggo_virtual_model_control) by extension 'colcon_meta'
[0.174s] Level 1:colcon.colcon_core.package_identification:_identify(src/ustb_doggo_virtual_model_control) by extensions ['ros']
[0.174s] Level 1:colcon.colcon_core.package_identification:_identify(src/ustb_doggo_virtual_model_control) by extension 'ros'
[0.175s] DEBUG:colcon.colcon_core.package_identification:Package 'src/ustb_doggo_virtual_model_control' with type 'ros.ament_cmake' and name 'ustb_doggo_virtual_model_control'
[0.175s] Level 1:colcon.colcon_core.package_discovery:discover_packages(recursive) using defaults
[0.175s] Level 1:colcon.colcon_core.package_discovery:discover_packages(ignore) discover
[0.175s] Level 1:colcon.colcon_core.package_discovery:discover_packages(ignore) using defaults
[0.175s] Level 1:colcon.colcon_core.package_discovery:discover_packages(path) discover
[0.175s] Level 1:colcon.colcon_core.package_discovery:discover_packages(path) using defaults
[0.195s] Level 1:colcon.colcon_core.package_discovery:discover_packages(prefix_path) check parameters
[0.195s] Level 1:colcon.colcon_core.package_discovery:discover_packages(prefix_path) discover
[0.196s] DEBUG:colcon.colcon_installed_package_information.package_discovery:Found 3 installed packages in /home/oakfox/srtp/ros2_ws/install
[0.197s] DEBUG:colcon.colcon_installed_package_information.package_discovery:Found 361 installed packages in /opt/ros/humble
[0.198s] Level 1:colcon.colcon_core.package_discovery:discover_packages(prefix_path) using defaults
[0.222s] Level 5:colcon.colcon_core.verb:set package 'ustb_doggo_impedance_controller' build argument 'cmake_args' from command line to 'None'
[0.223s] Level 5:colcon.colcon_core.verb:set package 'ustb_doggo_impedance_controller' build argument 'cmake_target' from command line to 'None'
[0.223s] Level 5:colcon.colcon_core.verb:set package 'ustb_doggo_impedance_controller' build argument 'cmake_target_skip_unavailable' from command line to 'False'
[0.223s] Level 5:colcon.colcon_core.verb:set package 'ustb_doggo_impedance_controller' build argument 'cmake_clean_cache' from command line to 'False'
[0.223s] Level 5:colcon.colcon_core.verb:set package 'ustb_doggo_impedance_controller' build argument 'cmake_clean_first' from command line to 'False'
[0.223s] Level 5:colcon.colcon_core.verb:set package 'ustb_doggo_impedance_controller' build argument 'cmake_force_configure' from command line to 'False'
[0.223s] Level 5:colcon.colcon_core.verb:set package 'ustb_doggo_impedance_controller' build argument 'ament_cmake_args' from command line to 'None'
[0.223s] Level 5:colcon.colcon_core.verb:set package 'ustb_doggo_impedance_controller' build argument 'catkin_cmake_args' from command line to 'None'
[0.223s] Level 5:colcon.colcon_core.verb:set package 'ustb_doggo_impedance_controller' build argument 'catkin_skip_building_tests' from command line to 'False'
[0.223s] DEBUG:colcon.colcon_core.verb:Building package 'ustb_doggo_impedance_controller' with the following arguments: {'ament_cmake_args': None, 'build_base': '/home/oakfox/srtp/ros2_ws/build/ustb_doggo_impedance_controller', 'catkin_cmake_args': None, 'catkin_skip_building_tests': False, 'cmake_args': None, 'cmake_clean_cache': False, 'cmake_clean_first': False, 'cmake_force_configure': False, 'cmake_target': None, 'cmake_target_skip_unavailable': False, 'install_base': '/home/oakfox/srtp/ros2_ws/install/ustb_doggo_impedance_controller', 'merge_install': False, 'path': '/home/oakfox/srtp/ros2_ws/src/ustb_doggo_impedance_controller', 'symlink_install': False, 'test_result_base': None}
[0.223s] Level 5:colcon.colcon_core.verb:set package 'ustb_doggo_urdf' build argument 'cmake_args' from command line to 'None'
[0.223s] Level 5:colcon.colcon_core.verb:set package 'ustb_doggo_urdf' build argument 'cmake_target' from command line to 'None'
[0.223s] Level 5:colcon.colcon_core.verb:set package 'ustb_doggo_urdf' build argument 'cmake_target_skip_unavailable' from command line to 'False'
[0.223s] Level 5:colcon.colcon_core.verb:set package 'ustb_doggo_urdf' build argument 'cmake_clean_cache' from command line to 'False'
[0.223s] Level 5:colcon.colcon_core.verb:set package 'ustb_doggo_urdf' build argument 'cmake_clean_first' from command line to 'False'
[0.223s] Level 5:colcon.colcon_core.verb:set package 'ustb_doggo_urdf' build argument 'cmake_force_configure' from command line to 'False'
[0.223s] Level 5:colcon.colcon_core.verb:set package 'ustb_doggo_urdf' build argument 'ament_cmake_args' from command line to 'None'
[0.223s] Level 5:colcon.colcon_core.verb:set package 'ustb_doggo_urdf' build argument 'catkin_cmake_args' from command line to 'None'
[0.223s] Level 5:colcon.colcon_core.verb:set package 'ustb_doggo_urdf' build argument 'catkin_skip_building_tests' from command line to 'False'
[0.223s] DEBUG:colcon.colcon_core.verb:Building package 'ustb_doggo_urdf' with the following arguments: {'ament_cmake_args': None, 'build_base': '/home/oakfox/srtp/ros2_ws/build/ustb_doggo_urdf', 'catkin_cmake_args': None, 'catkin_skip_building_tests': False, 'cmake_args': None, 'cmake_clean_cache': False, 'cmake_clean_first': False, 'cmake_force_configure': False, 'cmake_target': None, 'cmake_target_skip_unavailable': False, 'install_base': '/home/oakfox/srtp/ros2_ws/install/ustb_doggo_urdf', 'merge_install': False, 'path': '/home/oakfox/srtp/ros2_ws/src/ustb_doggo_urdf', 'symlink_install': False, 'test_result_base': None}
[0.223s] Level 5:colcon.colcon_core.verb:set package 'ustb_doggo_virtual_model_control' build argument 'cmake_args' from command line to 'None'
[0.223s] Level 5:colcon.colcon_core.verb:set package 'ustb_doggo_virtual_model_control' build argument 'cmake_target' from command line to 'None'
[0.223s] Level 5:colcon.colcon_core.verb:set package 'ustb_doggo_virtual_model_control' build argument 'cmake_target_skip_unavailable' from command line to 'False'
[0.223s] Level 5:colcon.colcon_core.verb:set package 'ustb_doggo_virtual_model_control' build argument 'cmake_clean_cache' from command line to 'False'
[0.223s] Level 5:colcon.colcon_core.verb:set package 'ustb_doggo_virtual_model_control' build argument 'cmake_clean_first' from command line to 'False'
[0.223s] Level 5:colcon.colcon_core.verb:set package 'ustb_doggo_virtual_model_control' build argument 'cmake_force_configure' from command line to 'False'
[0.223s] Level 5:colcon.colcon_core.verb:set package 'ustb_doggo_virtual_model_control' build argument 'ament_cmake_args' from command line to 'None'
[0.223s] Level 5:colcon.colcon_core.verb:set package 'ustb_doggo_virtual_model_control' build argument 'catkin_cmake_args' from command line to 'None'
[0.223s] Level 5:colcon.colcon_core.verb:set package 'ustb_doggo_virtual_model_control' build argument 'catkin_skip_building_tests' from command line to 'False'
[0.223s] DEBUG:colcon.colcon_core.verb:Building package 'ustb_doggo_virtual_model_control' with the following arguments: {'ament_cmake_args': None, 'build_base': '/home/oakfox/srtp/ros2_ws/build/ustb_doggo_virtual_model_control', 'catkin_cmake_args': None, 'catkin_skip_building_tests': False, 'cmake_args': None, 'cmake_clean_cache': False, 'cmake_clean_first': False, 'cmake_force_configure': False, 'cmake_target': None, 'cmake_target_skip_unavailable': False, 'install_base': '/home/oakfox/srtp/ros2_ws/install/ustb_doggo_virtual_model_control', 'merge_install': False, 'path': '/home/oakfox/srtp/ros2_ws/src/ustb_doggo_virtual_model_control', 'symlink_install': False, 'test_result_base': None}
[0.223s] INFO:colcon.colcon_core.executor:Executing jobs using 'parallel' executor
[0.224s] DEBUG:colcon.colcon_parallel_executor.executor.parallel:run_until_complete
[0.224s] INFO:colcon.colcon_ros.task.ament_cmake.build:Building ROS package in '/home/oakfox/srtp/ros2_ws/src/ustb_doggo_impedance_controller' with build type 'ament_cmake'
[0.224s] INFO:colcon.colcon_cmake.task.cmake.build:Building CMake package in '/home/oakfox/srtp/ros2_ws/src/ustb_doggo_impedance_controller'
[0.226s] INFO:colcon.colcon_core.plugin_system:Skipping extension 'colcon_core.shell.bat': Not used on non-Windows systems
[0.226s] INFO:colcon.colcon_core.shell:Skip shell extension 'powershell' for command environment: Not usable outside of PowerShell
[0.226s] DEBUG:colcon.colcon_core.shell:Skip shell extension 'dsv' for command environment
[0.228s] INFO:colcon.colcon_ros.task.ament_cmake.build:Building ROS package in '/home/oakfox/srtp/ros2_ws/src/ustb_doggo_urdf' with build type 'ament_cmake'
[0.228s] INFO:colcon.colcon_cmake.task.cmake.build:Building CMake package in '/home/oakfox/srtp/ros2_ws/src/ustb_doggo_urdf'
[0.228s] INFO:colcon.colcon_core.shell:Skip shell extension 'powershell' for command environment: Not usable outside of PowerShell
[0.228s] DEBUG:colcon.colcon_core.shell:Skip shell extension 'dsv' for command environment
[0.230s] INFO:colcon.colcon_ros.task.ament_cmake.build:Building ROS package in '/home/oakfox/srtp/ros2_ws/src/ustb_doggo_virtual_model_control' with build type 'ament_cmake'
[0.230s] INFO:colcon.colcon_cmake.task.cmake.build:Building CMake package in '/home/oakfox/srtp/ros2_ws/src/ustb_doggo_virtual_model_control'
[0.230s] INFO:colcon.colcon_core.shell:Skip shell extension 'powershell' for command environment: Not usable outside of PowerShell
[0.230s] DEBUG:colcon.colcon_core.shell:Skip shell extension 'dsv' for command environment
[0.235s] DEBUG:colcon.colcon_core.event_handler.log_command:Invoking command in '/home/oakfox/srtp/ros2_ws/build/ustb_doggo_impedance_controller': CMAKE_PREFIX_PATH=${CMAKE_PREFIX_PATH}:/opt/ros/humble /usr/bin/cmake --build /home/oakfox/srtp/ros2_ws/build/ustb_doggo_impedance_controller -- -j16 -l16
[0.238s] DEBUG:colcon.colcon_core.event_handler.log_command:Invoking command in '/home/oakfox/srtp/ros2_ws/build/ustb_doggo_urdf': CMAKE_PREFIX_PATH=${CMAKE_PREFIX_PATH}:/opt/ros/humble /usr/bin/cmake --build /home/oakfox/srtp/ros2_ws/build/ustb_doggo_urdf -- -j16 -l16
[0.240s] DEBUG:colcon.colcon_core.event_handler.log_command:Invoking command in '/home/oakfox/srtp/ros2_ws/build/ustb_doggo_virtual_model_control': CMAKE_PREFIX_PATH=${CMAKE_PREFIX_PATH}:/opt/ros/humble /usr/bin/cmake --build /home/oakfox/srtp/ros2_ws/build/ustb_doggo_virtual_model_control -- -j16 -l16
[0.265s] DEBUG:colcon.colcon_core.event_handler.log_command:Invoked command in '/home/oakfox/srtp/ros2_ws/build/ustb_doggo_urdf' returned '0': CMAKE_PREFIX_PATH=${CMAKE_PREFIX_PATH}:/opt/ros/humble /usr/bin/cmake --build /home/oakfox/srtp/ros2_ws/build/ustb_doggo_urdf -- -j16 -l16
[0.274s] DEBUG:colcon.colcon_core.event_handler.log_command:Invoking command in '/home/oakfox/srtp/ros2_ws/build/ustb_doggo_urdf': CMAKE_PREFIX_PATH=${CMAKE_PREFIX_PATH}:/opt/ros/humble /usr/bin/cmake --install /home/oakfox/srtp/ros2_ws/build/ustb_doggo_urdf
[0.285s] Level 1:colcon.colcon_core.environment:create_environment_scripts_only(ustb_doggo_urdf)
[0.288s] DEBUG:colcon.colcon_core.event_handler.log_command:Invoked command in '/home/oakfox/srtp/ros2_ws/build/ustb_doggo_urdf' returned '0': CMAKE_PREFIX_PATH=${CMAKE_PREFIX_PATH}:/opt/ros/humble /usr/bin/cmake --install /home/oakfox/srtp/ros2_ws/build/ustb_doggo_urdf
[0.290s] Level 1:colcon.colcon_core.environment:checking '/home/oakfox/srtp/ros2_ws/install/ustb_doggo_urdf' for CMake module files
[0.290s] Level 1:colcon.colcon_core.environment:checking '/home/oakfox/srtp/ros2_ws/install/ustb_doggo_urdf' for CMake config files
[0.290s] Level 1:colcon.colcon_core.shell:create_environment_hook('ustb_doggo_urdf', 'cmake_prefix_path')
[0.291s] INFO:colcon.colcon_core.shell:Creating environment hook '/home/oakfox/srtp/ros2_ws/install/ustb_doggo_urdf/share/ustb_doggo_urdf/hook/cmake_prefix_path.ps1'
[0.291s] INFO:colcon.colcon_core.shell:Creating environment descriptor '/home/oakfox/srtp/ros2_ws/install/ustb_doggo_urdf/share/ustb_doggo_urdf/hook/cmake_prefix_path.dsv'
[0.292s] INFO:colcon.colcon_core.shell:Creating environment hook '/home/oakfox/srtp/ros2_ws/install/ustb_doggo_urdf/share/ustb_doggo_urdf/hook/cmake_prefix_path.sh'
[0.293s] Level 1:colcon.colcon_core.environment:checking '/home/oakfox/srtp/ros2_ws/install/ustb_doggo_urdf/bin'
[0.293s] Level 1:colcon.colcon_core.environment:checking '/home/oakfox/srtp/ros2_ws/install/ustb_doggo_urdf/lib/pkgconfig/ustb_doggo_urdf.pc'
[0.293s] Level 1:colcon.colcon_core.environment:checking '/home/oakfox/srtp/ros2_ws/install/ustb_doggo_urdf/lib/python3.10/site-packages'
[0.293s] Level 1:colcon.colcon_core.environment:checking '/home/oakfox/srtp/ros2_ws/install/ustb_doggo_urdf/bin'
[0.293s] INFO:colcon.colcon_core.shell:Creating package script '/home/oakfox/srtp/ros2_ws/install/ustb_doggo_urdf/share/ustb_doggo_urdf/package.ps1'
[0.294s] INFO:colcon.colcon_core.shell:Creating package descriptor '/home/oakfox/srtp/ros2_ws/install/ustb_doggo_urdf/share/ustb_doggo_urdf/package.dsv'
[0.294s] INFO:colcon.colcon_core.shell:Creating package script '/home/oakfox/srtp/ros2_ws/install/ustb_doggo_urdf/share/ustb_doggo_urdf/package.sh'
[0.295s] INFO:colcon.colcon_core.shell:Creating package script '/home/oakfox/srtp/ros2_ws/install/ustb_doggo_urdf/share/ustb_doggo_urdf/package.bash'
[0.295s] INFO:colcon.colcon_core.shell:Creating package script '/home/oakfox/srtp/ros2_ws/install/ustb_doggo_urdf/share/ustb_doggo_urdf/package.zsh'
[0.296s] Level 1:colcon.colcon_core.environment:create_file_with_runtime_dependencies(/home/oakfox/srtp/ros2_ws/install/ustb_doggo_urdf/share/colcon-core/packages/ustb_doggo_urdf)
[0.296s] Level 1:colcon.colcon_core.environment:create_environment_scripts_only(ustb_doggo_urdf)
[0.296s] Level 1:colcon.colcon_core.environment:checking '/home/oakfox/srtp/ros2_ws/install/ustb_doggo_urdf' for CMake module files
[0.297s] Level 1:colcon.colcon_core.environment:checking '/home/oakfox/srtp/ros2_ws/install/ustb_doggo_urdf' for CMake config files
[0.297s] Level 1:colcon.colcon_core.shell:create_environment_hook('ustb_doggo_urdf', 'cmake_prefix_path')
[0.297s] INFO:colcon.colcon_core.shell:Creating environment hook '/home/oakfox/srtp/ros2_ws/install/ustb_doggo_urdf/share/ustb_doggo_urdf/hook/cmake_prefix_path.ps1'
[0.298s] INFO:colcon.colcon_core.shell:Creating environment descriptor '/home/oakfox/srtp/ros2_ws/install/ustb_doggo_urdf/share/ustb_doggo_urdf/hook/cmake_prefix_path.dsv'
[0.298s] INFO:colcon.colcon_core.shell:Creating environment hook '/home/oakfox/srtp/ros2_ws/install/ustb_doggo_urdf/share/ustb_doggo_urdf/hook/cmake_prefix_path.sh'
[0.298s] Level 1:colcon.colcon_core.environment:checking '/home/oakfox/srtp/ros2_ws/install/ustb_doggo_urdf/bin'
[0.298s] Level 1:colcon.colcon_core.environment:checking '/home/oakfox/srtp/ros2_ws/install/ustb_doggo_urdf/lib/pkgconfig/ustb_doggo_urdf.pc'
[0.298s] Level 1:colcon.colcon_core.environment:checking '/home/oakfox/srtp/ros2_ws/install/ustb_doggo_urdf/lib/python3.10/site-packages'
[0.299s] Level 1:colcon.colcon_core.environment:checking '/home/oakfox/srtp/ros2_ws/install/ustb_doggo_urdf/bin'
[0.299s] INFO:colcon.colcon_core.shell:Creating package script '/home/oakfox/srtp/ros2_ws/install/ustb_doggo_urdf/share/ustb_doggo_urdf/package.ps1'
[0.299s] INFO:colcon.colcon_core.shell:Creating package descriptor '/home/oakfox/srtp/ros2_ws/install/ustb_doggo_urdf/share/ustb_doggo_urdf/package.dsv'
[0.300s] INFO:colcon.colcon_core.shell:Creating package script '/home/oakfox/srtp/ros2_ws/install/ustb_doggo_urdf/share/ustb_doggo_urdf/package.sh'
[0.300s] INFO:colcon.colcon_core.shell:Creating package script '/home/oakfox/srtp/ros2_ws/install/ustb_doggo_urdf/share/ustb_doggo_urdf/package.bash'
[0.300s] INFO:colcon.colcon_core.shell:Creating package script '/home/oakfox/srtp/ros2_ws/install/ustb_doggo_urdf/share/ustb_doggo_urdf/package.zsh'
[0.301s] Level 1:colcon.colcon_core.environment:create_file_with_runtime_dependencies(/home/oakfox/srtp/ros2_ws/install/ustb_doggo_urdf/share/colcon-core/packages/ustb_doggo_urdf)
[0.306s] DEBUG:colcon.colcon_core.event_handler.log_command:Invoked command in '/home/oakfox/srtp/ros2_ws/build/ustb_doggo_impedance_controller' returned '0': CMAKE_PREFIX_PATH=${CMAKE_PREFIX_PATH}:/opt/ros/humble /usr/bin/cmake --build /home/oakfox/srtp/ros2_ws/build/ustb_doggo_impedance_controller -- -j16 -l16
[0.308s] DEBUG:colcon.colcon_core.event_handler.log_command:Invoking command in '/home/oakfox/srtp/ros2_ws/build/ustb_doggo_impedance_controller': CMAKE_PREFIX_PATH=${CMAKE_PREFIX_PATH}:/opt/ros/humble /usr/bin/cmake --install /home/oakfox/srtp/ros2_ws/build/ustb_doggo_impedance_controller
[0.315s] Level 1:colcon.colcon_core.environment:create_environment_scripts_only(ustb_doggo_impedance_controller)
[0.316s] Level 1:colcon.colcon_core.environment:checking '/home/oakfox/srtp/ros2_ws/install/ustb_doggo_impedance_controller' for CMake module files
[0.316s] DEBUG:colcon.colcon_core.event_handler.log_command:Invoked command in '/home/oakfox/srtp/ros2_ws/build/ustb_doggo_impedance_controller' returned '0': CMAKE_PREFIX_PATH=${CMAKE_PREFIX_PATH}:/opt/ros/humble /usr/bin/cmake --install /home/oakfox/srtp/ros2_ws/build/ustb_doggo_impedance_controller
[0.316s] Level 1:colcon.colcon_core.environment:checking '/home/oakfox/srtp/ros2_ws/install/ustb_doggo_impedance_controller' for CMake config files
[0.316s] Level 1:colcon.colcon_core.shell:create_environment_hook('ustb_doggo_impedance_controller', 'cmake_prefix_path')
[0.317s] INFO:colcon.colcon_core.shell:Creating environment hook '/home/oakfox/srtp/ros2_ws/install/ustb_doggo_impedance_controller/share/ustb_doggo_impedance_controller/hook/cmake_prefix_path.ps1'
[0.317s] INFO:colcon.colcon_core.shell:Creating environment descriptor '/home/oakfox/srtp/ros2_ws/install/ustb_doggo_impedance_controller/share/ustb_doggo_impedance_controller/hook/cmake_prefix_path.dsv'
[0.317s] INFO:colcon.colcon_core.shell:Creating environment hook '/home/oakfox/srtp/ros2_ws/install/ustb_doggo_impedance_controller/share/ustb_doggo_impedance_controller/hook/cmake_prefix_path.sh'
[0.318s] Level 1:colcon.colcon_core.environment:checking '/home/oakfox/srtp/ros2_ws/install/ustb_doggo_impedance_controller/lib'
[0.318s] Level 1:colcon.colcon_core.environment:checking '/home/oakfox/srtp/ros2_ws/install/ustb_doggo_impedance_controller/bin'
[0.318s] Level 1:colcon.colcon_core.environment:checking '/home/oakfox/srtp/ros2_ws/install/ustb_doggo_impedance_controller/lib/pkgconfig/ustb_doggo_impedance_controller.pc'
[0.318s] Level 1:colcon.colcon_core.environment:checking '/home/oakfox/srtp/ros2_ws/install/ustb_doggo_impedance_controller/lib/python3.10/site-packages'
[0.318s] Level 1:colcon.colcon_core.environment:checking '/home/oakfox/srtp/ros2_ws/install/ustb_doggo_impedance_controller/bin'
[0.318s] INFO:colcon.colcon_core.shell:Creating package script '/home/oakfox/srtp/ros2_ws/install/ustb_doggo_impedance_controller/share/ustb_doggo_impedance_controller/package.ps1'
[0.319s] INFO:colcon.colcon_core.shell:Creating package descriptor '/home/oakfox/srtp/ros2_ws/install/ustb_doggo_impedance_controller/share/ustb_doggo_impedance_controller/package.dsv'
[0.319s] INFO:colcon.colcon_core.shell:Creating package script '/home/oakfox/srtp/ros2_ws/install/ustb_doggo_impedance_controller/share/ustb_doggo_impedance_controller/package.sh'
[0.319s] INFO:colcon.colcon_core.shell:Creating package script '/home/oakfox/srtp/ros2_ws/install/ustb_doggo_impedance_controller/share/ustb_doggo_impedance_controller/package.bash'
[0.319s] INFO:colcon.colcon_core.shell:Creating package script '/home/oakfox/srtp/ros2_ws/install/ustb_doggo_impedance_controller/share/ustb_doggo_impedance_controller/package.zsh'
[0.320s] Level 1:colcon.colcon_core.environment:create_file_with_runtime_dependencies(/home/oakfox/srtp/ros2_ws/install/ustb_doggo_impedance_controller/share/colcon-core/packages/ustb_doggo_impedance_controller)
[0.320s] Level 1:colcon.colcon_core.environment:create_environment_scripts_only(ustb_doggo_impedance_controller)
[0.320s] Level 1:colcon.colcon_core.environment:checking '/home/oakfox/srtp/ros2_ws/install/ustb_doggo_impedance_controller' for CMake module files
[0.320s] Level 1:colcon.colcon_core.environment:checking '/home/oakfox/srtp/ros2_ws/install/ustb_doggo_impedance_controller' for CMake config files
[0.321s] Level 1:colcon.colcon_core.shell:create_environment_hook('ustb_doggo_impedance_controller', 'cmake_prefix_path')
[0.321s] INFO:colcon.colcon_core.shell:Creating environment hook '/home/oakfox/srtp/ros2_ws/install/ustb_doggo_impedance_controller/share/ustb_doggo_impedance_controller/hook/cmake_prefix_path.ps1'
[0.321s] INFO:colcon.colcon_core.shell:Creating environment descriptor '/home/oakfox/srtp/ros2_ws/install/ustb_doggo_impedance_controller/share/ustb_doggo_impedance_controller/hook/cmake_prefix_path.dsv'
[0.321s] INFO:colcon.colcon_core.shell:Creating environment hook '/home/oakfox/srtp/ros2_ws/install/ustb_doggo_impedance_controller/share/ustb_doggo_impedance_controller/hook/cmake_prefix_path.sh'
[0.321s] Level 1:colcon.colcon_core.environment:checking '/home/oakfox/srtp/ros2_ws/install/ustb_doggo_impedance_controller/lib'
[0.322s] Level 1:colcon.colcon_core.environment:checking '/home/oakfox/srtp/ros2_ws/install/ustb_doggo_impedance_controller/bin'
[0.322s] Level 1:colcon.colcon_core.environment:checking '/home/oakfox/srtp/ros2_ws/install/ustb_doggo_impedance_controller/lib/pkgconfig/ustb_doggo_impedance_controller.pc'
[0.322s] Level 1:colcon.colcon_core.environment:checking '/home/oakfox/srtp/ros2_ws/install/ustb_doggo_impedance_controller/lib/python3.10/site-packages'
[0.322s] Level 1:colcon.colcon_core.environment:checking '/home/oakfox/srtp/ros2_ws/install/ustb_doggo_impedance_controller/bin'
[0.322s] INFO:colcon.colcon_core.shell:Creating package script '/home/oakfox/srtp/ros2_ws/install/ustb_doggo_impedance_controller/share/ustb_doggo_impedance_controller/package.ps1'
[0.323s] INFO:colcon.colcon_core.shell:Creating package descriptor '/home/oakfox/srtp/ros2_ws/install/ustb_doggo_impedance_controller/share/ustb_doggo_impedance_controller/package.dsv'
[0.323s] INFO:colcon.colcon_core.shell:Creating package script '/home/oakfox/srtp/ros2_ws/install/ustb_doggo_impedance_controller/share/ustb_doggo_impedance_controller/package.sh'
[0.323s] INFO:colcon.colcon_core.shell:Creating package script '/home/oakfox/srtp/ros2_ws/install/ustb_doggo_impedance_controller/share/ustb_doggo_impedance_controller/package.bash'
[0.324s] INFO:colcon.colcon_core.shell:Creating package script '/home/oakfox/srtp/ros2_ws/install/ustb_doggo_impedance_controller/share/ustb_doggo_impedance_controller/package.zsh'
[0.324s] Level 1:colcon.colcon_core.environment:create_file_with_runtime_dependencies(/home/oakfox/srtp/ros2_ws/install/ustb_doggo_impedance_controller/share/colcon-core/packages/ustb_doggo_impedance_controller)
[13.394s] DEBUG:colcon.colcon_core.event_handler.log_command:Invoked command in '/home/oakfox/srtp/ros2_ws/build/ustb_doggo_virtual_model_control' returned '0': CMAKE_PREFIX_PATH=${CMAKE_PREFIX_PATH}:/opt/ros/humble /usr/bin/cmake --build /home/oakfox/srtp/ros2_ws/build/ustb_doggo_virtual_model_control -- -j16 -l16
[13.396s] DEBUG:colcon.colcon_core.event_handler.log_command:Invoking command in '/home/oakfox/srtp/ros2_ws/build/ustb_doggo_virtual_model_control': CMAKE_PREFIX_PATH=${CMAKE_PREFIX_PATH}:/opt/ros/humble /usr/bin/cmake --install /home/oakfox/srtp/ros2_ws/build/ustb_doggo_virtual_model_control
[13.411s] Level 1:colcon.colcon_core.environment:create_environment_scripts_only(ustb_doggo_virtual_model_control)
[13.411s] Level 1:colcon.colcon_core.environment:checking '/home/oakfox/srtp/ros2_ws/install/ustb_doggo_virtual_model_control' for CMake module files
[13.412s] DEBUG:colcon.colcon_core.event_handler.log_command:Invoked command in '/home/oakfox/srtp/ros2_ws/build/ustb_doggo_virtual_model_control' returned '0': CMAKE_PREFIX_PATH=${CMAKE_PREFIX_PATH}:/opt/ros/humble /usr/bin/cmake --install /home/oakfox/srtp/ros2_ws/build/ustb_doggo_virtual_model_control
[13.412s] Level 1:colcon.colcon_core.environment:checking '/home/oakfox/srtp/ros2_ws/install/ustb_doggo_virtual_model_control' for CMake config files
[13.412s] Level 1:colcon.colcon_core.shell:create_environment_hook('ustb_doggo_virtual_model_control', 'cmake_prefix_path')
[13.412s] INFO:colcon.colcon_core.shell:Creating environment hook '/home/oakfox/srtp/ros2_ws/install/ustb_doggo_virtual_model_control/share/ustb_doggo_virtual_model_control/hook/cmake_prefix_path.ps1'
[13.413s] INFO:colcon.colcon_core.shell:Creating environment descriptor '/home/oakfox/srtp/ros2_ws/install/ustb_doggo_virtual_model_control/share/ustb_doggo_virtual_model_control/hook/cmake_prefix_path.dsv'
[13.413s] INFO:colcon.colcon_core.shell:Creating environment hook '/home/oakfox/srtp/ros2_ws/install/ustb_doggo_virtual_model_control/share/ustb_doggo_virtual_model_control/hook/cmake_prefix_path.sh'
[13.413s] Level 1:colcon.colcon_core.environment:checking '/home/oakfox/srtp/ros2_ws/install/ustb_doggo_virtual_model_control/lib'
[13.414s] Level 1:colcon.colcon_core.environment:checking '/home/oakfox/srtp/ros2_ws/install/ustb_doggo_virtual_model_control/bin'
[13.414s] Level 1:colcon.colcon_core.environment:checking '/home/oakfox/srtp/ros2_ws/install/ustb_doggo_virtual_model_control/lib/pkgconfig/ustb_doggo_virtual_model_control.pc'
[13.414s] Level 1:colcon.colcon_core.environment:checking '/home/oakfox/srtp/ros2_ws/install/ustb_doggo_virtual_model_control/lib/python3.10/site-packages'
[13.414s] Level 1:colcon.colcon_core.environment:checking '/home/oakfox/srtp/ros2_ws/install/ustb_doggo_virtual_model_control/bin'
[13.414s] INFO:colcon.colcon_core.shell:Creating package script '/home/oakfox/srtp/ros2_ws/install/ustb_doggo_virtual_model_control/share/ustb_doggo_virtual_model_control/package.ps1'
[13.415s] INFO:colcon.colcon_core.shell:Creating package descriptor '/home/oakfox/srtp/ros2_ws/install/ustb_doggo_virtual_model_control/share/ustb_doggo_virtual_model_control/package.dsv'
[13.415s] INFO:colcon.colcon_core.shell:Creating package script '/home/oakfox/srtp/ros2_ws/install/ustb_doggo_virtual_model_control/share/ustb_doggo_virtual_model_control/package.sh'
[13.415s] INFO:colcon.colcon_core.shell:Creating package script '/home/oakfox/srtp/ros2_ws/install/ustb_doggo_virtual_model_control/share/ustb_doggo_virtual_model_control/package.bash'
[13.415s] INFO:colcon.colcon_core.shell:Creating package script '/home/oakfox/srtp/ros2_ws/install/ustb_doggo_virtual_model_control/share/ustb_doggo_virtual_model_control/package.zsh'
[13.416s] Level 1:colcon.colcon_core.environment:create_file_with_runtime_dependencies(/home/oakfox/srtp/ros2_ws/install/ustb_doggo_virtual_model_control/share/colcon-core/packages/ustb_doggo_virtual_model_control)
[13.416s] Level 1:colcon.colcon_core.environment:create_environment_scripts_only(ustb_doggo_virtual_model_control)
[13.416s] Level 1:colcon.colcon_core.environment:checking '/home/oakfox/srtp/ros2_ws/install/ustb_doggo_virtual_model_control' for CMake module files
[13.417s] Level 1:colcon.colcon_core.environment:checking '/home/oakfox/srtp/ros2_ws/install/ustb_doggo_virtual_model_control' for CMake config files
[13.417s] Level 1:colcon.colcon_core.shell:create_environment_hook('ustb_doggo_virtual_model_control', 'cmake_prefix_path')
[13.417s] INFO:colcon.colcon_core.shell:Creating environment hook '/home/oakfox/srtp/ros2_ws/install/ustb_doggo_virtual_model_control/share/ustb_doggo_virtual_model_control/hook/cmake_prefix_path.ps1'
[13.417s] INFO:colcon.colcon_core.shell:Creating environment descriptor '/home/oakfox/srtp/ros2_ws/install/ustb_doggo_virtual_model_control/share/ustb_doggo_virtual_model_control/hook/cmake_prefix_path.dsv'
[13.418s] INFO:colcon.colcon_core.shell:Creating environment hook '/home/oakfox/srtp/ros2_ws/install/ustb_doggo_virtual_model_control/share/ustb_doggo_virtual_model_control/hook/cmake_prefix_path.sh'
[13.418s] Level 1:colcon.colcon_core.environment:checking '/home/oakfox/srtp/ros2_ws/install/ustb_doggo_virtual_model_control/lib'
[13.418s] Level 1:colcon.colcon_core.environment:checking '/home/oakfox/srtp/ros2_ws/install/ustb_doggo_virtual_model_control/bin'
[13.418s] Level 1:colcon.colcon_core.environment:checking '/home/oakfox/srtp/ros2_ws/install/ustb_doggo_virtual_model_control/lib/pkgconfig/ustb_doggo_virtual_model_control.pc'
[13.418s] Level 1:colcon.colcon_core.environment:checking '/home/oakfox/srtp/ros2_ws/install/ustb_doggo_virtual_model_control/lib/python3.10/site-packages'
[13.419s] Level 1:colcon.colcon_core.environment:checking '/home/oakfox/srtp/ros2_ws/install/ustb_doggo_virtual_model_control/bin'
[13.419s] INFO:colcon.colcon_core.shell:Creating package script '/home/oakfox/srtp/ros2_ws/install/ustb_doggo_virtual_model_control/share/ustb_doggo_virtual_model_control/package.ps1'
[13.419s] INFO:colcon.colcon_core.shell:Creating package descriptor '/home/oakfox/srtp/ros2_ws/install/ustb_doggo_virtual_model_control/share/ustb_doggo_virtual_model_control/package.dsv'
[13.420s] INFO:colcon.colcon_core.shell:Creating package script '/home/oakfox/srtp/ros2_ws/install/ustb_doggo_virtual_model_control/share/ustb_doggo_virtual_model_control/package.sh'
[13.420s] INFO:colcon.colcon_core.shell:Creating package script '/home/oakfox/srtp/ros2_ws/install/ustb_doggo_virtual_model_control/share/ustb_doggo_virtual_model_control/package.bash'
[13.420s] INFO:colcon.colcon_core.shell:Creating package script '/home/oakfox/srtp/ros2_ws/install/ustb_doggo_virtual_model_control/share/ustb_doggo_virtual_model_control/package.zsh'
[13.421s] Level 1:colcon.colcon_core.environment:create_file_with_runtime_dependencies(/home/oakfox/srtp/ros2_ws/install/ustb_doggo_virtual_model_control/share/colcon-core/packages/ustb_doggo_virtual_model_control)
[13.421s] DEBUG:colcon.colcon_parallel_executor.executor.parallel:closing loop
[13.421s] DEBUG:colcon.colcon_parallel_executor.executor.parallel:loop closed
[13.421s] DEBUG:colcon.colcon_parallel_executor.executor.parallel:run_until_complete finished with '0'
[13.421s] DEBUG:colcon.colcon_core.event_reactor:joining thread
[13.425s] INFO:colcon.colcon_core.plugin_system:Skipping extension 'colcon_notification.desktop_notification.terminal_notifier': Not used on non-Darwin systems
[13.425s] INFO:colcon.colcon_core.plugin_system:Skipping extension 'colcon_notification.desktop_notification.win32': Not used on non-Windows systems
[13.425s] INFO:colcon.colcon_notification.desktop_notification:Sending desktop notification using 'notify2'
[13.434s] DEBUG:colcon.colcon_core.event_reactor:joined thread
[13.434s] INFO:colcon.colcon_core.shell:Creating prefix script '/home/oakfox/srtp/ros2_ws/install/local_setup.ps1'
[13.435s] INFO:colcon.colcon_core.shell:Creating prefix util module '/home/oakfox/srtp/ros2_ws/install/_local_setup_util_ps1.py'
[13.437s] INFO:colcon.colcon_core.shell:Creating prefix chain script '/home/oakfox/srtp/ros2_ws/install/setup.ps1'
[13.438s] INFO:colcon.colcon_core.shell:Creating prefix script '/home/oakfox/srtp/ros2_ws/install/local_setup.sh'
[13.438s] INFO:colcon.colcon_core.shell:Creating prefix util module '/home/oakfox/srtp/ros2_ws/install/_local_setup_util_sh.py'
[13.439s] INFO:colcon.colcon_core.shell:Creating prefix chain script '/home/oakfox/srtp/ros2_ws/install/setup.sh'
[13.440s] INFO:colcon.colcon_core.shell:Creating prefix script '/home/oakfox/srtp/ros2_ws/install/local_setup.bash'
[13.440s] INFO:colcon.colcon_core.shell:Creating prefix chain script '/home/oakfox/srtp/ros2_ws/install/setup.bash'
[13.441s] INFO:colcon.colcon_core.shell:Creating prefix script '/home/oakfox/srtp/ros2_ws/install/local_setup.zsh'
[13.441s] INFO:colcon.colcon_core.shell:Creating prefix chain script '/home/oakfox/srtp/ros2_ws/install/setup.zsh'
