[01m[K/home/oakfox/srtp/ros2_ws/src/ustb_doggo_virtual_model_control/src/trot_gait_generator.cpp:[m[K In member function ‘[01m[Kvoid TrotGaitGenerator::timer_callback()[m[K’:
[01m[K/home/oakfox/srtp/ros2_ws/src/ustb_doggo_virtual_model_control/src/trot_gait_generator.cpp:52:22:[m[K [01;31m[Kerror: [m[Krequest for member ‘[01m[Kresize[m[K’ in ‘[01m[Kphase_type_.std_msgs::msg::UInt64_<std::allocator<void> >::data[m[K’, which is of non-class type ‘[01m[Kstd_msgs::msg::UInt64_<std::allocator<void> >::_data_type[m[K’ {aka ‘[01m[Klong unsigned int[m[K’}
   52 |     phase_type_.data.[01;31m[Kresize[m[K(4, 1);
      |                      [01;31m[K^~~~~~[m[K
[01m[K/home/oakfox/srtp/ros2_ws/src/ustb_doggo_virtual_model_control/src/trot_gait_generator.cpp:77:20:[m[K [01;31m[Kerror: [m[Kbase operand of ‘[01m[K->[m[K’ has non-pointer type ‘[01m[Kstd_msgs::msg::UInt64[m[K’ {aka ‘[01m[Kstd_msgs::msg::UInt64_<std::allocator<void> >[m[K’}
   77 |         phase_type_[01;31m[K->[m[Kdata[leg] = 0;
      |                    [01;31m[K^~[m[K
[01m[K/home/oakfox/srtp/ros2_ws/src/ustb_doggo_virtual_model_control/src/trot_gait_generator.cpp:86:20:[m[K [01;31m[Kerror: [m[Kbase operand of ‘[01m[K->[m[K’ has non-pointer type ‘[01m[Kstd_msgs::msg::UInt64[m[K’ {aka ‘[01m[Kstd_msgs::msg::UInt64_<std::allocator<void> >[m[K’}
   86 |         phase_type_[01;31m[K->[m[Kdata[leg] = 1;
      |                    [01;31m[K^~[m[K
[01m[K/home/oakfox/srtp/ros2_ws/src/ustb_doggo_virtual_model_control/src/virtual_model_control.cpp:282:49:[m[K [01;31m[Kerror: [m[K‘[01m[KUInt64[m[K’ in namespace ‘[01m[Kstd_msgs::msg[m[K’ does not name a type
  282 |     void phaseTypeCallback(const std_msgs::msg::[01;31m[KUInt64[m[K::SharedPtr msg)
      |                                                 [01;31m[K^~~~~~[m[K
[01m[K/home/oakfox/srtp/ros2_ws/src/ustb_doggo_virtual_model_control/src/virtual_model_control.cpp:282:67:[m[K [01;31m[Kerror: [m[Kexpected unqualified-id before ‘[01m[Kmsg[m[K’
  282 |     void phaseTypeCallback(const std_msgs::msg::UInt64::SharedPtr [01;31m[Kmsg[m[K)
      |                                                                   [01;31m[K^~~[m[K
[01m[K/home/oakfox/srtp/ros2_ws/src/ustb_doggo_virtual_model_control/src/virtual_model_control.cpp:282:66:[m[K [01;31m[Kerror: [m[Kexpected ‘[01m[K)[m[K’ before ‘[01m[Kmsg[m[K’
  282 |     void phaseTypeCallback[34m[K([m[Kconst std_msgs::msg::UInt64::SharedPtr[01;31m[K [m[K[32m[Kmsg[m[K)
      |                           [34m[K~[m[K                                      [01;31m[K^[m[K[32m[K~~~[m[K
      |                                                                  [32m[K)[m[K
[01m[K/home/oakfox/srtp/ros2_ws/src/ustb_doggo_virtual_model_control/src/virtual_model_control.cpp:282:57:[m[K [01;31m[Kerror: [m[Kexpected ‘[01m[K;[m[K’ at end of member declaration
  282 |     void phaseTypeCallback(const std_msgs::msg::UInt64::[01;31m[KSharedPtr[m[K msg)
      |                                                         [01;31m[K^~~~~~~~~[m[K
      |                                                                  [32m[K;[m[K
[01m[K/home/oakfox/srtp/ros2_ws/src/ustb_doggo_virtual_model_control/src/virtual_model_control.cpp:282:67:[m[K [01;31m[Kerror: [m[K‘[01m[Kmsg[m[K’ does not name a type
  282 |     void phaseTypeCallback(const std_msgs::msg::UInt64::SharedPtr [01;31m[Kmsg[m[K)
      |                                                                   [01;31m[K^~~[m[K
[01m[K/home/oakfox/srtp/ros2_ws/src/ustb_doggo_virtual_model_control/src/virtual_model_control.cpp:302:41:[m[K [01;31m[Kerror: [m[K‘[01m[KUInt64[m[K’ is not a member of ‘[01m[Kstd_msgs::msg[m[K’
  302 |     rclcpp::Subscription<std_msgs::msg::[01;31m[KUInt64[m[K>::SharedPtr phase_type_pub_;
      |                                         [01;31m[K^~~~~~[m[K
[01m[K/home/oakfox/srtp/ros2_ws/src/ustb_doggo_virtual_model_control/src/virtual_model_control.cpp:302:47:[m[K [01;31m[Kerror: [m[Ktemplate argument 1 is invalid
  302 |     rclcpp::Subscription<std_msgs::msg::UInt64[01;31m[K>[m[K::SharedPtr phase_type_pub_;
      |                                               [01;31m[K^[m[K
[01m[K/home/oakfox/srtp/ros2_ws/src/ustb_doggo_virtual_model_control/src/virtual_model_control.cpp:302:47:[m[K [01;31m[Kerror: [m[Ktemplate argument 3 is invalid
[01m[K/home/oakfox/srtp/ros2_ws/src/ustb_doggo_virtual_model_control/src/virtual_model_control.cpp:302:47:[m[K [01;31m[Kerror: [m[Ktemplate argument 4 is invalid
[01m[K/home/oakfox/srtp/ros2_ws/src/ustb_doggo_virtual_model_control/src/virtual_model_control.cpp:302:47:[m[K [01;31m[Kerror: [m[Ktemplate argument 5 is invalid
[01m[K/home/oakfox/srtp/ros2_ws/src/ustb_doggo_virtual_model_control/src/virtual_model_control.cpp:302:50:[m[K [01;31m[Kerror: [m[Kexpected ‘[01m[K;[m[K’ at end of member declaration
  302 |     rclcpp::Subscription<std_msgs::msg::UInt64>::[01;31m[KSharedPtr[m[K phase_type_pub_;
      |                                                  [01;31m[K^~~~~~~~~[m[K
      |                                                           [32m[K;[m[K
[01m[K/home/oakfox/srtp/ros2_ws/src/ustb_doggo_virtual_model_control/src/virtual_model_control.cpp:302:60:[m[K [01;31m[Kerror: [m[K‘[01m[Kphase_type_pub_[m[K’ does not name a type
  302 |     rclcpp::Subscription<std_msgs::msg::UInt64>::SharedPtr [01;31m[Kphase_type_pub_[m[K;
      |                                                            [01;31m[K^~~~~~~~~~~~~~~[m[K
[01m[K/home/oakfox/srtp/ros2_ws/src/ustb_doggo_virtual_model_control/src/virtual_model_control.cpp:[m[K In constructor ‘[01m[KVirtualModelControl::VirtualModelControl()[m[K’:
[01m[K/home/oakfox/srtp/ros2_ws/src/ustb_doggo_virtual_model_control/src/virtual_model_control.cpp:29:9:[m[K [01;31m[Kerror: [m[K‘[01m[Kphase_type_pub_[m[K’ was not declared in this scope
   29 |         [01;31m[Kphase_type_pub_[m[K = this->create_subscription<std_msgs::msg::UInt64>(
      |         [01;31m[K^~~~~~~~~~~~~~~[m[K
[01m[K/home/oakfox/srtp/ros2_ws/src/ustb_doggo_virtual_model_control/src/virtual_model_control.cpp:29:68:[m[K [01;31m[Kerror: [m[K‘[01m[KUInt64[m[K’ is not a member of ‘[01m[Kstd_msgs::msg[m[K’
   29 |         phase_type_pub_ = this->create_subscription<std_msgs::msg::[01;31m[KUInt64[m[K>(
      |                                                                    [01;31m[K^~~~~~[m[K
[01m[K/home/oakfox/srtp/ros2_ws/src/ustb_doggo_virtual_model_control/src/virtual_model_control.cpp:29:75:[m[K [01;31m[Kerror: [m[Kno matching function for call to ‘[01m[KVirtualModelControl::create_subscription<<expression error> >(const char [12], int, std::_Bind_helper<false, void (VirtualModelControl::*)(...), VirtualModelControl*, const std::_Placeholder<1>&>::type)[m[K’
   29 |         phase_type_pub_ = [01;31m[Kthis->create_subscription<std_msgs::msg::UInt64>([m[K
      |                           [01;31m[K~~~~~~~~~~~~~~~~~~~~~~~~~~~~~~~~~~~~~~~~~~~~~~~~^[m[K
   30 | [01;31m[K            "/phase_type", 10,[m[K
      |             [01;31m[K~~~~~~~~~~~~~~~~~~[m[K                                             
   31 | [01;31m[K            std::bind(&VirtualModelControl::phaseTypeCallback, this, std::placeholders::_1))[m[K;
      |             [01;31m[K~~~~~~~~~~~~~~~~~~~~~~~~~~~~~~~~~~~~~~~~~~~~~~~~~~~~~~~~~~~~~~~~~~~~~~~~~~~~~~~~[m[K
In file included from [01m[K/opt/ros/humble/include/rclcpp/rclcpp/node.hpp:1321[m[K,
                 from [01m[K/opt/ros/humble/include/rclcpp/rclcpp/executors/single_threaded_executor.hpp:28[m[K,
                 from [01m[K/opt/ros/humble/include/rclcpp/rclcpp/executors.hpp:22[m[K,
                 from [01m[K/opt/ros/humble/include/rclcpp/rclcpp/rclcpp.hpp:155[m[K,
                 from [01m[K/home/oakfox/srtp/ros2_ws/src/ustb_doggo_virtual_model_control/src/virtual_model_control.cpp:1[m[K:
[01m[K/opt/ros/humble/include/rclcpp/rclcpp/node_impl.hpp:92:1:[m[K [01;36m[Knote: [m[Kcandidate: ‘[01m[Ktemplate<class MessageT, class CallbackT, class AllocatorT, class SubscriptionT, class MessageMemoryStrategyT> std::shared_ptr<ROSMessageT> rclcpp::Node::create_subscription(const string&, const rclcpp::QoS&, CallbackT&&, const rclcpp::SubscriptionOptionsWithAllocator<AllocatorT>&, typename MessageMemoryStrategyT::SharedPtr)[m[K’
   92 | [01;36m[KNode[m[K::create_subscription(
      | [01;36m[K^~~~[m[K
[01m[K/opt/ros/humble/include/rclcpp/rclcpp/node_impl.hpp:92:1:[m[K [01;36m[Knote: [m[K  template argument deduction/substitution failed:
[01m[K/home/oakfox/srtp/ros2_ws/src/ustb_doggo_virtual_model_control/src/virtual_model_control.cpp:29:75:[m[K [01;31m[Kerror: [m[Ktemplate argument 1 is invalid
   29 |         phase_type_pub_ = [01;31m[Kthis->create_subscription<std_msgs::msg::UInt64>([m[K
      |                           [01;31m[K~~~~~~~~~~~~~~~~~~~~~~~~~~~~~~~~~~~~~~~~~~~~~~~~^[m[K
   30 | [01;31m[K            "/phase_type", 10,[m[K
      |             [01;31m[K~~~~~~~~~~~~~~~~~~[m[K                                             
   31 | [01;31m[K            std::bind(&VirtualModelControl::phaseTypeCallback, this, std::placeholders::_1))[m[K;
      |             [01;31m[K~~~~~~~~~~~~~~~~~~~~~~~~~~~~~~~~~~~~~~~~~~~~~~~~~~~~~~~~~~~~~~~~~~~~~~~~~~~~~~~~[m[K
[01m[K/home/oakfox/srtp/ros2_ws/src/ustb_doggo_virtual_model_control/src/virtual_model_control.cpp:[m[K In member function ‘[01m[Kvoid VirtualModelControl::odomCallback(nav_msgs::msg::Odometry_<std::allocator<void> >::SharedPtr)[m[K’:
[01m[K/home/oakfox/srtp/ros2_ws/src/ustb_doggo_virtual_model_control/src/virtual_model_control.cpp:126:64:[m[K [01;35m[Kwarning: [m[Kunused parameter ‘[01m[Kmsg[m[K’ [[01;35m[K]8;;https://gcc.gnu.org/onlinedocs/gcc/Warning-Options.html#index-Wunused-parameter-Wunused-parameter]8;;[m[K]
  126 |     void odomCallback([01;35m[Kconst nav_msgs::msg::Odometry::SharedPtr msg[m[K)
      |                       [01;35m[K~~~~~~~~~~~~~~~~~~~~~~~~~~~~~~~~~~~~~~~~~^~~[m[K
gmake[2]: *** [CMakeFiles/trot_gait_generator.dir/build.make:76：CMakeFiles/trot_gait_generator.dir/src/trot_gait_generator.cpp.o] 错误 1
gmake[1]: *** [CMakeFiles/Makefile2:141：CMakeFiles/trot_gait_generator.dir/all] 错误 2
gmake[1]: *** 正在等待未完成的任务....
gmake[2]: *** [CMakeFiles/virtual_model_control.dir/build.make:76：CMakeFiles/virtual_model_control.dir/src/virtual_model_control.cpp.o] 错误 1
gmake[1]: *** [CMakeFiles/Makefile2:167：CMakeFiles/virtual_model_control.dir/all] 错误 2
gmake: *** [Makefile:146：all] 错误 2
