[0.021s] Invoking command in '/home/oakfox/srtp/ros2_ws/build/ustb_doggo_virtual_model_control': CMAKE_PREFIX_PATH=${CMAKE_PREFIX_PATH}:/opt/ros/humble /usr/bin/cmake --build /home/oakfox/srtp/ros2_ws/build/ustb_doggo_virtual_model_control -- -j16 -l16
[0.093s] [35m[1mConsolidate compiler generated dependencies of target virtual_model_control[0m
[0.125s] [ 66%] Built target trot_gait_generator
[0.125s] [ 66%] Built target keyboard_control_vmc
[0.135s] [ 83%] [32mBuilding CXX object CMakeFiles/virtual_model_control.dir/src/virtual_model_control.cpp.o[0m
[24.049s] [100%] [32m[1mLinking CXX executable virtual_model_control[0m
[25.475s] [100%] Built target virtual_model_control
[25.493s] Invoked command in '/home/oakfox/srtp/ros2_ws/build/ustb_doggo_virtual_model_control' returned '0': CMAKE_PREFIX_PATH=${CMAKE_PREFIX_PATH}:/opt/ros/humble /usr/bin/cmake --build /home/oakfox/srtp/ros2_ws/build/ustb_doggo_virtual_model_control -- -j16 -l16
[25.496s] Invoking command in '/home/oakfox/srtp/ros2_ws/build/ustb_doggo_virtual_model_control': CMAKE_PREFIX_PATH=${CMAKE_PREFIX_PATH}:/opt/ros/humble /usr/bin/cmake --install /home/oakfox/srtp/ros2_ws/build/ustb_doggo_virtual_model_control
[25.507s] -- Install configuration: ""
[25.508s] -- Up-to-date: /home/oakfox/srtp/ros2_ws/install/ustb_doggo_virtual_model_control/lib/ustb_doggo_virtual_model_control/trot_gait_generator
[25.508s] -- Installing: /home/oakfox/srtp/ros2_ws/install/ustb_doggo_virtual_model_control/lib/ustb_doggo_virtual_model_control/virtual_model_control
[25.519s] -- Set runtime path of "/home/oakfox/srtp/ros2_ws/install/ustb_doggo_virtual_model_control/lib/ustb_doggo_virtual_model_control/virtual_model_control" to ""
[25.520s] -- Up-to-date: /home/oakfox/srtp/ros2_ws/install/ustb_doggo_virtual_model_control/lib/ustb_doggo_virtual_model_control/keyboard_control_vmc
[25.520s] -- Up-to-date: /home/oakfox/srtp/ros2_ws/install/ustb_doggo_virtual_model_control/share/ament_index/resource_index/package_run_dependencies/ustb_doggo_virtual_model_control
[25.520s] -- Up-to-date: /home/oakfox/srtp/ros2_ws/install/ustb_doggo_virtual_model_control/share/ament_index/resource_index/parent_prefix_path/ustb_doggo_virtual_model_control
[25.520s] -- Up-to-date: /home/oakfox/srtp/ros2_ws/install/ustb_doggo_virtual_model_control/share/ustb_doggo_virtual_model_control/environment/ament_prefix_path.sh
[25.520s] -- Up-to-date: /home/oakfox/srtp/ros2_ws/install/ustb_doggo_virtual_model_control/share/ustb_doggo_virtual_model_control/environment/ament_prefix_path.dsv
[25.520s] -- Up-to-date: /home/oakfox/srtp/ros2_ws/install/ustb_doggo_virtual_model_control/share/ustb_doggo_virtual_model_control/environment/path.sh
[25.520s] -- Up-to-date: /home/oakfox/srtp/ros2_ws/install/ustb_doggo_virtual_model_control/share/ustb_doggo_virtual_model_control/environment/path.dsv
[25.520s] -- Up-to-date: /home/oakfox/srtp/ros2_ws/install/ustb_doggo_virtual_model_control/share/ustb_doggo_virtual_model_control/local_setup.bash
[25.521s] -- Up-to-date: /home/oakfox/srtp/ros2_ws/install/ustb_doggo_virtual_model_control/share/ustb_doggo_virtual_model_control/local_setup.sh
[25.521s] -- Up-to-date: /home/oakfox/srtp/ros2_ws/install/ustb_doggo_virtual_model_control/share/ustb_doggo_virtual_model_control/local_setup.zsh
[25.521s] -- Up-to-date: /home/oakfox/srtp/ros2_ws/install/ustb_doggo_virtual_model_control/share/ustb_doggo_virtual_model_control/local_setup.dsv
[25.521s] -- Installing: /home/oakfox/srtp/ros2_ws/install/ustb_doggo_virtual_model_control/share/ustb_doggo_virtual_model_control/package.dsv
[25.521s] -- Up-to-date: /home/oakfox/srtp/ros2_ws/install/ustb_doggo_virtual_model_control/share/ament_index/resource_index/packages/ustb_doggo_virtual_model_control
[25.521s] -- Up-to-date: /home/oakfox/srtp/ros2_ws/install/ustb_doggo_virtual_model_control/share/ustb_doggo_virtual_model_control/cmake/ustb_doggo_virtual_model_controlConfig.cmake
[25.521s] -- Up-to-date: /home/oakfox/srtp/ros2_ws/install/ustb_doggo_virtual_model_control/share/ustb_doggo_virtual_model_control/cmake/ustb_doggo_virtual_model_controlConfig-version.cmake
[25.521s] -- Up-to-date: /home/oakfox/srtp/ros2_ws/install/ustb_doggo_virtual_model_control/share/ustb_doggo_virtual_model_control/package.xml
[25.524s] Invoked command in '/home/oakfox/srtp/ros2_ws/build/ustb_doggo_virtual_model_control' returned '0': CMAKE_PREFIX_PATH=${CMAKE_PREFIX_PATH}:/opt/ros/humble /usr/bin/cmake --install /home/oakfox/srtp/ros2_ws/build/ustb_doggo_virtual_model_control
