[0.015s] Invoking command in '/home/oakfox/srtp/ros2_ws/build/ustb_doggo_virtual_model_control': CMAKE_PREFIX_PATH=${CMAKE_PREFIX_PATH}:/opt/ros/humble /usr/bin/cmake --build /home/oakfox/srtp/ros2_ws/build/ustb_doggo_virtual_model_control -- -j16 -l16
[0.064s] [35m[1mConsolidate compiler generated dependencies of target trot_gait_generator[0m
[0.068s] [35m[1mConsolidate compiler generated dependencies of target virtual_model_control[0m
[0.085s] [ 33%] Built target keyboard_control_vmc
[0.086s] [ 50%] [32mBuilding CXX object CMakeFiles/trot_gait_generator.dir/src/trot_gait_generator.cpp.o[0m
[0.088s] [ 66%] [32mBuilding CXX object CMakeFiles/virtual_model_control.dir/src/virtual_model_control.cpp.o[0m
[3.011s] [01m[K/home/oakfox/srtp/ros2_ws/src/ustb_doggo_virtual_model_control/src/trot_gait_generator.cpp:[m[K In member function ‘[01m[Kvoid TrotGaitGenerator::timer_callback()[m[K’:
[3.011s] [01m[K/home/oakfox/srtp/ros2_ws/src/ustb_doggo_virtual_model_control/src/trot_gait_generator.cpp:77:20:[m[K [01;31m[Kerror: [m[Kbase operand of ‘[01m[K->[m[K’ has non-pointer type ‘[01m[Kstd_msgs::msg::UInt64MultiArray[m[K’ {aka ‘[01m[Kstd_msgs::msg::UInt64MultiArray_<std::allocator<void> >[m[K’}
[3.012s]    77 |         phase_type_[01;31m[K->[m[Kdata[leg] = 0;
[3.012s]       |                    [01;31m[K^~[m[K
[3.012s] [01m[K/home/oakfox/srtp/ros2_ws/src/ustb_doggo_virtual_model_control/src/trot_gait_generator.cpp:86:20:[m[K [01;31m[Kerror: [m[Kbase operand of ‘[01m[K->[m[K’ has non-pointer type ‘[01m[Kstd_msgs::msg::UInt64MultiArray[m[K’ {aka ‘[01m[Kstd_msgs::msg::UInt64MultiArray_<std::allocator<void> >[m[K’}
[3.012s]    86 |         phase_type_[01;31m[K->[m[Kdata[leg] = 1;
[3.012s]       |                    [01;31m[K^~[m[K
[4.022s] [01m[K/home/oakfox/srtp/ros2_ws/src/ustb_doggo_virtual_model_control/src/virtual_model_control.cpp:[m[K In member function ‘[01m[Kvoid VirtualModelControl::odomCallback(nav_msgs::msg::Odometry_<std::allocator<void> >::SharedPtr)[m[K’:
[4.023s] [01m[K/home/oakfox/srtp/ros2_ws/src/ustb_doggo_virtual_model_control/src/virtual_model_control.cpp:127:64:[m[K [01;35m[Kwarning: [m[Kunused parameter ‘[01m[Kmsg[m[K’ [[01;35m[K]8;;https://gcc.gnu.org/onlinedocs/gcc/Warning-Options.html#index-Wunused-parameter-Wunused-parameter]8;;[m[K]
[4.023s]   127 |     void odomCallback([01;35m[Kconst nav_msgs::msg::Odometry::SharedPtr msg[m[K)
[4.023s]       |                       [01;35m[K~~~~~~~~~~~~~~~~~~~~~~~~~~~~~~~~~~~~~~~~~^~~[m[K
[6.267s] gmake[2]: *** [CMakeFiles/trot_gait_generator.dir/build.make:76：CMakeFiles/trot_gait_generator.dir/src/trot_gait_generator.cpp.o] 错误 1
[6.267s] gmake[1]: *** [CMakeFiles/Makefile2:141：CMakeFiles/trot_gait_generator.dir/all] 错误 2
[6.267s] gmake[1]: *** 正在等待未完成的任务....
[20.392s] [ 83%] [32m[1mLinking CXX executable virtual_model_control[0m
[21.475s] [ 83%] Built target virtual_model_control
[21.476s] gmake: *** [Makefile:146：all] 错误 2
[21.479s] Invoked command in '/home/oakfox/srtp/ros2_ws/build/ustb_doggo_virtual_model_control' returned '2': CMAKE_PREFIX_PATH=${CMAKE_PREFIX_PATH}:/opt/ros/humble /usr/bin/cmake --build /home/oakfox/srtp/ros2_ws/build/ustb_doggo_virtual_model_control -- -j16 -l16
