[0.136s] DEBUG:colcon:Command line arguments: ['/usr/bin/colcon', 'build']
[0.136s] DEBUG:colcon:Parsed command line arguments: Namespace(log_base=None, log_level=None, verb_name='build', build_base='build', install_base='install', merge_install=False, symlink_install=False, test_result_base=None, continue_on_error=False, executor='parallel', parallel_workers=16, event_handlers=None, ignore_user_meta=False, metas=['./colcon.meta'], base_paths=['.'], packages_ignore=None, packages_ignore_regex=None, paths=None, packages_up_to=None, packages_up_to_regex=None, packages_above=None, packages_above_and_dependencies=None, packages_above_depth=None, packages_select_by_dep=None, packages_skip_by_dep=None, packages_skip_up_to=None, packages_select_build_failed=False, packages_skip_build_finished=False, packages_select_test_failures=False, packages_skip_test_passed=False, packages_select=None, packages_skip=None, packages_select_regex=None, packages_skip_regex=None, packages_start=None, packages_end=None, allow_overriding=[], cmake_args=None, cmake_target=None, cmake_target_skip_unavailable=False, cmake_clean_cache=False, cmake_clean_first=False, cmake_force_configure=False, ament_cmake_args=None, catkin_cmake_args=None, catkin_skip_building_tests=False, verb_parser=<colcon_defaults.argument_parser.defaults.DefaultArgumentsDecorator object at 0x7c80d672bd30>, verb_extension=<colcon_core.verb.build.BuildVerb object at 0x7c80d672b8e0>, main=<bound method BuildVerb.main of <colcon_core.verb.build.BuildVerb object at 0x7c80d672b8e0>>)
[0.341s] Level 1:colcon.colcon_core.package_discovery:discover_packages(colcon_meta) check parameters
[0.341s] Level 1:colcon.colcon_core.package_discovery:discover_packages(recursive) check parameters
[0.341s] Level 1:colcon.colcon_core.package_discovery:discover_packages(ignore) check parameters
[0.341s] Level 1:colcon.colcon_core.package_discovery:discover_packages(path) check parameters
[0.341s] Level 1:colcon.colcon_core.package_discovery:discover_packages(colcon_meta) discover
[0.341s] Level 1:colcon.colcon_core.package_discovery:discover_packages(recursive) discover
[0.342s] INFO:colcon.colcon_core.package_discovery:Crawling recursively for packages in '/home/oakfox/srtp/ros2_ws'
[0.342s] Level 1:colcon.colcon_core.package_identification:_identify(.) by extensions ['ignore', 'ignore_ament_install']
[0.342s] Level 1:colcon.colcon_core.package_identification:_identify(.) by extension 'ignore'
[0.342s] Level 1:colcon.colcon_core.package_identification:_identify(.) by extension 'ignore_ament_install'
[0.342s] Level 1:colcon.colcon_core.package_identification:_identify(.) by extensions ['colcon_pkg']
[0.342s] Level 1:colcon.colcon_core.package_identification:_identify(.) by extension 'colcon_pkg'
[0.342s] Level 1:colcon.colcon_core.package_identification:_identify(.) by extensions ['colcon_meta']
[0.342s] Level 1:colcon.colcon_core.package_identification:_identify(.) by extension 'colcon_meta'
[0.342s] Level 1:colcon.colcon_core.package_identification:_identify(.) by extensions ['ros']
[0.342s] Level 1:colcon.colcon_core.package_identification:_identify(.) by extension 'ros'
[0.358s] Level 1:colcon.colcon_core.package_identification:_identify(.) by extensions ['cmake', 'python']
[0.358s] Level 1:colcon.colcon_core.package_identification:_identify(.) by extension 'cmake'
[0.358s] Level 1:colcon.colcon_core.package_identification:_identify(.) by extension 'python'
[0.358s] Level 1:colcon.colcon_core.package_identification:_identify(.) by extensions ['python_setup_py']
[0.358s] Level 1:colcon.colcon_core.package_identification:_identify(.) by extension 'python_setup_py'
[0.358s] Level 1:colcon.colcon_core.package_identification:_identify(build) by extensions ['ignore', 'ignore_ament_install']
[0.358s] Level 1:colcon.colcon_core.package_identification:_identify(build) by extension 'ignore'
[0.358s] Level 1:colcon.colcon_core.package_identification:_identify(build) ignored
[0.359s] Level 1:colcon.colcon_core.package_identification:_identify(install) by extensions ['ignore', 'ignore_ament_install']
[0.359s] Level 1:colcon.colcon_core.package_identification:_identify(install) by extension 'ignore'
[0.359s] Level 1:colcon.colcon_core.package_identification:_identify(install) ignored
[0.359s] Level 1:colcon.colcon_core.package_identification:_identify(log) by extensions ['ignore', 'ignore_ament_install']
[0.359s] Level 1:colcon.colcon_core.package_identification:_identify(log) by extension 'ignore'
[0.359s] Level 1:colcon.colcon_core.package_identification:_identify(log) ignored
[0.359s] Level 1:colcon.colcon_core.package_identification:_identify(src) by extensions ['ignore', 'ignore_ament_install']
[0.359s] Level 1:colcon.colcon_core.package_identification:_identify(src) by extension 'ignore'
[0.359s] Level 1:colcon.colcon_core.package_identification:_identify(src) by extension 'ignore_ament_install'
[0.359s] Level 1:colcon.colcon_core.package_identification:_identify(src) by extensions ['colcon_pkg']
[0.359s] Level 1:colcon.colcon_core.package_identification:_identify(src) by extension 'colcon_pkg'
[0.359s] Level 1:colcon.colcon_core.package_identification:_identify(src) by extensions ['colcon_meta']
[0.360s] Level 1:colcon.colcon_core.package_identification:_identify(src) by extension 'colcon_meta'
[0.360s] Level 1:colcon.colcon_core.package_identification:_identify(src) by extensions ['ros']
[0.360s] Level 1:colcon.colcon_core.package_identification:_identify(src) by extension 'ros'
[0.360s] Level 1:colcon.colcon_core.package_identification:_identify(src) by extensions ['cmake', 'python']
[0.360s] Level 1:colcon.colcon_core.package_identification:_identify(src) by extension 'cmake'
[0.360s] Level 1:colcon.colcon_core.package_identification:_identify(src) by extension 'python'
[0.360s] Level 1:colcon.colcon_core.package_identification:_identify(src) by extensions ['python_setup_py']
[0.360s] Level 1:colcon.colcon_core.package_identification:_identify(src) by extension 'python_setup_py'
[0.360s] Level 1:colcon.colcon_core.package_identification:_identify(src/Harmonic Terrain) by extensions ['ignore', 'ignore_ament_install']
[0.360s] Level 1:colcon.colcon_core.package_identification:_identify(src/Harmonic Terrain) by extension 'ignore'
[0.360s] Level 1:colcon.colcon_core.package_identification:_identify(src/Harmonic Terrain) by extension 'ignore_ament_install'
[0.360s] Level 1:colcon.colcon_core.package_identification:_identify(src/Harmonic Terrain) by extensions ['colcon_pkg']
[0.360s] Level 1:colcon.colcon_core.package_identification:_identify(src/Harmonic Terrain) by extension 'colcon_pkg'
[0.360s] Level 1:colcon.colcon_core.package_identification:_identify(src/Harmonic Terrain) by extensions ['colcon_meta']
[0.360s] Level 1:colcon.colcon_core.package_identification:_identify(src/Harmonic Terrain) by extension 'colcon_meta'
[0.360s] Level 1:colcon.colcon_core.package_identification:_identify(src/Harmonic Terrain) by extensions ['ros']
[0.360s] Level 1:colcon.colcon_core.package_identification:_identify(src/Harmonic Terrain) by extension 'ros'
[0.360s] Level 1:colcon.colcon_core.package_identification:_identify(src/Harmonic Terrain) by extensions ['cmake', 'python']
[0.361s] Level 1:colcon.colcon_core.package_identification:_identify(src/Harmonic Terrain) by extension 'cmake'
[0.361s] Level 1:colcon.colcon_core.package_identification:_identify(src/Harmonic Terrain) by extension 'python'
[0.361s] Level 1:colcon.colcon_core.package_identification:_identify(src/Harmonic Terrain) by extensions ['python_setup_py']
[0.361s] Level 1:colcon.colcon_core.package_identification:_identify(src/Harmonic Terrain) by extension 'python_setup_py'
[0.361s] Level 1:colcon.colcon_core.package_identification:_identify(src/Harmonic Terrain/materials) by extensions ['ignore', 'ignore_ament_install']
[0.361s] Level 1:colcon.colcon_core.package_identification:_identify(src/Harmonic Terrain/materials) by extension 'ignore'
[0.361s] Level 1:colcon.colcon_core.package_identification:_identify(src/Harmonic Terrain/materials) by extension 'ignore_ament_install'
[0.361s] Level 1:colcon.colcon_core.package_identification:_identify(src/Harmonic Terrain/materials) by extensions ['colcon_pkg']
[0.361s] Level 1:colcon.colcon_core.package_identification:_identify(src/Harmonic Terrain/materials) by extension 'colcon_pkg'
[0.361s] Level 1:colcon.colcon_core.package_identification:_identify(src/Harmonic Terrain/materials) by extensions ['colcon_meta']
[0.361s] Level 1:colcon.colcon_core.package_identification:_identify(src/Harmonic Terrain/materials) by extension 'colcon_meta'
[0.361s] Level 1:colcon.colcon_core.package_identification:_identify(src/Harmonic Terrain/materials) by extensions ['ros']
[0.361s] Level 1:colcon.colcon_core.package_identification:_identify(src/Harmonic Terrain/materials) by extension 'ros'
[0.361s] Level 1:colcon.colcon_core.package_identification:_identify(src/Harmonic Terrain/materials) by extensions ['cmake', 'python']
[0.361s] Level 1:colcon.colcon_core.package_identification:_identify(src/Harmonic Terrain/materials) by extension 'cmake'
[0.361s] Level 1:colcon.colcon_core.package_identification:_identify(src/Harmonic Terrain/materials) by extension 'python'
[0.361s] Level 1:colcon.colcon_core.package_identification:_identify(src/Harmonic Terrain/materials) by extensions ['python_setup_py']
[0.361s] Level 1:colcon.colcon_core.package_identification:_identify(src/Harmonic Terrain/materials) by extension 'python_setup_py'
[0.362s] Level 1:colcon.colcon_core.package_identification:_identify(src/Harmonic Terrain/materials/textures) by extensions ['ignore', 'ignore_ament_install']
[0.362s] Level 1:colcon.colcon_core.package_identification:_identify(src/Harmonic Terrain/materials/textures) by extension 'ignore'
[0.362s] Level 1:colcon.colcon_core.package_identification:_identify(src/Harmonic Terrain/materials/textures) by extension 'ignore_ament_install'
[0.362s] Level 1:colcon.colcon_core.package_identification:_identify(src/Harmonic Terrain/materials/textures) by extensions ['colcon_pkg']
[0.362s] Level 1:colcon.colcon_core.package_identification:_identify(src/Harmonic Terrain/materials/textures) by extension 'colcon_pkg'
[0.362s] Level 1:colcon.colcon_core.package_identification:_identify(src/Harmonic Terrain/materials/textures) by extensions ['colcon_meta']
[0.362s] Level 1:colcon.colcon_core.package_identification:_identify(src/Harmonic Terrain/materials/textures) by extension 'colcon_meta'
[0.362s] Level 1:colcon.colcon_core.package_identification:_identify(src/Harmonic Terrain/materials/textures) by extensions ['ros']
[0.362s] Level 1:colcon.colcon_core.package_identification:_identify(src/Harmonic Terrain/materials/textures) by extension 'ros'
[0.362s] Level 1:colcon.colcon_core.package_identification:_identify(src/Harmonic Terrain/materials/textures) by extensions ['cmake', 'python']
[0.362s] Level 1:colcon.colcon_core.package_identification:_identify(src/Harmonic Terrain/materials/textures) by extension 'cmake'
[0.362s] Level 1:colcon.colcon_core.package_identification:_identify(src/Harmonic Terrain/materials/textures) by extension 'python'
[0.362s] Level 1:colcon.colcon_core.package_identification:_identify(src/Harmonic Terrain/materials/textures) by extensions ['python_setup_py']
[0.362s] Level 1:colcon.colcon_core.package_identification:_identify(src/Harmonic Terrain/materials/textures) by extension 'python_setup_py'
[0.362s] Level 1:colcon.colcon_core.package_identification:_identify(src/Harmonic Terrain/thumbnails) by extensions ['ignore', 'ignore_ament_install']
[0.362s] Level 1:colcon.colcon_core.package_identification:_identify(src/Harmonic Terrain/thumbnails) by extension 'ignore'
[0.362s] Level 1:colcon.colcon_core.package_identification:_identify(src/Harmonic Terrain/thumbnails) by extension 'ignore_ament_install'
[0.363s] Level 1:colcon.colcon_core.package_identification:_identify(src/Harmonic Terrain/thumbnails) by extensions ['colcon_pkg']
[0.363s] Level 1:colcon.colcon_core.package_identification:_identify(src/Harmonic Terrain/thumbnails) by extension 'colcon_pkg'
[0.363s] Level 1:colcon.colcon_core.package_identification:_identify(src/Harmonic Terrain/thumbnails) by extensions ['colcon_meta']
[0.363s] Level 1:colcon.colcon_core.package_identification:_identify(src/Harmonic Terrain/thumbnails) by extension 'colcon_meta'
[0.363s] Level 1:colcon.colcon_core.package_identification:_identify(src/Harmonic Terrain/thumbnails) by extensions ['ros']
[0.363s] Level 1:colcon.colcon_core.package_identification:_identify(src/Harmonic Terrain/thumbnails) by extension 'ros'
[0.363s] Level 1:colcon.colcon_core.package_identification:_identify(src/Harmonic Terrain/thumbnails) by extensions ['cmake', 'python']
[0.363s] Level 1:colcon.colcon_core.package_identification:_identify(src/Harmonic Terrain/thumbnails) by extension 'cmake'
[0.363s] Level 1:colcon.colcon_core.package_identification:_identify(src/Harmonic Terrain/thumbnails) by extension 'python'
[0.363s] Level 1:colcon.colcon_core.package_identification:_identify(src/Harmonic Terrain/thumbnails) by extensions ['python_setup_py']
[0.363s] Level 1:colcon.colcon_core.package_identification:_identify(src/Harmonic Terrain/thumbnails) by extension 'python_setup_py'
[0.363s] Level 1:colcon.colcon_core.package_identification:_identify(src/ustb_doggo_impedance_controller) by extensions ['ignore', 'ignore_ament_install']
[0.363s] Level 1:colcon.colcon_core.package_identification:_identify(src/ustb_doggo_impedance_controller) by extension 'ignore'
[0.363s] Level 1:colcon.colcon_core.package_identification:_identify(src/ustb_doggo_impedance_controller) by extension 'ignore_ament_install'
[0.363s] Level 1:colcon.colcon_core.package_identification:_identify(src/ustb_doggo_impedance_controller) by extensions ['colcon_pkg']
[0.363s] Level 1:colcon.colcon_core.package_identification:_identify(src/ustb_doggo_impedance_controller) by extension 'colcon_pkg'
[0.363s] Level 1:colcon.colcon_core.package_identification:_identify(src/ustb_doggo_impedance_controller) by extensions ['colcon_meta']
[0.363s] Level 1:colcon.colcon_core.package_identification:_identify(src/ustb_doggo_impedance_controller) by extension 'colcon_meta'
[0.363s] Level 1:colcon.colcon_core.package_identification:_identify(src/ustb_doggo_impedance_controller) by extensions ['ros']
[0.363s] Level 1:colcon.colcon_core.package_identification:_identify(src/ustb_doggo_impedance_controller) by extension 'ros'
[0.368s] DEBUG:colcon.colcon_core.package_identification:Package 'src/ustb_doggo_impedance_controller' with type 'ros.ament_cmake' and name 'ustb_doggo_impedance_controller'
[0.368s] Level 1:colcon.colcon_core.package_identification:_identify(src/ustb_doggo_urdf) by extensions ['ignore', 'ignore_ament_install']
[0.369s] Level 1:colcon.colcon_core.package_identification:_identify(src/ustb_doggo_urdf) by extension 'ignore'
[0.369s] Level 1:colcon.colcon_core.package_identification:_identify(src/ustb_doggo_urdf) by extension 'ignore_ament_install'
[0.369s] Level 1:colcon.colcon_core.package_identification:_identify(src/ustb_doggo_urdf) by extensions ['colcon_pkg']
[0.369s] Level 1:colcon.colcon_core.package_identification:_identify(src/ustb_doggo_urdf) by extension 'colcon_pkg'
[0.369s] Level 1:colcon.colcon_core.package_identification:_identify(src/ustb_doggo_urdf) by extensions ['colcon_meta']
[0.369s] Level 1:colcon.colcon_core.package_identification:_identify(src/ustb_doggo_urdf) by extension 'colcon_meta'
[0.369s] Level 1:colcon.colcon_core.package_identification:_identify(src/ustb_doggo_urdf) by extensions ['ros']
[0.369s] Level 1:colcon.colcon_core.package_identification:_identify(src/ustb_doggo_urdf) by extension 'ros'
[0.370s] DEBUG:colcon.colcon_core.package_identification:Package 'src/ustb_doggo_urdf' with type 'ros.ament_cmake' and name 'ustb_doggo_urdf'
[0.370s] Level 1:colcon.colcon_core.package_identification:_identify(src/ustb_doggo_virtual_model_control) by extensions ['ignore', 'ignore_ament_install']
[0.370s] Level 1:colcon.colcon_core.package_identification:_identify(src/ustb_doggo_virtual_model_control) by extension 'ignore'
[0.370s] Level 1:colcon.colcon_core.package_identification:_identify(src/ustb_doggo_virtual_model_control) by extension 'ignore_ament_install'
[0.370s] Level 1:colcon.colcon_core.package_identification:_identify(src/ustb_doggo_virtual_model_control) by extensions ['colcon_pkg']
[0.370s] Level 1:colcon.colcon_core.package_identification:_identify(src/ustb_doggo_virtual_model_control) by extension 'colcon_pkg'
[0.370s] Level 1:colcon.colcon_core.package_identification:_identify(src/ustb_doggo_virtual_model_control) by extensions ['colcon_meta']
[0.370s] Level 1:colcon.colcon_core.package_identification:_identify(src/ustb_doggo_virtual_model_control) by extension 'colcon_meta'
[0.370s] Level 1:colcon.colcon_core.package_identification:_identify(src/ustb_doggo_virtual_model_control) by extensions ['ros']
[0.371s] Level 1:colcon.colcon_core.package_identification:_identify(src/ustb_doggo_virtual_model_control) by extension 'ros'
[0.372s] DEBUG:colcon.colcon_core.package_identification:Package 'src/ustb_doggo_virtual_model_control' with type 'ros.ament_cmake' and name 'ustb_doggo_virtual_model_control'
[0.372s] Level 1:colcon.colcon_core.package_discovery:discover_packages(recursive) using defaults
[0.372s] Level 1:colcon.colcon_core.package_discovery:discover_packages(ignore) discover
[0.372s] Level 1:colcon.colcon_core.package_discovery:discover_packages(ignore) using defaults
[0.372s] Level 1:colcon.colcon_core.package_discovery:discover_packages(path) discover
[0.372s] Level 1:colcon.colcon_core.package_discovery:discover_packages(path) using defaults
[0.414s] Level 1:colcon.colcon_core.package_discovery:discover_packages(prefix_path) check parameters
[0.414s] Level 1:colcon.colcon_core.package_discovery:discover_packages(prefix_path) discover
[0.417s] DEBUG:colcon.colcon_installed_package_information.package_discovery:Found 3 installed packages in /home/oakfox/srtp/ros2_ws/install
[0.419s] DEBUG:colcon.colcon_installed_package_information.package_discovery:Found 361 installed packages in /opt/ros/humble
[0.421s] Level 1:colcon.colcon_core.package_discovery:discover_packages(prefix_path) using defaults
[0.479s] Level 5:colcon.colcon_core.verb:set package 'ustb_doggo_impedance_controller' build argument 'cmake_args' from command line to 'None'
[0.480s] Level 5:colcon.colcon_core.verb:set package 'ustb_doggo_impedance_controller' build argument 'cmake_target' from command line to 'None'
[0.480s] Level 5:colcon.colcon_core.verb:set package 'ustb_doggo_impedance_controller' build argument 'cmake_target_skip_unavailable' from command line to 'False'
[0.480s] Level 5:colcon.colcon_core.verb:set package 'ustb_doggo_impedance_controller' build argument 'cmake_clean_cache' from command line to 'False'
[0.480s] Level 5:colcon.colcon_core.verb:set package 'ustb_doggo_impedance_controller' build argument 'cmake_clean_first' from command line to 'False'
[0.480s] Level 5:colcon.colcon_core.verb:set package 'ustb_doggo_impedance_controller' build argument 'cmake_force_configure' from command line to 'False'
[0.480s] Level 5:colcon.colcon_core.verb:set package 'ustb_doggo_impedance_controller' build argument 'ament_cmake_args' from command line to 'None'
[0.480s] Level 5:colcon.colcon_core.verb:set package 'ustb_doggo_impedance_controller' build argument 'catkin_cmake_args' from command line to 'None'
[0.480s] Level 5:colcon.colcon_core.verb:set package 'ustb_doggo_impedance_controller' build argument 'catkin_skip_building_tests' from command line to 'False'
[0.480s] DEBUG:colcon.colcon_core.verb:Building package 'ustb_doggo_impedance_controller' with the following arguments: {'ament_cmake_args': None, 'build_base': '/home/oakfox/srtp/ros2_ws/build/ustb_doggo_impedance_controller', 'catkin_cmake_args': None, 'catkin_skip_building_tests': False, 'cmake_args': None, 'cmake_clean_cache': False, 'cmake_clean_first': False, 'cmake_force_configure': False, 'cmake_target': None, 'cmake_target_skip_unavailable': False, 'install_base': '/home/oakfox/srtp/ros2_ws/install/ustb_doggo_impedance_controller', 'merge_install': False, 'path': '/home/oakfox/srtp/ros2_ws/src/ustb_doggo_impedance_controller', 'symlink_install': False, 'test_result_base': None}
[0.480s] Level 5:colcon.colcon_core.verb:set package 'ustb_doggo_urdf' build argument 'cmake_args' from command line to 'None'
[0.480s] Level 5:colcon.colcon_core.verb:set package 'ustb_doggo_urdf' build argument 'cmake_target' from command line to 'None'
[0.480s] Level 5:colcon.colcon_core.verb:set package 'ustb_doggo_urdf' build argument 'cmake_target_skip_unavailable' from command line to 'False'
[0.480s] Level 5:colcon.colcon_core.verb:set package 'ustb_doggo_urdf' build argument 'cmake_clean_cache' from command line to 'False'
[0.480s] Level 5:colcon.colcon_core.verb:set package 'ustb_doggo_urdf' build argument 'cmake_clean_first' from command line to 'False'
[0.480s] Level 5:colcon.colcon_core.verb:set package 'ustb_doggo_urdf' build argument 'cmake_force_configure' from command line to 'False'
[0.481s] Level 5:colcon.colcon_core.verb:set package 'ustb_doggo_urdf' build argument 'ament_cmake_args' from command line to 'None'
[0.481s] Level 5:colcon.colcon_core.verb:set package 'ustb_doggo_urdf' build argument 'catkin_cmake_args' from command line to 'None'
[0.481s] Level 5:colcon.colcon_core.verb:set package 'ustb_doggo_urdf' build argument 'catkin_skip_building_tests' from command line to 'False'
[0.481s] DEBUG:colcon.colcon_core.verb:Building package 'ustb_doggo_urdf' with the following arguments: {'ament_cmake_args': None, 'build_base': '/home/oakfox/srtp/ros2_ws/build/ustb_doggo_urdf', 'catkin_cmake_args': None, 'catkin_skip_building_tests': False, 'cmake_args': None, 'cmake_clean_cache': False, 'cmake_clean_first': False, 'cmake_force_configure': False, 'cmake_target': None, 'cmake_target_skip_unavailable': False, 'install_base': '/home/oakfox/srtp/ros2_ws/install/ustb_doggo_urdf', 'merge_install': False, 'path': '/home/oakfox/srtp/ros2_ws/src/ustb_doggo_urdf', 'symlink_install': False, 'test_result_base': None}
[0.481s] Level 5:colcon.colcon_core.verb:set package 'ustb_doggo_virtual_model_control' build argument 'cmake_args' from command line to 'None'
[0.481s] Level 5:colcon.colcon_core.verb:set package 'ustb_doggo_virtual_model_control' build argument 'cmake_target' from command line to 'None'
[0.481s] Level 5:colcon.colcon_core.verb:set package 'ustb_doggo_virtual_model_control' build argument 'cmake_target_skip_unavailable' from command line to 'False'
[0.481s] Level 5:colcon.colcon_core.verb:set package 'ustb_doggo_virtual_model_control' build argument 'cmake_clean_cache' from command line to 'False'
[0.481s] Level 5:colcon.colcon_core.verb:set package 'ustb_doggo_virtual_model_control' build argument 'cmake_clean_first' from command line to 'False'
[0.481s] Level 5:colcon.colcon_core.verb:set package 'ustb_doggo_virtual_model_control' build argument 'cmake_force_configure' from command line to 'False'
[0.481s] Level 5:colcon.colcon_core.verb:set package 'ustb_doggo_virtual_model_control' build argument 'ament_cmake_args' from command line to 'None'
[0.481s] Level 5:colcon.colcon_core.verb:set package 'ustb_doggo_virtual_model_control' build argument 'catkin_cmake_args' from command line to 'None'
[0.481s] Level 5:colcon.colcon_core.verb:set package 'ustb_doggo_virtual_model_control' build argument 'catkin_skip_building_tests' from command line to 'False'
[0.481s] DEBUG:colcon.colcon_core.verb:Building package 'ustb_doggo_virtual_model_control' with the following arguments: {'ament_cmake_args': None, 'build_base': '/home/oakfox/srtp/ros2_ws/build/ustb_doggo_virtual_model_control', 'catkin_cmake_args': None, 'catkin_skip_building_tests': False, 'cmake_args': None, 'cmake_clean_cache': False, 'cmake_clean_first': False, 'cmake_force_configure': False, 'cmake_target': None, 'cmake_target_skip_unavailable': False, 'install_base': '/home/oakfox/srtp/ros2_ws/install/ustb_doggo_virtual_model_control', 'merge_install': False, 'path': '/home/oakfox/srtp/ros2_ws/src/ustb_doggo_virtual_model_control', 'symlink_install': False, 'test_result_base': None}
[0.481s] INFO:colcon.colcon_core.executor:Executing jobs using 'parallel' executor
[0.483s] DEBUG:colcon.colcon_parallel_executor.executor.parallel:run_until_complete
[0.484s] INFO:colcon.colcon_ros.task.ament_cmake.build:Building ROS package in '/home/oakfox/srtp/ros2_ws/src/ustb_doggo_impedance_controller' with build type 'ament_cmake'
[0.484s] INFO:colcon.colcon_cmake.task.cmake.build:Building CMake package in '/home/oakfox/srtp/ros2_ws/src/ustb_doggo_impedance_controller'
[0.487s] INFO:colcon.colcon_core.plugin_system:Skipping extension 'colcon_core.shell.bat': Not used on non-Windows systems
[0.487s] INFO:colcon.colcon_core.shell:Skip shell extension 'powershell' for command environment: Not usable outside of PowerShell
[0.487s] DEBUG:colcon.colcon_core.shell:Skip shell extension 'dsv' for command environment
[0.492s] INFO:colcon.colcon_ros.task.ament_cmake.build:Building ROS package in '/home/oakfox/srtp/ros2_ws/src/ustb_doggo_urdf' with build type 'ament_cmake'
[0.492s] INFO:colcon.colcon_cmake.task.cmake.build:Building CMake package in '/home/oakfox/srtp/ros2_ws/src/ustb_doggo_urdf'
[0.492s] INFO:colcon.colcon_core.shell:Skip shell extension 'powershell' for command environment: Not usable outside of PowerShell
[0.493s] DEBUG:colcon.colcon_core.shell:Skip shell extension 'dsv' for command environment
[0.497s] INFO:colcon.colcon_ros.task.ament_cmake.build:Building ROS package in '/home/oakfox/srtp/ros2_ws/src/ustb_doggo_virtual_model_control' with build type 'ament_cmake'
[0.497s] INFO:colcon.colcon_cmake.task.cmake.build:Building CMake package in '/home/oakfox/srtp/ros2_ws/src/ustb_doggo_virtual_model_control'
[0.497s] INFO:colcon.colcon_core.shell:Skip shell extension 'powershell' for command environment: Not usable outside of PowerShell
[0.497s] DEBUG:colcon.colcon_core.shell:Skip shell extension 'dsv' for command environment
[0.510s] DEBUG:colcon.colcon_core.event_handler.log_command:Invoking command in '/home/oakfox/srtp/ros2_ws/build/ustb_doggo_impedance_controller': CMAKE_PREFIX_PATH=${CMAKE_PREFIX_PATH}:/opt/ros/humble /usr/bin/cmake --build /home/oakfox/srtp/ros2_ws/build/ustb_doggo_impedance_controller -- -j16 -l16
[0.516s] DEBUG:colcon.colcon_core.event_handler.log_command:Invoking command in '/home/oakfox/srtp/ros2_ws/build/ustb_doggo_urdf': CMAKE_PREFIX_PATH=${CMAKE_PREFIX_PATH}:/opt/ros/humble /usr/bin/cmake --build /home/oakfox/srtp/ros2_ws/build/ustb_doggo_urdf -- -j16 -l16
[0.522s] DEBUG:colcon.colcon_core.event_handler.log_command:Invoking command in '/home/oakfox/srtp/ros2_ws/build/ustb_doggo_virtual_model_control': CMAKE_PREFIX_PATH=${CMAKE_PREFIX_PATH}:/opt/ros/humble /usr/bin/cmake --build /home/oakfox/srtp/ros2_ws/build/ustb_doggo_virtual_model_control -- -j16 -l16
[0.574s] DEBUG:colcon.colcon_core.event_handler.log_command:Invoked command in '/home/oakfox/srtp/ros2_ws/build/ustb_doggo_urdf' returned '0': CMAKE_PREFIX_PATH=${CMAKE_PREFIX_PATH}:/opt/ros/humble /usr/bin/cmake --build /home/oakfox/srtp/ros2_ws/build/ustb_doggo_urdf -- -j16 -l16
[0.589s] DEBUG:colcon.colcon_core.event_handler.log_command:Invoking command in '/home/oakfox/srtp/ros2_ws/build/ustb_doggo_urdf': CMAKE_PREFIX_PATH=${CMAKE_PREFIX_PATH}:/opt/ros/humble /usr/bin/cmake --install /home/oakfox/srtp/ros2_ws/build/ustb_doggo_urdf
[0.605s] Level 1:colcon.colcon_core.environment:create_environment_scripts_only(ustb_doggo_urdf)
[0.615s] DEBUG:colcon.colcon_core.event_handler.log_command:Invoked command in '/home/oakfox/srtp/ros2_ws/build/ustb_doggo_urdf' returned '0': CMAKE_PREFIX_PATH=${CMAKE_PREFIX_PATH}:/opt/ros/humble /usr/bin/cmake --install /home/oakfox/srtp/ros2_ws/build/ustb_doggo_urdf
[0.619s] Level 1:colcon.colcon_core.environment:checking '/home/oakfox/srtp/ros2_ws/install/ustb_doggo_urdf' for CMake module files
[0.620s] Level 1:colcon.colcon_core.environment:checking '/home/oakfox/srtp/ros2_ws/install/ustb_doggo_urdf' for CMake config files
[0.621s] Level 1:colcon.colcon_core.shell:create_environment_hook('ustb_doggo_urdf', 'cmake_prefix_path')
[0.622s] INFO:colcon.colcon_core.shell:Creating environment hook '/home/oakfox/srtp/ros2_ws/install/ustb_doggo_urdf/share/ustb_doggo_urdf/hook/cmake_prefix_path.ps1'
[0.624s] INFO:colcon.colcon_core.shell:Creating environment descriptor '/home/oakfox/srtp/ros2_ws/install/ustb_doggo_urdf/share/ustb_doggo_urdf/hook/cmake_prefix_path.dsv'
[0.625s] INFO:colcon.colcon_core.shell:Creating environment hook '/home/oakfox/srtp/ros2_ws/install/ustb_doggo_urdf/share/ustb_doggo_urdf/hook/cmake_prefix_path.sh'
[0.628s] Level 1:colcon.colcon_core.environment:checking '/home/oakfox/srtp/ros2_ws/install/ustb_doggo_urdf/bin'
[0.628s] Level 1:colcon.colcon_core.environment:checking '/home/oakfox/srtp/ros2_ws/install/ustb_doggo_urdf/lib/pkgconfig/ustb_doggo_urdf.pc'
[0.629s] Level 1:colcon.colcon_core.environment:checking '/home/oakfox/srtp/ros2_ws/install/ustb_doggo_urdf/lib/python3.10/site-packages'
[0.629s] Level 1:colcon.colcon_core.environment:checking '/home/oakfox/srtp/ros2_ws/install/ustb_doggo_urdf/bin'
[0.630s] INFO:colcon.colcon_core.shell:Creating package script '/home/oakfox/srtp/ros2_ws/install/ustb_doggo_urdf/share/ustb_doggo_urdf/package.ps1'
[0.632s] INFO:colcon.colcon_core.shell:Creating package descriptor '/home/oakfox/srtp/ros2_ws/install/ustb_doggo_urdf/share/ustb_doggo_urdf/package.dsv'
[0.633s] INFO:colcon.colcon_core.shell:Creating package script '/home/oakfox/srtp/ros2_ws/install/ustb_doggo_urdf/share/ustb_doggo_urdf/package.sh'
[0.635s] INFO:colcon.colcon_core.shell:Creating package script '/home/oakfox/srtp/ros2_ws/install/ustb_doggo_urdf/share/ustb_doggo_urdf/package.bash'
[0.637s] INFO:colcon.colcon_core.shell:Creating package script '/home/oakfox/srtp/ros2_ws/install/ustb_doggo_urdf/share/ustb_doggo_urdf/package.zsh'
[0.638s] Level 1:colcon.colcon_core.environment:create_file_with_runtime_dependencies(/home/oakfox/srtp/ros2_ws/install/ustb_doggo_urdf/share/colcon-core/packages/ustb_doggo_urdf)
[0.640s] Level 1:colcon.colcon_core.environment:create_environment_scripts_only(ustb_doggo_urdf)
[0.640s] Level 1:colcon.colcon_core.environment:checking '/home/oakfox/srtp/ros2_ws/install/ustb_doggo_urdf' for CMake module files
[0.642s] Level 1:colcon.colcon_core.environment:checking '/home/oakfox/srtp/ros2_ws/install/ustb_doggo_urdf' for CMake config files
[0.642s] Level 1:colcon.colcon_core.shell:create_environment_hook('ustb_doggo_urdf', 'cmake_prefix_path')
[0.643s] INFO:colcon.colcon_core.shell:Creating environment hook '/home/oakfox/srtp/ros2_ws/install/ustb_doggo_urdf/share/ustb_doggo_urdf/hook/cmake_prefix_path.ps1'
[0.644s] INFO:colcon.colcon_core.shell:Creating environment descriptor '/home/oakfox/srtp/ros2_ws/install/ustb_doggo_urdf/share/ustb_doggo_urdf/hook/cmake_prefix_path.dsv'
[0.644s] INFO:colcon.colcon_core.shell:Creating environment hook '/home/oakfox/srtp/ros2_ws/install/ustb_doggo_urdf/share/ustb_doggo_urdf/hook/cmake_prefix_path.sh'
[0.645s] Level 1:colcon.colcon_core.environment:checking '/home/oakfox/srtp/ros2_ws/install/ustb_doggo_urdf/bin'
[0.645s] Level 1:colcon.colcon_core.environment:checking '/home/oakfox/srtp/ros2_ws/install/ustb_doggo_urdf/lib/pkgconfig/ustb_doggo_urdf.pc'
[0.645s] Level 1:colcon.colcon_core.environment:checking '/home/oakfox/srtp/ros2_ws/install/ustb_doggo_urdf/lib/python3.10/site-packages'
[0.646s] Level 1:colcon.colcon_core.environment:checking '/home/oakfox/srtp/ros2_ws/install/ustb_doggo_urdf/bin'
[0.646s] INFO:colcon.colcon_core.shell:Creating package script '/home/oakfox/srtp/ros2_ws/install/ustb_doggo_urdf/share/ustb_doggo_urdf/package.ps1'
[0.647s] INFO:colcon.colcon_core.shell:Creating package descriptor '/home/oakfox/srtp/ros2_ws/install/ustb_doggo_urdf/share/ustb_doggo_urdf/package.dsv'
[0.647s] INFO:colcon.colcon_core.shell:Creating package script '/home/oakfox/srtp/ros2_ws/install/ustb_doggo_urdf/share/ustb_doggo_urdf/package.sh'
[0.648s] INFO:colcon.colcon_core.shell:Creating package script '/home/oakfox/srtp/ros2_ws/install/ustb_doggo_urdf/share/ustb_doggo_urdf/package.bash'
[0.649s] INFO:colcon.colcon_core.shell:Creating package script '/home/oakfox/srtp/ros2_ws/install/ustb_doggo_urdf/share/ustb_doggo_urdf/package.zsh'
[0.649s] Level 1:colcon.colcon_core.environment:create_file_with_runtime_dependencies(/home/oakfox/srtp/ros2_ws/install/ustb_doggo_urdf/share/colcon-core/packages/ustb_doggo_urdf)
[0.652s] DEBUG:colcon.colcon_core.event_handler.log_command:Invoked command in '/home/oakfox/srtp/ros2_ws/build/ustb_doggo_impedance_controller' returned '0': CMAKE_PREFIX_PATH=${CMAKE_PREFIX_PATH}:/opt/ros/humble /usr/bin/cmake --build /home/oakfox/srtp/ros2_ws/build/ustb_doggo_impedance_controller -- -j16 -l16
[0.656s] DEBUG:colcon.colcon_core.event_handler.log_command:Invoking command in '/home/oakfox/srtp/ros2_ws/build/ustb_doggo_impedance_controller': CMAKE_PREFIX_PATH=${CMAKE_PREFIX_PATH}:/opt/ros/humble /usr/bin/cmake --install /home/oakfox/srtp/ros2_ws/build/ustb_doggo_impedance_controller
[0.671s] Level 1:colcon.colcon_core.environment:create_environment_scripts_only(ustb_doggo_impedance_controller)
[0.671s] Level 1:colcon.colcon_core.environment:checking '/home/oakfox/srtp/ros2_ws/install/ustb_doggo_impedance_controller' for CMake module files
[0.673s] DEBUG:colcon.colcon_core.event_handler.log_command:Invoked command in '/home/oakfox/srtp/ros2_ws/build/ustb_doggo_impedance_controller' returned '0': CMAKE_PREFIX_PATH=${CMAKE_PREFIX_PATH}:/opt/ros/humble /usr/bin/cmake --install /home/oakfox/srtp/ros2_ws/build/ustb_doggo_impedance_controller
[0.674s] Level 1:colcon.colcon_core.environment:checking '/home/oakfox/srtp/ros2_ws/install/ustb_doggo_impedance_controller' for CMake config files
[0.674s] Level 1:colcon.colcon_core.shell:create_environment_hook('ustb_doggo_impedance_controller', 'cmake_prefix_path')
[0.674s] INFO:colcon.colcon_core.shell:Creating environment hook '/home/oakfox/srtp/ros2_ws/install/ustb_doggo_impedance_controller/share/ustb_doggo_impedance_controller/hook/cmake_prefix_path.ps1'
[0.675s] INFO:colcon.colcon_core.shell:Creating environment descriptor '/home/oakfox/srtp/ros2_ws/install/ustb_doggo_impedance_controller/share/ustb_doggo_impedance_controller/hook/cmake_prefix_path.dsv'
[0.675s] INFO:colcon.colcon_core.shell:Creating environment hook '/home/oakfox/srtp/ros2_ws/install/ustb_doggo_impedance_controller/share/ustb_doggo_impedance_controller/hook/cmake_prefix_path.sh'
[0.676s] Level 1:colcon.colcon_core.environment:checking '/home/oakfox/srtp/ros2_ws/install/ustb_doggo_impedance_controller/lib'
[0.677s] Level 1:colcon.colcon_core.environment:checking '/home/oakfox/srtp/ros2_ws/install/ustb_doggo_impedance_controller/bin'
[0.677s] Level 1:colcon.colcon_core.environment:checking '/home/oakfox/srtp/ros2_ws/install/ustb_doggo_impedance_controller/lib/pkgconfig/ustb_doggo_impedance_controller.pc'
[0.677s] Level 1:colcon.colcon_core.environment:checking '/home/oakfox/srtp/ros2_ws/install/ustb_doggo_impedance_controller/lib/python3.10/site-packages'
[0.678s] Level 1:colcon.colcon_core.environment:checking '/home/oakfox/srtp/ros2_ws/install/ustb_doggo_impedance_controller/bin'
[0.678s] INFO:colcon.colcon_core.shell:Creating package script '/home/oakfox/srtp/ros2_ws/install/ustb_doggo_impedance_controller/share/ustb_doggo_impedance_controller/package.ps1'
[0.679s] INFO:colcon.colcon_core.shell:Creating package descriptor '/home/oakfox/srtp/ros2_ws/install/ustb_doggo_impedance_controller/share/ustb_doggo_impedance_controller/package.dsv'
[0.680s] INFO:colcon.colcon_core.shell:Creating package script '/home/oakfox/srtp/ros2_ws/install/ustb_doggo_impedance_controller/share/ustb_doggo_impedance_controller/package.sh'
[0.681s] INFO:colcon.colcon_core.shell:Creating package script '/home/oakfox/srtp/ros2_ws/install/ustb_doggo_impedance_controller/share/ustb_doggo_impedance_controller/package.bash'
[0.682s] INFO:colcon.colcon_core.shell:Creating package script '/home/oakfox/srtp/ros2_ws/install/ustb_doggo_impedance_controller/share/ustb_doggo_impedance_controller/package.zsh'
[0.683s] Level 1:colcon.colcon_core.environment:create_file_with_runtime_dependencies(/home/oakfox/srtp/ros2_ws/install/ustb_doggo_impedance_controller/share/colcon-core/packages/ustb_doggo_impedance_controller)
[0.684s] Level 1:colcon.colcon_core.environment:create_environment_scripts_only(ustb_doggo_impedance_controller)
[0.685s] Level 1:colcon.colcon_core.environment:checking '/home/oakfox/srtp/ros2_ws/install/ustb_doggo_impedance_controller' for CMake module files
[0.686s] Level 1:colcon.colcon_core.environment:checking '/home/oakfox/srtp/ros2_ws/install/ustb_doggo_impedance_controller' for CMake config files
[0.687s] Level 1:colcon.colcon_core.shell:create_environment_hook('ustb_doggo_impedance_controller', 'cmake_prefix_path')
[0.687s] INFO:colcon.colcon_core.shell:Creating environment hook '/home/oakfox/srtp/ros2_ws/install/ustb_doggo_impedance_controller/share/ustb_doggo_impedance_controller/hook/cmake_prefix_path.ps1'
[0.688s] INFO:colcon.colcon_core.shell:Creating environment descriptor '/home/oakfox/srtp/ros2_ws/install/ustb_doggo_impedance_controller/share/ustb_doggo_impedance_controller/hook/cmake_prefix_path.dsv'
[0.689s] INFO:colcon.colcon_core.shell:Creating environment hook '/home/oakfox/srtp/ros2_ws/install/ustb_doggo_impedance_controller/share/ustb_doggo_impedance_controller/hook/cmake_prefix_path.sh'
[0.690s] Level 1:colcon.colcon_core.environment:checking '/home/oakfox/srtp/ros2_ws/install/ustb_doggo_impedance_controller/lib'
[0.690s] Level 1:colcon.colcon_core.environment:checking '/home/oakfox/srtp/ros2_ws/install/ustb_doggo_impedance_controller/bin'
[0.690s] Level 1:colcon.colcon_core.environment:checking '/home/oakfox/srtp/ros2_ws/install/ustb_doggo_impedance_controller/lib/pkgconfig/ustb_doggo_impedance_controller.pc'
[0.690s] Level 1:colcon.colcon_core.environment:checking '/home/oakfox/srtp/ros2_ws/install/ustb_doggo_impedance_controller/lib/python3.10/site-packages'
[0.690s] Level 1:colcon.colcon_core.environment:checking '/home/oakfox/srtp/ros2_ws/install/ustb_doggo_impedance_controller/bin'
[0.691s] INFO:colcon.colcon_core.shell:Creating package script '/home/oakfox/srtp/ros2_ws/install/ustb_doggo_impedance_controller/share/ustb_doggo_impedance_controller/package.ps1'
[0.692s] INFO:colcon.colcon_core.shell:Creating package descriptor '/home/oakfox/srtp/ros2_ws/install/ustb_doggo_impedance_controller/share/ustb_doggo_impedance_controller/package.dsv'
[0.692s] INFO:colcon.colcon_core.shell:Creating package script '/home/oakfox/srtp/ros2_ws/install/ustb_doggo_impedance_controller/share/ustb_doggo_impedance_controller/package.sh'
[0.693s] INFO:colcon.colcon_core.shell:Creating package script '/home/oakfox/srtp/ros2_ws/install/ustb_doggo_impedance_controller/share/ustb_doggo_impedance_controller/package.bash'
[0.694s] INFO:colcon.colcon_core.shell:Creating package script '/home/oakfox/srtp/ros2_ws/install/ustb_doggo_impedance_controller/share/ustb_doggo_impedance_controller/package.zsh'
[0.694s] Level 1:colcon.colcon_core.environment:create_file_with_runtime_dependencies(/home/oakfox/srtp/ros2_ws/install/ustb_doggo_impedance_controller/share/colcon-core/packages/ustb_doggo_impedance_controller)
[27.150s] DEBUG:colcon.colcon_core.event_handler.log_command:Invoked command in '/home/oakfox/srtp/ros2_ws/build/ustb_doggo_virtual_model_control' returned '0': CMAKE_PREFIX_PATH=${CMAKE_PREFIX_PATH}:/opt/ros/humble /usr/bin/cmake --build /home/oakfox/srtp/ros2_ws/build/ustb_doggo_virtual_model_control -- -j16 -l16
[27.154s] DEBUG:colcon.colcon_core.event_handler.log_command:Invoking command in '/home/oakfox/srtp/ros2_ws/build/ustb_doggo_virtual_model_control': CMAKE_PREFIX_PATH=${CMAKE_PREFIX_PATH}:/opt/ros/humble /usr/bin/cmake --install /home/oakfox/srtp/ros2_ws/build/ustb_doggo_virtual_model_control
[27.182s] Level 1:colcon.colcon_core.environment:create_environment_scripts_only(ustb_doggo_virtual_model_control)
[27.183s] Level 1:colcon.colcon_core.environment:checking '/home/oakfox/srtp/ros2_ws/install/ustb_doggo_virtual_model_control' for CMake module files
[27.184s] DEBUG:colcon.colcon_core.event_handler.log_command:Invoked command in '/home/oakfox/srtp/ros2_ws/build/ustb_doggo_virtual_model_control' returned '0': CMAKE_PREFIX_PATH=${CMAKE_PREFIX_PATH}:/opt/ros/humble /usr/bin/cmake --install /home/oakfox/srtp/ros2_ws/build/ustb_doggo_virtual_model_control
[27.184s] Level 1:colcon.colcon_core.environment:checking '/home/oakfox/srtp/ros2_ws/install/ustb_doggo_virtual_model_control' for CMake config files
[27.184s] Level 1:colcon.colcon_core.shell:create_environment_hook('ustb_doggo_virtual_model_control', 'cmake_prefix_path')
[27.185s] INFO:colcon.colcon_core.shell:Creating environment hook '/home/oakfox/srtp/ros2_ws/install/ustb_doggo_virtual_model_control/share/ustb_doggo_virtual_model_control/hook/cmake_prefix_path.ps1'
[27.185s] INFO:colcon.colcon_core.shell:Creating environment descriptor '/home/oakfox/srtp/ros2_ws/install/ustb_doggo_virtual_model_control/share/ustb_doggo_virtual_model_control/hook/cmake_prefix_path.dsv'
[27.186s] INFO:colcon.colcon_core.shell:Creating environment hook '/home/oakfox/srtp/ros2_ws/install/ustb_doggo_virtual_model_control/share/ustb_doggo_virtual_model_control/hook/cmake_prefix_path.sh'
[27.187s] Level 1:colcon.colcon_core.environment:checking '/home/oakfox/srtp/ros2_ws/install/ustb_doggo_virtual_model_control/lib'
[27.187s] Level 1:colcon.colcon_core.environment:checking '/home/oakfox/srtp/ros2_ws/install/ustb_doggo_virtual_model_control/bin'
[27.187s] Level 1:colcon.colcon_core.environment:checking '/home/oakfox/srtp/ros2_ws/install/ustb_doggo_virtual_model_control/lib/pkgconfig/ustb_doggo_virtual_model_control.pc'
[27.187s] Level 1:colcon.colcon_core.environment:checking '/home/oakfox/srtp/ros2_ws/install/ustb_doggo_virtual_model_control/lib/python3.10/site-packages'
[27.187s] Level 1:colcon.colcon_core.environment:checking '/home/oakfox/srtp/ros2_ws/install/ustb_doggo_virtual_model_control/bin'
[27.188s] INFO:colcon.colcon_core.shell:Creating package script '/home/oakfox/srtp/ros2_ws/install/ustb_doggo_virtual_model_control/share/ustb_doggo_virtual_model_control/package.ps1'
[27.188s] INFO:colcon.colcon_core.shell:Creating package descriptor '/home/oakfox/srtp/ros2_ws/install/ustb_doggo_virtual_model_control/share/ustb_doggo_virtual_model_control/package.dsv'
[27.189s] INFO:colcon.colcon_core.shell:Creating package script '/home/oakfox/srtp/ros2_ws/install/ustb_doggo_virtual_model_control/share/ustb_doggo_virtual_model_control/package.sh'
[27.189s] INFO:colcon.colcon_core.shell:Creating package script '/home/oakfox/srtp/ros2_ws/install/ustb_doggo_virtual_model_control/share/ustb_doggo_virtual_model_control/package.bash'
[27.190s] INFO:colcon.colcon_core.shell:Creating package script '/home/oakfox/srtp/ros2_ws/install/ustb_doggo_virtual_model_control/share/ustb_doggo_virtual_model_control/package.zsh'
[27.190s] Level 1:colcon.colcon_core.environment:create_file_with_runtime_dependencies(/home/oakfox/srtp/ros2_ws/install/ustb_doggo_virtual_model_control/share/colcon-core/packages/ustb_doggo_virtual_model_control)
[27.191s] Level 1:colcon.colcon_core.environment:create_environment_scripts_only(ustb_doggo_virtual_model_control)
[27.191s] Level 1:colcon.colcon_core.environment:checking '/home/oakfox/srtp/ros2_ws/install/ustb_doggo_virtual_model_control' for CMake module files
[27.192s] Level 1:colcon.colcon_core.environment:checking '/home/oakfox/srtp/ros2_ws/install/ustb_doggo_virtual_model_control' for CMake config files
[27.192s] Level 1:colcon.colcon_core.shell:create_environment_hook('ustb_doggo_virtual_model_control', 'cmake_prefix_path')
[27.192s] INFO:colcon.colcon_core.shell:Creating environment hook '/home/oakfox/srtp/ros2_ws/install/ustb_doggo_virtual_model_control/share/ustb_doggo_virtual_model_control/hook/cmake_prefix_path.ps1'
[27.193s] INFO:colcon.colcon_core.shell:Creating environment descriptor '/home/oakfox/srtp/ros2_ws/install/ustb_doggo_virtual_model_control/share/ustb_doggo_virtual_model_control/hook/cmake_prefix_path.dsv'
[27.193s] INFO:colcon.colcon_core.shell:Creating environment hook '/home/oakfox/srtp/ros2_ws/install/ustb_doggo_virtual_model_control/share/ustb_doggo_virtual_model_control/hook/cmake_prefix_path.sh'
[27.194s] Level 1:colcon.colcon_core.environment:checking '/home/oakfox/srtp/ros2_ws/install/ustb_doggo_virtual_model_control/lib'
[27.194s] Level 1:colcon.colcon_core.environment:checking '/home/oakfox/srtp/ros2_ws/install/ustb_doggo_virtual_model_control/bin'
[27.194s] Level 1:colcon.colcon_core.environment:checking '/home/oakfox/srtp/ros2_ws/install/ustb_doggo_virtual_model_control/lib/pkgconfig/ustb_doggo_virtual_model_control.pc'
[27.194s] Level 1:colcon.colcon_core.environment:checking '/home/oakfox/srtp/ros2_ws/install/ustb_doggo_virtual_model_control/lib/python3.10/site-packages'
[27.195s] Level 1:colcon.colcon_core.environment:checking '/home/oakfox/srtp/ros2_ws/install/ustb_doggo_virtual_model_control/bin'
[27.195s] INFO:colcon.colcon_core.shell:Creating package script '/home/oakfox/srtp/ros2_ws/install/ustb_doggo_virtual_model_control/share/ustb_doggo_virtual_model_control/package.ps1'
[27.196s] INFO:colcon.colcon_core.shell:Creating package descriptor '/home/oakfox/srtp/ros2_ws/install/ustb_doggo_virtual_model_control/share/ustb_doggo_virtual_model_control/package.dsv'
[27.196s] INFO:colcon.colcon_core.shell:Creating package script '/home/oakfox/srtp/ros2_ws/install/ustb_doggo_virtual_model_control/share/ustb_doggo_virtual_model_control/package.sh'
[27.197s] INFO:colcon.colcon_core.shell:Creating package script '/home/oakfox/srtp/ros2_ws/install/ustb_doggo_virtual_model_control/share/ustb_doggo_virtual_model_control/package.bash'
[27.197s] INFO:colcon.colcon_core.shell:Creating package script '/home/oakfox/srtp/ros2_ws/install/ustb_doggo_virtual_model_control/share/ustb_doggo_virtual_model_control/package.zsh'
[27.198s] Level 1:colcon.colcon_core.environment:create_file_with_runtime_dependencies(/home/oakfox/srtp/ros2_ws/install/ustb_doggo_virtual_model_control/share/colcon-core/packages/ustb_doggo_virtual_model_control)
[27.198s] DEBUG:colcon.colcon_parallel_executor.executor.parallel:closing loop
[27.198s] DEBUG:colcon.colcon_parallel_executor.executor.parallel:loop closed
[27.198s] DEBUG:colcon.colcon_parallel_executor.executor.parallel:run_until_complete finished with '0'
[27.198s] DEBUG:colcon.colcon_core.event_reactor:joining thread
[27.206s] INFO:colcon.colcon_core.plugin_system:Skipping extension 'colcon_notification.desktop_notification.terminal_notifier': Not used on non-Darwin systems
[27.206s] INFO:colcon.colcon_core.plugin_system:Skipping extension 'colcon_notification.desktop_notification.win32': Not used on non-Windows systems
[27.206s] INFO:colcon.colcon_notification.desktop_notification:Sending desktop notification using 'notify2'
[27.223s] DEBUG:colcon.colcon_core.event_reactor:joined thread
[27.223s] INFO:colcon.colcon_core.shell:Creating prefix script '/home/oakfox/srtp/ros2_ws/install/local_setup.ps1'
[27.225s] INFO:colcon.colcon_core.shell:Creating prefix util module '/home/oakfox/srtp/ros2_ws/install/_local_setup_util_ps1.py'
[27.226s] INFO:colcon.colcon_core.shell:Creating prefix chain script '/home/oakfox/srtp/ros2_ws/install/setup.ps1'
[27.228s] INFO:colcon.colcon_core.shell:Creating prefix script '/home/oakfox/srtp/ros2_ws/install/local_setup.sh'
[27.228s] INFO:colcon.colcon_core.shell:Creating prefix util module '/home/oakfox/srtp/ros2_ws/install/_local_setup_util_sh.py'
[27.229s] INFO:colcon.colcon_core.shell:Creating prefix chain script '/home/oakfox/srtp/ros2_ws/install/setup.sh'
[27.231s] INFO:colcon.colcon_core.shell:Creating prefix script '/home/oakfox/srtp/ros2_ws/install/local_setup.bash'
[27.231s] INFO:colcon.colcon_core.shell:Creating prefix chain script '/home/oakfox/srtp/ros2_ws/install/setup.bash'
[27.233s] INFO:colcon.colcon_core.shell:Creating prefix script '/home/oakfox/srtp/ros2_ws/install/local_setup.zsh'
[27.233s] INFO:colcon.colcon_core.shell:Creating prefix chain script '/home/oakfox/srtp/ros2_ws/install/setup.zsh'
