[0.149s] DEBUG:colcon:Command line arguments: ['/usr/bin/colcon', 'build']
[0.149s] DEBUG:colcon:Parsed command line arguments: Namespace(log_base=None, log_level=None, verb_name='build', build_base='build', install_base='install', merge_install=False, symlink_install=False, test_result_base=None, continue_on_error=False, executor='parallel', parallel_workers=16, event_handlers=None, ignore_user_meta=False, metas=['./colcon.meta'], base_paths=['.'], packages_ignore=None, packages_ignore_regex=None, paths=None, packages_up_to=None, packages_up_to_regex=None, packages_above=None, packages_above_and_dependencies=None, packages_above_depth=None, packages_select_by_dep=None, packages_skip_by_dep=None, packages_skip_up_to=None, packages_select_build_failed=False, packages_skip_build_finished=False, packages_select_test_failures=False, packages_skip_test_passed=False, packages_select=None, packages_skip=None, packages_select_regex=None, packages_skip_regex=None, packages_start=None, packages_end=None, allow_overriding=[], cmake_args=None, cmake_target=None, cmake_target_skip_unavailable=False, cmake_clean_cache=False, cmake_clean_first=False, cmake_force_configure=False, ament_cmake_args=None, catkin_cmake_args=None, catkin_skip_building_tests=False, verb_parser=<colcon_defaults.argument_parser.defaults.DefaultArgumentsDecorator object at 0x73b1dcb27d30>, verb_extension=<colcon_core.verb.build.BuildVerb object at 0x73b1dcb278e0>, main=<bound method BuildVerb.main of <colcon_core.verb.build.BuildVerb object at 0x73b1dcb278e0>>)
[0.314s] Level 1:colcon.colcon_core.package_discovery:discover_packages(colcon_meta) check parameters
[0.314s] Level 1:colcon.colcon_core.package_discovery:discover_packages(recursive) check parameters
[0.314s] Level 1:colcon.colcon_core.package_discovery:discover_packages(ignore) check parameters
[0.314s] Level 1:colcon.colcon_core.package_discovery:discover_packages(path) check parameters
[0.314s] Level 1:colcon.colcon_core.package_discovery:discover_packages(colcon_meta) discover
[0.314s] Level 1:colcon.colcon_core.package_discovery:discover_packages(recursive) discover
[0.314s] INFO:colcon.colcon_core.package_discovery:Crawling recursively for packages in '/home/oakfox/srtp/ros2_ws/src/ustb_doggo_impedance_controller'
[0.314s] Level 1:colcon.colcon_core.package_identification:_identify(.) by extensions ['ignore', 'ignore_ament_install']
[0.314s] Level 1:colcon.colcon_core.package_identification:_identify(.) by extension 'ignore'
[0.314s] Level 1:colcon.colcon_core.package_identification:_identify(.) by extension 'ignore_ament_install'
[0.314s] Level 1:colcon.colcon_core.package_identification:_identify(.) by extensions ['colcon_pkg']
[0.314s] Level 1:colcon.colcon_core.package_identification:_identify(.) by extension 'colcon_pkg'
[0.314s] Level 1:colcon.colcon_core.package_identification:_identify(.) by extensions ['colcon_meta']
[0.314s] Level 1:colcon.colcon_core.package_identification:_identify(.) by extension 'colcon_meta'
[0.314s] Level 1:colcon.colcon_core.package_identification:_identify(.) by extensions ['ros']
[0.314s] Level 1:colcon.colcon_core.package_identification:_identify(.) by extension 'ros'
[0.325s] DEBUG:colcon.colcon_core.package_identification:Package '.' with type 'ros.ament_cmake' and name 'ustb_doggo_impedance_controller'
[0.325s] Level 1:colcon.colcon_core.package_discovery:discover_packages(recursive) using defaults
[0.325s] Level 1:colcon.colcon_core.package_discovery:discover_packages(ignore) discover
[0.325s] Level 1:colcon.colcon_core.package_discovery:discover_packages(ignore) using defaults
[0.325s] Level 1:colcon.colcon_core.package_discovery:discover_packages(path) discover
[0.325s] Level 1:colcon.colcon_core.package_discovery:discover_packages(path) using defaults
[0.351s] Level 1:colcon.colcon_core.package_discovery:discover_packages(prefix_path) check parameters
[0.351s] Level 1:colcon.colcon_core.package_discovery:discover_packages(prefix_path) discover
[0.353s] DEBUG:colcon.colcon_installed_package_information.package_discovery:Found 361 installed packages in /opt/ros/humble
[0.354s] Level 1:colcon.colcon_core.package_discovery:discover_packages(prefix_path) using defaults
[0.376s] Level 5:colcon.colcon_core.verb:set package 'ustb_doggo_impedance_controller' build argument 'cmake_args' from command line to 'None'
[0.376s] Level 5:colcon.colcon_core.verb:set package 'ustb_doggo_impedance_controller' build argument 'cmake_target' from command line to 'None'
[0.376s] Level 5:colcon.colcon_core.verb:set package 'ustb_doggo_impedance_controller' build argument 'cmake_target_skip_unavailable' from command line to 'False'
[0.376s] Level 5:colcon.colcon_core.verb:set package 'ustb_doggo_impedance_controller' build argument 'cmake_clean_cache' from command line to 'False'
[0.376s] Level 5:colcon.colcon_core.verb:set package 'ustb_doggo_impedance_controller' build argument 'cmake_clean_first' from command line to 'False'
[0.376s] Level 5:colcon.colcon_core.verb:set package 'ustb_doggo_impedance_controller' build argument 'cmake_force_configure' from command line to 'False'
[0.376s] Level 5:colcon.colcon_core.verb:set package 'ustb_doggo_impedance_controller' build argument 'ament_cmake_args' from command line to 'None'
[0.376s] Level 5:colcon.colcon_core.verb:set package 'ustb_doggo_impedance_controller' build argument 'catkin_cmake_args' from command line to 'None'
[0.376s] Level 5:colcon.colcon_core.verb:set package 'ustb_doggo_impedance_controller' build argument 'catkin_skip_building_tests' from command line to 'False'
[0.376s] DEBUG:colcon.colcon_core.verb:Building package 'ustb_doggo_impedance_controller' with the following arguments: {'ament_cmake_args': None, 'build_base': '/home/oakfox/srtp/ros2_ws/src/ustb_doggo_impedance_controller/build/ustb_doggo_impedance_controller', 'catkin_cmake_args': None, 'catkin_skip_building_tests': False, 'cmake_args': None, 'cmake_clean_cache': False, 'cmake_clean_first': False, 'cmake_force_configure': False, 'cmake_target': None, 'cmake_target_skip_unavailable': False, 'install_base': '/home/oakfox/srtp/ros2_ws/src/ustb_doggo_impedance_controller/install/ustb_doggo_impedance_controller', 'merge_install': False, 'path': '/home/oakfox/srtp/ros2_ws/src/ustb_doggo_impedance_controller', 'symlink_install': False, 'test_result_base': None}
[0.376s] INFO:colcon.colcon_core.executor:Executing jobs using 'parallel' executor
[0.377s] DEBUG:colcon.colcon_parallel_executor.executor.parallel:run_until_complete
[0.377s] INFO:colcon.colcon_ros.task.ament_cmake.build:Building ROS package in '/home/oakfox/srtp/ros2_ws/src/ustb_doggo_impedance_controller' with build type 'ament_cmake'
[0.377s] INFO:colcon.colcon_cmake.task.cmake.build:Building CMake package in '/home/oakfox/srtp/ros2_ws/src/ustb_doggo_impedance_controller'
[0.380s] INFO:colcon.colcon_core.plugin_system:Skipping extension 'colcon_core.shell.bat': Not used on non-Windows systems
[0.380s] INFO:colcon.colcon_core.shell:Skip shell extension 'powershell' for command environment: Not usable outside of PowerShell
[0.380s] DEBUG:colcon.colcon_core.shell:Skip shell extension 'dsv' for command environment
[0.385s] DEBUG:colcon.colcon_core.event_handler.log_command:Invoking command in '/home/oakfox/srtp/ros2_ws/src/ustb_doggo_impedance_controller/build/ustb_doggo_impedance_controller': CMAKE_PREFIX_PATH=/opt/ros/humble /usr/bin/cmake /home/oakfox/srtp/ros2_ws/src/ustb_doggo_impedance_controller -DCMAKE_INSTALL_PREFIX=/home/oakfox/srtp/ros2_ws/src/ustb_doggo_impedance_controller/install/ustb_doggo_impedance_controller
[2.378s] DEBUG:colcon.colcon_core.event_handler.log_command:Invoked command in '/home/oakfox/srtp/ros2_ws/src/ustb_doggo_impedance_controller/build/ustb_doggo_impedance_controller' returned '0': CMAKE_PREFIX_PATH=/opt/ros/humble /usr/bin/cmake /home/oakfox/srtp/ros2_ws/src/ustb_doggo_impedance_controller -DCMAKE_INSTALL_PREFIX=/home/oakfox/srtp/ros2_ws/src/ustb_doggo_impedance_controller/install/ustb_doggo_impedance_controller
[2.379s] DEBUG:colcon.colcon_core.event_handler.log_command:Invoking command in '/home/oakfox/srtp/ros2_ws/src/ustb_doggo_impedance_controller/build/ustb_doggo_impedance_controller': CMAKE_PREFIX_PATH=/opt/ros/humble /usr/bin/cmake --build /home/oakfox/srtp/ros2_ws/src/ustb_doggo_impedance_controller/build/ustb_doggo_impedance_controller -- -j16 -l16
[18.991s] DEBUG:colcon.colcon_core.event_handler.log_command:Invoked command in '/home/oakfox/srtp/ros2_ws/src/ustb_doggo_impedance_controller/build/ustb_doggo_impedance_controller' returned '0': CMAKE_PREFIX_PATH=/opt/ros/humble /usr/bin/cmake --build /home/oakfox/srtp/ros2_ws/src/ustb_doggo_impedance_controller/build/ustb_doggo_impedance_controller -- -j16 -l16
[18.996s] DEBUG:colcon.colcon_core.event_handler.log_command:Invoking command in '/home/oakfox/srtp/ros2_ws/src/ustb_doggo_impedance_controller/build/ustb_doggo_impedance_controller': CMAKE_PREFIX_PATH=/opt/ros/humble /usr/bin/cmake --install /home/oakfox/srtp/ros2_ws/src/ustb_doggo_impedance_controller/build/ustb_doggo_impedance_controller
[19.013s] Level 1:colcon.colcon_core.environment:create_environment_scripts_only(ustb_doggo_impedance_controller)
[19.013s] DEBUG:colcon.colcon_core.event_handler.log_command:Invoked command in '/home/oakfox/srtp/ros2_ws/src/ustb_doggo_impedance_controller/build/ustb_doggo_impedance_controller' returned '0': CMAKE_PREFIX_PATH=/opt/ros/humble /usr/bin/cmake --install /home/oakfox/srtp/ros2_ws/src/ustb_doggo_impedance_controller/build/ustb_doggo_impedance_controller
[19.016s] Level 1:colcon.colcon_core.environment:checking '/home/oakfox/srtp/ros2_ws/src/ustb_doggo_impedance_controller/install/ustb_doggo_impedance_controller' for CMake module files
[19.016s] Level 1:colcon.colcon_core.environment:checking '/home/oakfox/srtp/ros2_ws/src/ustb_doggo_impedance_controller/install/ustb_doggo_impedance_controller' for CMake config files
[19.016s] Level 1:colcon.colcon_core.shell:create_environment_hook('ustb_doggo_impedance_controller', 'cmake_prefix_path')
[19.017s] INFO:colcon.colcon_core.shell:Creating environment hook '/home/oakfox/srtp/ros2_ws/src/ustb_doggo_impedance_controller/install/ustb_doggo_impedance_controller/share/ustb_doggo_impedance_controller/hook/cmake_prefix_path.ps1'
[19.017s] INFO:colcon.colcon_core.shell:Creating environment descriptor '/home/oakfox/srtp/ros2_ws/src/ustb_doggo_impedance_controller/install/ustb_doggo_impedance_controller/share/ustb_doggo_impedance_controller/hook/cmake_prefix_path.dsv'
[19.018s] INFO:colcon.colcon_core.shell:Creating environment hook '/home/oakfox/srtp/ros2_ws/src/ustb_doggo_impedance_controller/install/ustb_doggo_impedance_controller/share/ustb_doggo_impedance_controller/hook/cmake_prefix_path.sh'
[19.018s] Level 1:colcon.colcon_core.environment:checking '/home/oakfox/srtp/ros2_ws/src/ustb_doggo_impedance_controller/install/ustb_doggo_impedance_controller/lib'
[19.018s] Level 1:colcon.colcon_core.environment:checking '/home/oakfox/srtp/ros2_ws/src/ustb_doggo_impedance_controller/install/ustb_doggo_impedance_controller/bin'
[19.019s] Level 1:colcon.colcon_core.environment:checking '/home/oakfox/srtp/ros2_ws/src/ustb_doggo_impedance_controller/install/ustb_doggo_impedance_controller/lib/pkgconfig/ustb_doggo_impedance_controller.pc'
[19.019s] Level 1:colcon.colcon_core.environment:checking '/home/oakfox/srtp/ros2_ws/src/ustb_doggo_impedance_controller/install/ustb_doggo_impedance_controller/lib/python3.10/site-packages'
[19.019s] Level 1:colcon.colcon_core.environment:checking '/home/oakfox/srtp/ros2_ws/src/ustb_doggo_impedance_controller/install/ustb_doggo_impedance_controller/bin'
[19.019s] INFO:colcon.colcon_core.shell:Creating package script '/home/oakfox/srtp/ros2_ws/src/ustb_doggo_impedance_controller/install/ustb_doggo_impedance_controller/share/ustb_doggo_impedance_controller/package.ps1'
[19.019s] INFO:colcon.colcon_core.shell:Creating package descriptor '/home/oakfox/srtp/ros2_ws/src/ustb_doggo_impedance_controller/install/ustb_doggo_impedance_controller/share/ustb_doggo_impedance_controller/package.dsv'
[19.020s] INFO:colcon.colcon_core.shell:Creating package script '/home/oakfox/srtp/ros2_ws/src/ustb_doggo_impedance_controller/install/ustb_doggo_impedance_controller/share/ustb_doggo_impedance_controller/package.sh'
[19.020s] INFO:colcon.colcon_core.shell:Creating package script '/home/oakfox/srtp/ros2_ws/src/ustb_doggo_impedance_controller/install/ustb_doggo_impedance_controller/share/ustb_doggo_impedance_controller/package.bash'
[19.021s] INFO:colcon.colcon_core.shell:Creating package script '/home/oakfox/srtp/ros2_ws/src/ustb_doggo_impedance_controller/install/ustb_doggo_impedance_controller/share/ustb_doggo_impedance_controller/package.zsh'
[19.021s] Level 1:colcon.colcon_core.environment:create_file_with_runtime_dependencies(/home/oakfox/srtp/ros2_ws/src/ustb_doggo_impedance_controller/install/ustb_doggo_impedance_controller/share/colcon-core/packages/ustb_doggo_impedance_controller)
[19.022s] Level 1:colcon.colcon_core.environment:create_environment_scripts_only(ustb_doggo_impedance_controller)
[19.022s] Level 1:colcon.colcon_core.environment:checking '/home/oakfox/srtp/ros2_ws/src/ustb_doggo_impedance_controller/install/ustb_doggo_impedance_controller' for CMake module files
[19.022s] Level 1:colcon.colcon_core.environment:checking '/home/oakfox/srtp/ros2_ws/src/ustb_doggo_impedance_controller/install/ustb_doggo_impedance_controller' for CMake config files
[19.022s] Level 1:colcon.colcon_core.shell:create_environment_hook('ustb_doggo_impedance_controller', 'cmake_prefix_path')
[19.022s] INFO:colcon.colcon_core.shell:Creating environment hook '/home/oakfox/srtp/ros2_ws/src/ustb_doggo_impedance_controller/install/ustb_doggo_impedance_controller/share/ustb_doggo_impedance_controller/hook/cmake_prefix_path.ps1'
[19.023s] INFO:colcon.colcon_core.shell:Creating environment descriptor '/home/oakfox/srtp/ros2_ws/src/ustb_doggo_impedance_controller/install/ustb_doggo_impedance_controller/share/ustb_doggo_impedance_controller/hook/cmake_prefix_path.dsv'
[19.023s] INFO:colcon.colcon_core.shell:Creating environment hook '/home/oakfox/srtp/ros2_ws/src/ustb_doggo_impedance_controller/install/ustb_doggo_impedance_controller/share/ustb_doggo_impedance_controller/hook/cmake_prefix_path.sh'
[19.023s] Level 1:colcon.colcon_core.environment:checking '/home/oakfox/srtp/ros2_ws/src/ustb_doggo_impedance_controller/install/ustb_doggo_impedance_controller/lib'
[19.023s] Level 1:colcon.colcon_core.environment:checking '/home/oakfox/srtp/ros2_ws/src/ustb_doggo_impedance_controller/install/ustb_doggo_impedance_controller/bin'
[19.023s] Level 1:colcon.colcon_core.environment:checking '/home/oakfox/srtp/ros2_ws/src/ustb_doggo_impedance_controller/install/ustb_doggo_impedance_controller/lib/pkgconfig/ustb_doggo_impedance_controller.pc'
[19.024s] Level 1:colcon.colcon_core.environment:checking '/home/oakfox/srtp/ros2_ws/src/ustb_doggo_impedance_controller/install/ustb_doggo_impedance_controller/lib/python3.10/site-packages'
[19.024s] Level 1:colcon.colcon_core.environment:checking '/home/oakfox/srtp/ros2_ws/src/ustb_doggo_impedance_controller/install/ustb_doggo_impedance_controller/bin'
[19.024s] INFO:colcon.colcon_core.shell:Creating package script '/home/oakfox/srtp/ros2_ws/src/ustb_doggo_impedance_controller/install/ustb_doggo_impedance_controller/share/ustb_doggo_impedance_controller/package.ps1'
[19.024s] INFO:colcon.colcon_core.shell:Creating package descriptor '/home/oakfox/srtp/ros2_ws/src/ustb_doggo_impedance_controller/install/ustb_doggo_impedance_controller/share/ustb_doggo_impedance_controller/package.dsv'
[19.024s] INFO:colcon.colcon_core.shell:Creating package script '/home/oakfox/srtp/ros2_ws/src/ustb_doggo_impedance_controller/install/ustb_doggo_impedance_controller/share/ustb_doggo_impedance_controller/package.sh'
[19.025s] INFO:colcon.colcon_core.shell:Creating package script '/home/oakfox/srtp/ros2_ws/src/ustb_doggo_impedance_controller/install/ustb_doggo_impedance_controller/share/ustb_doggo_impedance_controller/package.bash'
[19.025s] INFO:colcon.colcon_core.shell:Creating package script '/home/oakfox/srtp/ros2_ws/src/ustb_doggo_impedance_controller/install/ustb_doggo_impedance_controller/share/ustb_doggo_impedance_controller/package.zsh'
[19.025s] Level 1:colcon.colcon_core.environment:create_file_with_runtime_dependencies(/home/oakfox/srtp/ros2_ws/src/ustb_doggo_impedance_controller/install/ustb_doggo_impedance_controller/share/colcon-core/packages/ustb_doggo_impedance_controller)
[19.025s] DEBUG:colcon.colcon_parallel_executor.executor.parallel:closing loop
[19.025s] DEBUG:colcon.colcon_parallel_executor.executor.parallel:loop closed
[19.025s] DEBUG:colcon.colcon_parallel_executor.executor.parallel:run_until_complete finished with '0'
[19.025s] DEBUG:colcon.colcon_core.event_reactor:joining thread
[19.031s] INFO:colcon.colcon_core.plugin_system:Skipping extension 'colcon_notification.desktop_notification.terminal_notifier': Not used on non-Darwin systems
[19.031s] INFO:colcon.colcon_core.plugin_system:Skipping extension 'colcon_notification.desktop_notification.win32': Not used on non-Windows systems
[19.031s] INFO:colcon.colcon_notification.desktop_notification:Sending desktop notification using 'notify2'
[19.045s] DEBUG:colcon.colcon_core.event_reactor:joined thread
[19.045s] INFO:colcon.colcon_core.shell:Creating prefix script '/home/oakfox/srtp/ros2_ws/src/ustb_doggo_impedance_controller/install/local_setup.ps1'
[19.046s] INFO:colcon.colcon_core.shell:Creating prefix util module '/home/oakfox/srtp/ros2_ws/src/ustb_doggo_impedance_controller/install/_local_setup_util_ps1.py'
[19.047s] INFO:colcon.colcon_core.shell:Creating prefix chain script '/home/oakfox/srtp/ros2_ws/src/ustb_doggo_impedance_controller/install/setup.ps1'
[19.048s] INFO:colcon.colcon_core.shell:Creating prefix script '/home/oakfox/srtp/ros2_ws/src/ustb_doggo_impedance_controller/install/local_setup.sh'
[19.048s] INFO:colcon.colcon_core.shell:Creating prefix util module '/home/oakfox/srtp/ros2_ws/src/ustb_doggo_impedance_controller/install/_local_setup_util_sh.py'
[19.049s] INFO:colcon.colcon_core.shell:Creating prefix chain script '/home/oakfox/srtp/ros2_ws/src/ustb_doggo_impedance_controller/install/setup.sh'
[19.049s] INFO:colcon.colcon_core.shell:Creating prefix script '/home/oakfox/srtp/ros2_ws/src/ustb_doggo_impedance_controller/install/local_setup.bash'
[19.050s] INFO:colcon.colcon_core.shell:Creating prefix chain script '/home/oakfox/srtp/ros2_ws/src/ustb_doggo_impedance_controller/install/setup.bash'
[19.050s] INFO:colcon.colcon_core.shell:Creating prefix script '/home/oakfox/srtp/ros2_ws/src/ustb_doggo_impedance_controller/install/local_setup.zsh'
[19.051s] INFO:colcon.colcon_core.shell:Creating prefix chain script '/home/oakfox/srtp/ros2_ws/src/ustb_doggo_impedance_controller/install/setup.zsh'
