[0.136s] DEBUG:colcon:Command line arguments: ['/usr/bin/colcon', 'build']
[0.136s] DEBUG:colcon:Parsed command line arguments: Namespace(log_base=None, log_level=None, verb_name='build', build_base='build', install_base='install', merge_install=False, symlink_install=False, test_result_base=None, continue_on_error=False, executor='parallel', parallel_workers=16, event_handlers=None, ignore_user_meta=False, metas=['./colcon.meta'], base_paths=['.'], packages_ignore=None, packages_ignore_regex=None, paths=None, packages_up_to=None, packages_up_to_regex=None, packages_above=None, packages_above_and_dependencies=None, packages_above_depth=None, packages_select_by_dep=None, packages_skip_by_dep=None, packages_skip_up_to=None, packages_select_build_failed=False, packages_skip_build_finished=False, packages_select_test_failures=False, packages_skip_test_passed=False, packages_select=None, packages_skip=None, packages_select_regex=None, packages_skip_regex=None, packages_start=None, packages_end=None, allow_overriding=[], cmake_args=None, cmake_target=None, cmake_target_skip_unavailable=False, cmake_clean_cache=False, cmake_clean_first=False, cmake_force_configure=False, ament_cmake_args=None, catkin_cmake_args=None, catkin_skip_building_tests=False, verb_parser=<colcon_defaults.argument_parser.defaults.DefaultArgumentsDecorator object at 0x766638e2fd30>, verb_extension=<colcon_core.verb.build.BuildVerb object at 0x766638e2f8e0>, main=<bound method BuildVerb.main of <colcon_core.verb.build.BuildVerb object at 0x766638e2f8e0>>)
[0.331s] Level 1:colcon.colcon_core.package_discovery:discover_packages(colcon_meta) check parameters
[0.331s] Level 1:colcon.colcon_core.package_discovery:discover_packages(recursive) check parameters
[0.331s] Level 1:colcon.colcon_core.package_discovery:discover_packages(ignore) check parameters
[0.331s] Level 1:colcon.colcon_core.package_discovery:discover_packages(path) check parameters
[0.332s] Level 1:colcon.colcon_core.package_discovery:discover_packages(colcon_meta) discover
[0.332s] Level 1:colcon.colcon_core.package_discovery:discover_packages(recursive) discover
[0.332s] INFO:colcon.colcon_core.package_discovery:Crawling recursively for packages in '/home/oakfox/srtp/ros2_ws'
[0.332s] Level 1:colcon.colcon_core.package_identification:_identify(.) by extensions ['ignore', 'ignore_ament_install']
[0.332s] Level 1:colcon.colcon_core.package_identification:_identify(.) by extension 'ignore'
[0.332s] Level 1:colcon.colcon_core.package_identification:_identify(.) by extension 'ignore_ament_install'
[0.332s] Level 1:colcon.colcon_core.package_identification:_identify(.) by extensions ['colcon_pkg']
[0.332s] Level 1:colcon.colcon_core.package_identification:_identify(.) by extension 'colcon_pkg'
[0.332s] Level 1:colcon.colcon_core.package_identification:_identify(.) by extensions ['colcon_meta']
[0.332s] Level 1:colcon.colcon_core.package_identification:_identify(.) by extension 'colcon_meta'
[0.332s] Level 1:colcon.colcon_core.package_identification:_identify(.) by extensions ['ros']
[0.332s] Level 1:colcon.colcon_core.package_identification:_identify(.) by extension 'ros'
[0.346s] Level 1:colcon.colcon_core.package_identification:_identify(.) by extensions ['cmake', 'python']
[0.346s] Level 1:colcon.colcon_core.package_identification:_identify(.) by extension 'cmake'
[0.347s] Level 1:colcon.colcon_core.package_identification:_identify(.) by extension 'python'
[0.347s] Level 1:colcon.colcon_core.package_identification:_identify(.) by extensions ['python_setup_py']
[0.347s] Level 1:colcon.colcon_core.package_identification:_identify(.) by extension 'python_setup_py'
[0.347s] Level 1:colcon.colcon_core.package_identification:_identify(build) by extensions ['ignore', 'ignore_ament_install']
[0.347s] Level 1:colcon.colcon_core.package_identification:_identify(build) by extension 'ignore'
[0.347s] Level 1:colcon.colcon_core.package_identification:_identify(build) ignored
[0.347s] Level 1:colcon.colcon_core.package_identification:_identify(install) by extensions ['ignore', 'ignore_ament_install']
[0.347s] Level 1:colcon.colcon_core.package_identification:_identify(install) by extension 'ignore'
[0.347s] Level 1:colcon.colcon_core.package_identification:_identify(install) ignored
[0.347s] Level 1:colcon.colcon_core.package_identification:_identify(log) by extensions ['ignore', 'ignore_ament_install']
[0.348s] Level 1:colcon.colcon_core.package_identification:_identify(log) by extension 'ignore'
[0.348s] Level 1:colcon.colcon_core.package_identification:_identify(log) ignored
[0.348s] Level 1:colcon.colcon_core.package_identification:_identify(src) by extensions ['ignore', 'ignore_ament_install']
[0.348s] Level 1:colcon.colcon_core.package_identification:_identify(src) by extension 'ignore'
[0.348s] Level 1:colcon.colcon_core.package_identification:_identify(src) by extension 'ignore_ament_install'
[0.348s] Level 1:colcon.colcon_core.package_identification:_identify(src) by extensions ['colcon_pkg']
[0.348s] Level 1:colcon.colcon_core.package_identification:_identify(src) by extension 'colcon_pkg'
[0.348s] Level 1:colcon.colcon_core.package_identification:_identify(src) by extensions ['colcon_meta']
[0.348s] Level 1:colcon.colcon_core.package_identification:_identify(src) by extension 'colcon_meta'
[0.348s] Level 1:colcon.colcon_core.package_identification:_identify(src) by extensions ['ros']
[0.348s] Level 1:colcon.colcon_core.package_identification:_identify(src) by extension 'ros'
[0.348s] Level 1:colcon.colcon_core.package_identification:_identify(src) by extensions ['cmake', 'python']
[0.348s] Level 1:colcon.colcon_core.package_identification:_identify(src) by extension 'cmake'
[0.348s] Level 1:colcon.colcon_core.package_identification:_identify(src) by extension 'python'
[0.348s] Level 1:colcon.colcon_core.package_identification:_identify(src) by extensions ['python_setup_py']
[0.348s] Level 1:colcon.colcon_core.package_identification:_identify(src) by extension 'python_setup_py'
[0.348s] Level 1:colcon.colcon_core.package_identification:_identify(src/Harmonic Terrain) by extensions ['ignore', 'ignore_ament_install']
[0.349s] Level 1:colcon.colcon_core.package_identification:_identify(src/Harmonic Terrain) by extension 'ignore'
[0.349s] Level 1:colcon.colcon_core.package_identification:_identify(src/Harmonic Terrain) by extension 'ignore_ament_install'
[0.349s] Level 1:colcon.colcon_core.package_identification:_identify(src/Harmonic Terrain) by extensions ['colcon_pkg']
[0.349s] Level 1:colcon.colcon_core.package_identification:_identify(src/Harmonic Terrain) by extension 'colcon_pkg'
[0.349s] Level 1:colcon.colcon_core.package_identification:_identify(src/Harmonic Terrain) by extensions ['colcon_meta']
[0.349s] Level 1:colcon.colcon_core.package_identification:_identify(src/Harmonic Terrain) by extension 'colcon_meta'
[0.349s] Level 1:colcon.colcon_core.package_identification:_identify(src/Harmonic Terrain) by extensions ['ros']
[0.349s] Level 1:colcon.colcon_core.package_identification:_identify(src/Harmonic Terrain) by extension 'ros'
[0.349s] Level 1:colcon.colcon_core.package_identification:_identify(src/Harmonic Terrain) by extensions ['cmake', 'python']
[0.349s] Level 1:colcon.colcon_core.package_identification:_identify(src/Harmonic Terrain) by extension 'cmake'
[0.349s] Level 1:colcon.colcon_core.package_identification:_identify(src/Harmonic Terrain) by extension 'python'
[0.349s] Level 1:colcon.colcon_core.package_identification:_identify(src/Harmonic Terrain) by extensions ['python_setup_py']
[0.349s] Level 1:colcon.colcon_core.package_identification:_identify(src/Harmonic Terrain) by extension 'python_setup_py'
[0.349s] Level 1:colcon.colcon_core.package_identification:_identify(src/Harmonic Terrain/materials) by extensions ['ignore', 'ignore_ament_install']
[0.349s] Level 1:colcon.colcon_core.package_identification:_identify(src/Harmonic Terrain/materials) by extension 'ignore'
[0.349s] Level 1:colcon.colcon_core.package_identification:_identify(src/Harmonic Terrain/materials) by extension 'ignore_ament_install'
[0.349s] Level 1:colcon.colcon_core.package_identification:_identify(src/Harmonic Terrain/materials) by extensions ['colcon_pkg']
[0.349s] Level 1:colcon.colcon_core.package_identification:_identify(src/Harmonic Terrain/materials) by extension 'colcon_pkg'
[0.349s] Level 1:colcon.colcon_core.package_identification:_identify(src/Harmonic Terrain/materials) by extensions ['colcon_meta']
[0.349s] Level 1:colcon.colcon_core.package_identification:_identify(src/Harmonic Terrain/materials) by extension 'colcon_meta'
[0.349s] Level 1:colcon.colcon_core.package_identification:_identify(src/Harmonic Terrain/materials) by extensions ['ros']
[0.350s] Level 1:colcon.colcon_core.package_identification:_identify(src/Harmonic Terrain/materials) by extension 'ros'
[0.350s] Level 1:colcon.colcon_core.package_identification:_identify(src/Harmonic Terrain/materials) by extensions ['cmake', 'python']
[0.350s] Level 1:colcon.colcon_core.package_identification:_identify(src/Harmonic Terrain/materials) by extension 'cmake'
[0.350s] Level 1:colcon.colcon_core.package_identification:_identify(src/Harmonic Terrain/materials) by extension 'python'
[0.350s] Level 1:colcon.colcon_core.package_identification:_identify(src/Harmonic Terrain/materials) by extensions ['python_setup_py']
[0.350s] Level 1:colcon.colcon_core.package_identification:_identify(src/Harmonic Terrain/materials) by extension 'python_setup_py'
[0.350s] Level 1:colcon.colcon_core.package_identification:_identify(src/Harmonic Terrain/materials/textures) by extensions ['ignore', 'ignore_ament_install']
[0.350s] Level 1:colcon.colcon_core.package_identification:_identify(src/Harmonic Terrain/materials/textures) by extension 'ignore'
[0.350s] Level 1:colcon.colcon_core.package_identification:_identify(src/Harmonic Terrain/materials/textures) by extension 'ignore_ament_install'
[0.350s] Level 1:colcon.colcon_core.package_identification:_identify(src/Harmonic Terrain/materials/textures) by extensions ['colcon_pkg']
[0.350s] Level 1:colcon.colcon_core.package_identification:_identify(src/Harmonic Terrain/materials/textures) by extension 'colcon_pkg'
[0.350s] Level 1:colcon.colcon_core.package_identification:_identify(src/Harmonic Terrain/materials/textures) by extensions ['colcon_meta']
[0.350s] Level 1:colcon.colcon_core.package_identification:_identify(src/Harmonic Terrain/materials/textures) by extension 'colcon_meta'
[0.350s] Level 1:colcon.colcon_core.package_identification:_identify(src/Harmonic Terrain/materials/textures) by extensions ['ros']
[0.350s] Level 1:colcon.colcon_core.package_identification:_identify(src/Harmonic Terrain/materials/textures) by extension 'ros'
[0.350s] Level 1:colcon.colcon_core.package_identification:_identify(src/Harmonic Terrain/materials/textures) by extensions ['cmake', 'python']
[0.350s] Level 1:colcon.colcon_core.package_identification:_identify(src/Harmonic Terrain/materials/textures) by extension 'cmake'
[0.350s] Level 1:colcon.colcon_core.package_identification:_identify(src/Harmonic Terrain/materials/textures) by extension 'python'
[0.350s] Level 1:colcon.colcon_core.package_identification:_identify(src/Harmonic Terrain/materials/textures) by extensions ['python_setup_py']
[0.350s] Level 1:colcon.colcon_core.package_identification:_identify(src/Harmonic Terrain/materials/textures) by extension 'python_setup_py'
[0.351s] Level 1:colcon.colcon_core.package_identification:_identify(src/Harmonic Terrain/thumbnails) by extensions ['ignore', 'ignore_ament_install']
[0.351s] Level 1:colcon.colcon_core.package_identification:_identify(src/Harmonic Terrain/thumbnails) by extension 'ignore'
[0.351s] Level 1:colcon.colcon_core.package_identification:_identify(src/Harmonic Terrain/thumbnails) by extension 'ignore_ament_install'
[0.351s] Level 1:colcon.colcon_core.package_identification:_identify(src/Harmonic Terrain/thumbnails) by extensions ['colcon_pkg']
[0.351s] Level 1:colcon.colcon_core.package_identification:_identify(src/Harmonic Terrain/thumbnails) by extension 'colcon_pkg'
[0.351s] Level 1:colcon.colcon_core.package_identification:_identify(src/Harmonic Terrain/thumbnails) by extensions ['colcon_meta']
[0.351s] Level 1:colcon.colcon_core.package_identification:_identify(src/Harmonic Terrain/thumbnails) by extension 'colcon_meta'
[0.351s] Level 1:colcon.colcon_core.package_identification:_identify(src/Harmonic Terrain/thumbnails) by extensions ['ros']
[0.351s] Level 1:colcon.colcon_core.package_identification:_identify(src/Harmonic Terrain/thumbnails) by extension 'ros'
[0.351s] Level 1:colcon.colcon_core.package_identification:_identify(src/Harmonic Terrain/thumbnails) by extensions ['cmake', 'python']
[0.351s] Level 1:colcon.colcon_core.package_identification:_identify(src/Harmonic Terrain/thumbnails) by extension 'cmake'
[0.351s] Level 1:colcon.colcon_core.package_identification:_identify(src/Harmonic Terrain/thumbnails) by extension 'python'
[0.351s] Level 1:colcon.colcon_core.package_identification:_identify(src/Harmonic Terrain/thumbnails) by extensions ['python_setup_py']
[0.351s] Level 1:colcon.colcon_core.package_identification:_identify(src/Harmonic Terrain/thumbnails) by extension 'python_setup_py'
[0.351s] Level 1:colcon.colcon_core.package_identification:_identify(src/ustb_doggo_impedance_controller) by extensions ['ignore', 'ignore_ament_install']
[0.351s] Level 1:colcon.colcon_core.package_identification:_identify(src/ustb_doggo_impedance_controller) by extension 'ignore'
[0.351s] Level 1:colcon.colcon_core.package_identification:_identify(src/ustb_doggo_impedance_controller) by extension 'ignore_ament_install'
[0.351s] Level 1:colcon.colcon_core.package_identification:_identify(src/ustb_doggo_impedance_controller) by extensions ['colcon_pkg']
[0.351s] Level 1:colcon.colcon_core.package_identification:_identify(src/ustb_doggo_impedance_controller) by extension 'colcon_pkg'
[0.351s] Level 1:colcon.colcon_core.package_identification:_identify(src/ustb_doggo_impedance_controller) by extensions ['colcon_meta']
[0.351s] Level 1:colcon.colcon_core.package_identification:_identify(src/ustb_doggo_impedance_controller) by extension 'colcon_meta'
[0.352s] Level 1:colcon.colcon_core.package_identification:_identify(src/ustb_doggo_impedance_controller) by extensions ['ros']
[0.352s] Level 1:colcon.colcon_core.package_identification:_identify(src/ustb_doggo_impedance_controller) by extension 'ros'
[0.355s] DEBUG:colcon.colcon_core.package_identification:Package 'src/ustb_doggo_impedance_controller' with type 'ros.ament_cmake' and name 'ustb_doggo_impedance_controller'
[0.355s] Level 1:colcon.colcon_core.package_identification:_identify(src/ustb_doggo_urdf) by extensions ['ignore', 'ignore_ament_install']
[0.356s] Level 1:colcon.colcon_core.package_identification:_identify(src/ustb_doggo_urdf) by extension 'ignore'
[0.356s] Level 1:colcon.colcon_core.package_identification:_identify(src/ustb_doggo_urdf) by extension 'ignore_ament_install'
[0.356s] Level 1:colcon.colcon_core.package_identification:_identify(src/ustb_doggo_urdf) by extensions ['colcon_pkg']
[0.356s] Level 1:colcon.colcon_core.package_identification:_identify(src/ustb_doggo_urdf) by extension 'colcon_pkg'
[0.356s] Level 1:colcon.colcon_core.package_identification:_identify(src/ustb_doggo_urdf) by extensions ['colcon_meta']
[0.356s] Level 1:colcon.colcon_core.package_identification:_identify(src/ustb_doggo_urdf) by extension 'colcon_meta'
[0.356s] Level 1:colcon.colcon_core.package_identification:_identify(src/ustb_doggo_urdf) by extensions ['ros']
[0.356s] Level 1:colcon.colcon_core.package_identification:_identify(src/ustb_doggo_urdf) by extension 'ros'
[0.357s] DEBUG:colcon.colcon_core.package_identification:Package 'src/ustb_doggo_urdf' with type 'ros.ament_cmake' and name 'ustb_doggo_urdf'
[0.357s] Level 1:colcon.colcon_core.package_identification:_identify(src/ustb_doggo_virtual_model_control) by extensions ['ignore', 'ignore_ament_install']
[0.357s] Level 1:colcon.colcon_core.package_identification:_identify(src/ustb_doggo_virtual_model_control) by extension 'ignore'
[0.357s] Level 1:colcon.colcon_core.package_identification:_identify(src/ustb_doggo_virtual_model_control) by extension 'ignore_ament_install'
[0.357s] Level 1:colcon.colcon_core.package_identification:_identify(src/ustb_doggo_virtual_model_control) by extensions ['colcon_pkg']
[0.357s] Level 1:colcon.colcon_core.package_identification:_identify(src/ustb_doggo_virtual_model_control) by extension 'colcon_pkg'
[0.357s] Level 1:colcon.colcon_core.package_identification:_identify(src/ustb_doggo_virtual_model_control) by extensions ['colcon_meta']
[0.357s] Level 1:colcon.colcon_core.package_identification:_identify(src/ustb_doggo_virtual_model_control) by extension 'colcon_meta'
[0.357s] Level 1:colcon.colcon_core.package_identification:_identify(src/ustb_doggo_virtual_model_control) by extensions ['ros']
[0.358s] Level 1:colcon.colcon_core.package_identification:_identify(src/ustb_doggo_virtual_model_control) by extension 'ros'
[0.359s] DEBUG:colcon.colcon_core.package_identification:Package 'src/ustb_doggo_virtual_model_control' with type 'ros.ament_cmake' and name 'ustb_doggo_virtual_model_control'
[0.359s] Level 1:colcon.colcon_core.package_discovery:discover_packages(recursive) using defaults
[0.359s] Level 1:colcon.colcon_core.package_discovery:discover_packages(ignore) discover
[0.359s] Level 1:colcon.colcon_core.package_discovery:discover_packages(ignore) using defaults
[0.359s] Level 1:colcon.colcon_core.package_discovery:discover_packages(path) discover
[0.359s] Level 1:colcon.colcon_core.package_discovery:discover_packages(path) using defaults
[0.399s] Level 1:colcon.colcon_core.package_discovery:discover_packages(prefix_path) check parameters
[0.399s] Level 1:colcon.colcon_core.package_discovery:discover_packages(prefix_path) discover
[0.401s] DEBUG:colcon.colcon_installed_package_information.package_discovery:Found 3 installed packages in /home/oakfox/srtp/ros2_ws/install
[0.403s] DEBUG:colcon.colcon_installed_package_information.package_discovery:Found 361 installed packages in /opt/ros/humble
[0.406s] Level 1:colcon.colcon_core.package_discovery:discover_packages(prefix_path) using defaults
[0.460s] Level 5:colcon.colcon_core.verb:set package 'ustb_doggo_impedance_controller' build argument 'cmake_args' from command line to 'None'
[0.460s] Level 5:colcon.colcon_core.verb:set package 'ustb_doggo_impedance_controller' build argument 'cmake_target' from command line to 'None'
[0.460s] Level 5:colcon.colcon_core.verb:set package 'ustb_doggo_impedance_controller' build argument 'cmake_target_skip_unavailable' from command line to 'False'
[0.460s] Level 5:colcon.colcon_core.verb:set package 'ustb_doggo_impedance_controller' build argument 'cmake_clean_cache' from command line to 'False'
[0.460s] Level 5:colcon.colcon_core.verb:set package 'ustb_doggo_impedance_controller' build argument 'cmake_clean_first' from command line to 'False'
[0.460s] Level 5:colcon.colcon_core.verb:set package 'ustb_doggo_impedance_controller' build argument 'cmake_force_configure' from command line to 'False'
[0.460s] Level 5:colcon.colcon_core.verb:set package 'ustb_doggo_impedance_controller' build argument 'ament_cmake_args' from command line to 'None'
[0.460s] Level 5:colcon.colcon_core.verb:set package 'ustb_doggo_impedance_controller' build argument 'catkin_cmake_args' from command line to 'None'
[0.460s] Level 5:colcon.colcon_core.verb:set package 'ustb_doggo_impedance_controller' build argument 'catkin_skip_building_tests' from command line to 'False'
[0.460s] DEBUG:colcon.colcon_core.verb:Building package 'ustb_doggo_impedance_controller' with the following arguments: {'ament_cmake_args': None, 'build_base': '/home/oakfox/srtp/ros2_ws/build/ustb_doggo_impedance_controller', 'catkin_cmake_args': None, 'catkin_skip_building_tests': False, 'cmake_args': None, 'cmake_clean_cache': False, 'cmake_clean_first': False, 'cmake_force_configure': False, 'cmake_target': None, 'cmake_target_skip_unavailable': False, 'install_base': '/home/oakfox/srtp/ros2_ws/install/ustb_doggo_impedance_controller', 'merge_install': False, 'path': '/home/oakfox/srtp/ros2_ws/src/ustb_doggo_impedance_controller', 'symlink_install': False, 'test_result_base': None}
[0.461s] Level 5:colcon.colcon_core.verb:set package 'ustb_doggo_urdf' build argument 'cmake_args' from command line to 'None'
[0.461s] Level 5:colcon.colcon_core.verb:set package 'ustb_doggo_urdf' build argument 'cmake_target' from command line to 'None'
[0.461s] Level 5:colcon.colcon_core.verb:set package 'ustb_doggo_urdf' build argument 'cmake_target_skip_unavailable' from command line to 'False'
[0.461s] Level 5:colcon.colcon_core.verb:set package 'ustb_doggo_urdf' build argument 'cmake_clean_cache' from command line to 'False'
[0.461s] Level 5:colcon.colcon_core.verb:set package 'ustb_doggo_urdf' build argument 'cmake_clean_first' from command line to 'False'
[0.461s] Level 5:colcon.colcon_core.verb:set package 'ustb_doggo_urdf' build argument 'cmake_force_configure' from command line to 'False'
[0.461s] Level 5:colcon.colcon_core.verb:set package 'ustb_doggo_urdf' build argument 'ament_cmake_args' from command line to 'None'
[0.461s] Level 5:colcon.colcon_core.verb:set package 'ustb_doggo_urdf' build argument 'catkin_cmake_args' from command line to 'None'
[0.461s] Level 5:colcon.colcon_core.verb:set package 'ustb_doggo_urdf' build argument 'catkin_skip_building_tests' from command line to 'False'
[0.461s] DEBUG:colcon.colcon_core.verb:Building package 'ustb_doggo_urdf' with the following arguments: {'ament_cmake_args': None, 'build_base': '/home/oakfox/srtp/ros2_ws/build/ustb_doggo_urdf', 'catkin_cmake_args': None, 'catkin_skip_building_tests': False, 'cmake_args': None, 'cmake_clean_cache': False, 'cmake_clean_first': False, 'cmake_force_configure': False, 'cmake_target': None, 'cmake_target_skip_unavailable': False, 'install_base': '/home/oakfox/srtp/ros2_ws/install/ustb_doggo_urdf', 'merge_install': False, 'path': '/home/oakfox/srtp/ros2_ws/src/ustb_doggo_urdf', 'symlink_install': False, 'test_result_base': None}
[0.461s] Level 5:colcon.colcon_core.verb:set package 'ustb_doggo_virtual_model_control' build argument 'cmake_args' from command line to 'None'
[0.461s] Level 5:colcon.colcon_core.verb:set package 'ustb_doggo_virtual_model_control' build argument 'cmake_target' from command line to 'None'
[0.461s] Level 5:colcon.colcon_core.verb:set package 'ustb_doggo_virtual_model_control' build argument 'cmake_target_skip_unavailable' from command line to 'False'
[0.461s] Level 5:colcon.colcon_core.verb:set package 'ustb_doggo_virtual_model_control' build argument 'cmake_clean_cache' from command line to 'False'
[0.461s] Level 5:colcon.colcon_core.verb:set package 'ustb_doggo_virtual_model_control' build argument 'cmake_clean_first' from command line to 'False'
[0.461s] Level 5:colcon.colcon_core.verb:set package 'ustb_doggo_virtual_model_control' build argument 'cmake_force_configure' from command line to 'False'
[0.461s] Level 5:colcon.colcon_core.verb:set package 'ustb_doggo_virtual_model_control' build argument 'ament_cmake_args' from command line to 'None'
[0.461s] Level 5:colcon.colcon_core.verb:set package 'ustb_doggo_virtual_model_control' build argument 'catkin_cmake_args' from command line to 'None'
[0.461s] Level 5:colcon.colcon_core.verb:set package 'ustb_doggo_virtual_model_control' build argument 'catkin_skip_building_tests' from command line to 'False'
[0.462s] DEBUG:colcon.colcon_core.verb:Building package 'ustb_doggo_virtual_model_control' with the following arguments: {'ament_cmake_args': None, 'build_base': '/home/oakfox/srtp/ros2_ws/build/ustb_doggo_virtual_model_control', 'catkin_cmake_args': None, 'catkin_skip_building_tests': False, 'cmake_args': None, 'cmake_clean_cache': False, 'cmake_clean_first': False, 'cmake_force_configure': False, 'cmake_target': None, 'cmake_target_skip_unavailable': False, 'install_base': '/home/oakfox/srtp/ros2_ws/install/ustb_doggo_virtual_model_control', 'merge_install': False, 'path': '/home/oakfox/srtp/ros2_ws/src/ustb_doggo_virtual_model_control', 'symlink_install': False, 'test_result_base': None}
[0.462s] INFO:colcon.colcon_core.executor:Executing jobs using 'parallel' executor
[0.464s] DEBUG:colcon.colcon_parallel_executor.executor.parallel:run_until_complete
[0.464s] INFO:colcon.colcon_ros.task.ament_cmake.build:Building ROS package in '/home/oakfox/srtp/ros2_ws/src/ustb_doggo_impedance_controller' with build type 'ament_cmake'
[0.464s] INFO:colcon.colcon_cmake.task.cmake.build:Building CMake package in '/home/oakfox/srtp/ros2_ws/src/ustb_doggo_impedance_controller'
[0.466s] INFO:colcon.colcon_core.plugin_system:Skipping extension 'colcon_core.shell.bat': Not used on non-Windows systems
[0.467s] INFO:colcon.colcon_core.shell:Skip shell extension 'powershell' for command environment: Not usable outside of PowerShell
[0.467s] DEBUG:colcon.colcon_core.shell:Skip shell extension 'dsv' for command environment
[0.472s] INFO:colcon.colcon_ros.task.ament_cmake.build:Building ROS package in '/home/oakfox/srtp/ros2_ws/src/ustb_doggo_urdf' with build type 'ament_cmake'
[0.472s] INFO:colcon.colcon_cmake.task.cmake.build:Building CMake package in '/home/oakfox/srtp/ros2_ws/src/ustb_doggo_urdf'
[0.472s] INFO:colcon.colcon_core.shell:Skip shell extension 'powershell' for command environment: Not usable outside of PowerShell
[0.472s] DEBUG:colcon.colcon_core.shell:Skip shell extension 'dsv' for command environment
[0.476s] INFO:colcon.colcon_ros.task.ament_cmake.build:Building ROS package in '/home/oakfox/srtp/ros2_ws/src/ustb_doggo_virtual_model_control' with build type 'ament_cmake'
[0.477s] INFO:colcon.colcon_cmake.task.cmake.build:Building CMake package in '/home/oakfox/srtp/ros2_ws/src/ustb_doggo_virtual_model_control'
[0.477s] INFO:colcon.colcon_core.shell:Skip shell extension 'powershell' for command environment: Not usable outside of PowerShell
[0.477s] DEBUG:colcon.colcon_core.shell:Skip shell extension 'dsv' for command environment
[0.488s] DEBUG:colcon.colcon_core.event_handler.log_command:Invoking command in '/home/oakfox/srtp/ros2_ws/build/ustb_doggo_impedance_controller': CMAKE_PREFIX_PATH=${CMAKE_PREFIX_PATH}:/opt/ros/humble /usr/bin/cmake --build /home/oakfox/srtp/ros2_ws/build/ustb_doggo_impedance_controller -- -j16 -l16
[0.492s] DEBUG:colcon.colcon_core.event_handler.log_command:Invoking command in '/home/oakfox/srtp/ros2_ws/build/ustb_doggo_urdf': CMAKE_PREFIX_PATH=${CMAKE_PREFIX_PATH}:/opt/ros/humble /usr/bin/cmake --build /home/oakfox/srtp/ros2_ws/build/ustb_doggo_urdf -- -j16 -l16
[0.498s] DEBUG:colcon.colcon_core.event_handler.log_command:Invoking command in '/home/oakfox/srtp/ros2_ws/build/ustb_doggo_virtual_model_control': CMAKE_PREFIX_PATH=${CMAKE_PREFIX_PATH}:/opt/ros/humble /usr/bin/cmake --build /home/oakfox/srtp/ros2_ws/build/ustb_doggo_virtual_model_control -- -j16 -l16
[0.546s] DEBUG:colcon.colcon_core.event_handler.log_command:Invoked command in '/home/oakfox/srtp/ros2_ws/build/ustb_doggo_urdf' returned '0': CMAKE_PREFIX_PATH=${CMAKE_PREFIX_PATH}:/opt/ros/humble /usr/bin/cmake --build /home/oakfox/srtp/ros2_ws/build/ustb_doggo_urdf -- -j16 -l16
[0.565s] DEBUG:colcon.colcon_core.event_handler.log_command:Invoking command in '/home/oakfox/srtp/ros2_ws/build/ustb_doggo_urdf': CMAKE_PREFIX_PATH=${CMAKE_PREFIX_PATH}:/opt/ros/humble /usr/bin/cmake --install /home/oakfox/srtp/ros2_ws/build/ustb_doggo_urdf
[0.588s] Level 1:colcon.colcon_core.environment:create_environment_scripts_only(ustb_doggo_urdf)
[0.593s] DEBUG:colcon.colcon_core.event_handler.log_command:Invoked command in '/home/oakfox/srtp/ros2_ws/build/ustb_doggo_urdf' returned '0': CMAKE_PREFIX_PATH=${CMAKE_PREFIX_PATH}:/opt/ros/humble /usr/bin/cmake --install /home/oakfox/srtp/ros2_ws/build/ustb_doggo_urdf
[0.598s] Level 1:colcon.colcon_core.environment:checking '/home/oakfox/srtp/ros2_ws/install/ustb_doggo_urdf' for CMake module files
[0.599s] Level 1:colcon.colcon_core.environment:checking '/home/oakfox/srtp/ros2_ws/install/ustb_doggo_urdf' for CMake config files
[0.599s] Level 1:colcon.colcon_core.shell:create_environment_hook('ustb_doggo_urdf', 'cmake_prefix_path')
[0.599s] INFO:colcon.colcon_core.shell:Creating environment hook '/home/oakfox/srtp/ros2_ws/install/ustb_doggo_urdf/share/ustb_doggo_urdf/hook/cmake_prefix_path.ps1'
[0.601s] INFO:colcon.colcon_core.shell:Creating environment descriptor '/home/oakfox/srtp/ros2_ws/install/ustb_doggo_urdf/share/ustb_doggo_urdf/hook/cmake_prefix_path.dsv'
[0.602s] INFO:colcon.colcon_core.shell:Creating environment hook '/home/oakfox/srtp/ros2_ws/install/ustb_doggo_urdf/share/ustb_doggo_urdf/hook/cmake_prefix_path.sh'
[0.604s] Level 1:colcon.colcon_core.environment:checking '/home/oakfox/srtp/ros2_ws/install/ustb_doggo_urdf/bin'
[0.604s] Level 1:colcon.colcon_core.environment:checking '/home/oakfox/srtp/ros2_ws/install/ustb_doggo_urdf/lib/pkgconfig/ustb_doggo_urdf.pc'
[0.604s] Level 1:colcon.colcon_core.environment:checking '/home/oakfox/srtp/ros2_ws/install/ustb_doggo_urdf/lib/python3.10/site-packages'
[0.605s] Level 1:colcon.colcon_core.environment:checking '/home/oakfox/srtp/ros2_ws/install/ustb_doggo_urdf/bin'
[0.605s] INFO:colcon.colcon_core.shell:Creating package script '/home/oakfox/srtp/ros2_ws/install/ustb_doggo_urdf/share/ustb_doggo_urdf/package.ps1'
[0.606s] INFO:colcon.colcon_core.shell:Creating package descriptor '/home/oakfox/srtp/ros2_ws/install/ustb_doggo_urdf/share/ustb_doggo_urdf/package.dsv'
[0.607s] INFO:colcon.colcon_core.shell:Creating package script '/home/oakfox/srtp/ros2_ws/install/ustb_doggo_urdf/share/ustb_doggo_urdf/package.sh'
[0.608s] INFO:colcon.colcon_core.shell:Creating package script '/home/oakfox/srtp/ros2_ws/install/ustb_doggo_urdf/share/ustb_doggo_urdf/package.bash'
[0.609s] INFO:colcon.colcon_core.shell:Creating package script '/home/oakfox/srtp/ros2_ws/install/ustb_doggo_urdf/share/ustb_doggo_urdf/package.zsh'
[0.610s] Level 1:colcon.colcon_core.environment:create_file_with_runtime_dependencies(/home/oakfox/srtp/ros2_ws/install/ustb_doggo_urdf/share/colcon-core/packages/ustb_doggo_urdf)
[0.611s] Level 1:colcon.colcon_core.environment:create_environment_scripts_only(ustb_doggo_urdf)
[0.611s] Level 1:colcon.colcon_core.environment:checking '/home/oakfox/srtp/ros2_ws/install/ustb_doggo_urdf' for CMake module files
[0.612s] Level 1:colcon.colcon_core.environment:checking '/home/oakfox/srtp/ros2_ws/install/ustb_doggo_urdf' for CMake config files
[0.612s] Level 1:colcon.colcon_core.shell:create_environment_hook('ustb_doggo_urdf', 'cmake_prefix_path')
[0.612s] INFO:colcon.colcon_core.shell:Creating environment hook '/home/oakfox/srtp/ros2_ws/install/ustb_doggo_urdf/share/ustb_doggo_urdf/hook/cmake_prefix_path.ps1'
[0.613s] INFO:colcon.colcon_core.shell:Creating environment descriptor '/home/oakfox/srtp/ros2_ws/install/ustb_doggo_urdf/share/ustb_doggo_urdf/hook/cmake_prefix_path.dsv'
[0.614s] INFO:colcon.colcon_core.shell:Creating environment hook '/home/oakfox/srtp/ros2_ws/install/ustb_doggo_urdf/share/ustb_doggo_urdf/hook/cmake_prefix_path.sh'
[0.614s] Level 1:colcon.colcon_core.environment:checking '/home/oakfox/srtp/ros2_ws/install/ustb_doggo_urdf/bin'
[0.615s] Level 1:colcon.colcon_core.environment:checking '/home/oakfox/srtp/ros2_ws/install/ustb_doggo_urdf/lib/pkgconfig/ustb_doggo_urdf.pc'
[0.615s] Level 1:colcon.colcon_core.environment:checking '/home/oakfox/srtp/ros2_ws/install/ustb_doggo_urdf/lib/python3.10/site-packages'
[0.615s] Level 1:colcon.colcon_core.environment:checking '/home/oakfox/srtp/ros2_ws/install/ustb_doggo_urdf/bin'
[0.616s] INFO:colcon.colcon_core.shell:Creating package script '/home/oakfox/srtp/ros2_ws/install/ustb_doggo_urdf/share/ustb_doggo_urdf/package.ps1'
[0.617s] INFO:colcon.colcon_core.shell:Creating package descriptor '/home/oakfox/srtp/ros2_ws/install/ustb_doggo_urdf/share/ustb_doggo_urdf/package.dsv'
[0.617s] INFO:colcon.colcon_core.shell:Creating package script '/home/oakfox/srtp/ros2_ws/install/ustb_doggo_urdf/share/ustb_doggo_urdf/package.sh'
[0.618s] INFO:colcon.colcon_core.shell:Creating package script '/home/oakfox/srtp/ros2_ws/install/ustb_doggo_urdf/share/ustb_doggo_urdf/package.bash'
[0.619s] INFO:colcon.colcon_core.shell:Creating package script '/home/oakfox/srtp/ros2_ws/install/ustb_doggo_urdf/share/ustb_doggo_urdf/package.zsh'
[0.619s] Level 1:colcon.colcon_core.environment:create_file_with_runtime_dependencies(/home/oakfox/srtp/ros2_ws/install/ustb_doggo_urdf/share/colcon-core/packages/ustb_doggo_urdf)
[0.624s] DEBUG:colcon.colcon_core.event_handler.log_command:Invoked command in '/home/oakfox/srtp/ros2_ws/build/ustb_doggo_impedance_controller' returned '0': CMAKE_PREFIX_PATH=${CMAKE_PREFIX_PATH}:/opt/ros/humble /usr/bin/cmake --build /home/oakfox/srtp/ros2_ws/build/ustb_doggo_impedance_controller -- -j16 -l16
[0.625s] DEBUG:colcon.colcon_core.event_handler.log_command:Invoking command in '/home/oakfox/srtp/ros2_ws/build/ustb_doggo_impedance_controller': CMAKE_PREFIX_PATH=${CMAKE_PREFIX_PATH}:/opt/ros/humble /usr/bin/cmake --install /home/oakfox/srtp/ros2_ws/build/ustb_doggo_impedance_controller
[0.640s] Level 1:colcon.colcon_core.environment:create_environment_scripts_only(ustb_doggo_impedance_controller)
[0.641s] Level 1:colcon.colcon_core.environment:checking '/home/oakfox/srtp/ros2_ws/install/ustb_doggo_impedance_controller' for CMake module files
[0.642s] DEBUG:colcon.colcon_core.event_handler.log_command:Invoked command in '/home/oakfox/srtp/ros2_ws/build/ustb_doggo_impedance_controller' returned '0': CMAKE_PREFIX_PATH=${CMAKE_PREFIX_PATH}:/opt/ros/humble /usr/bin/cmake --install /home/oakfox/srtp/ros2_ws/build/ustb_doggo_impedance_controller
[0.643s] Level 1:colcon.colcon_core.environment:checking '/home/oakfox/srtp/ros2_ws/install/ustb_doggo_impedance_controller' for CMake config files
[0.644s] Level 1:colcon.colcon_core.shell:create_environment_hook('ustb_doggo_impedance_controller', 'cmake_prefix_path')
[0.645s] INFO:colcon.colcon_core.shell:Creating environment hook '/home/oakfox/srtp/ros2_ws/install/ustb_doggo_impedance_controller/share/ustb_doggo_impedance_controller/hook/cmake_prefix_path.ps1'
[0.646s] INFO:colcon.colcon_core.shell:Creating environment descriptor '/home/oakfox/srtp/ros2_ws/install/ustb_doggo_impedance_controller/share/ustb_doggo_impedance_controller/hook/cmake_prefix_path.dsv'
[0.647s] INFO:colcon.colcon_core.shell:Creating environment hook '/home/oakfox/srtp/ros2_ws/install/ustb_doggo_impedance_controller/share/ustb_doggo_impedance_controller/hook/cmake_prefix_path.sh'
[0.648s] Level 1:colcon.colcon_core.environment:checking '/home/oakfox/srtp/ros2_ws/install/ustb_doggo_impedance_controller/lib'
[0.649s] Level 1:colcon.colcon_core.environment:checking '/home/oakfox/srtp/ros2_ws/install/ustb_doggo_impedance_controller/bin'
[0.649s] Level 1:colcon.colcon_core.environment:checking '/home/oakfox/srtp/ros2_ws/install/ustb_doggo_impedance_controller/lib/pkgconfig/ustb_doggo_impedance_controller.pc'
[0.650s] Level 1:colcon.colcon_core.environment:checking '/home/oakfox/srtp/ros2_ws/install/ustb_doggo_impedance_controller/lib/python3.10/site-packages'
[0.650s] Level 1:colcon.colcon_core.environment:checking '/home/oakfox/srtp/ros2_ws/install/ustb_doggo_impedance_controller/bin'
[0.651s] INFO:colcon.colcon_core.shell:Creating package script '/home/oakfox/srtp/ros2_ws/install/ustb_doggo_impedance_controller/share/ustb_doggo_impedance_controller/package.ps1'
[0.652s] INFO:colcon.colcon_core.shell:Creating package descriptor '/home/oakfox/srtp/ros2_ws/install/ustb_doggo_impedance_controller/share/ustb_doggo_impedance_controller/package.dsv'
[0.653s] INFO:colcon.colcon_core.shell:Creating package script '/home/oakfox/srtp/ros2_ws/install/ustb_doggo_impedance_controller/share/ustb_doggo_impedance_controller/package.sh'
[0.654s] INFO:colcon.colcon_core.shell:Creating package script '/home/oakfox/srtp/ros2_ws/install/ustb_doggo_impedance_controller/share/ustb_doggo_impedance_controller/package.bash'
[0.655s] INFO:colcon.colcon_core.shell:Creating package script '/home/oakfox/srtp/ros2_ws/install/ustb_doggo_impedance_controller/share/ustb_doggo_impedance_controller/package.zsh'
[0.656s] Level 1:colcon.colcon_core.environment:create_file_with_runtime_dependencies(/home/oakfox/srtp/ros2_ws/install/ustb_doggo_impedance_controller/share/colcon-core/packages/ustb_doggo_impedance_controller)
[0.657s] Level 1:colcon.colcon_core.environment:create_environment_scripts_only(ustb_doggo_impedance_controller)
[0.658s] Level 1:colcon.colcon_core.environment:checking '/home/oakfox/srtp/ros2_ws/install/ustb_doggo_impedance_controller' for CMake module files
[0.659s] Level 1:colcon.colcon_core.environment:checking '/home/oakfox/srtp/ros2_ws/install/ustb_doggo_impedance_controller' for CMake config files
[0.660s] Level 1:colcon.colcon_core.shell:create_environment_hook('ustb_doggo_impedance_controller', 'cmake_prefix_path')
[0.660s] INFO:colcon.colcon_core.shell:Creating environment hook '/home/oakfox/srtp/ros2_ws/install/ustb_doggo_impedance_controller/share/ustb_doggo_impedance_controller/hook/cmake_prefix_path.ps1'
[0.661s] INFO:colcon.colcon_core.shell:Creating environment descriptor '/home/oakfox/srtp/ros2_ws/install/ustb_doggo_impedance_controller/share/ustb_doggo_impedance_controller/hook/cmake_prefix_path.dsv'
[0.662s] INFO:colcon.colcon_core.shell:Creating environment hook '/home/oakfox/srtp/ros2_ws/install/ustb_doggo_impedance_controller/share/ustb_doggo_impedance_controller/hook/cmake_prefix_path.sh'
[0.663s] Level 1:colcon.colcon_core.environment:checking '/home/oakfox/srtp/ros2_ws/install/ustb_doggo_impedance_controller/lib'
[0.664s] Level 1:colcon.colcon_core.environment:checking '/home/oakfox/srtp/ros2_ws/install/ustb_doggo_impedance_controller/bin'
[0.664s] Level 1:colcon.colcon_core.environment:checking '/home/oakfox/srtp/ros2_ws/install/ustb_doggo_impedance_controller/lib/pkgconfig/ustb_doggo_impedance_controller.pc'
[0.664s] Level 1:colcon.colcon_core.environment:checking '/home/oakfox/srtp/ros2_ws/install/ustb_doggo_impedance_controller/lib/python3.10/site-packages'
[0.665s] Level 1:colcon.colcon_core.environment:checking '/home/oakfox/srtp/ros2_ws/install/ustb_doggo_impedance_controller/bin'
[0.666s] INFO:colcon.colcon_core.shell:Creating package script '/home/oakfox/srtp/ros2_ws/install/ustb_doggo_impedance_controller/share/ustb_doggo_impedance_controller/package.ps1'
[0.667s] INFO:colcon.colcon_core.shell:Creating package descriptor '/home/oakfox/srtp/ros2_ws/install/ustb_doggo_impedance_controller/share/ustb_doggo_impedance_controller/package.dsv'
[0.669s] INFO:colcon.colcon_core.shell:Creating package script '/home/oakfox/srtp/ros2_ws/install/ustb_doggo_impedance_controller/share/ustb_doggo_impedance_controller/package.sh'
[0.670s] INFO:colcon.colcon_core.shell:Creating package script '/home/oakfox/srtp/ros2_ws/install/ustb_doggo_impedance_controller/share/ustb_doggo_impedance_controller/package.bash'
[0.671s] INFO:colcon.colcon_core.shell:Creating package script '/home/oakfox/srtp/ros2_ws/install/ustb_doggo_impedance_controller/share/ustb_doggo_impedance_controller/package.zsh'
[0.672s] Level 1:colcon.colcon_core.environment:create_file_with_runtime_dependencies(/home/oakfox/srtp/ros2_ws/install/ustb_doggo_impedance_controller/share/colcon-core/packages/ustb_doggo_impedance_controller)
[7.194s] DEBUG:colcon.colcon_core.event_handler.log_command:Invoked command in '/home/oakfox/srtp/ros2_ws/build/ustb_doggo_virtual_model_control' returned '0': CMAKE_PREFIX_PATH=${CMAKE_PREFIX_PATH}:/opt/ros/humble /usr/bin/cmake --build /home/oakfox/srtp/ros2_ws/build/ustb_doggo_virtual_model_control -- -j16 -l16
[7.198s] DEBUG:colcon.colcon_core.event_handler.log_command:Invoking command in '/home/oakfox/srtp/ros2_ws/build/ustb_doggo_virtual_model_control': CMAKE_PREFIX_PATH=${CMAKE_PREFIX_PATH}:/opt/ros/humble /usr/bin/cmake --install /home/oakfox/srtp/ros2_ws/build/ustb_doggo_virtual_model_control
[7.216s] Level 1:colcon.colcon_core.environment:create_environment_scripts_only(ustb_doggo_virtual_model_control)
[7.217s] Level 1:colcon.colcon_core.environment:checking '/home/oakfox/srtp/ros2_ws/install/ustb_doggo_virtual_model_control' for CMake module files
[7.218s] DEBUG:colcon.colcon_core.event_handler.log_command:Invoked command in '/home/oakfox/srtp/ros2_ws/build/ustb_doggo_virtual_model_control' returned '0': CMAKE_PREFIX_PATH=${CMAKE_PREFIX_PATH}:/opt/ros/humble /usr/bin/cmake --install /home/oakfox/srtp/ros2_ws/build/ustb_doggo_virtual_model_control
[7.219s] Level 1:colcon.colcon_core.environment:checking '/home/oakfox/srtp/ros2_ws/install/ustb_doggo_virtual_model_control' for CMake config files
[7.219s] Level 1:colcon.colcon_core.shell:create_environment_hook('ustb_doggo_virtual_model_control', 'cmake_prefix_path')
[7.219s] INFO:colcon.colcon_core.shell:Creating environment hook '/home/oakfox/srtp/ros2_ws/install/ustb_doggo_virtual_model_control/share/ustb_doggo_virtual_model_control/hook/cmake_prefix_path.ps1'
[7.220s] INFO:colcon.colcon_core.shell:Creating environment descriptor '/home/oakfox/srtp/ros2_ws/install/ustb_doggo_virtual_model_control/share/ustb_doggo_virtual_model_control/hook/cmake_prefix_path.dsv'
[7.221s] INFO:colcon.colcon_core.shell:Creating environment hook '/home/oakfox/srtp/ros2_ws/install/ustb_doggo_virtual_model_control/share/ustb_doggo_virtual_model_control/hook/cmake_prefix_path.sh'
[7.221s] Level 1:colcon.colcon_core.environment:checking '/home/oakfox/srtp/ros2_ws/install/ustb_doggo_virtual_model_control/lib'
[7.222s] Level 1:colcon.colcon_core.environment:checking '/home/oakfox/srtp/ros2_ws/install/ustb_doggo_virtual_model_control/bin'
[7.222s] Level 1:colcon.colcon_core.environment:checking '/home/oakfox/srtp/ros2_ws/install/ustb_doggo_virtual_model_control/lib/pkgconfig/ustb_doggo_virtual_model_control.pc'
[7.222s] Level 1:colcon.colcon_core.environment:checking '/home/oakfox/srtp/ros2_ws/install/ustb_doggo_virtual_model_control/lib/python3.10/site-packages'
[7.222s] Level 1:colcon.colcon_core.environment:checking '/home/oakfox/srtp/ros2_ws/install/ustb_doggo_virtual_model_control/bin'
[7.223s] INFO:colcon.colcon_core.shell:Creating package script '/home/oakfox/srtp/ros2_ws/install/ustb_doggo_virtual_model_control/share/ustb_doggo_virtual_model_control/package.ps1'
[7.224s] INFO:colcon.colcon_core.shell:Creating package descriptor '/home/oakfox/srtp/ros2_ws/install/ustb_doggo_virtual_model_control/share/ustb_doggo_virtual_model_control/package.dsv'
[7.224s] INFO:colcon.colcon_core.shell:Creating package script '/home/oakfox/srtp/ros2_ws/install/ustb_doggo_virtual_model_control/share/ustb_doggo_virtual_model_control/package.sh'
[7.225s] INFO:colcon.colcon_core.shell:Creating package script '/home/oakfox/srtp/ros2_ws/install/ustb_doggo_virtual_model_control/share/ustb_doggo_virtual_model_control/package.bash'
[7.225s] INFO:colcon.colcon_core.shell:Creating package script '/home/oakfox/srtp/ros2_ws/install/ustb_doggo_virtual_model_control/share/ustb_doggo_virtual_model_control/package.zsh'
[7.225s] Level 1:colcon.colcon_core.environment:create_file_with_runtime_dependencies(/home/oakfox/srtp/ros2_ws/install/ustb_doggo_virtual_model_control/share/colcon-core/packages/ustb_doggo_virtual_model_control)
[7.226s] Level 1:colcon.colcon_core.environment:create_environment_scripts_only(ustb_doggo_virtual_model_control)
[7.226s] Level 1:colcon.colcon_core.environment:checking '/home/oakfox/srtp/ros2_ws/install/ustb_doggo_virtual_model_control' for CMake module files
[7.227s] Level 1:colcon.colcon_core.environment:checking '/home/oakfox/srtp/ros2_ws/install/ustb_doggo_virtual_model_control' for CMake config files
[7.227s] Level 1:colcon.colcon_core.shell:create_environment_hook('ustb_doggo_virtual_model_control', 'cmake_prefix_path')
[7.227s] INFO:colcon.colcon_core.shell:Creating environment hook '/home/oakfox/srtp/ros2_ws/install/ustb_doggo_virtual_model_control/share/ustb_doggo_virtual_model_control/hook/cmake_prefix_path.ps1'
[7.228s] INFO:colcon.colcon_core.shell:Creating environment descriptor '/home/oakfox/srtp/ros2_ws/install/ustb_doggo_virtual_model_control/share/ustb_doggo_virtual_model_control/hook/cmake_prefix_path.dsv'
[7.228s] INFO:colcon.colcon_core.shell:Creating environment hook '/home/oakfox/srtp/ros2_ws/install/ustb_doggo_virtual_model_control/share/ustb_doggo_virtual_model_control/hook/cmake_prefix_path.sh'
[7.229s] Level 1:colcon.colcon_core.environment:checking '/home/oakfox/srtp/ros2_ws/install/ustb_doggo_virtual_model_control/lib'
[7.229s] Level 1:colcon.colcon_core.environment:checking '/home/oakfox/srtp/ros2_ws/install/ustb_doggo_virtual_model_control/bin'
[7.229s] Level 1:colcon.colcon_core.environment:checking '/home/oakfox/srtp/ros2_ws/install/ustb_doggo_virtual_model_control/lib/pkgconfig/ustb_doggo_virtual_model_control.pc'
[7.229s] Level 1:colcon.colcon_core.environment:checking '/home/oakfox/srtp/ros2_ws/install/ustb_doggo_virtual_model_control/lib/python3.10/site-packages'
[7.230s] Level 1:colcon.colcon_core.environment:checking '/home/oakfox/srtp/ros2_ws/install/ustb_doggo_virtual_model_control/bin'
[7.230s] INFO:colcon.colcon_core.shell:Creating package script '/home/oakfox/srtp/ros2_ws/install/ustb_doggo_virtual_model_control/share/ustb_doggo_virtual_model_control/package.ps1'
[7.231s] INFO:colcon.colcon_core.shell:Creating package descriptor '/home/oakfox/srtp/ros2_ws/install/ustb_doggo_virtual_model_control/share/ustb_doggo_virtual_model_control/package.dsv'
[7.231s] INFO:colcon.colcon_core.shell:Creating package script '/home/oakfox/srtp/ros2_ws/install/ustb_doggo_virtual_model_control/share/ustb_doggo_virtual_model_control/package.sh'
[7.232s] INFO:colcon.colcon_core.shell:Creating package script '/home/oakfox/srtp/ros2_ws/install/ustb_doggo_virtual_model_control/share/ustb_doggo_virtual_model_control/package.bash'
[7.232s] INFO:colcon.colcon_core.shell:Creating package script '/home/oakfox/srtp/ros2_ws/install/ustb_doggo_virtual_model_control/share/ustb_doggo_virtual_model_control/package.zsh'
[7.232s] Level 1:colcon.colcon_core.environment:create_file_with_runtime_dependencies(/home/oakfox/srtp/ros2_ws/install/ustb_doggo_virtual_model_control/share/colcon-core/packages/ustb_doggo_virtual_model_control)
[7.233s] DEBUG:colcon.colcon_parallel_executor.executor.parallel:closing loop
[7.233s] DEBUG:colcon.colcon_parallel_executor.executor.parallel:loop closed
[7.234s] DEBUG:colcon.colcon_parallel_executor.executor.parallel:run_until_complete finished with '0'
[7.234s] DEBUG:colcon.colcon_core.event_reactor:joining thread
[7.241s] INFO:colcon.colcon_core.plugin_system:Skipping extension 'colcon_notification.desktop_notification.terminal_notifier': Not used on non-Darwin systems
[7.242s] INFO:colcon.colcon_core.plugin_system:Skipping extension 'colcon_notification.desktop_notification.win32': Not used on non-Windows systems
[7.242s] INFO:colcon.colcon_notification.desktop_notification:Sending desktop notification using 'notify2'
[7.265s] DEBUG:colcon.colcon_core.event_reactor:joined thread
[7.265s] INFO:colcon.colcon_core.shell:Creating prefix script '/home/oakfox/srtp/ros2_ws/install/local_setup.ps1'
[7.267s] INFO:colcon.colcon_core.shell:Creating prefix util module '/home/oakfox/srtp/ros2_ws/install/_local_setup_util_ps1.py'
[7.269s] INFO:colcon.colcon_core.shell:Creating prefix chain script '/home/oakfox/srtp/ros2_ws/install/setup.ps1'
[7.270s] INFO:colcon.colcon_core.shell:Creating prefix script '/home/oakfox/srtp/ros2_ws/install/local_setup.sh'
[7.271s] INFO:colcon.colcon_core.shell:Creating prefix util module '/home/oakfox/srtp/ros2_ws/install/_local_setup_util_sh.py'
[7.272s] INFO:colcon.colcon_core.shell:Creating prefix chain script '/home/oakfox/srtp/ros2_ws/install/setup.sh'
[7.273s] INFO:colcon.colcon_core.shell:Creating prefix script '/home/oakfox/srtp/ros2_ws/install/local_setup.bash'
[7.274s] INFO:colcon.colcon_core.shell:Creating prefix chain script '/home/oakfox/srtp/ros2_ws/install/setup.bash'
[7.275s] INFO:colcon.colcon_core.shell:Creating prefix script '/home/oakfox/srtp/ros2_ws/install/local_setup.zsh'
[7.276s] INFO:colcon.colcon_core.shell:Creating prefix chain script '/home/oakfox/srtp/ros2_ws/install/setup.zsh'
