-- The C compiler identification is GNU 11.4.0
-- The CXX compiler identification is GNU 11.4.0
-- Detecting C compiler ABI info
-- Detecting C compiler ABI info - done
-- Check for working C compiler: /usr/bin/cc - skipped
-- Detecting C compile features
-- Detecting C compile features - done
-- Detecting CXX compiler ABI info
-- Detecting CXX compiler ABI info - done
-- Check for working CXX compiler: /usr/bin/c++ - skipped
-- Detecting CXX compile features
-- Detecting CXX compile features - done
-- Found ament_cmake: 1.3.11 (/opt/ros/humble/share/ament_cmake/cmake)
-- Found Python3: /usr/bin/python3 (found version "3.10.12") found components: Interpreter 
-- Configuring done
-- Generating done
-- Build files have been written to: /home/oakfox/srtp/ros2_ws/build/ustb_doggo_urdf
-- Install configuration: ""
-- Installing: /home/oakfox/srtp/ros2_ws/install/ustb_doggo_urdf/share/ustb_doggo_urdf/meshes
-- Installing: /home/oakfox/srtp/ros2_ws/install/ustb_doggo_urdf/share/ustb_doggo_urdf/meshes/Link_rbb_1.STL
-- Installing: /home/oakfox/srtp/ros2_ws/install/ustb_doggo_urdf/share/ustb_doggo_urdf/meshes/Link_Wheel_lf.STL
-- Installing: /home/oakfox/srtp/ros2_ws/install/ustb_doggo_urdf/share/ustb_doggo_urdf/meshes/Link_lfb_1.STL
-- Installing: /home/oakfox/srtp/ros2_ws/install/ustb_doggo_urdf/share/ustb_doggo_urdf/meshes/Link_lff_1.STL
-- Installing: /home/oakfox/srtp/ros2_ws/install/ustb_doggo_urdf/share/ustb_doggo_urdf/meshes/base_link.STL
-- Installing: /home/oakfox/srtp/ros2_ws/install/ustb_doggo_urdf/share/ustb_doggo_urdf/meshes/Link_rff.STL
-- Installing: /home/oakfox/srtp/ros2_ws/install/ustb_doggo_urdf/share/ustb_doggo_urdf/meshes/Link_lff.STL
-- Installing: /home/oakfox/srtp/ros2_ws/install/ustb_doggo_urdf/share/ustb_doggo_urdf/meshes/Link_lbf.STL
-- Installing: /home/oakfox/srtp/ros2_ws/install/ustb_doggo_urdf/share/ustb_doggo_urdf/meshes/Link_Wheel_lb.STL
-- Installing: /home/oakfox/srtp/ros2_ws/install/ustb_doggo_urdf/share/ustb_doggo_urdf/meshes/Link_Wheel_rf.STL
-- Installing: /home/oakfox/srtp/ros2_ws/install/ustb_doggo_urdf/share/ustb_doggo_urdf/meshes/Link_rbf.STL
-- Installing: /home/oakfox/srtp/ros2_ws/install/ustb_doggo_urdf/share/ustb_doggo_urdf/meshes/Link_rbb.STL
-- Installing: /home/oakfox/srtp/ros2_ws/install/ustb_doggo_urdf/share/ustb_doggo_urdf/meshes/Link_lbf_1.STL
-- Installing: /home/oakfox/srtp/ros2_ws/install/ustb_doggo_urdf/share/ustb_doggo_urdf/meshes/Link_lfb.STL
-- Installing: /home/oakfox/srtp/ros2_ws/install/ustb_doggo_urdf/share/ustb_doggo_urdf/meshes/Link_lbb_1.STL
-- Installing: /home/oakfox/srtp/ros2_ws/install/ustb_doggo_urdf/share/ustb_doggo_urdf/meshes/Link_rbf_1.STL
-- Installing: /home/oakfox/srtp/ros2_ws/install/ustb_doggo_urdf/share/ustb_doggo_urdf/meshes/Link_rfb_1.STL
-- Installing: /home/oakfox/srtp/ros2_ws/install/ustb_doggo_urdf/share/ustb_doggo_urdf/meshes/Link_rfb.STL
-- Installing: /home/oakfox/srtp/ros2_ws/install/ustb_doggo_urdf/share/ustb_doggo_urdf/meshes/Link_lbb.STL
-- Installing: /home/oakfox/srtp/ros2_ws/install/ustb_doggo_urdf/share/ustb_doggo_urdf/meshes/Link_rff_1.STL
-- Installing: /home/oakfox/srtp/ros2_ws/install/ustb_doggo_urdf/share/ustb_doggo_urdf/meshes/Link_Wheel_rb.STL
-- Installing: /home/oakfox/srtp/ros2_ws/install/ustb_doggo_urdf/share/ustb_doggo_urdf/urdf
-- Installing: /home/oakfox/srtp/ros2_ws/install/ustb_doggo_urdf/share/ustb_doggo_urdf/urdf/ustb_doggo_urdf.urdf
-- Installing: /home/oakfox/srtp/ros2_ws/install/ustb_doggo_urdf/share/ustb_doggo_urdf/urdf/ustb_doggo_urdf.csv
-- Installing: /home/oakfox/srtp/ros2_ws/install/ustb_doggo_urdf/share/ustb_doggo_urdf/launch
-- Installing: /home/oakfox/srtp/ros2_ws/install/ustb_doggo_urdf/share/ustb_doggo_urdf/launch/gazebo.launch
-- Installing: /home/oakfox/srtp/ros2_ws/install/ustb_doggo_urdf/share/ustb_doggo_urdf/launch/display.launch
-- Installing: /home/oakfox/srtp/ros2_ws/install/ustb_doggo_urdf/share/ustb_doggo_urdf/launch/ustb_doggo.launch.py
-- Installing: /home/oakfox/srtp/ros2_ws/install/ustb_doggo_urdf/share/ustb_doggo_urdf/config
-- Installing: /home/oakfox/srtp/ros2_ws/install/ustb_doggo_urdf/share/ustb_doggo_urdf/config/joint_names_ustb_doggo_urdf.yaml
-- Installing: /home/oakfox/srtp/ros2_ws/install/ustb_doggo_urdf/share/ustb_doggo_urdf/config/controllers.yaml
-- Installing: /home/oakfox/srtp/ros2_ws/install/ustb_doggo_urdf/share/ament_index/resource_index/package_run_dependencies/ustb_doggo_urdf
-- Installing: /home/oakfox/srtp/ros2_ws/install/ustb_doggo_urdf/share/ament_index/resource_index/parent_prefix_path/ustb_doggo_urdf
-- Installing: /home/oakfox/srtp/ros2_ws/install/ustb_doggo_urdf/share/ustb_doggo_urdf/environment/ament_prefix_path.sh
-- Installing: /home/oakfox/srtp/ros2_ws/install/ustb_doggo_urdf/share/ustb_doggo_urdf/environment/ament_prefix_path.dsv
-- Installing: /home/oakfox/srtp/ros2_ws/install/ustb_doggo_urdf/share/ustb_doggo_urdf/environment/path.sh
-- Installing: /home/oakfox/srtp/ros2_ws/install/ustb_doggo_urdf/share/ustb_doggo_urdf/environment/path.dsv
-- Installing: /home/oakfox/srtp/ros2_ws/install/ustb_doggo_urdf/share/ustb_doggo_urdf/local_setup.bash
-- Installing: /home/oakfox/srtp/ros2_ws/install/ustb_doggo_urdf/share/ustb_doggo_urdf/local_setup.sh
-- Installing: /home/oakfox/srtp/ros2_ws/install/ustb_doggo_urdf/share/ustb_doggo_urdf/local_setup.zsh
-- Installing: /home/oakfox/srtp/ros2_ws/install/ustb_doggo_urdf/share/ustb_doggo_urdf/local_setup.dsv
-- Installing: /home/oakfox/srtp/ros2_ws/install/ustb_doggo_urdf/share/ustb_doggo_urdf/package.dsv
-- Installing: /home/oakfox/srtp/ros2_ws/install/ustb_doggo_urdf/share/ament_index/resource_index/packages/ustb_doggo_urdf
-- Installing: /home/oakfox/srtp/ros2_ws/install/ustb_doggo_urdf/share/ustb_doggo_urdf/cmake/ustb_doggo_urdfConfig.cmake
-- Installing: /home/oakfox/srtp/ros2_ws/install/ustb_doggo_urdf/share/ustb_doggo_urdf/cmake/ustb_doggo_urdfConfig-version.cmake
-- Installing: /home/oakfox/srtp/ros2_ws/install/ustb_doggo_urdf/share/ustb_doggo_urdf/package.xml
