[0.015s] Invoking command in '/home/oakfox/srtp/ros2_ws/build/ustb_doggo_urdf': CMAKE_PREFIX_PATH=${CMAKE_PREFIX_PATH}:/opt/ros/humble /usr/bin/cmake /home/oakfox/srtp/ros2_ws/src/ustb_doggo_urdf -DCMAKE_INSTALL_PREFIX=/home/oakfox/srtp/ros2_ws/install/ustb_doggo_urdf
[0.078s] -- The C compiler identification is GNU 11.4.0
[0.151s] -- The CXX compiler identification is GNU 11.4.0
[0.162s] -- Detecting C compiler ABI info
[0.256s] -- Detecting C compiler ABI info - done
[0.268s] -- Check for working C compiler: /usr/bin/cc - skipped
[0.269s] -- Detecting C compile features
[0.269s] -- Detecting C compile features - done
[0.273s] -- Detecting CXX compiler ABI info
[0.390s] -- Detecting CXX compiler ABI info - done
[0.401s] -- Check for working CXX compiler: /usr/bin/c++ - skipped
[0.401s] -- Detecting CXX compile features
[0.401s] -- Detecting CXX compile features - done
[0.404s] -- Found ament_cmake: 1.3.11 (/opt/ros/humble/share/ament_cmake/cmake)
[0.627s] -- Found Python3: /usr/bin/python3 (found version "3.10.12") found components: Interpreter 
[0.862s] -- Configuring done
[0.864s] -- Generating done
[0.866s] -- Build files have been written to: /home/oakfox/srtp/ros2_ws/build/ustb_doggo_urdf
[0.872s] Invoked command in '/home/oakfox/srtp/ros2_ws/build/ustb_doggo_urdf' returned '0': CMAKE_PREFIX_PATH=${CMAKE_PREFIX_PATH}:/opt/ros/humble /usr/bin/cmake /home/oakfox/srtp/ros2_ws/src/ustb_doggo_urdf -DCMAKE_INSTALL_PREFIX=/home/oakfox/srtp/ros2_ws/install/ustb_doggo_urdf
[0.876s] Invoking command in '/home/oakfox/srtp/ros2_ws/build/ustb_doggo_urdf': CMAKE_PREFIX_PATH=${CMAKE_PREFIX_PATH}:/opt/ros/humble /usr/bin/cmake --build /home/oakfox/srtp/ros2_ws/build/ustb_doggo_urdf -- -j16 -l16
[0.930s] Invoked command in '/home/oakfox/srtp/ros2_ws/build/ustb_doggo_urdf' returned '0': CMAKE_PREFIX_PATH=${CMAKE_PREFIX_PATH}:/opt/ros/humble /usr/bin/cmake --build /home/oakfox/srtp/ros2_ws/build/ustb_doggo_urdf -- -j16 -l16
[0.946s] Invoking command in '/home/oakfox/srtp/ros2_ws/build/ustb_doggo_urdf': CMAKE_PREFIX_PATH=${CMAKE_PREFIX_PATH}:/opt/ros/humble /usr/bin/cmake --install /home/oakfox/srtp/ros2_ws/build/ustb_doggo_urdf
[0.956s] -- Install configuration: ""
[0.956s] -- Installing: /home/oakfox/srtp/ros2_ws/install/ustb_doggo_urdf/share/ustb_doggo_urdf/meshes
[0.956s] -- Installing: /home/oakfox/srtp/ros2_ws/install/ustb_doggo_urdf/share/ustb_doggo_urdf/meshes/Link_rbb_1.STL
[0.957s] -- Installing: /home/oakfox/srtp/ros2_ws/install/ustb_doggo_urdf/share/ustb_doggo_urdf/meshes/Link_Wheel_lf.STL
[0.957s] -- Installing: /home/oakfox/srtp/ros2_ws/install/ustb_doggo_urdf/share/ustb_doggo_urdf/meshes/Link_lfb_1.STL
[0.957s] -- Installing: /home/oakfox/srtp/ros2_ws/install/ustb_doggo_urdf/share/ustb_doggo_urdf/meshes/Link_lff_1.STL
[0.957s] -- Installing: /home/oakfox/srtp/ros2_ws/install/ustb_doggo_urdf/share/ustb_doggo_urdf/meshes/base_link.STL
[0.975s] -- Installing: /home/oakfox/srtp/ros2_ws/install/ustb_doggo_urdf/share/ustb_doggo_urdf/meshes/Link_rff.STL
[0.976s] -- Installing: /home/oakfox/srtp/ros2_ws/install/ustb_doggo_urdf/share/ustb_doggo_urdf/meshes/Link_lff.STL
[0.976s] -- Installing: /home/oakfox/srtp/ros2_ws/install/ustb_doggo_urdf/share/ustb_doggo_urdf/meshes/Link_lbf.STL
[0.976s] -- Installing: /home/oakfox/srtp/ros2_ws/install/ustb_doggo_urdf/share/ustb_doggo_urdf/meshes/Link_Wheel_lb.STL
[0.976s] -- Installing: /home/oakfox/srtp/ros2_ws/install/ustb_doggo_urdf/share/ustb_doggo_urdf/meshes/Link_Wheel_rf.STL
[0.977s] -- Installing: /home/oakfox/srtp/ros2_ws/install/ustb_doggo_urdf/share/ustb_doggo_urdf/meshes/Link_rbf.STL
[0.977s] -- Installing: /home/oakfox/srtp/ros2_ws/install/ustb_doggo_urdf/share/ustb_doggo_urdf/meshes/Link_rbb.STL
[0.977s] -- Installing: /home/oakfox/srtp/ros2_ws/install/ustb_doggo_urdf/share/ustb_doggo_urdf/meshes/Link_lbf_1.STL
[0.977s] -- Installing: /home/oakfox/srtp/ros2_ws/install/ustb_doggo_urdf/share/ustb_doggo_urdf/meshes/Link_lfb.STL
[0.977s] -- Installing: /home/oakfox/srtp/ros2_ws/install/ustb_doggo_urdf/share/ustb_doggo_urdf/meshes/Link_lbb_1.STL
[0.977s] -- Installing: /home/oakfox/srtp/ros2_ws/install/ustb_doggo_urdf/share/ustb_doggo_urdf/meshes/Link_rbf_1.STL
[0.978s] -- Installing: /home/oakfox/srtp/ros2_ws/install/ustb_doggo_urdf/share/ustb_doggo_urdf/meshes/Link_rfb_1.STL
[0.978s] -- Installing: /home/oakfox/srtp/ros2_ws/install/ustb_doggo_urdf/share/ustb_doggo_urdf/meshes/Link_rfb.STL
[0.978s] -- Installing: /home/oakfox/srtp/ros2_ws/install/ustb_doggo_urdf/share/ustb_doggo_urdf/meshes/Link_lbb.STL
[0.978s] -- Installing: /home/oakfox/srtp/ros2_ws/install/ustb_doggo_urdf/share/ustb_doggo_urdf/meshes/Link_rff_1.STL
[0.979s] -- Installing: /home/oakfox/srtp/ros2_ws/install/ustb_doggo_urdf/share/ustb_doggo_urdf/meshes/Link_Wheel_rb.STL
[0.979s] -- Installing: /home/oakfox/srtp/ros2_ws/install/ustb_doggo_urdf/share/ustb_doggo_urdf/urdf
[0.979s] -- Installing: /home/oakfox/srtp/ros2_ws/install/ustb_doggo_urdf/share/ustb_doggo_urdf/urdf/ustb_doggo_urdf.urdf
[0.979s] -- Installing: /home/oakfox/srtp/ros2_ws/install/ustb_doggo_urdf/share/ustb_doggo_urdf/urdf/ustb_doggo_urdf.csv
[0.979s] -- Installing: /home/oakfox/srtp/ros2_ws/install/ustb_doggo_urdf/share/ustb_doggo_urdf/launch
[0.980s] -- Installing: /home/oakfox/srtp/ros2_ws/install/ustb_doggo_urdf/share/ustb_doggo_urdf/launch/gazebo.launch
[0.980s] -- Installing: /home/oakfox/srtp/ros2_ws/install/ustb_doggo_urdf/share/ustb_doggo_urdf/launch/display.launch
[0.980s] -- Installing: /home/oakfox/srtp/ros2_ws/install/ustb_doggo_urdf/share/ustb_doggo_urdf/launch/ustb_doggo.launch.py
[0.980s] -- Installing: /home/oakfox/srtp/ros2_ws/install/ustb_doggo_urdf/share/ustb_doggo_urdf/config
[0.980s] -- Installing: /home/oakfox/srtp/ros2_ws/install/ustb_doggo_urdf/share/ustb_doggo_urdf/config/joint_names_ustb_doggo_urdf.yaml
[0.981s] -- Installing: /home/oakfox/srtp/ros2_ws/install/ustb_doggo_urdf/share/ustb_doggo_urdf/config/controllers.yaml
[0.981s] -- Installing: /home/oakfox/srtp/ros2_ws/install/ustb_doggo_urdf/share/ament_index/resource_index/package_run_dependencies/ustb_doggo_urdf
[0.981s] -- Installing: /home/oakfox/srtp/ros2_ws/install/ustb_doggo_urdf/share/ament_index/resource_index/parent_prefix_path/ustb_doggo_urdf
[0.981s] -- Installing: /home/oakfox/srtp/ros2_ws/install/ustb_doggo_urdf/share/ustb_doggo_urdf/environment/ament_prefix_path.sh
[0.981s] -- Installing: /home/oakfox/srtp/ros2_ws/install/ustb_doggo_urdf/share/ustb_doggo_urdf/environment/ament_prefix_path.dsv
[0.981s] -- Installing: /home/oakfox/srtp/ros2_ws/install/ustb_doggo_urdf/share/ustb_doggo_urdf/environment/path.sh
[0.981s] -- Installing: /home/oakfox/srtp/ros2_ws/install/ustb_doggo_urdf/share/ustb_doggo_urdf/environment/path.dsv
[0.982s] -- Installing: /home/oakfox/srtp/ros2_ws/install/ustb_doggo_urdf/share/ustb_doggo_urdf/local_setup.bash
[0.982s] -- Installing: /home/oakfox/srtp/ros2_ws/install/ustb_doggo_urdf/share/ustb_doggo_urdf/local_setup.sh
[0.982s] -- Installing: /home/oakfox/srtp/ros2_ws/install/ustb_doggo_urdf/share/ustb_doggo_urdf/local_setup.zsh
[0.982s] -- Installing: /home/oakfox/srtp/ros2_ws/install/ustb_doggo_urdf/share/ustb_doggo_urdf/local_setup.dsv
[0.982s] -- Installing: /home/oakfox/srtp/ros2_ws/install/ustb_doggo_urdf/share/ustb_doggo_urdf/package.dsv
[0.982s] -- Installing: /home/oakfox/srtp/ros2_ws/install/ustb_doggo_urdf/share/ament_index/resource_index/packages/ustb_doggo_urdf
[0.983s] -- Installing: /home/oakfox/srtp/ros2_ws/install/ustb_doggo_urdf/share/ustb_doggo_urdf/cmake/ustb_doggo_urdfConfig.cmake
[0.983s] -- Installing: /home/oakfox/srtp/ros2_ws/install/ustb_doggo_urdf/share/ustb_doggo_urdf/cmake/ustb_doggo_urdfConfig-version.cmake
[0.983s] -- Installing: /home/oakfox/srtp/ros2_ws/install/ustb_doggo_urdf/share/ustb_doggo_urdf/package.xml
[0.984s] Invoked command in '/home/oakfox/srtp/ros2_ws/build/ustb_doggo_urdf' returned '0': CMAKE_PREFIX_PATH=${CMAKE_PREFIX_PATH}:/opt/ros/humble /usr/bin/cmake --install /home/oakfox/srtp/ros2_ws/build/ustb_doggo_urdf
