[0.017s] Invoking command in '/home/oakfox/srtp/ros2_ws/build/ustb_doggo_impedance_controller': CMAKE_PREFIX_PATH=${CMAKE_PREFIX_PATH}:/opt/ros/humble /usr/bin/cmake /home/oakfox/srtp/ros2_ws/src/ustb_doggo_impedance_controller -DCMAKE_INSTALL_PREFIX=/home/oakfox/srtp/ros2_ws/install/ustb_doggo_impedance_controller
[0.091s] -- The C compiler identification is GNU 11.4.0
[0.158s] -- The CXX compiler identification is GNU 11.4.0
[0.166s] -- Detecting C compiler ABI info
[0.257s] -- Detecting C compiler ABI info - done
[0.271s] -- Check for working C compiler: /usr/bin/cc - skipped
[0.271s] -- Detecting C compile features
[0.271s] -- Detecting C compile features - done
[0.276s] -- Detecting CXX compiler ABI info
[0.384s] -- Detecting CXX compiler ABI info - done
[0.396s] -- Check for working CXX compiler: /usr/bin/c++ - skipped
[0.396s] -- Detecting CXX compile features
[0.396s] -- Detecting CXX compile features - done
[0.399s] -- Found ament_cmake: 1.3.11 (/opt/ros/humble/share/ament_cmake/cmake)
[0.627s] -- Found Python3: /usr/bin/python3 (found version "3.10.12") found components: Interpreter 
[0.760s] -- Found rclcpp: 16.0.12 (/opt/ros/humble/share/rclcpp/cmake)
[0.818s] -- Found rosidl_generator_c: 3.1.6 (/opt/ros/humble/share/rosidl_generator_c/cmake)
[0.824s] -- Found rosidl_adapter: 3.1.6 (/opt/ros/humble/share/rosidl_adapter/cmake)
[0.836s] -- Found rosidl_generator_cpp: 3.1.6 (/opt/ros/humble/share/rosidl_generator_cpp/cmake)
[0.853s] -- Using all available rosidl_typesupport_c: rosidl_typesupport_fastrtps_c;rosidl_typesupport_introspection_c
[0.877s] -- Using all available rosidl_typesupport_cpp: rosidl_typesupport_fastrtps_cpp;rosidl_typesupport_introspection_cpp
[0.937s] -- Found rmw_implementation_cmake: 6.1.2 (/opt/ros/humble/share/rmw_implementation_cmake/cmake)
[0.940s] -- Found rmw_fastrtps_cpp: 6.2.7 (/opt/ros/humble/share/rmw_fastrtps_cpp/cmake)
[1.073s] -- Found OpenSSL: /usr/lib/x86_64-linux-gnu/libcrypto.so (found version "3.0.2")  
[1.118s] -- Found FastRTPS: /opt/ros/humble/include  
[1.188s] -- Using RMW implementation 'rmw_fastrtps_cpp' as default
[1.198s] -- Looking for pthread.h
[1.300s] -- Looking for pthread.h - found
[1.300s] -- Performing Test CMAKE_HAVE_LIBC_PTHREAD
[1.408s] -- Performing Test CMAKE_HAVE_LIBC_PTHREAD - Success
[1.411s] -- Found Threads: TRUE  
[1.485s] -- Found sensor_msgs: 4.9.0 (/opt/ros/humble/share/sensor_msgs/cmake)
[1.534s] -- pinocchio_default FOUND. pinocchio_default at /opt/ros/humble/lib/x86_64-linux-gnu/libpinocchio_default.so
[1.534s] -- pinocchio_parsers FOUND. pinocchio_parsers at /opt/ros/humble/lib/x86_64-linux-gnu/libpinocchio_parsers.so
[1.535s] -- boost_filesystem FOUND. boost_filesystem at /lib/x86_64-linux-gnu/libboost_filesystem.so
[1.593s] -- Found Boost: /usr/include (found version "1.74.0") found components: filesystem serialization system 
[1.595s] -- eigenpy FOUND. eigenpy at /opt/ros/humble/lib/x86_64-linux-gnu/libeigenpy.so
[1.633s] -- Checking for NumPy
[1.957s] --   NUMPY_INCLUDE_DIRS=/usr/lib/python3/dist-packages/numpy/core/include
[2.128s] --   NUMPY_VERSION=1.21.5
[2.589s] -- Found Python3: /usr/bin/python3 (found version "3.10.12") found components: Interpreter Development.Module NumPy 
[2.590s] -- PythonLibraryDirs: 
[2.590s] -- PythonLibVersionString: 3.10.12
[2.621s] -- Python site lib: lib/python3.10/site-packages
[2.621s] -- Python include dirs: /usr/include/python3.10
[2.691s] -- Checking for NumPy
[2.880s] --   NUMPY_INCLUDE_DIRS=/usr/lib/python3/dist-packages/numpy/core/include
[3.058s] --   NUMPY_VERSION=1.21.5
[3.058s] -- NumPy include dir: /usr/lib/python3/dist-packages/numpy/core/include
[3.068s] [33mCMake Warning at /usr/share/cmake-3.22/Modules/FindBoost.cmake:2201 (message):
[3.069s]   No header defined for python310; skipping header check (note: header-only
[3.069s]   libraries have no designated component)
[3.069s] Call Stack (most recent call first):
[3.069s]   /opt/ros/humble/lib/x86_64-linux-gnu/cmake/eigenpy/boost.cmake:148 (find_package)
[3.069s]   /opt/ros/humble/lib/x86_64-linux-gnu/cmake/eigenpy/eigenpyConfig.cmake:149 (SEARCH_FOR_BOOST_PYTHON)
[3.069s]   /usr/share/cmake-3.22/Modules/CMakeFindDependencyMacro.cmake:47 (find_package)
[3.070s]   /opt/ros/humble/lib/x86_64-linux-gnu/cmake/pinocchio/pinocchioConfig.cmake:161 (find_dependency)
[3.070s]   CMakeLists.txt:14 (find_package)
[3.070s] 
[3.070s] [0m
[3.079s] -- Found Boost: /usr/include (found version "1.74.0") found components: python310 
[3.581s] -- Default C++ standard: 201703
[3.581s] -- Minimal C++ standard upgraded to 11
[3.581s] -- C++ standard sufficient: Minimal required 11, currently defined: 17
[3.581s] -- CMAKE_CXX_STANDARD was not set: automatically set to currently defined standard 17
[3.584s] -- hpp-fcl FOUND. hpp-fcl at /opt/ros/humble/lib/x86_64-linux-gnu/libhpp-fcl.so
[3.608s] -- Found Boost: /usr/include (found version "1.74.0") found components: chrono serialization filesystem 
[3.619s] -- C++ standard sufficient: Minimal required 11, currently defined: 17
[3.621s] -- C++ standard sufficient: Minimal required 11, currently defined: 17
[3.623s] -- Found urdf: 2.6.1 (/opt/ros/humble/share/urdf/cmake)
[3.669s] -- Found nav_msgs: 4.9.0 (/opt/ros/humble/share/nav_msgs/cmake)
[3.710s] -- Found ament_lint_auto: 0.12.12 (/opt/ros/humble/share/ament_lint_auto/cmake)
[3.853s] -- Added test 'cppcheck' to perform static code analysis on C / C++ code
[3.854s] -- Configured cppcheck include dirs: $<BUILD_INTERFACE:/home/oakfox/srtp/ros2_ws/src/ustb_doggo_impedance_controller/include>
[3.854s] -- Configured cppcheck exclude dirs and/or files: 
[3.856s] -- Added test 'flake8' to check Python code syntax and style conventions
[3.860s] -- Added test 'lint_cmake' to check CMake code style
[3.862s] -- Added test 'pep257' to check Python code against some of the docstring style conventions in PEP 257
[3.873s] -- Added test 'uncrustify' to check C / C++ code style
[3.873s] -- Configured uncrustify additional arguments: 
[3.875s] -- Added test 'xmllint' to check XML markup files
[3.877s] -- Configuring done
[3.904s] -- Generating done
[3.916s] -- Build files have been written to: /home/oakfox/srtp/ros2_ws/build/ustb_doggo_impedance_controller
[3.933s] Invoked command in '/home/oakfox/srtp/ros2_ws/build/ustb_doggo_impedance_controller' returned '0': CMAKE_PREFIX_PATH=${CMAKE_PREFIX_PATH}:/opt/ros/humble /usr/bin/cmake /home/oakfox/srtp/ros2_ws/src/ustb_doggo_impedance_controller -DCMAKE_INSTALL_PREFIX=/home/oakfox/srtp/ros2_ws/install/ustb_doggo_impedance_controller
[3.936s] Invoking command in '/home/oakfox/srtp/ros2_ws/build/ustb_doggo_impedance_controller': CMAKE_PREFIX_PATH=${CMAKE_PREFIX_PATH}:/opt/ros/humble /usr/bin/cmake --build /home/oakfox/srtp/ros2_ws/build/ustb_doggo_impedance_controller -- -j16 -l16
[4.025s] [ 12%] [32mBuilding CXX object CMakeFiles/joint_impedance.dir/src/joint_impedance.cpp.o[0m
[4.028s] [ 25%] [32mBuilding CXX object CMakeFiles/keyboard_control.dir/src/keyboard_control.cpp.o[0m
[4.028s] [ 37%] [32mBuilding CXX object CMakeFiles/forward_kinematics.dir/src/forward_kinematics.cpp.o[0m
[4.029s] [ 50%] [32mBuilding CXX object CMakeFiles/cartesian_impedance.dir/src/cartesian_impedance.cpp.o[0m
[19.994s] [ 62%] [32m[1mLinking CXX executable keyboard_control[0m
[20.715s] [ 62%] Built target keyboard_control
[25.800s] [ 75%] [32m[1mLinking CXX executable joint_impedance[0m
[26.670s] [ 87%] [32m[1mLinking CXX executable forward_kinematics[0m
[26.750s] [ 87%] Built target joint_impedance
[27.520s] [ 87%] Built target forward_kinematics
[46.477s] [100%] [32m[1mLinking CXX executable cartesian_impedance[0m
[47.611s] [100%] Built target cartesian_impedance
[47.624s] Invoked command in '/home/oakfox/srtp/ros2_ws/build/ustb_doggo_impedance_controller' returned '0': CMAKE_PREFIX_PATH=${CMAKE_PREFIX_PATH}:/opt/ros/humble /usr/bin/cmake --build /home/oakfox/srtp/ros2_ws/build/ustb_doggo_impedance_controller -- -j16 -l16
[47.626s] Invoking command in '/home/oakfox/srtp/ros2_ws/build/ustb_doggo_impedance_controller': CMAKE_PREFIX_PATH=${CMAKE_PREFIX_PATH}:/opt/ros/humble /usr/bin/cmake --install /home/oakfox/srtp/ros2_ws/build/ustb_doggo_impedance_controller
[47.635s] -- Install configuration: ""
[47.636s] -- Installing: /home/oakfox/srtp/ros2_ws/install/ustb_doggo_impedance_controller/lib/ustb_doggo_impedance_controller/joint_impedance
[47.642s] -- Set runtime path of "/home/oakfox/srtp/ros2_ws/install/ustb_doggo_impedance_controller/lib/ustb_doggo_impedance_controller/joint_impedance" to ""
[47.642s] -- Installing: /home/oakfox/srtp/ros2_ws/install/ustb_doggo_impedance_controller/lib/ustb_doggo_impedance_controller/forward_kinematics
[47.646s] -- Set runtime path of "/home/oakfox/srtp/ros2_ws/install/ustb_doggo_impedance_controller/lib/ustb_doggo_impedance_controller/forward_kinematics" to ""
[47.646s] -- Installing: /home/oakfox/srtp/ros2_ws/install/ustb_doggo_impedance_controller/lib/ustb_doggo_impedance_controller/cartesian_impedance
[47.653s] -- Set runtime path of "/home/oakfox/srtp/ros2_ws/install/ustb_doggo_impedance_controller/lib/ustb_doggo_impedance_controller/cartesian_impedance" to ""
[47.653s] -- Installing: /home/oakfox/srtp/ros2_ws/install/ustb_doggo_impedance_controller/lib/ustb_doggo_impedance_controller/keyboard_control
[47.656s] -- Set runtime path of "/home/oakfox/srtp/ros2_ws/install/ustb_doggo_impedance_controller/lib/ustb_doggo_impedance_controller/keyboard_control" to ""
[47.656s] -- Installing: /home/oakfox/srtp/ros2_ws/install/ustb_doggo_impedance_controller/share/ament_index/resource_index/package_run_dependencies/ustb_doggo_impedance_controller
[47.657s] -- Installing: /home/oakfox/srtp/ros2_ws/install/ustb_doggo_impedance_controller/share/ament_index/resource_index/parent_prefix_path/ustb_doggo_impedance_controller
[47.657s] -- Installing: /home/oakfox/srtp/ros2_ws/install/ustb_doggo_impedance_controller/share/ustb_doggo_impedance_controller/environment/ament_prefix_path.sh
[47.657s] -- Installing: /home/oakfox/srtp/ros2_ws/install/ustb_doggo_impedance_controller/share/ustb_doggo_impedance_controller/environment/ament_prefix_path.dsv
[47.657s] -- Installing: /home/oakfox/srtp/ros2_ws/install/ustb_doggo_impedance_controller/share/ustb_doggo_impedance_controller/environment/path.sh
[47.657s] -- Installing: /home/oakfox/srtp/ros2_ws/install/ustb_doggo_impedance_controller/share/ustb_doggo_impedance_controller/environment/path.dsv
[47.657s] -- Installing: /home/oakfox/srtp/ros2_ws/install/ustb_doggo_impedance_controller/share/ustb_doggo_impedance_controller/local_setup.bash
[47.658s] -- Installing: /home/oakfox/srtp/ros2_ws/install/ustb_doggo_impedance_controller/share/ustb_doggo_impedance_controller/local_setup.sh
[47.658s] -- Installing: /home/oakfox/srtp/ros2_ws/install/ustb_doggo_impedance_controller/share/ustb_doggo_impedance_controller/local_setup.zsh
[47.658s] -- Installing: /home/oakfox/srtp/ros2_ws/install/ustb_doggo_impedance_controller/share/ustb_doggo_impedance_controller/local_setup.dsv
[47.658s] -- Installing: /home/oakfox/srtp/ros2_ws/install/ustb_doggo_impedance_controller/share/ustb_doggo_impedance_controller/package.dsv
[47.658s] -- Installing: /home/oakfox/srtp/ros2_ws/install/ustb_doggo_impedance_controller/share/ament_index/resource_index/packages/ustb_doggo_impedance_controller
[47.658s] -- Installing: /home/oakfox/srtp/ros2_ws/install/ustb_doggo_impedance_controller/share/ustb_doggo_impedance_controller/cmake/ustb_doggo_impedance_controllerConfig.cmake
[47.658s] -- Installing: /home/oakfox/srtp/ros2_ws/install/ustb_doggo_impedance_controller/share/ustb_doggo_impedance_controller/cmake/ustb_doggo_impedance_controllerConfig-version.cmake
[47.658s] -- Installing: /home/oakfox/srtp/ros2_ws/install/ustb_doggo_impedance_controller/share/ustb_doggo_impedance_controller/package.xml
[47.660s] Invoked command in '/home/oakfox/srtp/ros2_ws/build/ustb_doggo_impedance_controller' returned '0': CMAKE_PREFIX_PATH=${CMAKE_PREFIX_PATH}:/opt/ros/humble /usr/bin/cmake --install /home/oakfox/srtp/ros2_ws/build/ustb_doggo_impedance_controller
